ARM GAS  C:\Users\THUNDE~1\AppData\Local\Temp\ccHoH89i.s 			page 1


   1              		.syntax unified
   2              		.cpu cortex-m3
   3              		.fpu softvfp
   4              		.eabi_attribute 20, 1
   5              		.eabi_attribute 21, 1
   6              		.eabi_attribute 23, 3
   7              		.eabi_attribute 24, 1
   8              		.eabi_attribute 25, 1
   9              		.eabi_attribute 26, 1
  10              		.eabi_attribute 30, 6
  11              		.eabi_attribute 34, 1
  12              		.eabi_attribute 18, 4
  13              		.thumb
  14              		.syntax unified
  15              		.file	"Cm3Start.c"
  16              		.text
  17              	.Ltext0:
  18              		.cfi_sections	.debug_frame
  19              		.section	.noinit,"aw",%progbits
  20              		.align	2
  21              		.type	cySysNoInitDataValid, %object
  22              		.size	cySysNoInitDataValid, 4
  23              	cySysNoInitDataValid:
  24 0000 00000000 		.space	4
  25              		.global	CyRamVectors
  26              		.section	.ramvectors,"aw",%progbits
  27              		.align	8
  28              		.type	CyRamVectors, %object
  29              		.size	CyRamVectors, 192
  30              	CyRamVectors:
  31 0000 00000000 		.space	192
  31      00000000 
  31      00000000 
  31      00000000 
  31      00000000 
  32              		.section	.text.IntDefaultHandler,"ax",%progbits
  33              		.align	2
  34              		.global	IntDefaultHandler
  35              		.thumb
  36              		.thumb_func
  37              		.type	IntDefaultHandler, %function
  38              	IntDefaultHandler:
  39              	.LFB0:
  40              		.file 1 "Generated_Source\\PSoC5\\Cm3Start.c"
   1:Generated_Source\PSoC5/Cm3Start.c **** /***************************************************************************//**
   2:Generated_Source\PSoC5/Cm3Start.c **** * \file Cm3Start.c
   3:Generated_Source\PSoC5/Cm3Start.c **** * \version 5.50
   4:Generated_Source\PSoC5/Cm3Start.c **** *
   5:Generated_Source\PSoC5/Cm3Start.c **** *  \brief
   6:Generated_Source\PSoC5/Cm3Start.c **** *  Startup code for the ARM CM3.
   7:Generated_Source\PSoC5/Cm3Start.c **** *
   8:Generated_Source\PSoC5/Cm3Start.c **** ********************************************************************************
   9:Generated_Source\PSoC5/Cm3Start.c **** * \copyright
  10:Generated_Source\PSoC5/Cm3Start.c **** * Copyright 2008-2016, Cypress Semiconductor Corporation. All rights reserved.
  11:Generated_Source\PSoC5/Cm3Start.c **** * You may use this file only in accordance with the license, terms, conditions,
  12:Generated_Source\PSoC5/Cm3Start.c **** * disclaimers, and limitations in the end user license agreement accompanying
  13:Generated_Source\PSoC5/Cm3Start.c **** * the software package with which this file was provided.
ARM GAS  C:\Users\THUNDE~1\AppData\Local\Temp\ccHoH89i.s 			page 2


  14:Generated_Source\PSoC5/Cm3Start.c **** *******************************************************************************/
  15:Generated_Source\PSoC5/Cm3Start.c **** 
  16:Generated_Source\PSoC5/Cm3Start.c **** #include <limits.h>
  17:Generated_Source\PSoC5/Cm3Start.c **** #include "cydevice_trm.h"
  18:Generated_Source\PSoC5/Cm3Start.c **** #include "cytypes.h"
  19:Generated_Source\PSoC5/Cm3Start.c **** #include "cyfitter_cfg.h"
  20:Generated_Source\PSoC5/Cm3Start.c **** #include "CyLib.h"
  21:Generated_Source\PSoC5/Cm3Start.c **** #include "CyDmac.h"
  22:Generated_Source\PSoC5/Cm3Start.c **** #include "cyfitter.h"
  23:Generated_Source\PSoC5/Cm3Start.c **** 
  24:Generated_Source\PSoC5/Cm3Start.c **** 
  25:Generated_Source\PSoC5/Cm3Start.c **** #define CY_NUM_INTERRUPTS           (32u)
  26:Generated_Source\PSoC5/Cm3Start.c **** #define CY_NUM_VECTORS              (CYINT_IRQ_BASE + CY_NUM_INTERRUPTS)
  27:Generated_Source\PSoC5/Cm3Start.c **** #define CY_NUM_ROM_VECTORS          (4u)
  28:Generated_Source\PSoC5/Cm3Start.c **** #define CY_NVIC_APINT_PTR           ((reg32 *) CYREG_NVIC_APPLN_INTR)
  29:Generated_Source\PSoC5/Cm3Start.c **** #define CY_NVIC_CFG_CTRL_PTR        ((reg32 *) CYREG_NVIC_CFG_CONTROL)
  30:Generated_Source\PSoC5/Cm3Start.c **** #define CY_NVIC_APINT_PRIGROUP_3_5  (0x00000400u)  /* Priority group 3.5 split */
  31:Generated_Source\PSoC5/Cm3Start.c **** #define CY_NVIC_APINT_VECTKEY       (0x05FA0000u)  /* This key is required in order to write the NV
  32:Generated_Source\PSoC5/Cm3Start.c **** #define CY_NVIC_CFG_STACKALIGN      (0x00000200u)  /* This specifies that the exception stack must 
  33:Generated_Source\PSoC5/Cm3Start.c **** 
  34:Generated_Source\PSoC5/Cm3Start.c **** #if defined(__ARMCC_VERSION)
  35:Generated_Source\PSoC5/Cm3Start.c ****     #define INITIAL_STACK_POINTER ((cyisraddress)(uint32)&Image$$ARM_LIB_STACK$$ZI$$Limit)
  36:Generated_Source\PSoC5/Cm3Start.c **** #elif defined (__GNUC__)
  37:Generated_Source\PSoC5/Cm3Start.c ****     #define INITIAL_STACK_POINTER (&__cy_stack)
  38:Generated_Source\PSoC5/Cm3Start.c **** #elif defined (__ICCARM__)
  39:Generated_Source\PSoC5/Cm3Start.c ****     #pragma language=extended
  40:Generated_Source\PSoC5/Cm3Start.c ****     #pragma segment="CSTACK"
  41:Generated_Source\PSoC5/Cm3Start.c ****     #define INITIAL_STACK_POINTER  { .__ptr = __sfe( "CSTACK" ) }
  42:Generated_Source\PSoC5/Cm3Start.c **** 
  43:Generated_Source\PSoC5/Cm3Start.c ****     extern void __iar_program_start( void );
  44:Generated_Source\PSoC5/Cm3Start.c ****     extern void __iar_data_init3 (void);
  45:Generated_Source\PSoC5/Cm3Start.c **** #endif  /* (__ARMCC_VERSION) */
  46:Generated_Source\PSoC5/Cm3Start.c **** 
  47:Generated_Source\PSoC5/Cm3Start.c **** #if defined(__GNUC__)
  48:Generated_Source\PSoC5/Cm3Start.c ****     #include <errno.h>
  49:Generated_Source\PSoC5/Cm3Start.c ****     extern int  errno;
  50:Generated_Source\PSoC5/Cm3Start.c ****     extern int  end;
  51:Generated_Source\PSoC5/Cm3Start.c **** #endif  /* defined(__GNUC__) */
  52:Generated_Source\PSoC5/Cm3Start.c **** 
  53:Generated_Source\PSoC5/Cm3Start.c **** /* Extern functions */
  54:Generated_Source\PSoC5/Cm3Start.c **** extern void CyBtldr_CheckLaunch(void);
  55:Generated_Source\PSoC5/Cm3Start.c **** 
  56:Generated_Source\PSoC5/Cm3Start.c **** /* Function prototypes */
  57:Generated_Source\PSoC5/Cm3Start.c **** void initialize_psoc(void);
  58:Generated_Source\PSoC5/Cm3Start.c **** CY_ISR(IntDefaultHandler);
  59:Generated_Source\PSoC5/Cm3Start.c **** void Reset(void);
  60:Generated_Source\PSoC5/Cm3Start.c **** 
  61:Generated_Source\PSoC5/Cm3Start.c **** /* Global variables */
  62:Generated_Source\PSoC5/Cm3Start.c **** #if !defined (__ICCARM__)
  63:Generated_Source\PSoC5/Cm3Start.c ****     CY_NOINIT static uint32 cySysNoInitDataValid;
  64:Generated_Source\PSoC5/Cm3Start.c **** #endif  /* !defined (__ICCARM__) */
  65:Generated_Source\PSoC5/Cm3Start.c **** 
  66:Generated_Source\PSoC5/Cm3Start.c **** 
  67:Generated_Source\PSoC5/Cm3Start.c **** /*******************************************************************************
  68:Generated_Source\PSoC5/Cm3Start.c **** * Default Ram Interrupt Vector table storage area. Must be 256-byte aligned.
  69:Generated_Source\PSoC5/Cm3Start.c **** *******************************************************************************/
  70:Generated_Source\PSoC5/Cm3Start.c **** #if defined (__ICCARM__)
ARM GAS  C:\Users\THUNDE~1\AppData\Local\Temp\ccHoH89i.s 			page 3


  71:Generated_Source\PSoC5/Cm3Start.c ****     #pragma location=".ramvectors"
  72:Generated_Source\PSoC5/Cm3Start.c ****     #pragma data_alignment=256
  73:Generated_Source\PSoC5/Cm3Start.c **** #else
  74:Generated_Source\PSoC5/Cm3Start.c ****     CY_SECTION(".ramvectors")
  75:Generated_Source\PSoC5/Cm3Start.c ****     CY_ALIGN(256)
  76:Generated_Source\PSoC5/Cm3Start.c **** #endif  /* defined (__ICCARM__) */
  77:Generated_Source\PSoC5/Cm3Start.c **** cyisraddress CyRamVectors[CY_NUM_VECTORS];
  78:Generated_Source\PSoC5/Cm3Start.c **** 
  79:Generated_Source\PSoC5/Cm3Start.c **** 
  80:Generated_Source\PSoC5/Cm3Start.c **** /*******************************************************************************
  81:Generated_Source\PSoC5/Cm3Start.c **** * Function Name: IntDefaultHandler
  82:Generated_Source\PSoC5/Cm3Start.c **** ****************************************************************************//**
  83:Generated_Source\PSoC5/Cm3Start.c **** *
  84:Generated_Source\PSoC5/Cm3Start.c **** *  This function is called for all interrupts, other than a reset that gets
  85:Generated_Source\PSoC5/Cm3Start.c **** *  called before the system is setup.
  86:Generated_Source\PSoC5/Cm3Start.c **** *
  87:Generated_Source\PSoC5/Cm3Start.c **** * Theory:
  88:Generated_Source\PSoC5/Cm3Start.c **** *  Any value other than zero is acceptable.
  89:Generated_Source\PSoC5/Cm3Start.c **** *
  90:Generated_Source\PSoC5/Cm3Start.c **** *******************************************************************************/
  91:Generated_Source\PSoC5/Cm3Start.c **** CY_ISR(IntDefaultHandler)
  92:Generated_Source\PSoC5/Cm3Start.c **** {
  41              		.loc 1 92 0
  42              		.cfi_startproc
  43              		@ args = 0, pretend = 0, frame = 0
  44              		@ frame_needed = 1, uses_anonymous_args = 0
  45 0000 80B5     		push	{r7, lr}
  46              		.cfi_def_cfa_offset 8
  47              		.cfi_offset 7, -8
  48              		.cfi_offset 14, -4
  49 0002 00AF     		add	r7, sp, #0
  50              		.cfi_def_cfa_register 7
  93:Generated_Source\PSoC5/Cm3Start.c ****     /***************************************************************************
  94:Generated_Source\PSoC5/Cm3Start.c ****     * We must not get here. If we do, a serious problem occurs, so go into
  95:Generated_Source\PSoC5/Cm3Start.c ****     * an infinite loop.
  96:Generated_Source\PSoC5/Cm3Start.c ****     ***************************************************************************/
  97:Generated_Source\PSoC5/Cm3Start.c **** 
  98:Generated_Source\PSoC5/Cm3Start.c ****     #if defined(__GNUC__)
  99:Generated_Source\PSoC5/Cm3Start.c ****         if (errno == ENOMEM)
  51              		.loc 1 99 0
  52 0004 FFF7FEFF 		bl	__errno
  53 0008 0346     		mov	r3, r0
  54 000a 1B68     		ldr	r3, [r3]
  55 000c 0C2B     		cmp	r3, #12
  56 000e 00D1     		bne	.L2
  57              	.L3:
 100:Generated_Source\PSoC5/Cm3Start.c ****         {
 101:Generated_Source\PSoC5/Cm3Start.c ****             #ifdef CY_BOOT_INT_DEFAULT_HANDLER_ENOMEM_EXCEPTION_CALLBACK
 102:Generated_Source\PSoC5/Cm3Start.c ****                 CyBoot_IntDefaultHandler_Enomem_Exception_Callback();
 103:Generated_Source\PSoC5/Cm3Start.c ****             #endif /* CY_BOOT_INT_DEFAULT_HANDLER_ENOMEM_EXCEPTION_CALLBACK */
 104:Generated_Source\PSoC5/Cm3Start.c ****             
 105:Generated_Source\PSoC5/Cm3Start.c ****             while(1)
 106:Generated_Source\PSoC5/Cm3Start.c ****             {
 107:Generated_Source\PSoC5/Cm3Start.c ****                 /* Out Of Heap Space
 108:Generated_Source\PSoC5/Cm3Start.c ****                  * This can be increased in the System tab of the Design Wide Resources.
 109:Generated_Source\PSoC5/Cm3Start.c ****                  */
 110:Generated_Source\PSoC5/Cm3Start.c ****             }
ARM GAS  C:\Users\THUNDE~1\AppData\Local\Temp\ccHoH89i.s 			page 4


  58              		.loc 1 110 0 discriminator 1
  59 0010 FEE7     		b	.L3
  60              	.L2:
 111:Generated_Source\PSoC5/Cm3Start.c ****         }
 112:Generated_Source\PSoC5/Cm3Start.c ****         else
 113:Generated_Source\PSoC5/Cm3Start.c ****     #endif
 114:Generated_Source\PSoC5/Cm3Start.c ****         {
 115:Generated_Source\PSoC5/Cm3Start.c ****             #ifdef CY_BOOT_INT_DEFAULT_HANDLER_EXCEPTION_ENTRY_CALLBACK
 116:Generated_Source\PSoC5/Cm3Start.c ****                 CyBoot_IntDefaultHandler_Exception_EntryCallback();
 117:Generated_Source\PSoC5/Cm3Start.c ****             #endif /* CY_BOOT_INT_DEFAULT_HANDLER_EXCEPTION_ENTRY_CALLBACK */
 118:Generated_Source\PSoC5/Cm3Start.c **** 
 119:Generated_Source\PSoC5/Cm3Start.c ****             while(1)
 120:Generated_Source\PSoC5/Cm3Start.c ****             {
 121:Generated_Source\PSoC5/Cm3Start.c **** 
 122:Generated_Source\PSoC5/Cm3Start.c ****             }
  61              		.loc 1 122 0 discriminator 2
  62 0012 FEE7     		b	.L2
  63              		.cfi_endproc
  64              	.LFE0:
  65              		.size	IntDefaultHandler, .-IntDefaultHandler
  66              		.section	.text._exit,"ax",%progbits
  67              		.align	2
  68              		.weak	_exit
  69              		.thumb
  70              		.thumb_func
  71              		.type	_exit, %function
  72              	_exit:
  73              	.LFB1:
 123:Generated_Source\PSoC5/Cm3Start.c ****         }
 124:Generated_Source\PSoC5/Cm3Start.c **** }
 125:Generated_Source\PSoC5/Cm3Start.c **** 
 126:Generated_Source\PSoC5/Cm3Start.c **** 
 127:Generated_Source\PSoC5/Cm3Start.c **** #if defined(__ARMCC_VERSION)
 128:Generated_Source\PSoC5/Cm3Start.c **** 
 129:Generated_Source\PSoC5/Cm3Start.c **** /* Local function for device reset. */
 130:Generated_Source\PSoC5/Cm3Start.c **** extern void Reset(void);
 131:Generated_Source\PSoC5/Cm3Start.c **** 
 132:Generated_Source\PSoC5/Cm3Start.c **** /* Application entry point. */
 133:Generated_Source\PSoC5/Cm3Start.c **** extern void $Super$$main(void);
 134:Generated_Source\PSoC5/Cm3Start.c **** 
 135:Generated_Source\PSoC5/Cm3Start.c **** /* Linker-generated Stack Base addresses, Two Region and One Region */
 136:Generated_Source\PSoC5/Cm3Start.c **** extern uint32 Image$$ARM_LIB_STACK$$ZI$$Limit;
 137:Generated_Source\PSoC5/Cm3Start.c **** 
 138:Generated_Source\PSoC5/Cm3Start.c **** /* RealView C Library initialization. */
 139:Generated_Source\PSoC5/Cm3Start.c **** extern int __main(void);
 140:Generated_Source\PSoC5/Cm3Start.c **** 
 141:Generated_Source\PSoC5/Cm3Start.c **** 
 142:Generated_Source\PSoC5/Cm3Start.c **** /*******************************************************************************
 143:Generated_Source\PSoC5/Cm3Start.c **** * Function Name: Reset
 144:Generated_Source\PSoC5/Cm3Start.c **** ****************************************************************************//**
 145:Generated_Source\PSoC5/Cm3Start.c **** *
 146:Generated_Source\PSoC5/Cm3Start.c **** *  This function handles the reset interrupt for the RVDS/MDK toolchains.
 147:Generated_Source\PSoC5/Cm3Start.c **** *  This is the first bit of code that is executed at startup.
 148:Generated_Source\PSoC5/Cm3Start.c **** *
 149:Generated_Source\PSoC5/Cm3Start.c **** *******************************************************************************/
 150:Generated_Source\PSoC5/Cm3Start.c **** void Reset(void)
 151:Generated_Source\PSoC5/Cm3Start.c **** {
ARM GAS  C:\Users\THUNDE~1\AppData\Local\Temp\ccHoH89i.s 			page 5


 152:Generated_Source\PSoC5/Cm3Start.c ****     #if(CYDEV_PROJ_TYPE != CYDEV_PROJ_TYPE_LOADABLE && CYDEV_PROJ_TYPE != CYDEV_PROJ_TYPE_LOADABLEA
 153:Generated_Source\PSoC5/Cm3Start.c **** 
 154:Generated_Source\PSoC5/Cm3Start.c ****         /* For PSoC 5LP, debugging is enabled by default */
 155:Generated_Source\PSoC5/Cm3Start.c ****         #if(CYDEV_DEBUGGING_ENABLE == 0)
 156:Generated_Source\PSoC5/Cm3Start.c ****             *(reg32 *)(CYDEV_DEBUG_ENABLE_REGISTER) |= CYDEV_DEBUG_ENABLE_MASK;
 157:Generated_Source\PSoC5/Cm3Start.c ****         #endif /* (CYDEV_DEBUGGING_ENABLE) */
 158:Generated_Source\PSoC5/Cm3Start.c **** 
 159:Generated_Source\PSoC5/Cm3Start.c ****         /* Reset Status Register has Read-to-clear SW access mode.
 160:Generated_Source\PSoC5/Cm3Start.c ****         * Preserve current RESET_SR0 state to make it available for next reading.
 161:Generated_Source\PSoC5/Cm3Start.c ****         */
 162:Generated_Source\PSoC5/Cm3Start.c ****         *(reg32 *)(CYREG_PHUB_CFGMEM23_CFG1) = *(reg32 *)(CYREG_RESET_SR0);
 163:Generated_Source\PSoC5/Cm3Start.c **** 
 164:Generated_Source\PSoC5/Cm3Start.c ****     #endif  /* (CYDEV_PROJ_TYPE != CYDEV_PROJ_TYPE_LOADABLE && CYDEV_PROJ_TYPE != CYDEV_PROJ_TYPE_L
 165:Generated_Source\PSoC5/Cm3Start.c **** 
 166:Generated_Source\PSoC5/Cm3Start.c ****     #if ((CYDEV_BOOTLOADER_ENABLE) && (CYDEV_PROJ_TYPE != CYDEV_PROJ_TYPE_LOADABLEANDBOOTLOADER))
 167:Generated_Source\PSoC5/Cm3Start.c ****         CyBtldr_CheckLaunch();
 168:Generated_Source\PSoC5/Cm3Start.c ****     #endif /* ((CYDEV_BOOTLOADER_ENABLE) && (CYDEV_PROJ_TYPE != CYDEV_PROJ_TYPE_LOADABLEANDBOOTLOAD
 169:Generated_Source\PSoC5/Cm3Start.c **** 
 170:Generated_Source\PSoC5/Cm3Start.c ****     __main();
 171:Generated_Source\PSoC5/Cm3Start.c **** }
 172:Generated_Source\PSoC5/Cm3Start.c **** 
 173:Generated_Source\PSoC5/Cm3Start.c **** 
 174:Generated_Source\PSoC5/Cm3Start.c **** /*******************************************************************************
 175:Generated_Source\PSoC5/Cm3Start.c **** * Function Name: $Sub$$main
 176:Generated_Source\PSoC5/Cm3Start.c **** ****************************************************************************//**
 177:Generated_Source\PSoC5/Cm3Start.c **** *
 178:Generated_Source\PSoC5/Cm3Start.c **** *  This function is called immediately before the users main
 179:Generated_Source\PSoC5/Cm3Start.c **** *
 180:Generated_Source\PSoC5/Cm3Start.c **** *******************************************************************************/
 181:Generated_Source\PSoC5/Cm3Start.c **** void $Sub$$main(void)
 182:Generated_Source\PSoC5/Cm3Start.c **** {
 183:Generated_Source\PSoC5/Cm3Start.c ****     initialize_psoc();
 184:Generated_Source\PSoC5/Cm3Start.c **** 
 185:Generated_Source\PSoC5/Cm3Start.c ****     /* Call original main */
 186:Generated_Source\PSoC5/Cm3Start.c ****     $Super$$main();
 187:Generated_Source\PSoC5/Cm3Start.c **** 
 188:Generated_Source\PSoC5/Cm3Start.c ****     while (1)
 189:Generated_Source\PSoC5/Cm3Start.c ****     {
 190:Generated_Source\PSoC5/Cm3Start.c ****         /* If main returns, it is undefined what we should do. */
 191:Generated_Source\PSoC5/Cm3Start.c ****     }
 192:Generated_Source\PSoC5/Cm3Start.c **** }
 193:Generated_Source\PSoC5/Cm3Start.c **** 
 194:Generated_Source\PSoC5/Cm3Start.c **** #elif defined(__GNUC__)
 195:Generated_Source\PSoC5/Cm3Start.c **** 
 196:Generated_Source\PSoC5/Cm3Start.c **** void Start_c(void);
 197:Generated_Source\PSoC5/Cm3Start.c **** 
 198:Generated_Source\PSoC5/Cm3Start.c **** /* Stack Base address */
 199:Generated_Source\PSoC5/Cm3Start.c **** extern void __cy_stack(void);
 200:Generated_Source\PSoC5/Cm3Start.c **** 
 201:Generated_Source\PSoC5/Cm3Start.c **** /* Application entry point. */
 202:Generated_Source\PSoC5/Cm3Start.c **** extern int main(void);
 203:Generated_Source\PSoC5/Cm3Start.c **** 
 204:Generated_Source\PSoC5/Cm3Start.c **** /* Static objects constructors initializer */
 205:Generated_Source\PSoC5/Cm3Start.c **** extern void __libc_init_array(void);
 206:Generated_Source\PSoC5/Cm3Start.c **** 
 207:Generated_Source\PSoC5/Cm3Start.c **** typedef unsigned char __cy_byte_align8 __attribute ((aligned (8)));
 208:Generated_Source\PSoC5/Cm3Start.c **** 
ARM GAS  C:\Users\THUNDE~1\AppData\Local\Temp\ccHoH89i.s 			page 6


 209:Generated_Source\PSoC5/Cm3Start.c **** struct __cy_region
 210:Generated_Source\PSoC5/Cm3Start.c **** {
 211:Generated_Source\PSoC5/Cm3Start.c ****     __cy_byte_align8 *init; /* Initial contents of this region.  */
 212:Generated_Source\PSoC5/Cm3Start.c ****     __cy_byte_align8 *data; /* Start address of region.  */
 213:Generated_Source\PSoC5/Cm3Start.c ****     size_t init_size;       /* Size of initial data.  */
 214:Generated_Source\PSoC5/Cm3Start.c ****     size_t zero_size;       /* Additional size to be zeroed.  */
 215:Generated_Source\PSoC5/Cm3Start.c **** };
 216:Generated_Source\PSoC5/Cm3Start.c **** 
 217:Generated_Source\PSoC5/Cm3Start.c **** extern const struct __cy_region __cy_regions[];
 218:Generated_Source\PSoC5/Cm3Start.c **** extern const char __cy_region_num __attribute__((weak));
 219:Generated_Source\PSoC5/Cm3Start.c **** #define __cy_region_num ((size_t)&__cy_region_num)
 220:Generated_Source\PSoC5/Cm3Start.c **** 
 221:Generated_Source\PSoC5/Cm3Start.c **** 
 222:Generated_Source\PSoC5/Cm3Start.c **** /*******************************************************************************
 223:Generated_Source\PSoC5/Cm3Start.c **** * System Calls of the Red Hat newlib C Library
 224:Generated_Source\PSoC5/Cm3Start.c **** *******************************************************************************/
 225:Generated_Source\PSoC5/Cm3Start.c **** 
 226:Generated_Source\PSoC5/Cm3Start.c **** 
 227:Generated_Source\PSoC5/Cm3Start.c **** /*******************************************************************************
 228:Generated_Source\PSoC5/Cm3Start.c **** * Function Name: _exit
 229:Generated_Source\PSoC5/Cm3Start.c **** ****************************************************************************//**
 230:Generated_Source\PSoC5/Cm3Start.c **** *
 231:Generated_Source\PSoC5/Cm3Start.c **** *  Exit a program without cleaning up files. If your system doesn't provide
 232:Generated_Source\PSoC5/Cm3Start.c **** *  this, it is best to avoid linking with subroutines that require it (exit,
 233:Generated_Source\PSoC5/Cm3Start.c **** *  system).
 234:Generated_Source\PSoC5/Cm3Start.c **** *
 235:Generated_Source\PSoC5/Cm3Start.c **** *  \param status: Status caused program exit.
 236:Generated_Source\PSoC5/Cm3Start.c **** *
 237:Generated_Source\PSoC5/Cm3Start.c **** *******************************************************************************/
 238:Generated_Source\PSoC5/Cm3Start.c **** __attribute__((weak))
 239:Generated_Source\PSoC5/Cm3Start.c **** void _exit(int status)
 240:Generated_Source\PSoC5/Cm3Start.c **** {
  74              		.loc 1 240 0
  75              		.cfi_startproc
  76              		@ args = 0, pretend = 0, frame = 8
  77              		@ frame_needed = 1, uses_anonymous_args = 0
  78 0000 80B5     		push	{r7, lr}
  79              		.cfi_def_cfa_offset 8
  80              		.cfi_offset 7, -8
  81              		.cfi_offset 14, -4
  82 0002 82B0     		sub	sp, sp, #8
  83              		.cfi_def_cfa_offset 16
  84 0004 00AF     		add	r7, sp, #0
  85              		.cfi_def_cfa_register 7
  86 0006 7860     		str	r0, [r7, #4]
 241:Generated_Source\PSoC5/Cm3Start.c ****     CyHalt((uint8) status);
  87              		.loc 1 241 0
  88 0008 7B68     		ldr	r3, [r7, #4]
  89 000a DBB2     		uxtb	r3, r3
  90 000c 1846     		mov	r0, r3
  91 000e FFF7FEFF 		bl	CyHalt
  92              	.L5:
 242:Generated_Source\PSoC5/Cm3Start.c ****     while(1)
 243:Generated_Source\PSoC5/Cm3Start.c ****     {
 244:Generated_Source\PSoC5/Cm3Start.c **** 
 245:Generated_Source\PSoC5/Cm3Start.c ****     }
  93              		.loc 1 245 0 discriminator 1
ARM GAS  C:\Users\THUNDE~1\AppData\Local\Temp\ccHoH89i.s 			page 7


  94 0012 FEE7     		b	.L5
  95              		.cfi_endproc
  96              	.LFE1:
  97              		.size	_exit, .-_exit
  98              		.section	.text._sbrk,"ax",%progbits
  99              		.align	2
 100              		.weak	_sbrk
 101              		.thumb
 102              		.thumb_func
 103              		.type	_sbrk, %function
 104              	_sbrk:
 105              	.LFB2:
 246:Generated_Source\PSoC5/Cm3Start.c **** }
 247:Generated_Source\PSoC5/Cm3Start.c **** 
 248:Generated_Source\PSoC5/Cm3Start.c **** 
 249:Generated_Source\PSoC5/Cm3Start.c **** /*******************************************************************************
 250:Generated_Source\PSoC5/Cm3Start.c **** * Function Name: _sbrk
 251:Generated_Source\PSoC5/Cm3Start.c **** ****************************************************************************//**
 252:Generated_Source\PSoC5/Cm3Start.c **** *
 253:Generated_Source\PSoC5/Cm3Start.c **** *  Increase program data space. As malloc and related functions depend on this,
 254:Generated_Source\PSoC5/Cm3Start.c **** *  it is useful to have a working implementation. The following suffices for a
 255:Generated_Source\PSoC5/Cm3Start.c **** *  standalone system; it exploits the symbol end automatically defined by the
 256:Generated_Source\PSoC5/Cm3Start.c **** *  GNU linker.
 257:Generated_Source\PSoC5/Cm3Start.c **** *
 258:Generated_Source\PSoC5/Cm3Start.c **** *  \param nbytes: The number of bytes requested (if the parameter value is positive)
 259:Generated_Source\PSoC5/Cm3Start.c **** *  from the heap or returned back to the heap (if the parameter value is
 260:Generated_Source\PSoC5/Cm3Start.c **** *  negative).
 261:Generated_Source\PSoC5/Cm3Start.c **** *
 262:Generated_Source\PSoC5/Cm3Start.c **** *******************************************************************************/
 263:Generated_Source\PSoC5/Cm3Start.c **** __attribute__((weak))
 264:Generated_Source\PSoC5/Cm3Start.c **** void * _sbrk (int nbytes)
 265:Generated_Source\PSoC5/Cm3Start.c **** {
 106              		.loc 1 265 0
 107              		.cfi_startproc
 108              		@ args = 0, pretend = 0, frame = 16
 109              		@ frame_needed = 1, uses_anonymous_args = 0
 110 0000 80B5     		push	{r7, lr}
 111              		.cfi_def_cfa_offset 8
 112              		.cfi_offset 7, -8
 113              		.cfi_offset 14, -4
 114 0002 84B0     		sub	sp, sp, #16
 115              		.cfi_def_cfa_offset 24
 116 0004 00AF     		add	r7, sp, #0
 117              		.cfi_def_cfa_register 7
 118 0006 7860     		str	r0, [r7, #4]
 266:Generated_Source\PSoC5/Cm3Start.c ****     extern int  end;            /* Symbol defined by linker map. Start of free memory (as symbol). 
 267:Generated_Source\PSoC5/Cm3Start.c ****     void *      returnValue;
 268:Generated_Source\PSoC5/Cm3Start.c **** 
 269:Generated_Source\PSoC5/Cm3Start.c ****     /* The statically held previous end of the heap, with its initialization. */
 270:Generated_Source\PSoC5/Cm3Start.c ****     static void *heapPointer = (void *) &end;                 /* Previous end */
 271:Generated_Source\PSoC5/Cm3Start.c **** 
 272:Generated_Source\PSoC5/Cm3Start.c ****     if (((heapPointer + nbytes) - (void *) &end) <= CYDEV_HEAP_SIZE)
 119              		.loc 1 272 0
 120 0008 0F4B     		ldr	r3, .L10
 121 000a 1A68     		ldr	r2, [r3]
 122 000c 7B68     		ldr	r3, [r7, #4]
 123 000e 1344     		add	r3, r3, r2
ARM GAS  C:\Users\THUNDE~1\AppData\Local\Temp\ccHoH89i.s 			page 8


 124 0010 1A46     		mov	r2, r3
 125 0012 0E4B     		ldr	r3, .L10+4
 126 0014 D31A     		subs	r3, r2, r3
 127 0016 002B     		cmp	r3, #0
 128 0018 09DC     		bgt	.L7
 273:Generated_Source\PSoC5/Cm3Start.c ****     {
 274:Generated_Source\PSoC5/Cm3Start.c ****         returnValue  = heapPointer;
 129              		.loc 1 274 0
 130 001a 0B4B     		ldr	r3, .L10
 131 001c 1B68     		ldr	r3, [r3]
 132 001e FB60     		str	r3, [r7, #12]
 275:Generated_Source\PSoC5/Cm3Start.c ****         heapPointer += nbytes;
 133              		.loc 1 275 0
 134 0020 094B     		ldr	r3, .L10
 135 0022 1A68     		ldr	r2, [r3]
 136 0024 7B68     		ldr	r3, [r7, #4]
 137 0026 1344     		add	r3, r3, r2
 138 0028 074A     		ldr	r2, .L10
 139 002a 1360     		str	r3, [r2]
 140 002c 07E0     		b	.L8
 141              	.L7:
 276:Generated_Source\PSoC5/Cm3Start.c ****     }
 277:Generated_Source\PSoC5/Cm3Start.c ****     else
 278:Generated_Source\PSoC5/Cm3Start.c ****     {
 279:Generated_Source\PSoC5/Cm3Start.c ****         errno = ENOMEM;
 142              		.loc 1 279 0
 143 002e FFF7FEFF 		bl	__errno
 144 0032 0246     		mov	r2, r0
 145 0034 0C23     		movs	r3, #12
 146 0036 1360     		str	r3, [r2]
 280:Generated_Source\PSoC5/Cm3Start.c ****         returnValue = (void *) -1;
 147              		.loc 1 280 0
 148 0038 4FF0FF33 		mov	r3, #-1
 149 003c FB60     		str	r3, [r7, #12]
 150              	.L8:
 281:Generated_Source\PSoC5/Cm3Start.c ****     }
 282:Generated_Source\PSoC5/Cm3Start.c **** 
 283:Generated_Source\PSoC5/Cm3Start.c ****     return (returnValue);
 151              		.loc 1 283 0
 152 003e FB68     		ldr	r3, [r7, #12]
 284:Generated_Source\PSoC5/Cm3Start.c **** }
 153              		.loc 1 284 0
 154 0040 1846     		mov	r0, r3
 155 0042 1037     		adds	r7, r7, #16
 156              		.cfi_def_cfa_offset 8
 157 0044 BD46     		mov	sp, r7
 158              		.cfi_def_cfa_register 13
 159              		@ sp needed
 160 0046 80BD     		pop	{r7, pc}
 161              	.L11:
 162              		.align	2
 163              	.L10:
 164 0048 00000000 		.word	heapPointer.5063
 165 004c 00000000 		.word	end
 166              		.cfi_endproc
 167              	.LFE2:
 168              		.size	_sbrk, .-_sbrk
ARM GAS  C:\Users\THUNDE~1\AppData\Local\Temp\ccHoH89i.s 			page 9


 169              		.section	.text.Reset,"ax",%progbits
 170              		.align	2
 171              		.global	Reset
 172              		.thumb
 173              		.thumb_func
 174              		.type	Reset, %function
 175              	Reset:
 176              	.LFB3:
 285:Generated_Source\PSoC5/Cm3Start.c **** 
 286:Generated_Source\PSoC5/Cm3Start.c **** 
 287:Generated_Source\PSoC5/Cm3Start.c **** /*******************************************************************************
 288:Generated_Source\PSoC5/Cm3Start.c **** * Function Name: Reset
 289:Generated_Source\PSoC5/Cm3Start.c **** ****************************************************************************//**
 290:Generated_Source\PSoC5/Cm3Start.c **** *
 291:Generated_Source\PSoC5/Cm3Start.c **** *  This function handles the reset interrupt for the GCC toolchain. This is the
 292:Generated_Source\PSoC5/Cm3Start.c **** *  first bit of code that is executed at startup.
 293:Generated_Source\PSoC5/Cm3Start.c **** *
 294:Generated_Source\PSoC5/Cm3Start.c **** *******************************************************************************/
 295:Generated_Source\PSoC5/Cm3Start.c **** void Reset(void)
 296:Generated_Source\PSoC5/Cm3Start.c **** {
 177              		.loc 1 296 0
 178              		.cfi_startproc
 179              		@ args = 0, pretend = 0, frame = 0
 180              		@ frame_needed = 1, uses_anonymous_args = 0
 181 0000 80B5     		push	{r7, lr}
 182              		.cfi_def_cfa_offset 8
 183              		.cfi_offset 7, -8
 184              		.cfi_offset 14, -4
 185 0002 00AF     		add	r7, sp, #0
 186              		.cfi_def_cfa_register 7
 297:Generated_Source\PSoC5/Cm3Start.c ****     #if(CYDEV_PROJ_TYPE != CYDEV_PROJ_TYPE_LOADABLE && CYDEV_PROJ_TYPE != CYDEV_PROJ_TYPE_LOADABLEA
 298:Generated_Source\PSoC5/Cm3Start.c **** 
 299:Generated_Source\PSoC5/Cm3Start.c ****         /* For PSoC 5LP, debugging is enabled by default */
 300:Generated_Source\PSoC5/Cm3Start.c ****         #if(CYDEV_DEBUGGING_ENABLE == 0)
 301:Generated_Source\PSoC5/Cm3Start.c ****             *(reg32 *)(CYDEV_DEBUG_ENABLE_REGISTER) |= CYDEV_DEBUG_ENABLE_MASK;
 302:Generated_Source\PSoC5/Cm3Start.c ****         #endif /* (CYDEV_DEBUGGING_ENABLE) */
 303:Generated_Source\PSoC5/Cm3Start.c **** 
 304:Generated_Source\PSoC5/Cm3Start.c ****         /* Reset Status Register has Read-to-clear SW access mode.
 305:Generated_Source\PSoC5/Cm3Start.c ****         * Preserve current RESET_SR0 state to make it available for next reading.
 306:Generated_Source\PSoC5/Cm3Start.c ****         */
 307:Generated_Source\PSoC5/Cm3Start.c ****         *(reg32 *)(CYREG_PHUB_CFGMEM23_CFG1) = *(reg32 *)(CYREG_RESET_SR0);
 187              		.loc 1 307 0
 188 0004 024A     		ldr	r2, .L13
 189 0006 034B     		ldr	r3, .L13+4
 190 0008 1B68     		ldr	r3, [r3]
 191 000a 1360     		str	r3, [r2]
 308:Generated_Source\PSoC5/Cm3Start.c **** 
 309:Generated_Source\PSoC5/Cm3Start.c ****     #endif  /* (CYDEV_PROJ_TYPE != CYDEV_PROJ_TYPE_LOADABLE && CYDEV_PROJ_TYPE != CYDEV_PROJ_TYPE_L
 310:Generated_Source\PSoC5/Cm3Start.c **** 
 311:Generated_Source\PSoC5/Cm3Start.c ****     #if ((CYDEV_BOOTLOADER_ENABLE) && (CYDEV_PROJ_TYPE != CYDEV_PROJ_TYPE_LOADABLEANDBOOTLOADER))
 312:Generated_Source\PSoC5/Cm3Start.c ****         CyBtldr_CheckLaunch();
 313:Generated_Source\PSoC5/Cm3Start.c ****     #endif /* ((CYDEV_BOOTLOADER_ENABLE) && (CYDEV_PROJ_TYPE != CYDEV_PROJ_TYPE_LOADABLEANDBOOTLOAD
 314:Generated_Source\PSoC5/Cm3Start.c **** 
 315:Generated_Source\PSoC5/Cm3Start.c ****     Start_c();
 192              		.loc 1 315 0
 193 000c FFF7FEFF 		bl	Start_c
 194              	.L14:
ARM GAS  C:\Users\THUNDE~1\AppData\Local\Temp\ccHoH89i.s 			page 10


 195              		.align	2
 196              	.L13:
 197 0010 BC760040 		.word	1073772220
 198 0014 FA460040 		.word	1073759994
 199              		.cfi_endproc
 200              	.LFE3:
 201              		.size	Reset, .-Reset
 202              		.section	.text.Start_c,"ax",%progbits
 203              		.align	2
 204              		.global	Start_c
 205              		.thumb
 206              		.thumb_func
 207              		.type	Start_c, %function
 208              	Start_c:
 209              	.LFB4:
 316:Generated_Source\PSoC5/Cm3Start.c **** }
 317:Generated_Source\PSoC5/Cm3Start.c **** 
 318:Generated_Source\PSoC5/Cm3Start.c **** 
 319:Generated_Source\PSoC5/Cm3Start.c **** /*******************************************************************************
 320:Generated_Source\PSoC5/Cm3Start.c **** * Function Name: Start_c
 321:Generated_Source\PSoC5/Cm3Start.c **** ****************************************************************************//**
 322:Generated_Source\PSoC5/Cm3Start.c **** *
 323:Generated_Source\PSoC5/Cm3Start.c **** *  This function handles initializing the .data and .bss sections in
 324:Generated_Source\PSoC5/Cm3Start.c **** *  preparation for running the standard C code.  Once initialization is complete
 325:Generated_Source\PSoC5/Cm3Start.c **** *  it will call main(). This function will never return.
 326:Generated_Source\PSoC5/Cm3Start.c **** *
 327:Generated_Source\PSoC5/Cm3Start.c **** *******************************************************************************/
 328:Generated_Source\PSoC5/Cm3Start.c **** void Start_c(void)  __attribute__ ((noreturn));
 329:Generated_Source\PSoC5/Cm3Start.c **** void Start_c(void)
 330:Generated_Source\PSoC5/Cm3Start.c **** {
 210              		.loc 1 330 0
 211              		.cfi_startproc
 212              		@ args = 0, pretend = 0, frame = 24
 213              		@ frame_needed = 1, uses_anonymous_args = 0
 214 0000 80B5     		push	{r7, lr}
 215              		.cfi_def_cfa_offset 8
 216              		.cfi_offset 7, -8
 217              		.cfi_offset 14, -4
 218 0002 86B0     		sub	sp, sp, #24
 219              		.cfi_def_cfa_offset 32
 220 0004 00AF     		add	r7, sp, #0
 221              		.cfi_def_cfa_register 7
 331:Generated_Source\PSoC5/Cm3Start.c ****     unsigned regions = __cy_region_num;
 222              		.loc 1 331 0
 223 0006 224B     		ldr	r3, .L23
 224 0008 7B61     		str	r3, [r7, #20]
 332:Generated_Source\PSoC5/Cm3Start.c ****     const struct __cy_region *rptr = __cy_regions;
 225              		.loc 1 332 0
 226 000a 224B     		ldr	r3, .L23+4
 227 000c 3B61     		str	r3, [r7, #16]
 333:Generated_Source\PSoC5/Cm3Start.c **** 
 334:Generated_Source\PSoC5/Cm3Start.c ****     /* Initialize memory */
 335:Generated_Source\PSoC5/Cm3Start.c ****     for (regions = __cy_region_num; regions != 0u; regions--)
 228              		.loc 1 335 0
 229 000e 204B     		ldr	r3, .L23
 230 0010 7B61     		str	r3, [r7, #20]
 231 0012 35E0     		b	.L16
ARM GAS  C:\Users\THUNDE~1\AppData\Local\Temp\ccHoH89i.s 			page 11


 232              	.L21:
 233              	.LBB2:
 336:Generated_Source\PSoC5/Cm3Start.c ****     {
 337:Generated_Source\PSoC5/Cm3Start.c ****         uint32 *src = (uint32 *)rptr->init;
 234              		.loc 1 337 0
 235 0014 3B69     		ldr	r3, [r7, #16]
 236 0016 1B68     		ldr	r3, [r3]
 237 0018 FB60     		str	r3, [r7, #12]
 338:Generated_Source\PSoC5/Cm3Start.c ****         uint32 *dst = (uint32 *)rptr->data;
 238              		.loc 1 338 0
 239 001a 3B69     		ldr	r3, [r7, #16]
 240 001c 5B68     		ldr	r3, [r3, #4]
 241 001e BB60     		str	r3, [r7, #8]
 339:Generated_Source\PSoC5/Cm3Start.c ****         unsigned limit = rptr->init_size;
 242              		.loc 1 339 0
 243 0020 3B69     		ldr	r3, [r7, #16]
 244 0022 9B68     		ldr	r3, [r3, #8]
 245 0024 3B60     		str	r3, [r7]
 340:Generated_Source\PSoC5/Cm3Start.c ****         unsigned count;
 341:Generated_Source\PSoC5/Cm3Start.c **** 
 342:Generated_Source\PSoC5/Cm3Start.c ****         for (count = 0u; count != limit; count += sizeof (uint32))
 246              		.loc 1 342 0
 247 0026 0023     		movs	r3, #0
 248 0028 7B60     		str	r3, [r7, #4]
 249 002a 0CE0     		b	.L17
 250              	.L18:
 343:Generated_Source\PSoC5/Cm3Start.c ****         {
 344:Generated_Source\PSoC5/Cm3Start.c ****             *dst = *src;
 251              		.loc 1 344 0 discriminator 3
 252 002c FB68     		ldr	r3, [r7, #12]
 253 002e 1A68     		ldr	r2, [r3]
 254 0030 BB68     		ldr	r3, [r7, #8]
 255 0032 1A60     		str	r2, [r3]
 345:Generated_Source\PSoC5/Cm3Start.c ****             dst++;
 256              		.loc 1 345 0 discriminator 3
 257 0034 BB68     		ldr	r3, [r7, #8]
 258 0036 0433     		adds	r3, r3, #4
 259 0038 BB60     		str	r3, [r7, #8]
 346:Generated_Source\PSoC5/Cm3Start.c ****             src++;
 260              		.loc 1 346 0 discriminator 3
 261 003a FB68     		ldr	r3, [r7, #12]
 262 003c 0433     		adds	r3, r3, #4
 263 003e FB60     		str	r3, [r7, #12]
 342:Generated_Source\PSoC5/Cm3Start.c ****         {
 264              		.loc 1 342 0 discriminator 3
 265 0040 7B68     		ldr	r3, [r7, #4]
 266 0042 0433     		adds	r3, r3, #4
 267 0044 7B60     		str	r3, [r7, #4]
 268              	.L17:
 342:Generated_Source\PSoC5/Cm3Start.c ****         {
 269              		.loc 1 342 0 is_stmt 0 discriminator 1
 270 0046 7A68     		ldr	r2, [r7, #4]
 271 0048 3B68     		ldr	r3, [r7]
 272 004a 9A42     		cmp	r2, r3
 273 004c EED1     		bne	.L18
 347:Generated_Source\PSoC5/Cm3Start.c ****         }
 348:Generated_Source\PSoC5/Cm3Start.c ****         limit = rptr->zero_size;
ARM GAS  C:\Users\THUNDE~1\AppData\Local\Temp\ccHoH89i.s 			page 12


 274              		.loc 1 348 0 is_stmt 1
 275 004e 3B69     		ldr	r3, [r7, #16]
 276 0050 DB68     		ldr	r3, [r3, #12]
 277 0052 3B60     		str	r3, [r7]
 349:Generated_Source\PSoC5/Cm3Start.c ****         for (count = 0u; count != limit; count += sizeof (uint32))
 278              		.loc 1 349 0
 279 0054 0023     		movs	r3, #0
 280 0056 7B60     		str	r3, [r7, #4]
 281 0058 08E0     		b	.L19
 282              	.L20:
 350:Generated_Source\PSoC5/Cm3Start.c ****         {
 351:Generated_Source\PSoC5/Cm3Start.c ****             *dst = 0u;
 283              		.loc 1 351 0 discriminator 3
 284 005a BB68     		ldr	r3, [r7, #8]
 285 005c 0022     		movs	r2, #0
 286 005e 1A60     		str	r2, [r3]
 352:Generated_Source\PSoC5/Cm3Start.c ****             dst++;
 287              		.loc 1 352 0 discriminator 3
 288 0060 BB68     		ldr	r3, [r7, #8]
 289 0062 0433     		adds	r3, r3, #4
 290 0064 BB60     		str	r3, [r7, #8]
 349:Generated_Source\PSoC5/Cm3Start.c ****         for (count = 0u; count != limit; count += sizeof (uint32))
 291              		.loc 1 349 0 discriminator 3
 292 0066 7B68     		ldr	r3, [r7, #4]
 293 0068 0433     		adds	r3, r3, #4
 294 006a 7B60     		str	r3, [r7, #4]
 295              	.L19:
 349:Generated_Source\PSoC5/Cm3Start.c ****         for (count = 0u; count != limit; count += sizeof (uint32))
 296              		.loc 1 349 0 is_stmt 0 discriminator 1
 297 006c 7A68     		ldr	r2, [r7, #4]
 298 006e 3B68     		ldr	r3, [r7]
 299 0070 9A42     		cmp	r2, r3
 300 0072 F2D1     		bne	.L20
 353:Generated_Source\PSoC5/Cm3Start.c ****         }
 354:Generated_Source\PSoC5/Cm3Start.c **** 
 355:Generated_Source\PSoC5/Cm3Start.c ****         rptr++;
 301              		.loc 1 355 0 is_stmt 1 discriminator 2
 302 0074 3B69     		ldr	r3, [r7, #16]
 303 0076 1033     		adds	r3, r3, #16
 304 0078 3B61     		str	r3, [r7, #16]
 305              	.LBE2:
 335:Generated_Source\PSoC5/Cm3Start.c ****     {
 306              		.loc 1 335 0 discriminator 2
 307 007a 7B69     		ldr	r3, [r7, #20]
 308 007c 013B     		subs	r3, r3, #1
 309 007e 7B61     		str	r3, [r7, #20]
 310              	.L16:
 335:Generated_Source\PSoC5/Cm3Start.c ****     {
 311              		.loc 1 335 0 is_stmt 0 discriminator 1
 312 0080 7B69     		ldr	r3, [r7, #20]
 313 0082 002B     		cmp	r3, #0
 314 0084 C6D1     		bne	.L21
 356:Generated_Source\PSoC5/Cm3Start.c ****     }
 357:Generated_Source\PSoC5/Cm3Start.c **** 
 358:Generated_Source\PSoC5/Cm3Start.c ****     /* Invoke static objects constructors */
 359:Generated_Source\PSoC5/Cm3Start.c ****     __libc_init_array();
 315              		.loc 1 359 0 is_stmt 1
ARM GAS  C:\Users\THUNDE~1\AppData\Local\Temp\ccHoH89i.s 			page 13


 316 0086 FFF7FEFF 		bl	__libc_init_array
 360:Generated_Source\PSoC5/Cm3Start.c ****     (void) main();
 317              		.loc 1 360 0
 318 008a FFF7FEFF 		bl	main
 319              	.L22:
 361:Generated_Source\PSoC5/Cm3Start.c **** 
 362:Generated_Source\PSoC5/Cm3Start.c ****     while (1)
 363:Generated_Source\PSoC5/Cm3Start.c ****     {
 364:Generated_Source\PSoC5/Cm3Start.c ****         /* If main returns, make sure we don't return. */
 365:Generated_Source\PSoC5/Cm3Start.c ****     }
 320              		.loc 1 365 0 discriminator 1
 321 008e FEE7     		b	.L22
 322              	.L24:
 323              		.align	2
 324              	.L23:
 325 0090 00000000 		.word	__cy_region_num
 326 0094 00000000 		.word	__cy_regions
 327              		.cfi_endproc
 328              	.LFE4:
 329              		.size	Start_c, .-Start_c
 330              		.global	RomVectors
 331              		.section	.romvectors,"a",%progbits
 332              		.align	2
 333              		.type	RomVectors, %object
 334              		.size	RomVectors, 16
 335              	RomVectors:
 336 0000 00000000 		.word	__cy_stack
 337 0004 00000000 		.word	Reset
 338 0008 00000000 		.word	IntDefaultHandler
 339 000c 00000000 		.word	IntDefaultHandler
 340              		.section	.text.initialize_psoc,"ax",%progbits
 341              		.align	2
 342              		.global	initialize_psoc
 343              		.thumb
 344              		.thumb_func
 345              		.type	initialize_psoc, %function
 346              	initialize_psoc:
 347              	.LFB5:
 366:Generated_Source\PSoC5/Cm3Start.c **** }
 367:Generated_Source\PSoC5/Cm3Start.c **** 
 368:Generated_Source\PSoC5/Cm3Start.c **** 
 369:Generated_Source\PSoC5/Cm3Start.c **** #elif defined (__ICCARM__)
 370:Generated_Source\PSoC5/Cm3Start.c **** 
 371:Generated_Source\PSoC5/Cm3Start.c **** /*******************************************************************************
 372:Generated_Source\PSoC5/Cm3Start.c **** * Function Name: __low_level_init
 373:Generated_Source\PSoC5/Cm3Start.c **** ****************************************************************************//**
 374:Generated_Source\PSoC5/Cm3Start.c **** *
 375:Generated_Source\PSoC5/Cm3Start.c **** *  This function performs early initializations for the IAR Embedded
 376:Generated_Source\PSoC5/Cm3Start.c **** *  Workbench IDE. It is executed in the context of a reset interrupt handler
 377:Generated_Source\PSoC5/Cm3Start.c **** *  before the data sections are initialized.
 378:Generated_Source\PSoC5/Cm3Start.c **** *
 379:Generated_Source\PSoC5/Cm3Start.c **** * \return
 380:Generated_Source\PSoC5/Cm3Start.c **** *  The value that determines whether or not data sections should be initialized
 381:Generated_Source\PSoC5/Cm3Start.c **** *  by the system startup code:
 382:Generated_Source\PSoC5/Cm3Start.c **** *    0 - skip data sections initialization;
 383:Generated_Source\PSoC5/Cm3Start.c **** *    1 - initialize data sections;
 384:Generated_Source\PSoC5/Cm3Start.c **** *
ARM GAS  C:\Users\THUNDE~1\AppData\Local\Temp\ccHoH89i.s 			page 14


 385:Generated_Source\PSoC5/Cm3Start.c **** *******************************************************************************/
 386:Generated_Source\PSoC5/Cm3Start.c **** int __low_level_init(void)
 387:Generated_Source\PSoC5/Cm3Start.c **** {
 388:Generated_Source\PSoC5/Cm3Start.c ****     #if (CYDEV_PROJ_TYPE != CYDEV_PROJ_TYPE_LOADABLE && CYDEV_PROJ_TYPE != CYDEV_PROJ_TYPE_LOADABLE
 389:Generated_Source\PSoC5/Cm3Start.c **** 
 390:Generated_Source\PSoC5/Cm3Start.c ****         /* For PSoC 5LP, debugging is enabled by default */
 391:Generated_Source\PSoC5/Cm3Start.c ****         #if(CYDEV_DEBUGGING_ENABLE == 0)
 392:Generated_Source\PSoC5/Cm3Start.c ****             *(reg32 *)(CYDEV_DEBUG_ENABLE_REGISTER) |= CYDEV_DEBUG_ENABLE_MASK;
 393:Generated_Source\PSoC5/Cm3Start.c ****         #endif /* (CYDEV_DEBUGGING_ENABLE) */
 394:Generated_Source\PSoC5/Cm3Start.c **** 
 395:Generated_Source\PSoC5/Cm3Start.c ****         /* Reset Status Register has Read-to-clear SW access mode.
 396:Generated_Source\PSoC5/Cm3Start.c ****         * Preserve current RESET_SR0 state to make it available for next reading.
 397:Generated_Source\PSoC5/Cm3Start.c ****         */
 398:Generated_Source\PSoC5/Cm3Start.c ****         *(reg32 *)(CYREG_PHUB_CFGMEM23_CFG1) = *(reg32 *)(CYREG_RESET_SR0);
 399:Generated_Source\PSoC5/Cm3Start.c **** 
 400:Generated_Source\PSoC5/Cm3Start.c ****     #endif  /* (CYDEV_PROJ_TYPE != CYDEV_PROJ_TYPE_LOADABLE && CYDEV_PROJ_TYPE != CYDEV_PROJ_TYPE_L
 401:Generated_Source\PSoC5/Cm3Start.c **** 
 402:Generated_Source\PSoC5/Cm3Start.c ****     #if ((CYDEV_BOOTLOADER_ENABLE) && (CYDEV_PROJ_TYPE != CYDEV_PROJ_TYPE_LOADABLEANDBOOTLOADER))
 403:Generated_Source\PSoC5/Cm3Start.c ****         CyBtldr_CheckLaunch();
 404:Generated_Source\PSoC5/Cm3Start.c ****     #endif /* ((CYDEV_BOOTLOADER_ENABLE) && (CYDEV_PROJ_TYPE != CYDEV_PROJ_TYPE_LOADABLEANDBOOTLOAD
 405:Generated_Source\PSoC5/Cm3Start.c **** 
 406:Generated_Source\PSoC5/Cm3Start.c ****     /* Initialize data sections */
 407:Generated_Source\PSoC5/Cm3Start.c ****     __iar_data_init3();
 408:Generated_Source\PSoC5/Cm3Start.c **** 
 409:Generated_Source\PSoC5/Cm3Start.c ****     initialize_psoc();
 410:Generated_Source\PSoC5/Cm3Start.c **** 
 411:Generated_Source\PSoC5/Cm3Start.c ****     return 0;
 412:Generated_Source\PSoC5/Cm3Start.c **** }
 413:Generated_Source\PSoC5/Cm3Start.c **** 
 414:Generated_Source\PSoC5/Cm3Start.c **** #endif /* __GNUC__ */
 415:Generated_Source\PSoC5/Cm3Start.c **** 
 416:Generated_Source\PSoC5/Cm3Start.c **** 
 417:Generated_Source\PSoC5/Cm3Start.c **** /*******************************************************************************
 418:Generated_Source\PSoC5/Cm3Start.c **** *
 419:Generated_Source\PSoC5/Cm3Start.c **** * Default Rom Interrupt Vector table.
 420:Generated_Source\PSoC5/Cm3Start.c **** *
 421:Generated_Source\PSoC5/Cm3Start.c **** *******************************************************************************/
 422:Generated_Source\PSoC5/Cm3Start.c **** #if defined(__ARMCC_VERSION)
 423:Generated_Source\PSoC5/Cm3Start.c ****     /* Suppress diagnostic message 1296-D: extended constant initialiser used */
 424:Generated_Source\PSoC5/Cm3Start.c ****     #pragma diag_suppress 1296
 425:Generated_Source\PSoC5/Cm3Start.c **** #endif  /* defined(__ARMCC_VERSION) */
 426:Generated_Source\PSoC5/Cm3Start.c **** 
 427:Generated_Source\PSoC5/Cm3Start.c **** #if defined (__ICCARM__)
 428:Generated_Source\PSoC5/Cm3Start.c ****     #pragma location=".romvectors"
 429:Generated_Source\PSoC5/Cm3Start.c ****     const intvec_elem __vector_table[CY_NUM_ROM_VECTORS] =
 430:Generated_Source\PSoC5/Cm3Start.c **** #else
 431:Generated_Source\PSoC5/Cm3Start.c ****     CY_SECTION(".romvectors")
 432:Generated_Source\PSoC5/Cm3Start.c ****     const cyisraddress RomVectors[CY_NUM_ROM_VECTORS] =
 433:Generated_Source\PSoC5/Cm3Start.c **** #endif  /* defined (__ICCARM__) */
 434:Generated_Source\PSoC5/Cm3Start.c **** {
 435:Generated_Source\PSoC5/Cm3Start.c ****     INITIAL_STACK_POINTER,   /* Initial stack pointer  0 */
 436:Generated_Source\PSoC5/Cm3Start.c ****     #if defined (__ICCARM__) /* Reset handler          1 */
 437:Generated_Source\PSoC5/Cm3Start.c ****         __iar_program_start,
 438:Generated_Source\PSoC5/Cm3Start.c ****     #else
 439:Generated_Source\PSoC5/Cm3Start.c ****         (cyisraddress)&Reset,
 440:Generated_Source\PSoC5/Cm3Start.c ****     #endif  /* defined (__ICCARM__) */
 441:Generated_Source\PSoC5/Cm3Start.c ****     &IntDefaultHandler,      /* NMI handler            2 */
ARM GAS  C:\Users\THUNDE~1\AppData\Local\Temp\ccHoH89i.s 			page 15


 442:Generated_Source\PSoC5/Cm3Start.c ****     &IntDefaultHandler,      /* Hard fault handler     3 */
 443:Generated_Source\PSoC5/Cm3Start.c **** };
 444:Generated_Source\PSoC5/Cm3Start.c **** 
 445:Generated_Source\PSoC5/Cm3Start.c **** #if defined(__ARMCC_VERSION)
 446:Generated_Source\PSoC5/Cm3Start.c ****     #pragma diag_default 1296
 447:Generated_Source\PSoC5/Cm3Start.c **** #endif  /* defined(__ARMCC_VERSION) */
 448:Generated_Source\PSoC5/Cm3Start.c **** 
 449:Generated_Source\PSoC5/Cm3Start.c **** 
 450:Generated_Source\PSoC5/Cm3Start.c **** /*******************************************************************************
 451:Generated_Source\PSoC5/Cm3Start.c **** * Function Name: initialize_psoc
 452:Generated_Source\PSoC5/Cm3Start.c **** ****************************************************************************//**
 453:Generated_Source\PSoC5/Cm3Start.c **** *
 454:Generated_Source\PSoC5/Cm3Start.c **** *  This function used to initialize the PSoC chip before calling main.
 455:Generated_Source\PSoC5/Cm3Start.c **** *
 456:Generated_Source\PSoC5/Cm3Start.c **** *******************************************************************************/
 457:Generated_Source\PSoC5/Cm3Start.c **** #if (defined(__GNUC__) && !defined(__ARMCC_VERSION))
 458:Generated_Source\PSoC5/Cm3Start.c **** __attribute__ ((constructor(101)))
 459:Generated_Source\PSoC5/Cm3Start.c **** #endif
 460:Generated_Source\PSoC5/Cm3Start.c **** void initialize_psoc(void)
 461:Generated_Source\PSoC5/Cm3Start.c **** {
 348              		.loc 1 461 0
 349              		.cfi_startproc
 350              		@ args = 0, pretend = 0, frame = 8
 351              		@ frame_needed = 1, uses_anonymous_args = 0
 352 0000 80B5     		push	{r7, lr}
 353              		.cfi_def_cfa_offset 8
 354              		.cfi_offset 7, -8
 355              		.cfi_offset 14, -4
 356 0002 82B0     		sub	sp, sp, #8
 357              		.cfi_def_cfa_offset 16
 358 0004 00AF     		add	r7, sp, #0
 359              		.cfi_def_cfa_register 7
 462:Generated_Source\PSoC5/Cm3Start.c ****     uint32 i;
 463:Generated_Source\PSoC5/Cm3Start.c **** 
 464:Generated_Source\PSoC5/Cm3Start.c ****     /* Set Priority group 5. */
 465:Generated_Source\PSoC5/Cm3Start.c **** 
 466:Generated_Source\PSoC5/Cm3Start.c ****     /* Writes to NVIC_APINT register require the VECTKEY in the upper half */
 467:Generated_Source\PSoC5/Cm3Start.c ****     *CY_NVIC_APINT_PTR = CY_NVIC_APINT_VECTKEY | CY_NVIC_APINT_PRIGROUP_3_5;
 360              		.loc 1 467 0
 361 0006 184B     		ldr	r3, .L30
 362 0008 184A     		ldr	r2, .L30+4
 363 000a 1A60     		str	r2, [r3]
 468:Generated_Source\PSoC5/Cm3Start.c ****     *CY_NVIC_CFG_CTRL_PTR |= CY_NVIC_CFG_STACKALIGN;
 364              		.loc 1 468 0
 365 000c 184A     		ldr	r2, .L30+8
 366 000e 184B     		ldr	r3, .L30+8
 367 0010 1B68     		ldr	r3, [r3]
 368 0012 43F40073 		orr	r3, r3, #512
 369 0016 1360     		str	r3, [r2]
 469:Generated_Source\PSoC5/Cm3Start.c **** 
 470:Generated_Source\PSoC5/Cm3Start.c ****     /* Set Ram interrupt vectors to default functions. */
 471:Generated_Source\PSoC5/Cm3Start.c ****     for (i = 0u; i < CY_NUM_VECTORS; i++)
 370              		.loc 1 471 0
 371 0018 0023     		movs	r3, #0
 372 001a 7B60     		str	r3, [r7, #4]
 373 001c 0FE0     		b	.L26
 374              	.L29:
ARM GAS  C:\Users\THUNDE~1\AppData\Local\Temp\ccHoH89i.s 			page 16


 472:Generated_Source\PSoC5/Cm3Start.c ****     {
 473:Generated_Source\PSoC5/Cm3Start.c ****         #if defined (__ICCARM__)
 474:Generated_Source\PSoC5/Cm3Start.c ****             CyRamVectors[i] = (i < CY_NUM_ROM_VECTORS) ? __vector_table[i].__fun : &IntDefaultHandl
 475:Generated_Source\PSoC5/Cm3Start.c ****         #else
 476:Generated_Source\PSoC5/Cm3Start.c ****             CyRamVectors[i] = (i < CY_NUM_ROM_VECTORS) ? RomVectors[i] : &IntDefaultHandler;
 375              		.loc 1 476 0
 376 001e 7B68     		ldr	r3, [r7, #4]
 377 0020 032B     		cmp	r3, #3
 378 0022 04D8     		bhi	.L27
 379              		.loc 1 476 0 is_stmt 0 discriminator 1
 380 0024 134A     		ldr	r2, .L30+12
 381 0026 7B68     		ldr	r3, [r7, #4]
 382 0028 52F82330 		ldr	r3, [r2, r3, lsl #2]
 383 002c 00E0     		b	.L28
 384              	.L27:
 385              		.loc 1 476 0 discriminator 2
 386 002e 124B     		ldr	r3, .L30+16
 387              	.L28:
 388              		.loc 1 476 0 discriminator 4
 389 0030 1249     		ldr	r1, .L30+20
 390 0032 7A68     		ldr	r2, [r7, #4]
 391 0034 41F82230 		str	r3, [r1, r2, lsl #2]
 471:Generated_Source\PSoC5/Cm3Start.c ****     {
 392              		.loc 1 471 0 is_stmt 1 discriminator 4
 393 0038 7B68     		ldr	r3, [r7, #4]
 394 003a 0133     		adds	r3, r3, #1
 395 003c 7B60     		str	r3, [r7, #4]
 396              	.L26:
 471:Generated_Source\PSoC5/Cm3Start.c ****     {
 397              		.loc 1 471 0 is_stmt 0 discriminator 2
 398 003e 7B68     		ldr	r3, [r7, #4]
 399 0040 2F2B     		cmp	r3, #47
 400 0042 ECD9     		bls	.L29
 477:Generated_Source\PSoC5/Cm3Start.c ****         #endif  /* defined (__ICCARM__) */
 478:Generated_Source\PSoC5/Cm3Start.c ****     }
 479:Generated_Source\PSoC5/Cm3Start.c **** 
 480:Generated_Source\PSoC5/Cm3Start.c ****     /* Was stored in CFGMEM to avoid being cleared while SRAM gets cleared */
 481:Generated_Source\PSoC5/Cm3Start.c ****     CyResetStatus = CY_GET_REG8(CYREG_PHUB_CFGMEM23_CFG1);
 401              		.loc 1 481 0 is_stmt 1
 402 0044 0E4B     		ldr	r3, .L30+24
 403 0046 1B78     		ldrb	r3, [r3]
 404 0048 DAB2     		uxtb	r2, r3
 405 004a 0E4B     		ldr	r3, .L30+28
 406 004c 1A70     		strb	r2, [r3]
 482:Generated_Source\PSoC5/Cm3Start.c **** 
 483:Generated_Source\PSoC5/Cm3Start.c ****     /* Point NVIC at RAM vector table. */
 484:Generated_Source\PSoC5/Cm3Start.c ****     *CYINT_VECT_TABLE = CyRamVectors;
 407              		.loc 1 484 0
 408 004e 0E4B     		ldr	r3, .L30+32
 409 0050 0A4A     		ldr	r2, .L30+20
 410 0052 1A60     		str	r2, [r3]
 485:Generated_Source\PSoC5/Cm3Start.c **** 
 486:Generated_Source\PSoC5/Cm3Start.c ****     /* Initialize the configuration registers. */
 487:Generated_Source\PSoC5/Cm3Start.c ****     cyfitter_cfg();
 411              		.loc 1 487 0
 412 0054 FFF7FEFF 		bl	cyfitter_cfg
 488:Generated_Source\PSoC5/Cm3Start.c **** 
ARM GAS  C:\Users\THUNDE~1\AppData\Local\Temp\ccHoH89i.s 			page 17


 489:Generated_Source\PSoC5/Cm3Start.c ****     #if(0u != DMA_CHANNELS_USED__MASK0)
 490:Generated_Source\PSoC5/Cm3Start.c **** 
 491:Generated_Source\PSoC5/Cm3Start.c ****         /* Setup DMA - only necessary if design contains DMA component. */
 492:Generated_Source\PSoC5/Cm3Start.c ****         CyDmacConfigure();
 493:Generated_Source\PSoC5/Cm3Start.c **** 
 494:Generated_Source\PSoC5/Cm3Start.c ****     #endif  /* (0u != DMA_CHANNELS_USED__MASK0) */
 495:Generated_Source\PSoC5/Cm3Start.c **** 
 496:Generated_Source\PSoC5/Cm3Start.c ****     #if !defined (__ICCARM__)
 497:Generated_Source\PSoC5/Cm3Start.c ****         /* Actually, no need to clean this variable, just to make compiler happy. */
 498:Generated_Source\PSoC5/Cm3Start.c ****         cySysNoInitDataValid = 0u;
 413              		.loc 1 498 0
 414 0058 0C4B     		ldr	r3, .L30+36
 415 005a 0022     		movs	r2, #0
 416 005c 1A60     		str	r2, [r3]
 499:Generated_Source\PSoC5/Cm3Start.c ****     #endif  /* !defined (__ICCARM__) */
 500:Generated_Source\PSoC5/Cm3Start.c **** }
 417              		.loc 1 500 0
 418 005e 00BF     		nop
 419 0060 0837     		adds	r7, r7, #8
 420              		.cfi_def_cfa_offset 8
 421 0062 BD46     		mov	sp, r7
 422              		.cfi_def_cfa_register 13
 423              		@ sp needed
 424 0064 80BD     		pop	{r7, pc}
 425              	.L31:
 426 0066 00BF     		.align	2
 427              	.L30:
 428 0068 0CED00E0 		.word	-536810228
 429 006c 0004FA05 		.word	100271104
 430 0070 14ED00E0 		.word	-536810220
 431 0074 00000000 		.word	RomVectors
 432 0078 00000000 		.word	IntDefaultHandler
 433 007c 00000000 		.word	CyRamVectors
 434 0080 BC760040 		.word	1073772220
 435 0084 00000000 		.word	CyResetStatus
 436 0088 08ED00E0 		.word	-536810232
 437 008c 00000000 		.word	cySysNoInitDataValid
 438              		.cfi_endproc
 439              	.LFE5:
 440              		.size	initialize_psoc, .-initialize_psoc
 441              		.section	.init_array,"aw",%init_array
 442              		.align	2
 443 0000 00000000 		.word	initialize_psoc(target1)
 444              		.data
 445              		.align	2
 446              		.type	heapPointer.5063, %object
 447              		.size	heapPointer.5063, 4
 448              	heapPointer.5063:
 449 0000 00000000 		.word	end
 450              		.weak	__cy_region_num
 451              		.text
 452              	.Letext0:
 453              		.file 2 "c:\\program files (x86)\\cypress\\psoc creator\\4.2\\psoc creator\\import\\gnu\\arm\\5.4.
 454              		.file 3 "Generated_Source\\PSoC5\\cytypes.h"
 455              		.file 4 "Generated_Source\\PSoC5\\CyLib.h"
 456              		.section	.debug_info,"",%progbits
 457              	.Ldebug_info0:
ARM GAS  C:\Users\THUNDE~1\AppData\Local\Temp\ccHoH89i.s 			page 18


 458 0000 21030000 		.4byte	0x321
 459 0004 0400     		.2byte	0x4
 460 0006 00000000 		.4byte	.Ldebug_abbrev0
 461 000a 04       		.byte	0x4
 462 000b 01       		.uleb128 0x1
 463 000c 0D000000 		.4byte	.LASF44
 464 0010 0C       		.byte	0xc
 465 0011 77010000 		.4byte	.LASF45
 466 0015 95020000 		.4byte	.LASF46
 467 0019 00000000 		.4byte	.Ldebug_ranges0+0
 468 001d 00000000 		.4byte	0
 469 0021 00000000 		.4byte	.Ldebug_line0
 470 0025 02       		.uleb128 0x2
 471 0026 01       		.byte	0x1
 472 0027 06       		.byte	0x6
 473 0028 4F020000 		.4byte	.LASF0
 474 002c 02       		.uleb128 0x2
 475 002d 01       		.byte	0x1
 476 002e 08       		.byte	0x8
 477 002f 19010000 		.4byte	.LASF1
 478 0033 02       		.uleb128 0x2
 479 0034 02       		.byte	0x2
 480 0035 05       		.byte	0x5
 481 0036 30020000 		.4byte	.LASF2
 482 003a 02       		.uleb128 0x2
 483 003b 02       		.byte	0x2
 484 003c 07       		.byte	0x7
 485 003d D0000000 		.4byte	.LASF3
 486 0041 02       		.uleb128 0x2
 487 0042 04       		.byte	0x4
 488 0043 05       		.byte	0x5
 489 0044 3A020000 		.4byte	.LASF4
 490 0048 02       		.uleb128 0x2
 491 0049 04       		.byte	0x4
 492 004a 07       		.byte	0x7
 493 004b 3E010000 		.4byte	.LASF5
 494 004f 02       		.uleb128 0x2
 495 0050 08       		.byte	0x8
 496 0051 05       		.byte	0x5
 497 0052 1D020000 		.4byte	.LASF6
 498 0056 02       		.uleb128 0x2
 499 0057 08       		.byte	0x8
 500 0058 07       		.byte	0x7
 501 0059 CA010000 		.4byte	.LASF7
 502 005d 03       		.uleb128 0x3
 503 005e 04       		.byte	0x4
 504 005f 05       		.byte	0x5
 505 0060 696E7400 		.ascii	"int\000"
 506 0064 02       		.uleb128 0x2
 507 0065 04       		.byte	0x4
 508 0066 07       		.byte	0x7
 509 0067 BD010000 		.4byte	.LASF8
 510 006b 04       		.uleb128 0x4
 511 006c 06000000 		.4byte	.LASF10
 512 0070 02       		.byte	0x2
 513 0071 D8       		.byte	0xd8
 514 0072 64000000 		.4byte	0x64
ARM GAS  C:\Users\THUNDE~1\AppData\Local\Temp\ccHoH89i.s 			page 19


 515 0076 02       		.uleb128 0x2
 516 0077 08       		.byte	0x8
 517 0078 04       		.byte	0x4
 518 0079 43020000 		.4byte	.LASF9
 519 007d 05       		.uleb128 0x5
 520 007e 65010000 		.4byte	.LASF11
 521 0082 03       		.byte	0x3
 522 0083 9201     		.2byte	0x192
 523 0085 2C000000 		.4byte	0x2c
 524 0089 05       		.uleb128 0x5
 525 008a B6010000 		.4byte	.LASF12
 526 008e 03       		.byte	0x3
 527 008f 9401     		.2byte	0x194
 528 0091 48000000 		.4byte	0x48
 529 0095 02       		.uleb128 0x2
 530 0096 04       		.byte	0x4
 531 0097 04       		.byte	0x4
 532 0098 0E010000 		.4byte	.LASF13
 533 009c 02       		.uleb128 0x2
 534 009d 08       		.byte	0x8
 535 009e 04       		.byte	0x4
 536 009f 9F010000 		.4byte	.LASF14
 537 00a3 02       		.uleb128 0x2
 538 00a4 01       		.byte	0x1
 539 00a5 08       		.byte	0x8
 540 00a6 2B020000 		.4byte	.LASF15
 541 00aa 05       		.uleb128 0x5
 542 00ab 0F020000 		.4byte	.LASF16
 543 00af 03       		.byte	0x3
 544 00b0 3C02     		.2byte	0x23c
 545 00b2 B6000000 		.4byte	0xb6
 546 00b6 06       		.uleb128 0x6
 547 00b7 7D000000 		.4byte	0x7d
 548 00bb 05       		.uleb128 0x5
 549 00bc 00000000 		.4byte	.LASF17
 550 00c0 03       		.byte	0x3
 551 00c1 3E02     		.2byte	0x23e
 552 00c3 C7000000 		.4byte	0xc7
 553 00c7 06       		.uleb128 0x6
 554 00c8 89000000 		.4byte	0x89
 555 00cc 05       		.uleb128 0x5
 556 00cd E7010000 		.4byte	.LASF18
 557 00d1 03       		.byte	0x3
 558 00d2 4E02     		.2byte	0x24e
 559 00d4 D8000000 		.4byte	0xd8
 560 00d8 07       		.uleb128 0x7
 561 00d9 04       		.byte	0x4
 562 00da DE000000 		.4byte	0xde
 563 00de 08       		.uleb128 0x8
 564 00df 02       		.uleb128 0x2
 565 00e0 04       		.byte	0x4
 566 00e1 07       		.byte	0x7
 567 00e2 14020000 		.4byte	.LASF19
 568 00e6 09       		.uleb128 0x9
 569 00e7 04       		.byte	0x4
 570 00e8 0A       		.uleb128 0xa
 571 00e9 A3000000 		.4byte	0xa3
ARM GAS  C:\Users\THUNDE~1\AppData\Local\Temp\ccHoH89i.s 			page 20


 572 00ed 04       		.uleb128 0x4
 573 00ee FE010000 		.4byte	.LASF20
 574 00f2 01       		.byte	0x1
 575 00f3 CF       		.byte	0xcf
 576 00f4 2C000000 		.4byte	0x2c
 577 00f8 0B       		.uleb128 0xb
 578 00f9 89020000 		.4byte	.LASF47
 579 00fd 10       		.byte	0x10
 580 00fe 01       		.byte	0x1
 581 00ff D1       		.byte	0xd1
 582 0100 35010000 		.4byte	0x135
 583 0104 0C       		.uleb128 0xc
 584 0105 F3000000 		.4byte	.LASF21
 585 0109 01       		.byte	0x1
 586 010a D3       		.byte	0xd3
 587 010b 35010000 		.4byte	0x135
 588 010f 00       		.byte	0
 589 0110 0C       		.uleb128 0xc
 590 0111 14010000 		.4byte	.LASF22
 591 0115 01       		.byte	0x1
 592 0116 D4       		.byte	0xd4
 593 0117 35010000 		.4byte	0x135
 594 011b 04       		.byte	0x4
 595 011c 0C       		.uleb128 0xc
 596 011d F4010000 		.4byte	.LASF23
 597 0121 01       		.byte	0x1
 598 0122 D5       		.byte	0xd5
 599 0123 6B000000 		.4byte	0x6b
 600 0127 08       		.byte	0x8
 601 0128 0C       		.uleb128 0xc
 602 0129 FF000000 		.4byte	.LASF24
 603 012d 01       		.byte	0x1
 604 012e D6       		.byte	0xd6
 605 012f 6B000000 		.4byte	0x6b
 606 0133 0C       		.byte	0xc
 607 0134 00       		.byte	0
 608 0135 07       		.uleb128 0x7
 609 0136 04       		.byte	0x4
 610 0137 ED000000 		.4byte	0xed
 611 013b 0D       		.uleb128 0xd
 612 013c 5B020000 		.4byte	.LASF31
 613 0140 01       		.byte	0x1
 614 0141 5B       		.byte	0x5b
 615 0142 00000000 		.4byte	.LFB0
 616 0146 14000000 		.4byte	.LFE0-.LFB0
 617 014a 01       		.uleb128 0x1
 618 014b 9C       		.byte	0x9c
 619 014c 0E       		.uleb128 0xe
 620 014d 71010000 		.4byte	.LASF25
 621 0151 01       		.byte	0x1
 622 0152 EF       		.byte	0xef
 623 0153 00000000 		.4byte	.LFB1
 624 0157 14000000 		.4byte	.LFE1-.LFB1
 625 015b 01       		.uleb128 0x1
 626 015c 9C       		.byte	0x9c
 627 015d 70010000 		.4byte	0x170
 628 0161 0F       		.uleb128 0xf
ARM GAS  C:\Users\THUNDE~1\AppData\Local\Temp\ccHoH89i.s 			page 21


 629 0162 F8000000 		.4byte	.LASF27
 630 0166 01       		.byte	0x1
 631 0167 EF       		.byte	0xef
 632 0168 5D000000 		.4byte	0x5d
 633 016c 02       		.uleb128 0x2
 634 016d 91       		.byte	0x91
 635 016e 74       		.sleb128 -12
 636 016f 00       		.byte	0
 637 0170 10       		.uleb128 0x10
 638 0171 99010000 		.4byte	.LASF26
 639 0175 01       		.byte	0x1
 640 0176 0801     		.2byte	0x108
 641 0178 E6000000 		.4byte	0xe6
 642 017c 00000000 		.4byte	.LFB2
 643 0180 50000000 		.4byte	.LFE2-.LFB2
 644 0184 01       		.uleb128 0x1
 645 0185 9C       		.byte	0x9c
 646 0186 C7010000 		.4byte	0x1c7
 647 018a 11       		.uleb128 0x11
 648 018b 82020000 		.4byte	.LASF28
 649 018f 01       		.byte	0x1
 650 0190 0801     		.2byte	0x108
 651 0192 5D000000 		.4byte	0x5d
 652 0196 02       		.uleb128 0x2
 653 0197 91       		.byte	0x91
 654 0198 6C       		.sleb128 -20
 655 0199 12       		.uleb128 0x12
 656 019a 656E6400 		.ascii	"end\000"
 657 019e 01       		.byte	0x1
 658 019f 0A01     		.2byte	0x10a
 659 01a1 5D000000 		.4byte	0x5d
 660 01a5 13       		.uleb128 0x13
 661 01a6 27010000 		.4byte	.LASF29
 662 01aa 01       		.byte	0x1
 663 01ab 0B01     		.2byte	0x10b
 664 01ad E6000000 		.4byte	0xe6
 665 01b1 02       		.uleb128 0x2
 666 01b2 91       		.byte	0x91
 667 01b3 74       		.sleb128 -12
 668 01b4 13       		.uleb128 0x13
 669 01b5 C4000000 		.4byte	.LASF30
 670 01b9 01       		.byte	0x1
 671 01ba 0E01     		.2byte	0x10e
 672 01bc E6000000 		.4byte	0xe6
 673 01c0 05       		.uleb128 0x5
 674 01c1 03       		.byte	0x3
 675 01c2 00000000 		.4byte	heapPointer.5063
 676 01c6 00       		.byte	0
 677 01c7 14       		.uleb128 0x14
 678 01c8 6B010000 		.4byte	.LASF32
 679 01cc 01       		.byte	0x1
 680 01cd 2701     		.2byte	0x127
 681 01cf 00000000 		.4byte	.LFB3
 682 01d3 18000000 		.4byte	.LFE3-.LFB3
 683 01d7 01       		.uleb128 0x1
 684 01d8 9C       		.byte	0x9c
 685 01d9 15       		.uleb128 0x15
ARM GAS  C:\Users\THUNDE~1\AppData\Local\Temp\ccHoH89i.s 			page 22


 686 01da B6000000 		.4byte	.LASF33
 687 01de 01       		.byte	0x1
 688 01df 4901     		.2byte	0x149
 689 01e1 00000000 		.4byte	.LFB4
 690 01e5 98000000 		.4byte	.LFE4-.LFB4
 691 01e9 01       		.uleb128 0x1
 692 01ea 9C       		.byte	0x9c
 693 01eb 54020000 		.4byte	0x254
 694 01ef 13       		.uleb128 0x13
 695 01f0 7A020000 		.4byte	.LASF34
 696 01f4 01       		.byte	0x1
 697 01f5 4B01     		.2byte	0x14b
 698 01f7 64000000 		.4byte	0x64
 699 01fb 02       		.uleb128 0x2
 700 01fc 91       		.byte	0x91
 701 01fd 74       		.sleb128 -12
 702 01fe 13       		.uleb128 0x13
 703 01ff 09010000 		.4byte	.LASF35
 704 0203 01       		.byte	0x1
 705 0204 4C01     		.2byte	0x14c
 706 0206 54020000 		.4byte	0x254
 707 020a 02       		.uleb128 0x2
 708 020b 91       		.byte	0x91
 709 020c 70       		.sleb128 -16
 710 020d 16       		.uleb128 0x16
 711 020e 14000000 		.4byte	.LBB2
 712 0212 66000000 		.4byte	.LBE2-.LBB2
 713 0216 17       		.uleb128 0x17
 714 0217 73726300 		.ascii	"src\000"
 715 021b 01       		.byte	0x1
 716 021c 5101     		.2byte	0x151
 717 021e 5F020000 		.4byte	0x25f
 718 0222 02       		.uleb128 0x2
 719 0223 91       		.byte	0x91
 720 0224 6C       		.sleb128 -20
 721 0225 17       		.uleb128 0x17
 722 0226 64737400 		.ascii	"dst\000"
 723 022a 01       		.byte	0x1
 724 022b 5201     		.2byte	0x152
 725 022d 5F020000 		.4byte	0x25f
 726 0231 02       		.uleb128 0x2
 727 0232 91       		.byte	0x91
 728 0233 68       		.sleb128 -24
 729 0234 13       		.uleb128 0x13
 730 0235 E1010000 		.4byte	.LASF36
 731 0239 01       		.byte	0x1
 732 023a 5301     		.2byte	0x153
 733 023c 64000000 		.4byte	0x64
 734 0240 02       		.uleb128 0x2
 735 0241 91       		.byte	0x91
 736 0242 60       		.sleb128 -32
 737 0243 13       		.uleb128 0x13
 738 0244 BE000000 		.4byte	.LASF37
 739 0248 01       		.byte	0x1
 740 0249 5401     		.2byte	0x154
 741 024b 64000000 		.4byte	0x64
 742 024f 02       		.uleb128 0x2
ARM GAS  C:\Users\THUNDE~1\AppData\Local\Temp\ccHoH89i.s 			page 23


 743 0250 91       		.byte	0x91
 744 0251 64       		.sleb128 -28
 745 0252 00       		.byte	0
 746 0253 00       		.byte	0
 747 0254 07       		.uleb128 0x7
 748 0255 04       		.byte	0x4
 749 0256 5A020000 		.4byte	0x25a
 750 025a 0A       		.uleb128 0xa
 751 025b F8000000 		.4byte	0xf8
 752 025f 07       		.uleb128 0x7
 753 0260 04       		.byte	0x4
 754 0261 89000000 		.4byte	0x89
 755 0265 18       		.uleb128 0x18
 756 0266 A6010000 		.4byte	.LASF48
 757 026a 01       		.byte	0x1
 758 026b CC01     		.2byte	0x1cc
 759 026d 00000000 		.4byte	.LFB5
 760 0271 90000000 		.4byte	.LFE5-.LFB5
 761 0275 01       		.uleb128 0x1
 762 0276 9C       		.byte	0x9c
 763 0277 89020000 		.4byte	0x289
 764 027b 17       		.uleb128 0x17
 765 027c 6900     		.ascii	"i\000"
 766 027e 01       		.byte	0x1
 767 027f CE01     		.2byte	0x1ce
 768 0281 89000000 		.4byte	0x89
 769 0285 02       		.uleb128 0x2
 770 0286 91       		.byte	0x91
 771 0287 74       		.sleb128 -12
 772 0288 00       		.byte	0
 773 0289 19       		.uleb128 0x19
 774 028a 50010000 		.4byte	.LASF38
 775 028e 01       		.byte	0x1
 776 028f 3F       		.byte	0x3f
 777 0290 89000000 		.4byte	0x89
 778 0294 05       		.uleb128 0x5
 779 0295 03       		.byte	0x3
 780 0296 00000000 		.4byte	cySysNoInitDataValid
 781 029a 1A       		.uleb128 0x1a
 782 029b A8000000 		.4byte	.LASF39
 783 029f 04       		.byte	0x4
 784 02a0 2C       		.byte	0x2c
 785 02a1 7D000000 		.4byte	0x7d
 786 02a5 12       		.uleb128 0x12
 787 02a6 656E6400 		.ascii	"end\000"
 788 02aa 01       		.byte	0x1
 789 02ab 0A01     		.2byte	0x10a
 790 02ad 5D000000 		.4byte	0x5d
 791 02b1 1B       		.uleb128 0x1b
 792 02b2 CC000000 		.4byte	0xcc
 793 02b6 C1020000 		.4byte	0x2c1
 794 02ba 1C       		.uleb128 0x1c
 795 02bb DF000000 		.4byte	0xdf
 796 02bf 2F       		.byte	0x2f
 797 02c0 00       		.byte	0
 798 02c1 1D       		.uleb128 0x1d
 799 02c2 9B000000 		.4byte	.LASF40
ARM GAS  C:\Users\THUNDE~1\AppData\Local\Temp\ccHoH89i.s 			page 24


 800 02c6 01       		.byte	0x1
 801 02c7 4D       		.byte	0x4d
 802 02c8 B1020000 		.4byte	0x2b1
 803 02cc 05       		.uleb128 0x5
 804 02cd 03       		.byte	0x3
 805 02ce 00000000 		.4byte	CyRamVectors
 806 02d2 1B       		.uleb128 0x1b
 807 02d3 5A020000 		.4byte	0x25a
 808 02d7 DD020000 		.4byte	0x2dd
 809 02db 1E       		.uleb128 0x1e
 810 02dc 00       		.byte	0
 811 02dd 1A       		.uleb128 0x1a
 812 02de 6D020000 		.4byte	.LASF41
 813 02e2 01       		.byte	0x1
 814 02e3 D9       		.byte	0xd9
 815 02e4 E8020000 		.4byte	0x2e8
 816 02e8 0A       		.uleb128 0xa
 817 02e9 D2020000 		.4byte	0x2d2
 818 02ed 1A       		.uleb128 0x1a
 819 02ee E3000000 		.4byte	.LASF42
 820 02f2 01       		.byte	0x1
 821 02f3 DA       		.byte	0xda
 822 02f4 E8000000 		.4byte	0xe8
 823 02f8 1B       		.uleb128 0x1b
 824 02f9 08030000 		.4byte	0x308
 825 02fd 08030000 		.4byte	0x308
 826 0301 1C       		.uleb128 0x1c
 827 0302 DF000000 		.4byte	0xdf
 828 0306 03       		.byte	0x3
 829 0307 00       		.byte	0
 830 0308 0A       		.uleb128 0xa
 831 0309 CC000000 		.4byte	0xcc
 832 030d 1F       		.uleb128 0x1f
 833 030e 33010000 		.4byte	.LASF43
 834 0312 01       		.byte	0x1
 835 0313 B001     		.2byte	0x1b0
 836 0315 1F030000 		.4byte	0x31f
 837 0319 05       		.uleb128 0x5
 838 031a 03       		.byte	0x3
 839 031b 00000000 		.4byte	RomVectors
 840 031f 0A       		.uleb128 0xa
 841 0320 F8020000 		.4byte	0x2f8
 842 0324 00       		.byte	0
 843              		.section	.debug_abbrev,"",%progbits
 844              	.Ldebug_abbrev0:
 845 0000 01       		.uleb128 0x1
 846 0001 11       		.uleb128 0x11
 847 0002 01       		.byte	0x1
 848 0003 25       		.uleb128 0x25
 849 0004 0E       		.uleb128 0xe
 850 0005 13       		.uleb128 0x13
 851 0006 0B       		.uleb128 0xb
 852 0007 03       		.uleb128 0x3
 853 0008 0E       		.uleb128 0xe
 854 0009 1B       		.uleb128 0x1b
 855 000a 0E       		.uleb128 0xe
 856 000b 55       		.uleb128 0x55
ARM GAS  C:\Users\THUNDE~1\AppData\Local\Temp\ccHoH89i.s 			page 25


 857 000c 17       		.uleb128 0x17
 858 000d 11       		.uleb128 0x11
 859 000e 01       		.uleb128 0x1
 860 000f 10       		.uleb128 0x10
 861 0010 17       		.uleb128 0x17
 862 0011 00       		.byte	0
 863 0012 00       		.byte	0
 864 0013 02       		.uleb128 0x2
 865 0014 24       		.uleb128 0x24
 866 0015 00       		.byte	0
 867 0016 0B       		.uleb128 0xb
 868 0017 0B       		.uleb128 0xb
 869 0018 3E       		.uleb128 0x3e
 870 0019 0B       		.uleb128 0xb
 871 001a 03       		.uleb128 0x3
 872 001b 0E       		.uleb128 0xe
 873 001c 00       		.byte	0
 874 001d 00       		.byte	0
 875 001e 03       		.uleb128 0x3
 876 001f 24       		.uleb128 0x24
 877 0020 00       		.byte	0
 878 0021 0B       		.uleb128 0xb
 879 0022 0B       		.uleb128 0xb
 880 0023 3E       		.uleb128 0x3e
 881 0024 0B       		.uleb128 0xb
 882 0025 03       		.uleb128 0x3
 883 0026 08       		.uleb128 0x8
 884 0027 00       		.byte	0
 885 0028 00       		.byte	0
 886 0029 04       		.uleb128 0x4
 887 002a 16       		.uleb128 0x16
 888 002b 00       		.byte	0
 889 002c 03       		.uleb128 0x3
 890 002d 0E       		.uleb128 0xe
 891 002e 3A       		.uleb128 0x3a
 892 002f 0B       		.uleb128 0xb
 893 0030 3B       		.uleb128 0x3b
 894 0031 0B       		.uleb128 0xb
 895 0032 49       		.uleb128 0x49
 896 0033 13       		.uleb128 0x13
 897 0034 00       		.byte	0
 898 0035 00       		.byte	0
 899 0036 05       		.uleb128 0x5
 900 0037 16       		.uleb128 0x16
 901 0038 00       		.byte	0
 902 0039 03       		.uleb128 0x3
 903 003a 0E       		.uleb128 0xe
 904 003b 3A       		.uleb128 0x3a
 905 003c 0B       		.uleb128 0xb
 906 003d 3B       		.uleb128 0x3b
 907 003e 05       		.uleb128 0x5
 908 003f 49       		.uleb128 0x49
 909 0040 13       		.uleb128 0x13
 910 0041 00       		.byte	0
 911 0042 00       		.byte	0
 912 0043 06       		.uleb128 0x6
 913 0044 35       		.uleb128 0x35
ARM GAS  C:\Users\THUNDE~1\AppData\Local\Temp\ccHoH89i.s 			page 26


 914 0045 00       		.byte	0
 915 0046 49       		.uleb128 0x49
 916 0047 13       		.uleb128 0x13
 917 0048 00       		.byte	0
 918 0049 00       		.byte	0
 919 004a 07       		.uleb128 0x7
 920 004b 0F       		.uleb128 0xf
 921 004c 00       		.byte	0
 922 004d 0B       		.uleb128 0xb
 923 004e 0B       		.uleb128 0xb
 924 004f 49       		.uleb128 0x49
 925 0050 13       		.uleb128 0x13
 926 0051 00       		.byte	0
 927 0052 00       		.byte	0
 928 0053 08       		.uleb128 0x8
 929 0054 15       		.uleb128 0x15
 930 0055 00       		.byte	0
 931 0056 27       		.uleb128 0x27
 932 0057 19       		.uleb128 0x19
 933 0058 00       		.byte	0
 934 0059 00       		.byte	0
 935 005a 09       		.uleb128 0x9
 936 005b 0F       		.uleb128 0xf
 937 005c 00       		.byte	0
 938 005d 0B       		.uleb128 0xb
 939 005e 0B       		.uleb128 0xb
 940 005f 00       		.byte	0
 941 0060 00       		.byte	0
 942 0061 0A       		.uleb128 0xa
 943 0062 26       		.uleb128 0x26
 944 0063 00       		.byte	0
 945 0064 49       		.uleb128 0x49
 946 0065 13       		.uleb128 0x13
 947 0066 00       		.byte	0
 948 0067 00       		.byte	0
 949 0068 0B       		.uleb128 0xb
 950 0069 13       		.uleb128 0x13
 951 006a 01       		.byte	0x1
 952 006b 03       		.uleb128 0x3
 953 006c 0E       		.uleb128 0xe
 954 006d 0B       		.uleb128 0xb
 955 006e 0B       		.uleb128 0xb
 956 006f 3A       		.uleb128 0x3a
 957 0070 0B       		.uleb128 0xb
 958 0071 3B       		.uleb128 0x3b
 959 0072 0B       		.uleb128 0xb
 960 0073 01       		.uleb128 0x1
 961 0074 13       		.uleb128 0x13
 962 0075 00       		.byte	0
 963 0076 00       		.byte	0
 964 0077 0C       		.uleb128 0xc
 965 0078 0D       		.uleb128 0xd
 966 0079 00       		.byte	0
 967 007a 03       		.uleb128 0x3
 968 007b 0E       		.uleb128 0xe
 969 007c 3A       		.uleb128 0x3a
 970 007d 0B       		.uleb128 0xb
ARM GAS  C:\Users\THUNDE~1\AppData\Local\Temp\ccHoH89i.s 			page 27


 971 007e 3B       		.uleb128 0x3b
 972 007f 0B       		.uleb128 0xb
 973 0080 49       		.uleb128 0x49
 974 0081 13       		.uleb128 0x13
 975 0082 38       		.uleb128 0x38
 976 0083 0B       		.uleb128 0xb
 977 0084 00       		.byte	0
 978 0085 00       		.byte	0
 979 0086 0D       		.uleb128 0xd
 980 0087 2E       		.uleb128 0x2e
 981 0088 00       		.byte	0
 982 0089 3F       		.uleb128 0x3f
 983 008a 19       		.uleb128 0x19
 984 008b 03       		.uleb128 0x3
 985 008c 0E       		.uleb128 0xe
 986 008d 3A       		.uleb128 0x3a
 987 008e 0B       		.uleb128 0xb
 988 008f 3B       		.uleb128 0x3b
 989 0090 0B       		.uleb128 0xb
 990 0091 27       		.uleb128 0x27
 991 0092 19       		.uleb128 0x19
 992 0093 11       		.uleb128 0x11
 993 0094 01       		.uleb128 0x1
 994 0095 12       		.uleb128 0x12
 995 0096 06       		.uleb128 0x6
 996 0097 40       		.uleb128 0x40
 997 0098 18       		.uleb128 0x18
 998 0099 9642     		.uleb128 0x2116
 999 009b 19       		.uleb128 0x19
 1000 009c 00       		.byte	0
 1001 009d 00       		.byte	0
 1002 009e 0E       		.uleb128 0xe
 1003 009f 2E       		.uleb128 0x2e
 1004 00a0 01       		.byte	0x1
 1005 00a1 3F       		.uleb128 0x3f
 1006 00a2 19       		.uleb128 0x19
 1007 00a3 03       		.uleb128 0x3
 1008 00a4 0E       		.uleb128 0xe
 1009 00a5 3A       		.uleb128 0x3a
 1010 00a6 0B       		.uleb128 0xb
 1011 00a7 3B       		.uleb128 0x3b
 1012 00a8 0B       		.uleb128 0xb
 1013 00a9 27       		.uleb128 0x27
 1014 00aa 19       		.uleb128 0x19
 1015 00ab 8701     		.uleb128 0x87
 1016 00ad 19       		.uleb128 0x19
 1017 00ae 11       		.uleb128 0x11
 1018 00af 01       		.uleb128 0x1
 1019 00b0 12       		.uleb128 0x12
 1020 00b1 06       		.uleb128 0x6
 1021 00b2 40       		.uleb128 0x40
 1022 00b3 18       		.uleb128 0x18
 1023 00b4 9642     		.uleb128 0x2116
 1024 00b6 19       		.uleb128 0x19
 1025 00b7 01       		.uleb128 0x1
 1026 00b8 13       		.uleb128 0x13
 1027 00b9 00       		.byte	0
ARM GAS  C:\Users\THUNDE~1\AppData\Local\Temp\ccHoH89i.s 			page 28


 1028 00ba 00       		.byte	0
 1029 00bb 0F       		.uleb128 0xf
 1030 00bc 05       		.uleb128 0x5
 1031 00bd 00       		.byte	0
 1032 00be 03       		.uleb128 0x3
 1033 00bf 0E       		.uleb128 0xe
 1034 00c0 3A       		.uleb128 0x3a
 1035 00c1 0B       		.uleb128 0xb
 1036 00c2 3B       		.uleb128 0x3b
 1037 00c3 0B       		.uleb128 0xb
 1038 00c4 49       		.uleb128 0x49
 1039 00c5 13       		.uleb128 0x13
 1040 00c6 02       		.uleb128 0x2
 1041 00c7 18       		.uleb128 0x18
 1042 00c8 00       		.byte	0
 1043 00c9 00       		.byte	0
 1044 00ca 10       		.uleb128 0x10
 1045 00cb 2E       		.uleb128 0x2e
 1046 00cc 01       		.byte	0x1
 1047 00cd 3F       		.uleb128 0x3f
 1048 00ce 19       		.uleb128 0x19
 1049 00cf 03       		.uleb128 0x3
 1050 00d0 0E       		.uleb128 0xe
 1051 00d1 3A       		.uleb128 0x3a
 1052 00d2 0B       		.uleb128 0xb
 1053 00d3 3B       		.uleb128 0x3b
 1054 00d4 05       		.uleb128 0x5
 1055 00d5 27       		.uleb128 0x27
 1056 00d6 19       		.uleb128 0x19
 1057 00d7 49       		.uleb128 0x49
 1058 00d8 13       		.uleb128 0x13
 1059 00d9 11       		.uleb128 0x11
 1060 00da 01       		.uleb128 0x1
 1061 00db 12       		.uleb128 0x12
 1062 00dc 06       		.uleb128 0x6
 1063 00dd 40       		.uleb128 0x40
 1064 00de 18       		.uleb128 0x18
 1065 00df 9642     		.uleb128 0x2116
 1066 00e1 19       		.uleb128 0x19
 1067 00e2 01       		.uleb128 0x1
 1068 00e3 13       		.uleb128 0x13
 1069 00e4 00       		.byte	0
 1070 00e5 00       		.byte	0
 1071 00e6 11       		.uleb128 0x11
 1072 00e7 05       		.uleb128 0x5
 1073 00e8 00       		.byte	0
 1074 00e9 03       		.uleb128 0x3
 1075 00ea 0E       		.uleb128 0xe
 1076 00eb 3A       		.uleb128 0x3a
 1077 00ec 0B       		.uleb128 0xb
 1078 00ed 3B       		.uleb128 0x3b
 1079 00ee 05       		.uleb128 0x5
 1080 00ef 49       		.uleb128 0x49
 1081 00f0 13       		.uleb128 0x13
 1082 00f1 02       		.uleb128 0x2
 1083 00f2 18       		.uleb128 0x18
 1084 00f3 00       		.byte	0
ARM GAS  C:\Users\THUNDE~1\AppData\Local\Temp\ccHoH89i.s 			page 29


 1085 00f4 00       		.byte	0
 1086 00f5 12       		.uleb128 0x12
 1087 00f6 34       		.uleb128 0x34
 1088 00f7 00       		.byte	0
 1089 00f8 03       		.uleb128 0x3
 1090 00f9 08       		.uleb128 0x8
 1091 00fa 3A       		.uleb128 0x3a
 1092 00fb 0B       		.uleb128 0xb
 1093 00fc 3B       		.uleb128 0x3b
 1094 00fd 05       		.uleb128 0x5
 1095 00fe 49       		.uleb128 0x49
 1096 00ff 13       		.uleb128 0x13
 1097 0100 3F       		.uleb128 0x3f
 1098 0101 19       		.uleb128 0x19
 1099 0102 3C       		.uleb128 0x3c
 1100 0103 19       		.uleb128 0x19
 1101 0104 00       		.byte	0
 1102 0105 00       		.byte	0
 1103 0106 13       		.uleb128 0x13
 1104 0107 34       		.uleb128 0x34
 1105 0108 00       		.byte	0
 1106 0109 03       		.uleb128 0x3
 1107 010a 0E       		.uleb128 0xe
 1108 010b 3A       		.uleb128 0x3a
 1109 010c 0B       		.uleb128 0xb
 1110 010d 3B       		.uleb128 0x3b
 1111 010e 05       		.uleb128 0x5
 1112 010f 49       		.uleb128 0x49
 1113 0110 13       		.uleb128 0x13
 1114 0111 02       		.uleb128 0x2
 1115 0112 18       		.uleb128 0x18
 1116 0113 00       		.byte	0
 1117 0114 00       		.byte	0
 1118 0115 14       		.uleb128 0x14
 1119 0116 2E       		.uleb128 0x2e
 1120 0117 00       		.byte	0
 1121 0118 3F       		.uleb128 0x3f
 1122 0119 19       		.uleb128 0x19
 1123 011a 03       		.uleb128 0x3
 1124 011b 0E       		.uleb128 0xe
 1125 011c 3A       		.uleb128 0x3a
 1126 011d 0B       		.uleb128 0xb
 1127 011e 3B       		.uleb128 0x3b
 1128 011f 05       		.uleb128 0x5
 1129 0120 27       		.uleb128 0x27
 1130 0121 19       		.uleb128 0x19
 1131 0122 11       		.uleb128 0x11
 1132 0123 01       		.uleb128 0x1
 1133 0124 12       		.uleb128 0x12
 1134 0125 06       		.uleb128 0x6
 1135 0126 40       		.uleb128 0x40
 1136 0127 18       		.uleb128 0x18
 1137 0128 9642     		.uleb128 0x2116
 1138 012a 19       		.uleb128 0x19
 1139 012b 00       		.byte	0
 1140 012c 00       		.byte	0
 1141 012d 15       		.uleb128 0x15
ARM GAS  C:\Users\THUNDE~1\AppData\Local\Temp\ccHoH89i.s 			page 30


 1142 012e 2E       		.uleb128 0x2e
 1143 012f 01       		.byte	0x1
 1144 0130 3F       		.uleb128 0x3f
 1145 0131 19       		.uleb128 0x19
 1146 0132 03       		.uleb128 0x3
 1147 0133 0E       		.uleb128 0xe
 1148 0134 3A       		.uleb128 0x3a
 1149 0135 0B       		.uleb128 0xb
 1150 0136 3B       		.uleb128 0x3b
 1151 0137 05       		.uleb128 0x5
 1152 0138 27       		.uleb128 0x27
 1153 0139 19       		.uleb128 0x19
 1154 013a 8701     		.uleb128 0x87
 1155 013c 19       		.uleb128 0x19
 1156 013d 11       		.uleb128 0x11
 1157 013e 01       		.uleb128 0x1
 1158 013f 12       		.uleb128 0x12
 1159 0140 06       		.uleb128 0x6
 1160 0141 40       		.uleb128 0x40
 1161 0142 18       		.uleb128 0x18
 1162 0143 9642     		.uleb128 0x2116
 1163 0145 19       		.uleb128 0x19
 1164 0146 01       		.uleb128 0x1
 1165 0147 13       		.uleb128 0x13
 1166 0148 00       		.byte	0
 1167 0149 00       		.byte	0
 1168 014a 16       		.uleb128 0x16
 1169 014b 0B       		.uleb128 0xb
 1170 014c 01       		.byte	0x1
 1171 014d 11       		.uleb128 0x11
 1172 014e 01       		.uleb128 0x1
 1173 014f 12       		.uleb128 0x12
 1174 0150 06       		.uleb128 0x6
 1175 0151 00       		.byte	0
 1176 0152 00       		.byte	0
 1177 0153 17       		.uleb128 0x17
 1178 0154 34       		.uleb128 0x34
 1179 0155 00       		.byte	0
 1180 0156 03       		.uleb128 0x3
 1181 0157 08       		.uleb128 0x8
 1182 0158 3A       		.uleb128 0x3a
 1183 0159 0B       		.uleb128 0xb
 1184 015a 3B       		.uleb128 0x3b
 1185 015b 05       		.uleb128 0x5
 1186 015c 49       		.uleb128 0x49
 1187 015d 13       		.uleb128 0x13
 1188 015e 02       		.uleb128 0x2
 1189 015f 18       		.uleb128 0x18
 1190 0160 00       		.byte	0
 1191 0161 00       		.byte	0
 1192 0162 18       		.uleb128 0x18
 1193 0163 2E       		.uleb128 0x2e
 1194 0164 01       		.byte	0x1
 1195 0165 3F       		.uleb128 0x3f
 1196 0166 19       		.uleb128 0x19
 1197 0167 03       		.uleb128 0x3
 1198 0168 0E       		.uleb128 0xe
ARM GAS  C:\Users\THUNDE~1\AppData\Local\Temp\ccHoH89i.s 			page 31


 1199 0169 3A       		.uleb128 0x3a
 1200 016a 0B       		.uleb128 0xb
 1201 016b 3B       		.uleb128 0x3b
 1202 016c 05       		.uleb128 0x5
 1203 016d 27       		.uleb128 0x27
 1204 016e 19       		.uleb128 0x19
 1205 016f 11       		.uleb128 0x11
 1206 0170 01       		.uleb128 0x1
 1207 0171 12       		.uleb128 0x12
 1208 0172 06       		.uleb128 0x6
 1209 0173 40       		.uleb128 0x40
 1210 0174 18       		.uleb128 0x18
 1211 0175 9642     		.uleb128 0x2116
 1212 0177 19       		.uleb128 0x19
 1213 0178 01       		.uleb128 0x1
 1214 0179 13       		.uleb128 0x13
 1215 017a 00       		.byte	0
 1216 017b 00       		.byte	0
 1217 017c 19       		.uleb128 0x19
 1218 017d 34       		.uleb128 0x34
 1219 017e 00       		.byte	0
 1220 017f 03       		.uleb128 0x3
 1221 0180 0E       		.uleb128 0xe
 1222 0181 3A       		.uleb128 0x3a
 1223 0182 0B       		.uleb128 0xb
 1224 0183 3B       		.uleb128 0x3b
 1225 0184 0B       		.uleb128 0xb
 1226 0185 49       		.uleb128 0x49
 1227 0186 13       		.uleb128 0x13
 1228 0187 02       		.uleb128 0x2
 1229 0188 18       		.uleb128 0x18
 1230 0189 00       		.byte	0
 1231 018a 00       		.byte	0
 1232 018b 1A       		.uleb128 0x1a
 1233 018c 34       		.uleb128 0x34
 1234 018d 00       		.byte	0
 1235 018e 03       		.uleb128 0x3
 1236 018f 0E       		.uleb128 0xe
 1237 0190 3A       		.uleb128 0x3a
 1238 0191 0B       		.uleb128 0xb
 1239 0192 3B       		.uleb128 0x3b
 1240 0193 0B       		.uleb128 0xb
 1241 0194 49       		.uleb128 0x49
 1242 0195 13       		.uleb128 0x13
 1243 0196 3F       		.uleb128 0x3f
 1244 0197 19       		.uleb128 0x19
 1245 0198 3C       		.uleb128 0x3c
 1246 0199 19       		.uleb128 0x19
 1247 019a 00       		.byte	0
 1248 019b 00       		.byte	0
 1249 019c 1B       		.uleb128 0x1b
 1250 019d 01       		.uleb128 0x1
 1251 019e 01       		.byte	0x1
 1252 019f 49       		.uleb128 0x49
 1253 01a0 13       		.uleb128 0x13
 1254 01a1 01       		.uleb128 0x1
 1255 01a2 13       		.uleb128 0x13
ARM GAS  C:\Users\THUNDE~1\AppData\Local\Temp\ccHoH89i.s 			page 32


 1256 01a3 00       		.byte	0
 1257 01a4 00       		.byte	0
 1258 01a5 1C       		.uleb128 0x1c
 1259 01a6 21       		.uleb128 0x21
 1260 01a7 00       		.byte	0
 1261 01a8 49       		.uleb128 0x49
 1262 01a9 13       		.uleb128 0x13
 1263 01aa 2F       		.uleb128 0x2f
 1264 01ab 0B       		.uleb128 0xb
 1265 01ac 00       		.byte	0
 1266 01ad 00       		.byte	0
 1267 01ae 1D       		.uleb128 0x1d
 1268 01af 34       		.uleb128 0x34
 1269 01b0 00       		.byte	0
 1270 01b1 03       		.uleb128 0x3
 1271 01b2 0E       		.uleb128 0xe
 1272 01b3 3A       		.uleb128 0x3a
 1273 01b4 0B       		.uleb128 0xb
 1274 01b5 3B       		.uleb128 0x3b
 1275 01b6 0B       		.uleb128 0xb
 1276 01b7 49       		.uleb128 0x49
 1277 01b8 13       		.uleb128 0x13
 1278 01b9 3F       		.uleb128 0x3f
 1279 01ba 19       		.uleb128 0x19
 1280 01bb 02       		.uleb128 0x2
 1281 01bc 18       		.uleb128 0x18
 1282 01bd 00       		.byte	0
 1283 01be 00       		.byte	0
 1284 01bf 1E       		.uleb128 0x1e
 1285 01c0 21       		.uleb128 0x21
 1286 01c1 00       		.byte	0
 1287 01c2 00       		.byte	0
 1288 01c3 00       		.byte	0
 1289 01c4 1F       		.uleb128 0x1f
 1290 01c5 34       		.uleb128 0x34
 1291 01c6 00       		.byte	0
 1292 01c7 03       		.uleb128 0x3
 1293 01c8 0E       		.uleb128 0xe
 1294 01c9 3A       		.uleb128 0x3a
 1295 01ca 0B       		.uleb128 0xb
 1296 01cb 3B       		.uleb128 0x3b
 1297 01cc 05       		.uleb128 0x5
 1298 01cd 49       		.uleb128 0x49
 1299 01ce 13       		.uleb128 0x13
 1300 01cf 3F       		.uleb128 0x3f
 1301 01d0 19       		.uleb128 0x19
 1302 01d1 02       		.uleb128 0x2
 1303 01d2 18       		.uleb128 0x18
 1304 01d3 00       		.byte	0
 1305 01d4 00       		.byte	0
 1306 01d5 00       		.byte	0
 1307              		.section	.debug_aranges,"",%progbits
 1308 0000 44000000 		.4byte	0x44
 1309 0004 0200     		.2byte	0x2
 1310 0006 00000000 		.4byte	.Ldebug_info0
 1311 000a 04       		.byte	0x4
 1312 000b 00       		.byte	0
ARM GAS  C:\Users\THUNDE~1\AppData\Local\Temp\ccHoH89i.s 			page 33


 1313 000c 0000     		.2byte	0
 1314 000e 0000     		.2byte	0
 1315 0010 00000000 		.4byte	.LFB0
 1316 0014 14000000 		.4byte	.LFE0-.LFB0
 1317 0018 00000000 		.4byte	.LFB1
 1318 001c 14000000 		.4byte	.LFE1-.LFB1
 1319 0020 00000000 		.4byte	.LFB2
 1320 0024 50000000 		.4byte	.LFE2-.LFB2
 1321 0028 00000000 		.4byte	.LFB3
 1322 002c 18000000 		.4byte	.LFE3-.LFB3
 1323 0030 00000000 		.4byte	.LFB4
 1324 0034 98000000 		.4byte	.LFE4-.LFB4
 1325 0038 00000000 		.4byte	.LFB5
 1326 003c 90000000 		.4byte	.LFE5-.LFB5
 1327 0040 00000000 		.4byte	0
 1328 0044 00000000 		.4byte	0
 1329              		.section	.debug_ranges,"",%progbits
 1330              	.Ldebug_ranges0:
 1331 0000 00000000 		.4byte	.LFB0
 1332 0004 14000000 		.4byte	.LFE0
 1333 0008 00000000 		.4byte	.LFB1
 1334 000c 14000000 		.4byte	.LFE1
 1335 0010 00000000 		.4byte	.LFB2
 1336 0014 50000000 		.4byte	.LFE2
 1337 0018 00000000 		.4byte	.LFB3
 1338 001c 18000000 		.4byte	.LFE3
 1339 0020 00000000 		.4byte	.LFB4
 1340 0024 98000000 		.4byte	.LFE4
 1341 0028 00000000 		.4byte	.LFB5
 1342 002c 90000000 		.4byte	.LFE5
 1343 0030 00000000 		.4byte	0
 1344 0034 00000000 		.4byte	0
 1345              		.section	.debug_line,"",%progbits
 1346              	.Ldebug_line0:
 1347 0000 D8010000 		.section	.debug_str,"MS",%progbits,1
 1347      0200D200 
 1347      00000201 
 1347      FB0E0D00 
 1347      01010101 
 1348              	.LASF17:
 1349 0000 72656733 		.ascii	"reg32\000"
 1349      3200
 1350              	.LASF10:
 1351 0006 73697A65 		.ascii	"size_t\000"
 1351      5F7400
 1352              	.LASF44:
 1353 000d 474E5520 		.ascii	"GNU C11 5.4.1 20160609 (release) [ARM/embedded-5-br"
 1353      43313120 
 1353      352E342E 
 1353      31203230 
 1353      31363036 
 1354 0040 616E6368 		.ascii	"anch revision 237715] -mcpu=cortex-m3 -mthumb -g -O"
 1354      20726576 
 1354      6973696F 
 1354      6E203233 
 1354      37373135 
 1355 0073 30202D66 		.ascii	"0 -ffunction-sections -ffat-lto-objects\000"
ARM GAS  C:\Users\THUNDE~1\AppData\Local\Temp\ccHoH89i.s 			page 34


 1355      66756E63 
 1355      74696F6E 
 1355      2D736563 
 1355      74696F6E 
 1356              	.LASF40:
 1357 009b 43795261 		.ascii	"CyRamVectors\000"
 1357      6D566563 
 1357      746F7273 
 1357      00
 1358              	.LASF39:
 1359 00a8 43795265 		.ascii	"CyResetStatus\000"
 1359      73657453 
 1359      74617475 
 1359      7300
 1360              	.LASF33:
 1361 00b6 53746172 		.ascii	"Start_c\000"
 1361      745F6300 
 1362              	.LASF37:
 1363 00be 636F756E 		.ascii	"count\000"
 1363      7400
 1364              	.LASF30:
 1365 00c4 68656170 		.ascii	"heapPointer\000"
 1365      506F696E 
 1365      74657200 
 1366              	.LASF3:
 1367 00d0 73686F72 		.ascii	"short unsigned int\000"
 1367      7420756E 
 1367      7369676E 
 1367      65642069 
 1367      6E7400
 1368              	.LASF42:
 1369 00e3 5F5F6379 		.ascii	"__cy_region_num\000"
 1369      5F726567 
 1369      696F6E5F 
 1369      6E756D00 
 1370              	.LASF21:
 1371 00f3 696E6974 		.ascii	"init\000"
 1371      00
 1372              	.LASF27:
 1373 00f8 73746174 		.ascii	"status\000"
 1373      757300
 1374              	.LASF24:
 1375 00ff 7A65726F 		.ascii	"zero_size\000"
 1375      5F73697A 
 1375      6500
 1376              	.LASF35:
 1377 0109 72707472 		.ascii	"rptr\000"
 1377      00
 1378              	.LASF13:
 1379 010e 666C6F61 		.ascii	"float\000"
 1379      7400
 1380              	.LASF22:
 1381 0114 64617461 		.ascii	"data\000"
 1381      00
 1382              	.LASF1:
 1383 0119 756E7369 		.ascii	"unsigned char\000"
 1383      676E6564 
ARM GAS  C:\Users\THUNDE~1\AppData\Local\Temp\ccHoH89i.s 			page 35


 1383      20636861 
 1383      7200
 1384              	.LASF29:
 1385 0127 72657475 		.ascii	"returnValue\000"
 1385      726E5661 
 1385      6C756500 
 1386              	.LASF43:
 1387 0133 526F6D56 		.ascii	"RomVectors\000"
 1387      6563746F 
 1387      727300
 1388              	.LASF5:
 1389 013e 6C6F6E67 		.ascii	"long unsigned int\000"
 1389      20756E73 
 1389      69676E65 
 1389      6420696E 
 1389      7400
 1390              	.LASF38:
 1391 0150 63795379 		.ascii	"cySysNoInitDataValid\000"
 1391      734E6F49 
 1391      6E697444 
 1391      61746156 
 1391      616C6964 
 1392              	.LASF11:
 1393 0165 75696E74 		.ascii	"uint8\000"
 1393      3800
 1394              	.LASF32:
 1395 016b 52657365 		.ascii	"Reset\000"
 1395      7400
 1396              	.LASF25:
 1397 0171 5F657869 		.ascii	"_exit\000"
 1397      7400
 1398              	.LASF45:
 1399 0177 47656E65 		.ascii	"Generated_Source\\PSoC5\\Cm3Start.c\000"
 1399      72617465 
 1399      645F536F 
 1399      75726365 
 1399      5C50536F 
 1400              	.LASF26:
 1401 0199 5F736272 		.ascii	"_sbrk\000"
 1401      6B00
 1402              	.LASF14:
 1403 019f 646F7562 		.ascii	"double\000"
 1403      6C6500
 1404              	.LASF48:
 1405 01a6 696E6974 		.ascii	"initialize_psoc\000"
 1405      69616C69 
 1405      7A655F70 
 1405      736F6300 
 1406              	.LASF12:
 1407 01b6 75696E74 		.ascii	"uint32\000"
 1407      333200
 1408              	.LASF8:
 1409 01bd 756E7369 		.ascii	"unsigned int\000"
 1409      676E6564 
 1409      20696E74 
 1409      00
 1410              	.LASF7:
ARM GAS  C:\Users\THUNDE~1\AppData\Local\Temp\ccHoH89i.s 			page 36


 1411 01ca 6C6F6E67 		.ascii	"long long unsigned int\000"
 1411      206C6F6E 
 1411      6720756E 
 1411      7369676E 
 1411      65642069 
 1412              	.LASF36:
 1413 01e1 6C696D69 		.ascii	"limit\000"
 1413      7400
 1414              	.LASF18:
 1415 01e7 63796973 		.ascii	"cyisraddress\000"
 1415      72616464 
 1415      72657373 
 1415      00
 1416              	.LASF23:
 1417 01f4 696E6974 		.ascii	"init_size\000"
 1417      5F73697A 
 1417      6500
 1418              	.LASF20:
 1419 01fe 5F5F6379 		.ascii	"__cy_byte_align8\000"
 1419      5F627974 
 1419      655F616C 
 1419      69676E38 
 1419      00
 1420              	.LASF16:
 1421 020f 72656738 		.ascii	"reg8\000"
 1421      00
 1422              	.LASF19:
 1423 0214 73697A65 		.ascii	"sizetype\000"
 1423      74797065 
 1423      00
 1424              	.LASF6:
 1425 021d 6C6F6E67 		.ascii	"long long int\000"
 1425      206C6F6E 
 1425      6720696E 
 1425      7400
 1426              	.LASF15:
 1427 022b 63686172 		.ascii	"char\000"
 1427      00
 1428              	.LASF2:
 1429 0230 73686F72 		.ascii	"short int\000"
 1429      7420696E 
 1429      7400
 1430              	.LASF4:
 1431 023a 6C6F6E67 		.ascii	"long int\000"
 1431      20696E74 
 1431      00
 1432              	.LASF9:
 1433 0243 6C6F6E67 		.ascii	"long double\000"
 1433      20646F75 
 1433      626C6500 
 1434              	.LASF0:
 1435 024f 7369676E 		.ascii	"signed char\000"
 1435      65642063 
 1435      68617200 
 1436              	.LASF31:
 1437 025b 496E7444 		.ascii	"IntDefaultHandler\000"
 1437      65666175 
ARM GAS  C:\Users\THUNDE~1\AppData\Local\Temp\ccHoH89i.s 			page 37


 1437      6C744861 
 1437      6E646C65 
 1437      7200
 1438              	.LASF41:
 1439 026d 5F5F6379 		.ascii	"__cy_regions\000"
 1439      5F726567 
 1439      696F6E73 
 1439      00
 1440              	.LASF34:
 1441 027a 72656769 		.ascii	"regions\000"
 1441      6F6E7300 
 1442              	.LASF28:
 1443 0282 6E627974 		.ascii	"nbytes\000"
 1443      657300
 1444              	.LASF47:
 1445 0289 5F5F6379 		.ascii	"__cy_region\000"
 1445      5F726567 
 1445      696F6E00 
 1446              	.LASF46:
 1447 0295 463A5C50 		.ascii	"F:\\Programme_Scripts\\PSOC Creator\\FreeRTOS\\Free"
 1447      726F6772 
 1447      616D6D65 
 1447      5F536372 
 1447      69707473 
 1448 02c4 52544F53 		.ascii	"RTOS_CY8CKIT_059-master\\FreeRTOS_Demo.cydsn\000"
 1448      5F435938 
 1448      434B4954 
 1448      5F303539 
 1448      2D6D6173 
 1449              		.ident	"GCC: (GNU Tools for ARM Embedded Processors) 5.4.1 20160609 (release) [ARM/embedded-5-bran
