Archive member included to satisfy reference by file (symbol)

c:/users/jonaspc/stmicroelectronics/baremetal/plugins/fr.ac6.mcu.externaltools.arm-none.win32_1.15.0.201708311556/tools/compiler/bin/../lib/gcc/arm-none-eabi/6.3.1/thumb/v7e-m/fpv4-sp/hard\libgcc.a(_aeabi_uldivmod.o)
                              Drivers/STM32L4xx_HAL_Driver/Src/stm32l4xx_hal_uart.o (__aeabi_uldivmod)
c:/users/jonaspc/stmicroelectronics/baremetal/plugins/fr.ac6.mcu.externaltools.arm-none.win32_1.15.0.201708311556/tools/compiler/bin/../lib/gcc/arm-none-eabi/6.3.1/thumb/v7e-m/fpv4-sp/hard\libgcc.a(_udivmoddi4.o)
                              c:/users/jonaspc/stmicroelectronics/baremetal/plugins/fr.ac6.mcu.externaltools.arm-none.win32_1.15.0.201708311556/tools/compiler/bin/../lib/gcc/arm-none-eabi/6.3.1/thumb/v7e-m/fpv4-sp/hard\libgcc.a(_aeabi_uldivmod.o) (__udivmoddi4)
c:/users/jonaspc/stmicroelectronics/baremetal/plugins/fr.ac6.mcu.externaltools.arm-none.win32_1.15.0.201708311556/tools/compiler/bin/../lib/gcc/arm-none-eabi/6.3.1/thumb/v7e-m/fpv4-sp/hard\libgcc.a(_dvmd_tls.o)
                              c:/users/jonaspc/stmicroelectronics/baremetal/plugins/fr.ac6.mcu.externaltools.arm-none.win32_1.15.0.201708311556/tools/compiler/bin/../lib/gcc/arm-none-eabi/6.3.1/thumb/v7e-m/fpv4-sp/hard\libgcc.a(_aeabi_uldivmod.o) (__aeabi_ldiv0)
c:/users/jonaspc/stmicroelectronics/baremetal/plugins/fr.ac6.mcu.externaltools.arm-none.win32_1.15.0.201708311556/tools/compiler/bin/../lib/gcc/arm-none-eabi/6.3.1/../../../../arm-none-eabi/lib/thumb/v7e-m/fpv4-sp/hard\libc_nano.a(lib_a-exit.o)
                              c:/users/jonaspc/stmicroelectronics/baremetal/plugins/fr.ac6.mcu.externaltools.arm-none.win32_1.15.0.201708311556/tools/compiler/bin/../lib/gcc/arm-none-eabi/6.3.1/../../../../arm-none-eabi/lib/thumb/v7e-m/fpv4-sp/hard/crt0.o (exit)
c:/users/jonaspc/stmicroelectronics/baremetal/plugins/fr.ac6.mcu.externaltools.arm-none.win32_1.15.0.201708311556/tools/compiler/bin/../lib/gcc/arm-none-eabi/6.3.1/../../../../arm-none-eabi/lib/thumb/v7e-m/fpv4-sp/hard\libc_nano.a(lib_a-impure.o)
                              c:/users/jonaspc/stmicroelectronics/baremetal/plugins/fr.ac6.mcu.externaltools.arm-none.win32_1.15.0.201708311556/tools/compiler/bin/../lib/gcc/arm-none-eabi/6.3.1/../../../../arm-none-eabi/lib/thumb/v7e-m/fpv4-sp/hard\libc_nano.a(lib_a-exit.o) (_global_impure_ptr)
c:/users/jonaspc/stmicroelectronics/baremetal/plugins/fr.ac6.mcu.externaltools.arm-none.win32_1.15.0.201708311556/tools/compiler/bin/../lib/gcc/arm-none-eabi/6.3.1/../../../../arm-none-eabi/lib/thumb/v7e-m/fpv4-sp/hard\libc_nano.a(lib_a-init.o)
                              c:/users/jonaspc/stmicroelectronics/baremetal/plugins/fr.ac6.mcu.externaltools.arm-none.win32_1.15.0.201708311556/tools/compiler/bin/../lib/gcc/arm-none-eabi/6.3.1/../../../../arm-none-eabi/lib/thumb/v7e-m/fpv4-sp/hard/crt0.o (__libc_init_array)
c:/users/jonaspc/stmicroelectronics/baremetal/plugins/fr.ac6.mcu.externaltools.arm-none.win32_1.15.0.201708311556/tools/compiler/bin/../lib/gcc/arm-none-eabi/6.3.1/../../../../arm-none-eabi/lib/thumb/v7e-m/fpv4-sp/hard\libc_nano.a(lib_a-memcpy-stub.o)
                              Middlewares/Third_Party/FreeRTOS/Source/queue.o (memcpy)
c:/users/jonaspc/stmicroelectronics/baremetal/plugins/fr.ac6.mcu.externaltools.arm-none.win32_1.15.0.201708311556/tools/compiler/bin/../lib/gcc/arm-none-eabi/6.3.1/../../../../arm-none-eabi/lib/thumb/v7e-m/fpv4-sp/hard\libc_nano.a(lib_a-memset.o)
                              c:/users/jonaspc/stmicroelectronics/baremetal/plugins/fr.ac6.mcu.externaltools.arm-none.win32_1.15.0.201708311556/tools/compiler/bin/../lib/gcc/arm-none-eabi/6.3.1/../../../../arm-none-eabi/lib/thumb/v7e-m/fpv4-sp/hard/crt0.o (memset)
c:/users/jonaspc/stmicroelectronics/baremetal/plugins/fr.ac6.mcu.externaltools.arm-none.win32_1.15.0.201708311556/tools/compiler/bin/../lib/gcc/arm-none-eabi/6.3.1/../../../../arm-none-eabi/lib/thumb/v7e-m/fpv4-sp/hard\libc_nano.a(lib_a-rand.o)
                              Src/main.o (rand)
c:/users/jonaspc/stmicroelectronics/baremetal/plugins/fr.ac6.mcu.externaltools.arm-none.win32_1.15.0.201708311556/tools/compiler/bin/../lib/gcc/arm-none-eabi/6.3.1/../../../../arm-none-eabi/lib/thumb/v7e-m/fpv4-sp/hard\libc_nano.a(lib_a-strlen.o)
                              Middlewares/Third_Party/FreeRTOS/Source/tasks.o (strlen)
c:/users/jonaspc/stmicroelectronics/baremetal/plugins/fr.ac6.mcu.externaltools.arm-none.win32_1.15.0.201708311556/tools/compiler/bin/../lib/gcc/arm-none-eabi/6.3.1/../../../../arm-none-eabi/lib/thumb/v7e-m/fpv4-sp/hard\libc_nano.a(lib_a-malloc.o)
                              c:/users/jonaspc/stmicroelectronics/baremetal/plugins/fr.ac6.mcu.externaltools.arm-none.win32_1.15.0.201708311556/tools/compiler/bin/../lib/gcc/arm-none-eabi/6.3.1/../../../../arm-none-eabi/lib/thumb/v7e-m/fpv4-sp/hard\libc_nano.a(lib_a-rand.o) (malloc)
[...]
Memory Configuration

Name             Origin             Length             Attributes
RAM              0x20000000         0x000a0000         xrw
FLASH            0x08000000         0x00200000         xr
*default*        0x00000000         0xffffffff

Linker script and memory map

LOAD c:/users/jonaspc/stmicroelectronics/baremetal/plugins/fr.ac6.mcu.externaltools.arm-none.win32_1.15.0.201708311556/tools/compiler/bin/../lib/gcc/arm-none-eabi/6.3.1/thumb/v7e-m/fpv4-sp/hard/crti.o
LOAD c:/users/jonaspc/stmicroelectronics/baremetal/plugins/fr.ac6.mcu.externaltools.arm-none.win32_1.15.0.201708311556/tools/compiler/bin/../lib/gcc/arm-none-eabi/6.3.1/thumb/v7e-m/fpv4-sp/hard/crtbegin.o
LOAD c:/users/jonaspc/stmicroelectronics/baremetal/plugins/fr.ac6.mcu.externaltools.arm-none.win32_1.15.0.201708311556/tools/compiler/bin/../lib/gcc/arm-none-eabi/6.3.1/../../../../arm-none-eabi/lib/thumb/v7e-m/fpv4-sp/hard/crt0.o
LOAD Drivers/STM32L4xx_HAL_Driver/Src/stm32l4xx_hal.o
LOAD Drivers/STM32L4xx_HAL_Driver/Src/stm32l4xx_hal_cortex.o
LOAD Drivers/STM32L4xx_HAL_Driver/Src/stm32l4xx_hal_dma.o
LOAD Drivers/STM32L4xx_HAL_Driver/Src/stm32l4xx_hal_dma_ex.o
LOAD Drivers/STM32L4xx_HAL_Driver/Src/stm32l4xx_hal_flash.o
LOAD Drivers/STM32L4xx_HAL_Driver/Src/stm32l4xx_hal_flash_ex.o
LOAD Drivers/STM32L4xx_HAL_Driver/Src/stm32l4xx_hal_flash_ramfunc.o
LOAD Drivers/STM32L4xx_HAL_Driver/Src/stm32l4xx_hal_gpio.o
LOAD Drivers/STM32L4xx_HAL_Driver/Src/stm32l4xx_hal_i2c.o
LOAD Drivers/STM32L4xx_HAL_Driver/Src/stm32l4xx_hal_i2c_ex.o
LOAD Drivers/STM32L4xx_HAL_Driver/Src/stm32l4xx_hal_pcd.o
LOAD Drivers/STM32L4xx_HAL_Driver/Src/stm32l4xx_hal_pcd_ex.o
LOAD Drivers/STM32L4xx_HAL_Driver/Src/stm32l4xx_hal_pwr.o
LOAD Drivers/STM32L4xx_HAL_Driver/Src/stm32l4xx_hal_pwr_ex.o
LOAD Drivers/STM32L4xx_HAL_Driver/Src/stm32l4xx_hal_rcc.o
LOAD Drivers/STM32L4xx_HAL_Driver/Src/stm32l4xx_hal_rcc_ex.o
LOAD Drivers/STM32L4xx_HAL_Driver/Src/stm32l4xx_hal_tim.o
LOAD Drivers/STM32L4xx_HAL_Driver/Src/stm32l4xx_hal_tim_ex.o
LOAD Drivers/STM32L4xx_HAL_Driver/Src/stm32l4xx_hal_uart.o
LOAD Drivers/STM32L4xx_HAL_Driver/Src/stm32l4xx_hal_uart_ex.o
LOAD Drivers/STM32L4xx_HAL_Driver/Src/stm32l4xx_ll_usb.o
LOAD Middlewares/Third_Party/FreeRTOS/Source/CMSIS_RTOS/cmsis_os.o
LOAD Middlewares/Third_Party/FreeRTOS/Source/croutine.o
LOAD Middlewares/Third_Party/FreeRTOS/Source/event_groups.o
LOAD Middlewares/Third_Party/FreeRTOS/Source/list.o
LOAD Middlewares/Third_Party/FreeRTOS/Source/queue.o
LOAD Middlewares/Third_Party/FreeRTOS/Source/tasks.o
LOAD Middlewares/Third_Party/FreeRTOS/Source/timers.o
LOAD Middlewares/Third_Party/FreeRTOS/Source/portable/GCC/ARM_CM4F/port.o
LOAD Middlewares/Third_Party/FreeRTOS/Source/portable/MemMang/heap_4.o
LOAD Src/freertos.o
LOAD Src/main.o
LOAD Src/selfFIFO.o
LOAD Src/stm32l4xx_hal_msp.o
LOAD Src/stm32l4xx_hal_timebase_TIM.o
LOAD Src/stm32l4xx_it.o
LOAD Src/stm32l4xx_nucleo_144.o
LOAD Src/system_stm32l4xx.o
LOAD startup/startup_stm32l4r5xx.o
LOAD c:/users/jonaspc/stmicroelectronics/baremetal/plugins/fr.ac6.mcu.externaltools.arm-none.win32_1.15.0.201708311556/tools/compiler/bin/../lib/gcc/arm-none-eabi/6.3.1/../../../../arm-none-eabi/lib/thumb/v7e-m/fpv4-sp/hard\libm.a
START GROUP
LOAD c:/users/jonaspc/stmicroelectronics/baremetal/plugins/fr.ac6.mcu.externaltools.arm-none.win32_1.15.0.201708311556/tools/compiler/bin/../lib/gcc/arm-none-eabi/6.3.1/thumb/v7e-m/fpv4-sp/hard\libgcc.a
LOAD c:/users/jonaspc/stmicroelectronics/baremetal/plugins/fr.ac6.mcu.externaltools.arm-none.win32_1.15.0.201708311556/tools/compiler/bin/../lib/gcc/arm-none-eabi/6.3.1/../../../../arm-none-eabi/lib/thumb/v7e-m/fpv4-sp/hard\libc_nano.a
END GROUP
START GROUP
LOAD c:/users/jonaspc/stmicroelectronics/baremetal/plugins/fr.ac6.mcu.externaltools.arm-none.win32_1.15.0.201708311556/tools/compiler/bin/../lib/gcc/arm-none-eabi/6.3.1/thumb/v7e-m/fpv4-sp/hard\libgcc.a
LOAD c:/users/jonaspc/stmicroelectronics/baremetal/plugins/fr.ac6.mcu.externaltools.arm-none.win32_1.15.0.201708311556/tools/compiler/bin/../lib/gcc/arm-none-eabi/6.3.1/../../../../arm-none-eabi/lib/thumb/v7e-m/fpv4-sp/hard\libc_nano.a
LOAD c:/users/jonaspc/stmicroelectronics/baremetal/plugins/fr.ac6.mcu.externaltools.arm-none.win32_1.15.0.201708311556/tools/compiler/bin/../lib/gcc/arm-none-eabi/6.3.1/../../../../arm-none-eabi/lib/thumb/v7e-m/fpv4-sp/hard\libnosys.a
END GROUP
START GROUP
LOAD c:/users/jonaspc/stmicroelectronics/baremetal/plugins/fr.ac6.mcu.externaltools.arm-none.win32_1.15.0.201708311556/tools/compiler/bin/../lib/gcc/arm-none-eabi/6.3.1/thumb/v7e-m/fpv4-sp/hard\libgcc.a
LOAD c:/users/jonaspc/stmicroelectronics/baremetal/plugins/fr.ac6.mcu.externaltools.arm-none.win32_1.15.0.201708311556/tools/compiler/bin/../lib/gcc/arm-none-eabi/6.3.1/../../../../arm-none-eabi/lib/thumb/v7e-m/fpv4-sp/hard\libc_nano.a
LOAD c:/users/jonaspc/stmicroelectronics/baremetal/plugins/fr.ac6.mcu.externaltools.arm-none.win32_1.15.0.201708311556/tools/compiler/bin/../lib/gcc/arm-none-eabi/6.3.1/../../../../arm-none-eabi/lib/thumb/v7e-m/fpv4-sp/hard\libnosys.a
END GROUP
LOAD c:/users/jonaspc/stmicroelectronics/baremetal/plugins/fr.ac6.mcu.externaltools.arm-none.win32_1.15.0.201708311556/tools/compiler/bin/../lib/gcc/arm-none-eabi/6.3.1/thumb/v7e-m/fpv4-sp/hard/crtend.o
LOAD c:/users/jonaspc/stmicroelectronics/baremetal/plugins/fr.ac6.mcu.externaltools.arm-none.win32_1.15.0.201708311556/tools/compiler/bin/../lib/gcc/arm-none-eabi/6.3.1/thumb/v7e-m/fpv4-sp/hard/crtn.o
                0x200a0000                _estack = 0x200a0000
                0x00000200                _Min_Heap_Size = 0x200
                0x00000400                _Min_Stack_Size = 0x400

.isr_vector     0x08000000      0x1c0
                0x08000000                . = ALIGN (0x8)
 *(.isr_vector)
 .isr_vector    0x08000000      0x1bc startup/startup_stm32l4r5xx.o
                0x08000000                g_pfnVectors
                0x080001c0                . = ALIGN (0x8)
 *fill*         0x080001bc        0x4 

.text           0x080001c0     0x61a8
                0x080001c0                . = ALIGN (0x8)
 *(.text)
 .text          0x080001c0       0x6c c:/users/jonaspc/stmicroelectronics/baremetal/plugins/fr.ac6.mcu.externaltools.arm-none.win32_1.15.0.201708311556/tools/compiler/bin/../lib/gcc/arm-none-eabi/6.3.1/thumb/v7e-m/fpv4-sp/hard/crtbegin.o
 .text          0x0800022c       0x30 c:/users/jonaspc/stmicroelectronics/baremetal/plugins/fr.ac6.mcu.externaltools.arm-none.win32_1.15.0.201708311556/tools/compiler/bin/../lib/gcc/arm-none-eabi/6.3.1/thumb/v7e-m/fpv4-sp/hard\libgcc.a(_aeabi_uldivmod.o)
                0x0800022c                __aeabi_uldivmod
 .text          0x0800025c      0x2dc c:/users/jonaspc/stmicroelectronics/baremetal/plugins/fr.ac6.mcu.externaltools.arm-none.win32_1.15.0.201708311556/tools/compiler/bin/../lib/gcc/arm-none-eabi/6.3.1/thumb/v7e-m/fpv4-sp/hard\libgcc.a(_udivmoddi4.o)
                0x0800025c                __udivmoddi4
 .text          0x08000538        0x4 c:/users/jonaspc/stmicroelectronics/baremetal/plugins/fr.ac6.mcu.externaltools.arm-none.win32_1.15.0.201708311556/tools/compiler/bin/../lib/gcc/arm-none-eabi/6.3.1/thumb/v7e-m/fpv4-sp/hard\libgcc.a(_dvmd_tls.o)
                0x08000538                __aeabi_idiv0
                0x08000538                __aeabi_ldiv0
 .text          0x0800053c       0x10 c:/users/jonaspc/stmicroelectronics/baremetal/plugins/fr.ac6.mcu.externaltools.arm-none.win32_1.15.0.201708311556/tools/compiler/bin/../lib/gcc/arm-none-eabi/6.3.1/../../../../arm-none-eabi/lib/thumb/v7e-m/fpv4-sp/hard\libc_nano.a(lib_a-strlen.o)
                0x0800053c                strlen
 *(.text*)
 .text.HAL_Init
                0x0800054c       0x16 Drivers/STM32L4xx_HAL_Driver/Src/stm32l4xx_hal.o
                0x0800054c                HAL_Init
 *fill*         0x08000562        0x2 
 .text.HAL_IncTick
                0x08000564       0x10 Drivers/STM32L4xx_HAL_Driver/Src/stm32l4xx_hal.o
                0x08000564                HAL_IncTick
 .text.HAL_GetTick
                0x08000574        0xc Drivers/STM32L4xx_HAL_Driver/Src/stm32l4xx_hal.o
                0x08000574                HAL_GetTick
 .text.HAL_Delay
                0x08000580       0x1e Drivers/STM32L4xx_HAL_Driver/Src/stm32l4xx_hal.o
                0x08000580                HAL_Delay
 *fill*         0x0800059e        0x2 
 .text.HAL_NVIC_SetPriorityGrouping
                0x080005a0       0x24 Drivers/STM32L4xx_HAL_Driver/Src/stm32l4xx_hal_cortex.o
                0x080005a0                HAL_NVIC_SetPriorityGrouping
 .text.HAL_NVIC_SetPriority
                0x080005c4       0x64 Drivers/STM32L4xx_HAL_Driver/Src/stm32l4xx_hal_cortex.o
                0x080005c4                HAL_NVIC_SetPriority
 .text.HAL_NVIC_EnableIRQ
                0x08000628       0x18 Drivers/STM32L4xx_HAL_Driver/Src/stm32l4xx_hal_cortex.o
                0x08000628                HAL_NVIC_EnableIRQ
 .text.HAL_SYSTICK_Config
                0x08000640       0x2c Drivers/STM32L4xx_HAL_Driver/Src/stm32l4xx_hal_cortex.o
                0x08000640                HAL_SYSTICK_Config
 .text.HAL_SYSTICK_CLKSourceConfig
                0x0800066c       0x20 Drivers/STM32L4xx_HAL_Driver/Src/stm32l4xx_hal_cortex.o
                0x0800066c                HAL_SYSTICK_CLKSourceConfig
 .text.HAL_DMA_Abort_IT
                0x0800068c       0x6e Drivers/STM32L4xx_HAL_Driver/Src/stm32l4xx_hal_dma.o
                0x0800068c                HAL_DMA_Abort_IT
 *fill*         0x080006fa        0x2 
 .text.HAL_GPIO_Init
                0x080006fc      0x1b8 Drivers/STM32L4xx_HAL_Driver/Src/stm32l4xx_hal_gpio.o
                0x080006fc                HAL_GPIO_Init
 .text.HAL_GPIO_WritePin
                0x080008b4        0xa Drivers/STM32L4xx_HAL_Driver/Src/stm32l4xx_hal_gpio.o
                0x080008b4                HAL_GPIO_WritePin
 .text.HAL_PCD_Init
                0x080008be      0x108 Drivers/STM32L4xx_HAL_Driver/Src/stm32l4xx_hal_pcd.o
                0x080008be                HAL_PCD_Init
 .text.HAL_PCDEx_ActivateLPM
                0x080009c6       0x26 Drivers/STM32L4xx_HAL_Driver/Src/stm32l4xx_hal_pcd_ex.o
                0x080009c6                HAL_PCDEx_ActivateLPM
 .text.HAL_PCDEx_ActivateBCD
                0x080009ec       0x14 Drivers/STM32L4xx_HAL_Driver/Src/stm32l4xx_hal_pcd_ex.o
                0x080009ec                HAL_PCDEx_ActivateBCD
 .text.HAL_PWREx_GetVoltageRange
                0x08000a00       0x30 Drivers/STM32L4xx_HAL_Driver/Src/stm32l4xx_hal_pwr_ex.o
                0x08000a00                HAL_PWREx_GetVoltageRange
 .text.HAL_PWREx_ControlVoltageScaling
                0x08000a30      0x114 Drivers/STM32L4xx_HAL_Driver/Src/stm32l4xx_hal_pwr_ex.o
                0x08000a30                HAL_PWREx_ControlVoltageScaling
 .text.HAL_PWREx_EnableVddUSB
                0x08000b44       0x10 Drivers/STM32L4xx_HAL_Driver/Src/stm32l4xx_hal_pwr_ex.o
                0x08000b44                HAL_PWREx_EnableVddUSB
 .text.HAL_PWREx_EnableVddIO2
                0x08000b54       0x10 Drivers/STM32L4xx_HAL_Driver/Src/stm32l4xx_hal_pwr_ex.o
                0x08000b54                HAL_PWREx_EnableVddIO2
 .text.RCC_GetSysClockFreqFromPLLSource
                0x08000b64       0xa8 Drivers/STM32L4xx_HAL_Driver/Src/stm32l4xx_hal_rcc.o
 .text.RCC_SetFlashLatencyFromMSIRange
                0x08000c0c       0x8c Drivers/STM32L4xx_HAL_Driver/Src/stm32l4xx_hal_rcc.o
 .text.HAL_RCC_GetSysClockFreq
                0x08000c98      0x100 Drivers/STM32L4xx_HAL_Driver/Src/stm32l4xx_hal_rcc.o
                0x08000c98                HAL_RCC_GetSysClockFreq
 .text.HAL_RCC_OscConfig
                0x08000d98      0x5d8 Drivers/STM32L4xx_HAL_Driver/Src/stm32l4xx_hal_rcc.o
                0x08000d98                HAL_RCC_OscConfig
 .text.HAL_RCC_ClockConfig
                0x08001370      0x224 Drivers/STM32L4xx_HAL_Driver/Src/stm32l4xx_hal_rcc.o
                0x08001370                HAL_RCC_ClockConfig
 .text.HAL_RCC_GetHCLKFreq
                0x08001594        0xc Drivers/STM32L4xx_HAL_Driver/Src/stm32l4xx_hal_rcc.o
                0x08001594                HAL_RCC_GetHCLKFreq
 .text.HAL_RCC_GetPCLK1Freq
                0x080015a0       0x20 Drivers/STM32L4xx_HAL_Driver/Src/stm32l4xx_hal_rcc.o
                0x080015a0                HAL_RCC_GetPCLK1Freq
 .text.HAL_RCC_GetPCLK2Freq
                0x080015c0       0x20 Drivers/STM32L4xx_HAL_Driver/Src/stm32l4xx_hal_rcc.o
                0x080015c0                HAL_RCC_GetPCLK2Freq
 .text.HAL_RCC_GetClockConfig
                0x080015e0       0x3c Drivers/STM32L4xx_HAL_Driver/Src/stm32l4xx_hal_rcc.o
                0x080015e0                HAL_RCC_GetClockConfig
 .text.RCCEx_PLLSAI2_Config
                0x0800161c      0x178 Drivers/STM32L4xx_HAL_Driver/Src/stm32l4xx_hal_rcc_ex.o
 .text.RCCEx_PLLSAI1_Config
                0x08001794      0x178 Drivers/STM32L4xx_HAL_Driver/Src/stm32l4xx_hal_rcc_ex.o
 .text.HAL_RCCEx_PeriphCLKConfig
                0x0800190c      0x4cc Drivers/STM32L4xx_HAL_Driver/Src/stm32l4xx_hal_rcc_ex.o
                0x0800190c                HAL_RCCEx_PeriphCLKConfig
 .text.HAL_RCCEx_EnableMSIPLLMode
                0x08001dd8       0x10 Drivers/STM32L4xx_HAL_Driver/Src/stm32l4xx_hal_rcc_ex.o
                0x08001dd8                HAL_RCCEx_EnableMSIPLLMode
 .text.HAL_RCCEx_CRSConfig
                0x08001de8       0x4c Drivers/STM32L4xx_HAL_Driver/Src/stm32l4xx_hal_rcc_ex.o
                0x08001de8                HAL_RCCEx_CRSConfig
 .text.HAL_TIM_Base_MspInit
                0x08001e34        0x2 Drivers/STM32L4xx_HAL_Driver/Src/stm32l4xx_hal_tim.o
                0x08001e34                HAL_TIM_Base_MspInit
 .text.HAL_TIM_Base_Start_IT
                0x08001e36       0x18 Drivers/STM32L4xx_HAL_Driver/Src/stm32l4xx_hal_tim.o
                0x08001e36                HAL_TIM_Base_Start_IT
 .text.HAL_TIM_OC_DelayElapsedCallback
                0x08001e4e        0x2 Drivers/STM32L4xx_HAL_Driver/Src/stm32l4xx_hal_tim.o
                0x08001e4e                HAL_TIM_OC_DelayElapsedCallback
 .text.HAL_TIM_IC_CaptureCallback
                0x08001e50        0x2 Drivers/STM32L4xx_HAL_Driver/Src/stm32l4xx_hal_tim.o
                0x08001e50                HAL_TIM_IC_CaptureCallback
 .text.HAL_TIM_PWM_PulseFinishedCallback
                0x08001e52        0x2 Drivers/STM32L4xx_HAL_Driver/Src/stm32l4xx_hal_tim.o
                0x08001e52                HAL_TIM_PWM_PulseFinishedCallback
 .text.HAL_TIM_TriggerCallback
                0x08001e54        0x2 Drivers/STM32L4xx_HAL_Driver/Src/stm32l4xx_hal_tim.o
                0x08001e54                HAL_TIM_TriggerCallback
 .text.HAL_TIM_IRQHandler
                0x08001e56      0x17a Drivers/STM32L4xx_HAL_Driver/Src/stm32l4xx_hal_tim.o
                0x08001e56                HAL_TIM_IRQHandler
 .text.TIM_Base_SetConfig
                0x08001fd0       0xc8 Drivers/STM32L4xx_HAL_Driver/Src/stm32l4xx_hal_tim.o
                0x08001fd0                TIM_Base_SetConfig
 .text.HAL_TIM_Base_Init
                0x08002098       0x32 Drivers/STM32L4xx_HAL_Driver/Src/stm32l4xx_hal_tim.o
                0x08002098                HAL_TIM_Base_Init
 .text.HAL_TIMEx_CommutationCallback
                0x080020ca        0x2 Drivers/STM32L4xx_HAL_Driver/Src/stm32l4xx_hal_tim_ex.o
                0x080020ca                HAL_TIMEx_CommutationCallback
 .text.HAL_TIMEx_BreakCallback
                0x080020cc        0x2 Drivers/STM32L4xx_HAL_Driver/Src/stm32l4xx_hal_tim_ex.o
                0x080020cc                HAL_TIMEx_BreakCallback
 .text.UART_EndRxTransfer
                0x080020ce       0x20 Drivers/STM32L4xx_HAL_Driver/Src/stm32l4xx_hal_uart.o
 .text.HAL_UART_TxCpltCallback
                0x080020ee        0x2 Drivers/STM32L4xx_HAL_Driver/Src/stm32l4xx_hal_uart.o
                0x080020ee                HAL_UART_TxCpltCallback
 .text.UART_EndTransmit_IT
                0x080020f0       0x1c Drivers/STM32L4xx_HAL_Driver/Src/stm32l4xx_hal_uart.o
 .text.HAL_UART_ErrorCallback
                0x0800210c        0x2 Drivers/STM32L4xx_HAL_Driver/Src/stm32l4xx_hal_uart.o
                0x0800210c                HAL_UART_ErrorCallback
 *fill*         0x0800210e        0x2 
 .text.HAL_UART_IRQHandler
                0x08002110      0x1c4 Drivers/STM32L4xx_HAL_Driver/Src/stm32l4xx_hal_uart.o
                0x08002110                HAL_UART_IRQHandler
 .text.UART_DMAAbortOnError
                0x080022d4       0x14 Drivers/STM32L4xx_HAL_Driver/Src/stm32l4xx_hal_uart.o
 .text.UART_SetConfig
                0x080022e8      0x544 Drivers/STM32L4xx_HAL_Driver/Src/stm32l4xx_hal_uart.o
                0x080022e8                UART_SetConfig
 .text.UART_AdvFeatureConfig
                0x0800282c       0xca Drivers/STM32L4xx_HAL_Driver/Src/stm32l4xx_hal_uart.o
                0x0800282c                UART_AdvFeatureConfig
 .text.UART_WaitOnFlagUntilTimeout
                0x080028f6       0x64 Drivers/STM32L4xx_HAL_Driver/Src/stm32l4xx_hal_uart.o
                0x080028f6                UART_WaitOnFlagUntilTimeout
 .text.UART_CheckIdleState
                0x0800295a       0x72 Drivers/STM32L4xx_HAL_Driver/Src/stm32l4xx_hal_uart.o
                0x0800295a                UART_CheckIdleState
 .text.HAL_UART_Init
                0x080029cc       0x68 Drivers/STM32L4xx_HAL_Driver/Src/stm32l4xx_hal_uart.o
                0x080029cc                HAL_UART_Init
 .text.UARTEx_SetNbDataToProcess
                0x08002a34       0x70 Drivers/STM32L4xx_HAL_Driver/Src/stm32l4xx_hal_uart_ex.o
 .text.HAL_UARTEx_WakeupCallback
                0x08002aa4        0x2 Drivers/STM32L4xx_HAL_Driver/Src/stm32l4xx_hal_uart_ex.o
                0x08002aa4                HAL_UARTEx_WakeupCallback
 .text.HAL_UARTEx_RxFifoFullCallback
                0x08002aa6        0x2 Drivers/STM32L4xx_HAL_Driver/Src/stm32l4xx_hal_uart_ex.o
                0x08002aa6                HAL_UARTEx_RxFifoFullCallback
 .text.HAL_UARTEx_TxFifoEmptyCallback
                0x08002aa8        0x2 Drivers/STM32L4xx_HAL_Driver/Src/stm32l4xx_hal_uart_ex.o
                0x08002aa8                HAL_UARTEx_TxFifoEmptyCallback
 .text.HAL_UARTEx_DisableFifoMode
                0x08002aaa       0x3e Drivers/STM32L4xx_HAL_Driver/Src/stm32l4xx_hal_uart_ex.o
                0x08002aaa                HAL_UARTEx_DisableFifoMode
 .text.HAL_UARTEx_SetTxFifoThreshold
                0x08002ae8       0x4a Drivers/STM32L4xx_HAL_Driver/Src/stm32l4xx_hal_uart_ex.o
                0x08002ae8                HAL_UARTEx_SetTxFifoThreshold
 .text.HAL_UARTEx_SetRxFifoThreshold
                0x08002b32       0x4a Drivers/STM32L4xx_HAL_Driver/Src/stm32l4xx_hal_uart_ex.o
                0x08002b32                HAL_UARTEx_SetRxFifoThreshold
 .text.USB_CoreInit
                0x08002b7c       0x28 Drivers/STM32L4xx_HAL_Driver/Src/stm32l4xx_ll_usb.o
                0x08002b7c                USB_CoreInit
 .text.USB_DisableGlobalInt
                0x08002ba4        0xc Drivers/STM32L4xx_HAL_Driver/Src/stm32l4xx_ll_usb.o
                0x08002ba4                USB_DisableGlobalInt
 .text.USB_SetCurrentMode
                0x08002bb0       0x2c Drivers/STM32L4xx_HAL_Driver/Src/stm32l4xx_ll_usb.o
                0x08002bb0                USB_SetCurrentMode
 .text.USB_DevInit
                0x08002bdc      0x144 Drivers/STM32L4xx_HAL_Driver/Src/stm32l4xx_ll_usb.o
                0x08002bdc                USB_DevInit
 .text.USB_FlushTxFifo
                0x08002d20       0x28 Drivers/STM32L4xx_HAL_Driver/Src/stm32l4xx_ll_usb.o
                0x08002d20                USB_FlushTxFifo
 .text.USB_FlushRxFifo
                0x08002d48       0x24 Drivers/STM32L4xx_HAL_Driver/Src/stm32l4xx_ll_usb.o
                0x08002d48                USB_FlushRxFifo
 .text.USB_SetDevSpeed
                0x08002d6c        0xe Drivers/STM32L4xx_HAL_Driver/Src/stm32l4xx_ll_usb.o
                0x08002d6c                USB_SetDevSpeed
 .text.USB_DevDisconnect
                0x08002d7a       0x18 Drivers/STM32L4xx_HAL_Driver/Src/stm32l4xx_ll_usb.o
                0x08002d7a                USB_DevDisconnect
 *fill*         0x08002d92        0x2 
 .text.USB_CoreReset
                0x08002d94       0x68 Drivers/STM32L4xx_HAL_Driver/Src/stm32l4xx_ll_usb.o
 .text.makeFreeRtosPriority
                0x08002dfc        0xc Middlewares/Third_Party/FreeRTOS/Source/CMSIS_RTOS/cmsis_os.o
 .text.osKernelStart
                0x08002e08        0xa Middlewares/Third_Party/FreeRTOS/Source/CMSIS_RTOS/cmsis_os.o
                0x08002e08                osKernelStart
 .text.osThreadCreate
                0x08002e12       0x34 Middlewares/Third_Party/FreeRTOS/Source/CMSIS_RTOS/cmsis_os.o
                0x08002e12                osThreadCreate
 .text.osMessageCreate
                0x08002e46        0xe Middlewares/Third_Party/FreeRTOS/Source/CMSIS_RTOS/cmsis_os.o
                0x08002e46                osMessageCreate
 .text.osSystickHandler
                0x08002e54       0x10 Middlewares/Third_Party/FreeRTOS/Source/CMSIS_RTOS/cmsis_os.o
                0x08002e54                osSystickHandler
 .text.osDelayUntil
                0x08002e64       0x12 Middlewares/Third_Party/FreeRTOS/Source/CMSIS_RTOS/cmsis_os.o
                0x08002e64                osDelayUntil
 .text.vListInitialise
                0x08002e76       0x16 Middlewares/Third_Party/FreeRTOS/Source/list.o
                0x08002e76                vListInitialise
 .text.vListInitialiseItem
                0x08002e8c        0x6 Middlewares/Third_Party/FreeRTOS/Source/list.o
                0x08002e8c                vListInitialiseItem
 .text.vListInsertEnd
                0x08002e92       0x18 Middlewares/Third_Party/FreeRTOS/Source/list.o
                0x08002e92                vListInsertEnd
 .text.vListInsert
                0x08002eaa       0x34 Middlewares/Third_Party/FreeRTOS/Source/list.o
                0x08002eaa                vListInsert
 .text.uxListRemove
                0x08002ede       0x26 Middlewares/Third_Party/FreeRTOS/Source/list.o
                0x08002ede                uxListRemove
 .text.prvIsQueueFull
                0x08002f04       0x1e Middlewares/Third_Party/FreeRTOS/Source/queue.o
 .text.prvIsQueueEmpty
                0x08002f22       0x1a Middlewares/Third_Party/FreeRTOS/Source/queue.o
 .text.prvCopyDataToQueue
                0x08002f3c       0x76 Middlewares/Third_Party/FreeRTOS/Source/queue.o
 .text.prvCopyDataFromQueue
                0x08002fb2       0x24 Middlewares/Third_Party/FreeRTOS/Source/queue.o
 .text.prvUnlockQueue
                0x08002fd6       0x6e Middlewares/Third_Party/FreeRTOS/Source/queue.o
 .text.xQueueGenericReset
                0x08003044       0x80 Middlewares/Third_Party/FreeRTOS/Source/queue.o
                0x08003044                xQueueGenericReset
 .text.prvInitialiseNewQueue
                0x080030c4       0xb0 Middlewares/Third_Party/FreeRTOS/Source/queue.o
 .text.xQueueGenericCreate
                0x08003174       0x48 Middlewares/Third_Party/FreeRTOS/Source/queue.o
                0x08003174                xQueueGenericCreate
 .text.xQueueCreateCountingSemaphore
                0x080031bc      0x150 Middlewares/Third_Party/FreeRTOS/Source/queue.o
                0x080031bc                xQueueCreateCountingSemaphore
 .text.xQueueGenericSend
                0x0800330c      0x3cc Middlewares/Third_Party/FreeRTOS/Source/queue.o
                0x0800330c                xQueueGenericSend
 .text.prvInitialiseMutex
                0x080036d8      0x130 Middlewares/Third_Party/FreeRTOS/Source/queue.o
 .text.xQueueCreateMutex
                0x08003808       0x16 Middlewares/Third_Party/FreeRTOS/Source/queue.o
                0x08003808                xQueueCreateMutex
 *fill*         0x0800381e        0x2 
 .text.xQueueGenericReceive
                0x08003820      0x464 Middlewares/Third_Party/FreeRTOS/Source/queue.o
                0x08003820                xQueueGenericReceive
 .text.prvResetNextTaskUnblockTime
                0x08003c84       0x2c Middlewares/Third_Party/FreeRTOS/Source/tasks.o
 .text.prvDeleteTCB
                0x08003cb0       0x12 Middlewares/Third_Party/FreeRTOS/Source/tasks.o
 .text.prvInitialiseNewTask
                0x08003cc2       0x90 Middlewares/Third_Party/FreeRTOS/Source/tasks.o
 *fill*         0x08003d52        0x2 
 .text.prvInitialiseTaskLists
                0x08003d54       0x58 Middlewares/Third_Party/FreeRTOS/Source/tasks.o
 .text.prvAddCurrentTaskToDelayedList
                0x08003dac       0x88 Middlewares/Third_Party/FreeRTOS/Source/tasks.o
 .text.vTaskSuspendAll
                0x08003e34       0x14 Middlewares/Third_Party/FreeRTOS/Source/tasks.o
                0x08003e34                vTaskSuspendAll
 .text.xTaskGetTickCount
                0x08003e48        0xc Middlewares/Third_Party/FreeRTOS/Source/tasks.o
                0x08003e48                xTaskGetTickCount
 .text.prvAddNewTaskToReadyList
                0x08003e54      0x210 Middlewares/Third_Party/FreeRTOS/Source/tasks.o
 .text.xTaskCreate
                0x08004064       0x62 Middlewares/Third_Party/FreeRTOS/Source/tasks.o
                0x08004064                xTaskCreate
 *fill*         0x080040c6        0x2 
 .text.vTaskStartScheduler
                0x080040c8       0x74 Middlewares/Third_Party/FreeRTOS/Source/tasks.o
                0x080040c8                vTaskStartScheduler
 .text.xTaskIncrementTick
                0x0800413c      0x280 Middlewares/Third_Party/FreeRTOS/Source/tasks.o
                0x0800413c                xTaskIncrementTick
 .text.xTaskResumeAll
                0x080043bc      0x1b0 Middlewares/Third_Party/FreeRTOS/Source/tasks.o
                0x080043bc                xTaskResumeAll
 .text.vTaskDelayUntil
                0x0800456c      0x168 Middlewares/Third_Party/FreeRTOS/Source/tasks.o
                0x0800456c                vTaskDelayUntil
 .text.prvCheckTasksWaitingTermination
                0x080046d4       0x54 Middlewares/Third_Party/FreeRTOS/Source/tasks.o
 .text.prvIdleTask
                0x08004728       0x28 Middlewares/Third_Party/FreeRTOS/Source/tasks.o
 .text.vTaskSwitchContext
                0x08004750      0x1ec Middlewares/Third_Party/FreeRTOS/Source/tasks.o
                0x08004750                vTaskSwitchContext
 .text.vTaskPlaceOnEventList
                0x0800493c       0x34 Middlewares/Third_Party/FreeRTOS/Source/tasks.o
                0x0800493c                vTaskPlaceOnEventList
 .text.xTaskRemoveFromEventList
                0x08004970      0x138 Middlewares/Third_Party/FreeRTOS/Source/tasks.o
                0x08004970                xTaskRemoveFromEventList
 .text.vTaskSetTimeOutState
                0x08004aa8       0x28 Middlewares/Third_Party/FreeRTOS/Source/tasks.o
                0x08004aa8                vTaskSetTimeOutState
 .text.xTaskCheckForTimeOut
                0x08004ad0       0x80 Middlewares/Third_Party/FreeRTOS/Source/tasks.o
                0x08004ad0                xTaskCheckForTimeOut
 .text.vTaskMissedYield
                0x08004b50       0x10 Middlewares/Third_Party/FreeRTOS/Source/tasks.o
                0x08004b50                vTaskMissedYield
 .text.xTaskGetSchedulerState
                0x08004b60       0x20 Middlewares/Third_Party/FreeRTOS/Source/tasks.o
                0x08004b60                xTaskGetSchedulerState
 .text.vTaskPriorityInherit
                0x08004b80      0x164 Middlewares/Third_Party/FreeRTOS/Source/tasks.o
                0x08004b80                vTaskPriorityInherit
 .text.xTaskPriorityDisinherit
                0x08004ce4      0x170 Middlewares/Third_Party/FreeRTOS/Source/tasks.o
                0x08004ce4                xTaskPriorityDisinherit
 .text.pvTaskIncrementMutexHeldCount
                0x08004e54       0x20 Middlewares/Third_Party/FreeRTOS/Source/tasks.o
                0x08004e54                pvTaskIncrementMutexHeldCount
 .text.prvTaskExitError
                0x08004e74       0x34 Middlewares/Third_Party/FreeRTOS/Source/portable/GCC/ARM_CM4F/port.o
 .text.prvPortStartFirstTask
                0x08004ea8       0x20 Middlewares/Third_Party/FreeRTOS/Source/portable/GCC/ARM_CM4F/port.o
 .text.vPortEnableVFP
                0x08004ec8       0x14 Middlewares/Third_Party/FreeRTOS/Source/portable/GCC/ARM_CM4F/port.o
 .text.pxPortInitialiseStack
                0x08004edc       0x2c Middlewares/Third_Party/FreeRTOS/Source/portable/GCC/ARM_CM4F/port.o
                0x08004edc                pxPortInitialiseStack
 *fill*         0x08004f08        0x8 
 .text.SVC_Handler
                0x08004f10       0x24 Middlewares/Third_Party/FreeRTOS/Source/portable/GCC/ARM_CM4F/port.o
                0x08004f10                SVC_Handler
 .text.vPortEnterCritical
                0x08004f34       0x44 Middlewares/Third_Party/FreeRTOS/Source/portable/GCC/ARM_CM4F/port.o
                0x08004f34                vPortEnterCritical
 .text.vPortExitCritical
                0x08004f78       0x2c Middlewares/Third_Party/FreeRTOS/Source/portable/GCC/ARM_CM4F/port.o
                0x08004f78                vPortExitCritical
 *fill*         0x08004fa4        0xc 
 .text.PendSV_Handler
                0x08004fb0       0x64 Middlewares/Third_Party/FreeRTOS/Source/portable/GCC/ARM_CM4F/port.o
                0x08004fb0                PendSV_Handler
 .text.xPortSysTickHandler
                0x08005014       0x2c Middlewares/Third_Party/FreeRTOS/Source/portable/GCC/ARM_CM4F/port.o
                0x08005014                xPortSysTickHandler
 .text.vPortSetupTimerInterrupt
                0x08005040       0x2c Middlewares/Third_Party/FreeRTOS/Source/portable/GCC/ARM_CM4F/port.o
                0x08005040                vPortSetupTimerInterrupt
 .text.xPortStartScheduler
                0x0800506c       0xe8 Middlewares/Third_Party/FreeRTOS/Source/portable/GCC/ARM_CM4F/port.o
                0x0800506c                xPortStartScheduler
 .text.prvHeapInit
                0x08005154       0x58 Middlewares/Third_Party/FreeRTOS/Source/portable/MemMang/heap_4.o
 .text.prvInsertBlockIntoFreeList
                0x080051ac       0x58 Middlewares/Third_Party/FreeRTOS/Source/portable/MemMang/heap_4.o
 .text.pvPortMalloc
                0x08005204      0x10c Middlewares/Third_Party/FreeRTOS/Source/portable/MemMang/heap_4.o
                0x08005204                pvPortMalloc
 .text.vPortFree
                0x08005310       0x70 Middlewares/Third_Party/FreeRTOS/Source/portable/MemMang/heap_4.o
                0x08005310                vPortFree
 .text.MX_GPIO_Init
                0x08005380      0x1d4 Src/main.o
 .text.MX_NVIC_Init
                0x08005554       0x64 Src/main.o
 .text.uartsendITHandler
                0x080055b8       0x38 Src/main.o
                0x080055b8                uartsendITHandler
 .text.readTemp
                0x080055f0       0x1a Src/main.o
                0x080055f0                readTemp
 .text.readHumidity
                0x0800560a       0x1a Src/main.o
                0x0800560a                readHumidity
 .text.writeToLCD
                0x08005624       0x1e Src/main.o
                0x08005624                writeToLCD
 *fill*         0x08005642        0x2 
 .text.TempReadTask
                0x08005644       0x5c Src/main.o
                0x08005644                TempReadTask
 .text.HumidityReadTask
                0x080056a0       0x5c Src/main.o
                0x080056a0                HumidityReadTask
 .text.saveData
                0x080056fc       0x16 Src/main.o
                0x080056fc                saveData
 *fill*         0x08005712        0x2 
 .text.dataCaptureTask
                0x08005714       0x20 Src/main.o
                0x08005714                dataCaptureTask
 .text.HAL_TIM_PeriodElapsedCallback
                0x08005734       0x18 Src/main.o
                0x08005734                HAL_TIM_PeriodElapsedCallback
 .text._Error_Handler
                0x0800574c        0x2 Src/main.o
                0x0800574c                _Error_Handler
 *fill*         0x0800574e        0x2 
 .text.MX_LPUART1_UART_Init
                0x08005750       0x68 Src/main.o
 .text.MX_USART3_UART_Init
                0x080057b8       0x7c Src/main.o
 .text.MX_USART2_UART_Init
                0x08005834       0x80 Src/main.o
 .text.MX_USART1_UART_Init
                0x080058b4       0x7c Src/main.o
 .text.MX_UART5_Init
                0x08005930       0x40 Src/main.o
 .text.MX_UART4_Init
                0x08005970       0x40 Src/main.o
 .text.MX_USB_OTG_FS_PCD_Init
                0x080059b0       0x3c Src/main.o
 .text.SystemClock_Config
                0x080059ec      0x120 Src/main.o
                0x080059ec                SystemClock_Config
 .text.main     0x08005b0c       0xd4 Src/main.o
                0x08005b0c                main
 .text.BufferIn
                0x08005be0       0x28 Src/selfFIFO.o
                0x08005be0                BufferIn
 .text.BufferOut
                0x08005c08       0x2c Src/selfFIFO.o
                0x08005c08                BufferOut
 .text.HAL_MspInit
                0x08005c34       0xa0 Src/stm32l4xx_hal_msp.o
                0x08005c34                HAL_MspInit
 .text.HAL_UART_MspInit
                0x08005cd4      0x1a0 Src/stm32l4xx_hal_msp.o
                0x08005cd4                HAL_UART_MspInit
 .text.HAL_PCD_MspInit
                0x08005e74       0x94 Src/stm32l4xx_hal_msp.o
                0x08005e74                HAL_PCD_MspInit
 .text.HAL_InitTick
                0x08005f08       0x78 Src/stm32l4xx_hal_timebase_TIM.o
                0x08005f08                HAL_InitTick
 .text.SysTick_Handler
                0x08005f80        0x8 Src/stm32l4xx_it.o
                0x08005f80                SysTick_Handler
 .text.RCC_IRQHandler
                0x08005f88        0x2 Src/stm32l4xx_it.o
                0x08005f88                RCC_IRQHandler
 *fill*         0x08005f8a        0x2 
 .text.TIM1_UP_TIM16_IRQHandler
                0x08005f8c       0x10 Src/stm32l4xx_it.o
                0x08005f8c                TIM1_UP_TIM16_IRQHandler
 .text.USART1_IRQHandler
                0x08005f9c       0x10 Src/stm32l4xx_it.o
                0x08005f9c                USART1_IRQHandler
 .text.USART2_IRQHandler
                0x08005fac       0x24 Src/stm32l4xx_it.o
                0x08005fac                USART2_IRQHandler
 .text.USART3_IRQHandler
                0x08005fd0       0x10 Src/stm32l4xx_it.o
                0x08005fd0                USART3_IRQHandler
 .text.UART4_IRQHandler
                0x08005fe0       0x10 Src/stm32l4xx_it.o
                0x08005fe0                UART4_IRQHandler
 .text.UART5_IRQHandler
                0x08005ff0       0x10 Src/stm32l4xx_it.o
                0x08005ff0                UART5_IRQHandler
 .text.LPUART1_IRQHandler
                0x08006000       0x10 Src/stm32l4xx_it.o
                0x08006000                LPUART1_IRQHandler
 .text.BSP_LED_Init
                0x08006010       0x70 Src/stm32l4xx_nucleo_144.o
                0x08006010                BSP_LED_Init
 .text.BSP_LED_On
                0x08006080       0x20 Src/stm32l4xx_nucleo_144.o
                0x08006080                BSP_LED_On
 .text.BSP_LED_Off
                0x080060a0       0x20 Src/stm32l4xx_nucleo_144.o
                0x080060a0                BSP_LED_Off
 .text.SystemInit
                0x080060c0       0x48 Src/system_stm32l4xx.o
                0x080060c0                SystemInit
 .text.Reset_Handler
                0x08006108       0x50 startup/startup_stm32l4r5xx.o
                0x08006108                Reset_Handler
 .text.Default_Handler
                0x08006158        0x2 startup/startup_stm32l4r5xx.o
                0x08006158                RTC_Alarm_IRQHandler
                0x08006158                EXTI2_IRQHandler
                0x08006158                TIM8_TRG_COM_IRQHandler
                0x08006158                TIM8_CC_IRQHandler
                0x08006158                DebugMon_Handler
                0x08006158                TIM1_CC_IRQHandler
                0x08006158                TSC_IRQHandler
                0x08006158                HardFault_Handler
                0x08006158                TAMP_STAMP_IRQHandler
                0x08006158                NMI_Handler
                0x08006158                EXTI3_IRQHandler
                0x08006158                LPTIM2_IRQHandler
                0x08006158                DFSDM1_FLT1_IRQHandler
                0x08006158                GFXMMU_IRQHandler
                0x08006158                I2C3_ER_IRQHandler
                0x08006158                DFSDM1_FLT2_IRQHandler
                0x08006158                EXTI0_IRQHandler
                0x08006158                I2C2_EV_IRQHandler
                0x08006158                CAN1_RX0_IRQHandler
                0x08006158                FPU_IRQHandler
                0x08006158                UsageFault_Handler
                0x08006158                LTDC_ER_IRQHandler
                0x08006158                SPI1_IRQHandler
                0x08006158                OCTOSPI1_IRQHandler
                0x08006158                TIM6_DAC_IRQHandler
                0x08006158                DCMI_IRQHandler
                0x08006158                TIM8_UP_IRQHandler
                0x08006158                OCTOSPI2_IRQHandler
                0x08006158                DMA2_Channel2_IRQHandler
                0x08006158                DMA1_Channel4_IRQHandler
                0x08006158                SAI2_IRQHandler
                0x08006158                ADC1_IRQHandler
                0x08006158                DFSDM1_FLT3_IRQHandler
                0x08006158                DMA1_Channel7_IRQHandler
                0x08006158                CAN1_RX1_IRQHandler
                0x08006158                TIM4_IRQHandler
                0x08006158                DMA2_Channel1_IRQHandler
                0x08006158                I2C1_EV_IRQHandler
                0x08006158                DMAMUX1_OVR_IRQHandler
                0x08006158                DMA1_Channel6_IRQHandler
                0x08006158                DMA2_Channel4_IRQHandler
                0x08006158                TIM3_IRQHandler
                0x08006158                DMA1_Channel1_IRQHandler
                0x08006158                Default_Handler
                0x08006158                DMA2_Channel7_IRQHandler
                0x08006158                EXTI15_10_IRQHandler
                0x08006158                TIM7_IRQHandler
                0x08006158                SDMMC1_IRQHandler
                0x08006158                TIM5_IRQHandler
                0x08006158                I2C3_EV_IRQHandler
                0x08006158                EXTI9_5_IRQHandler
                0x08006158                RTC_WKUP_IRQHandler
                0x08006158                LTDC_IRQHandler
                0x08006158                PVD_PVM_IRQHandler
                0x08006158                SPI2_IRQHandler
                0x08006158                MemManage_Handler
                0x08006158                CAN1_TX_IRQHandler
                0x08006158                DMA2_Channel5_IRQHandler
                0x08006158                CRS_IRQHandler
                0x08006158                DMA1_Channel5_IRQHandler
                0x08006158                EXTI4_IRQHandler
                0x08006158                RNG_IRQHandler
                0x08006158                TIM1_TRG_COM_TIM17_IRQHandler
                0x08006158                DMA1_Channel3_IRQHandler
                0x08006158                COMP_IRQHandler
                0x08006158                WWDG_IRQHandler
                0x08006158                I2C4_EV_IRQHandler
                0x08006158                DMA2_Channel6_IRQHandler
                0x08006158                TIM2_IRQHandler
                0x08006158                DMA2D_IRQHandler
                0x08006158                EXTI1_IRQHandler
                0x08006158                DFSDM1_FLT0_IRQHandler
                0x08006158                I2C2_ER_IRQHandler
                0x08006158                DMA1_Channel2_IRQHandler
                0x08006158                TIM8_BRK_IRQHandler
                0x08006158                CAN1_SCE_IRQHandler
                0x08006158                FLASH_IRQHandler
                0x08006158                BusFault_Handler
                0x08006158                OTG_FS_IRQHandler
                0x08006158                SPI3_IRQHandler
                0x08006158                I2C1_ER_IRQHandler
                0x08006158                FMC_IRQHandler
                0x08006158                LPTIM1_IRQHandler
                0x08006158                I2C4_ER_IRQHandler
                0x08006158                SAI1_IRQHandler
                0x08006158                DMA2_Channel3_IRQHandler
                0x08006158                TIM1_BRK_TIM15_IRQHandler
 *fill*         0x0800615a        0x2 
 .text.__libc_init_array
                0x0800615c       0x48 c:/users/jonaspc/stmicroelectronics/baremetal/plugins/fr.ac6.mcu.externaltools.arm-none.win32_1.15.0.201708311556/tools/compiler/bin/../lib/gcc/arm-none-eabi/6.3.1/../../../../arm-none-eabi/lib/thumb/v7e-m/fpv4-sp/hard\libc_nano.a(lib_a-init.o)
                0x0800615c                __libc_init_array
 .text.memcpy   0x080061a4       0x16 c:/users/jonaspc/stmicroelectronics/baremetal/plugins/fr.ac6.mcu.externaltools.arm-none.win32_1.15.0.201708311556/tools/compiler/bin/../lib/gcc/arm-none-eabi/6.3.1/../../../../arm-none-eabi/lib/thumb/v7e-m/fpv4-sp/hard\libc_nano.a(lib_a-memcpy-stub.o)
                0x080061a4                memcpy
 .text.memset   0x080061ba       0x10 c:/users/jonaspc/stmicroelectronics/baremetal/plugins/fr.ac6.mcu.externaltools.arm-none.win32_1.15.0.201708311556/tools/compiler/bin/../lib/gcc/arm-none-eabi/6.3.1/../../../../arm-none-eabi/lib/thumb/v7e-m/fpv4-sp/hard\libc_nano.a(lib_a-memset.o)
                0x080061ba                memset
 *fill*         0x080061ca        0x2 
 .text.rand     0x080061cc       0x74 c:/users/jonaspc/stmicroelectronics/baremetal/plugins/fr.ac6.mcu.externaltools.arm-none.win32_1.15.0.201708311556/tools/compiler/bin/../lib/gcc/arm-none-eabi/6.3.1/../../../../arm-none-eabi/lib/thumb/v7e-m/fpv4-sp/hard\libc_nano.a(lib_a-rand.o)
                0x080061cc                rand
 .text.malloc   0x08006240       0x10 c:/users/jonaspc/stmicroelectronics/baremetal/plugins/fr.ac6.mcu.externaltools.arm-none.win32_1.15.0.201708311556/tools/compiler/bin/../lib/gcc/arm-none-eabi/6.3.1/../../../../arm-none-eabi/lib/thumb/v7e-m/fpv4-sp/hard\libc_nano.a(lib_a-malloc.o)
                0x08006240                malloc
 .text._malloc_r
                0x08006250       0xbc c:/users/jonaspc/stmicroelectronics/baremetal/plugins/fr.ac6.mcu.externaltools.arm-none.win32_1.15.0.201708311556/tools/compiler/bin/../lib/gcc/arm-none-eabi/6.3.1/../../../../arm-none-eabi/lib/thumb/v7e-m/fpv4-sp/hard\libc_nano.a(lib_a-nano-mallocr.o)
                0x08006250                _malloc_r
 .text._sbrk_r  0x0800630c       0x20 c:/users/jonaspc/stmicroelectronics/baremetal/plugins/fr.ac6.mcu.externaltools.arm-none.win32_1.15.0.201708311556/tools/compiler/bin/../lib/gcc/arm-none-eabi/6.3.1/../../../../arm-none-eabi/lib/thumb/v7e-m/fpv4-sp/hard\libc_nano.a(lib_a-sbrkr.o)
                0x0800630c                _sbrk_r
 .text.__malloc_lock
                0x0800632c        0x2 c:/users/jonaspc/stmicroelectronics/baremetal/plugins/fr.ac6.mcu.externaltools.arm-none.win32_1.15.0.201708311556/tools/compiler/bin/../lib/gcc/arm-none-eabi/6.3.1/../../../../arm-none-eabi/lib/thumb/v7e-m/fpv4-sp/hard\libc_nano.a(lib_a-mlock.o)
                0x0800632c                __malloc_lock
 .text.__malloc_unlock
                0x0800632e        0x2 c:/users/jonaspc/stmicroelectronics/baremetal/plugins/fr.ac6.mcu.externaltools.arm-none.win32_1.15.0.201708311556/tools/compiler/bin/../lib/gcc/arm-none-eabi/6.3.1/../../../../arm-none-eabi/lib/thumb/v7e-m/fpv4-sp/hard\libc_nano.a(lib_a-mlock.o)
                0x0800632e                __malloc_unlock
 .text._sbrk    0x08006330       0x1c c:/users/jonaspc/stmicroelectronics/baremetal/plugins/fr.ac6.mcu.externaltools.arm-none.win32_1.15.0.201708311556/tools/compiler/bin/../lib/gcc/arm-none-eabi/6.3.1/../../../../arm-none-eabi/lib/thumb/v7e-m/fpv4-sp/hard\libnosys.a(sbrk.o)
                0x08006330                _sbrk
 *(.glue_7)
 .glue_7        0x0800634c        0x0 linker stubs
 *(.glue_7t)
 .glue_7t       0x0800634c        0x0 linker stubs
 *(.eh_frame)
 .eh_frame      0x0800634c        0x0 c:/users/jonaspc/stmicroelectronics/baremetal/plugins/fr.ac6.mcu.externaltools.arm-none.win32_1.15.0.201708311556/tools/compiler/bin/../lib/gcc/arm-none-eabi/6.3.1/thumb/v7e-m/fpv4-sp/hard/crtbegin.o
 *(.init)
 .init          0x0800634c        0x4 c:/users/jonaspc/stmicroelectronics/baremetal/plugins/fr.ac6.mcu.externaltools.arm-none.win32_1.15.0.201708311556/tools/compiler/bin/../lib/gcc/arm-none-eabi/6.3.1/thumb/v7e-m/fpv4-sp/hard/crti.o
                0x0800634c                _init
 .init          0x08006350        0x8 c:/users/jonaspc/stmicroelectronics/baremetal/plugins/fr.ac6.mcu.externaltools.arm-none.win32_1.15.0.201708311556/tools/compiler/bin/../lib/gcc/arm-none-eabi/6.3.1/thumb/v7e-m/fpv4-sp/hard/crtn.o
 *(.fini)
 .fini          0x08006358        0x4 c:/users/jonaspc/stmicroelectronics/baremetal/plugins/fr.ac6.mcu.externaltools.arm-none.win32_1.15.0.201708311556/tools/compiler/bin/../lib/gcc/arm-none-eabi/6.3.1/thumb/v7e-m/fpv4-sp/hard/crti.o
                0x08006358                _fini
 .fini          0x0800635c        0x8 c:/users/jonaspc/stmicroelectronics/baremetal/plugins/fr.ac6.mcu.externaltools.arm-none.win32_1.15.0.201708311556/tools/compiler/bin/../lib/gcc/arm-none-eabi/6.3.1/thumb/v7e-m/fpv4-sp/hard/crtn.o
                0x08006368                . = ALIGN (0x8)
 *fill*         0x08006364        0x4 
                0x08006368                _etext = .

.vfp11_veneer   0x08006368        0x0
 .vfp11_veneer  0x08006368        0x0 linker stubs

.v4_bx          0x08006368        0x0
 .v4_bx         0x08006368        0x0 linker stubs

.iplt           0x08006368        0x0
 .iplt          0x08006368        0x0 c:/users/jonaspc/stmicroelectronics/baremetal/plugins/fr.ac6.mcu.externaltools.arm-none.win32_1.15.0.201708311556/tools/compiler/bin/../lib/gcc/arm-none-eabi/6.3.1/thumb/v7e-m/fpv4-sp/hard/crtbegin.o

.rodata         0x08006368       0xf8
                0x08006368                . = ALIGN (0x8)
 *(.rodata)
 .rodata        0x08006368       0x18 Drivers/STM32L4xx_HAL_Driver/Src/stm32l4xx_hal_uart.o
 .rodata        0x08006380        0xe Drivers/STM32L4xx_HAL_Driver/Src/stm32l4xx_hal_uart_ex.o
 *fill*         0x0800638e        0x2 
 .rodata        0x08006390       0x44 Src/main.o
 .rodata        0x080063d4        0xe Src/stm32l4xx_nucleo_144.o
                0x080063d4                GPIO_PIN
                0x080063dc                BUTTON_IRQn
                0x080063e0                BUTTON_PIN
 *fill*         0x080063e2        0x2 
 .rodata        0x080063e4       0x48 Src/system_stm32l4xx.o
                0x080063e4                MSIRangeTable
                0x08006414                AHBPrescTable
                0x08006424                APBPrescTable
 *(.rodata*)
 .rodata.str1.4
                0x0800642c        0xa Middlewares/Third_Party/FreeRTOS/Source/tasks.o
 *fill*         0x08006436        0x2 
 .rodata.str1.4
                0x08006438       0x28 Src/main.o
                                 0x25 (size before relaxing)
                0x08006460                . = ALIGN (0x8)

.ARM.extab      0x08006460        0x0
                0x08006460                . = ALIGN (0x8)
 *(.ARM.extab* .gnu.linkonce.armextab.*)
                0x08006460                . = ALIGN (0x8)

.ARM            0x08006460        0x8
                0x08006460                . = ALIGN (0x8)
                0x08006460                __exidx_start = .
 *(.ARM.exidx*)
 .ARM.exidx     0x08006460        0x8 c:/users/jonaspc/stmicroelectronics/baremetal/plugins/fr.ac6.mcu.externaltools.arm-none.win32_1.15.0.201708311556/tools/compiler/bin/../lib/gcc/arm-none-eabi/6.3.1/thumb/v7e-m/fpv4-sp/hard\libgcc.a(_udivmoddi4.o)
                0x08006468                __exidx_end = .
                0x08006468                . = ALIGN (0x8)

.rel.dyn        0x08006468        0x0
 .rel.iplt      0x08006468        0x0 c:/users/jonaspc/stmicroelectronics/baremetal/plugins/fr.ac6.mcu.externaltools.arm-none.win32_1.15.0.201708311556/tools/compiler/bin/../lib/gcc/arm-none-eabi/6.3.1/thumb/v7e-m/fpv4-sp/hard/crtbegin.o

.preinit_array  0x08006468        0x0
                0x08006468                . = ALIGN (0x8)
                0x08006468                PROVIDE (__preinit_array_start, .)
 *(.preinit_array*)
                0x08006468                PROVIDE (__preinit_array_end, .)
                0x08006468                . = ALIGN (0x8)

.init_array     0x08006468        0x8
                0x08006468                . = ALIGN (0x8)
                0x08006468                PROVIDE (__init_array_start, .)
 *(SORT(.init_array.*))
 *(.init_array*)
 .init_array    0x08006468        0x4 c:/users/jonaspc/stmicroelectronics/baremetal/plugins/fr.ac6.mcu.externaltools.arm-none.win32_1.15.0.201708311556/tools/compiler/bin/../lib/gcc/arm-none-eabi/6.3.1/thumb/v7e-m/fpv4-sp/hard/crtbegin.o
                0x0800646c                PROVIDE (__init_array_end, .)
                0x08006470                . = ALIGN (0x8)
 *fill*         0x0800646c        0x4 

.fini_array     0x08006470        0x8
                0x08006470                . = ALIGN (0x8)
                [!provide]                PROVIDE (__fini_array_start, .)
 *(SORT(.fini_array.*))
 *(.fini_array*)
 .fini_array    0x08006470        0x4 c:/users/jonaspc/stmicroelectronics/baremetal/plugins/fr.ac6.mcu.externaltools.arm-none.win32_1.15.0.201708311556/tools/compiler/bin/../lib/gcc/arm-none-eabi/6.3.1/thumb/v7e-m/fpv4-sp/hard/crtbegin.o
                [!provide]                PROVIDE (__fini_array_end, .)
                0x08006478                . = ALIGN (0x8)
 *fill*         0x08006474        0x4 
                0x08006478                _sidata = LOADADDR (.data)

.data           0x20000000       0x80 load address 0x08006478
                0x20000000                . = ALIGN (0x8)
                0x20000000                _sdata = .
 *(.data)
 .data          0x20000000        0x4 Middlewares/Third_Party/FreeRTOS/Source/portable/GCC/ARM_CM4F/port.o
 .data          0x20000004       0x10 Src/stm32l4xx_nucleo_144.o
                0x20000004                GPIO_PORT
                0x20000010                BUTTON_PORT
 .data          0x20000014        0x4 Src/system_stm32l4xx.o
                0x20000014                SystemCoreClock
 *(.data*)
 .data._impure_ptr
                0x20000018        0x4 c:/users/jonaspc/stmicroelectronics/baremetal/plugins/fr.ac6.mcu.externaltools.arm-none.win32_1.15.0.201708311556/tools/compiler/bin/../lib/gcc/arm-none-eabi/6.3.1/../../../../arm-none-eabi/lib/thumb/v7e-m/fpv4-sp/hard\libc_nano.a(lib_a-impure.o)
                0x20000018                _impure_ptr
 .data.impure_data
                0x2000001c       0x60 c:/users/jonaspc/stmicroelectronics/baremetal/plugins/fr.ac6.mcu.externaltools.arm-none.win32_1.15.0.201708311556/tools/compiler/bin/../lib/gcc/arm-none-eabi/6.3.1/../../../../arm-none-eabi/lib/thumb/v7e-m/fpv4-sp/hard\libc_nano.a(lib_a-impure.o)
                0x20000080                . = ALIGN (0x8)
 *fill*         0x2000007c        0x4 
                0x20000080                _edata = .

.jcr            0x20000080        0x0 load address 0x080064f8
 .jcr           0x20000080        0x0 c:/users/jonaspc/stmicroelectronics/baremetal/plugins/fr.ac6.mcu.externaltools.arm-none.win32_1.15.0.201708311556/tools/compiler/bin/../lib/gcc/arm-none-eabi/6.3.1/thumb/v7e-m/fpv4-sp/hard/crtbegin.o

.igot.plt       0x20000080        0x0 load address 0x080064f8
 .igot.plt      0x20000080        0x0 c:/users/jonaspc/stmicroelectronics/baremetal/plugins/fr.ac6.mcu.externaltools.arm-none.win32_1.15.0.201708311556/tools/compiler/bin/../lib/gcc/arm-none-eabi/6.3.1/thumb/v7e-m/fpv4-sp/hard/crtbegin.o
                0x20000080                . = ALIGN (0x4)

.bss            0x20000080     0x16a0 load address 0x080064f8
                0x20000080                _sbss = .
                0x20000080                __bss_start__ = _sbss
 *(.bss)
 .bss           0x20000080       0x1c c:/users/jonaspc/stmicroelectronics/baremetal/plugins/fr.ac6.mcu.externaltools.arm-none.win32_1.15.0.201708311556/tools/compiler/bin/../lib/gcc/arm-none-eabi/6.3.1/thumb/v7e-m/fpv4-sp/hard/crtbegin.o
 .bss           0x2000009c      0x12c Middlewares/Third_Party/FreeRTOS/Source/tasks.o
                0x2000019c                pxCurrentTCB
 .bss           0x200001c8        0x8 Middlewares/Third_Party/FreeRTOS/Source/portable/GCC/ARM_CM4F/port.o
 .bss           0x200001d0      0xbd0 Middlewares/Third_Party/FreeRTOS/Source/portable/MemMang/heap_4.o
 .bss           0x20000da0        0x1 Src/main.o
                0x20000da0                msg
 *(.bss*)
 *fill*         0x20000da1        0x3 
 .bss.__malloc_free_list
                0x20000da4        0x4 c:/users/jonaspc/stmicroelectronics/baremetal/plugins/fr.ac6.mcu.externaltools.arm-none.win32_1.15.0.201708311556/tools/compiler/bin/../lib/gcc/arm-none-eabi/6.3.1/../../../../arm-none-eabi/lib/thumb/v7e-m/fpv4-sp/hard\libc_nano.a(lib_a-nano-mallocr.o)
                0x20000da4                __malloc_free_list
 .bss.__malloc_sbrk_start
                0x20000da8        0x4 c:/users/jonaspc/stmicroelectronics/baremetal/plugins/fr.ac6.mcu.externaltools.arm-none.win32_1.15.0.201708311556/tools/compiler/bin/../lib/gcc/arm-none-eabi/6.3.1/../../../../arm-none-eabi/lib/thumb/v7e-m/fpv4-sp/hard\libc_nano.a(lib_a-nano-mallocr.o)
                0x20000da8                __malloc_sbrk_start
 .bss.heap_end.5239
                0x20000dac        0x4 c:/users/jonaspc/stmicroelectronics/baremetal/plugins/fr.ac6.mcu.externaltools.arm-none.win32_1.15.0.201708311556/tools/compiler/bin/../lib/gcc/arm-none-eabi/6.3.1/../../../../arm-none-eabi/lib/thumb/v7e-m/fpv4-sp/hard\libnosys.a(sbrk.o)
 *(COMMON)
 COMMON         0x20000db0        0x4 Drivers/STM32L4xx_HAL_Driver/Src/stm32l4xx_hal.o
                0x20000db0                uwTick
 COMMON         0x20000db4      0x206 Middlewares/Third_Party/FreeRTOS/Source/CMSIS_RTOS/cmsis_os.o
                0x20000db4                msgtoSniffBuffer
                0x20000db8                buffer
 *fill*         0x20000fba        0x2 
 COMMON         0x20000fbc      0x720 Src/main.o
                0x20000fbc                defaultTaskHandle
                0x20000fc0                TempReadTaskHandle
                0x20000fc4                huart3
                0x2000104c                hpcd_USB_OTG_FS
                0x20001418                led1TaskHandle
                0x2000141c                infoQueueHandle
                0x20001420                hlpuart1
                0x200014a8                huart5
                0x20001530                HumidityReadTaskHandle
                0x20001534                triggerSemaphore
                0x20001538                huart1
                0x200015c0                dataCaptureTaskHandle
                0x200015c4                huart4
                0x2000164c                huart2
                0x200016d4                led2TaskHandle
                0x200016d8                lcdMutex
 COMMON         0x200016dc       0x40 Src/stm32l4xx_hal_timebase_TIM.o
                0x200016dc                htim1
 COMMON         0x2000171c        0x4 c:/users/jonaspc/stmicroelectronics/baremetal/plugins/fr.ac6.mcu.externaltools.arm-none.win32_1.15.0.201708311556/tools/compiler/bin/../lib/gcc/arm-none-eabi/6.3.1/../../../../arm-none-eabi/lib/thumb/v7e-m/fpv4-sp/hard\libc_nano.a(lib_a-reent.o)
                0x2000171c                errno
                0x20001720                . = ALIGN (0x4)
                0x20001720                _ebss = .
                0x20001720                __bss_end__ = _ebss

._user_heap_stack
                0x20001720      0x600 load address 0x080064f8
                0x20001720                . = ALIGN (0x8)
                0x20001720                PROVIDE (end, .)
                [!provide]                PROVIDE (_end, .)
                0x20001920                . = (. + _Min_Heap_Size)
 *fill*         0x20001720      0x200 
                0x20001d20                . = (. + _Min_Stack_Size)
 *fill*         0x20001920      0x400 
                0x20001d20                . = ALIGN (0x8)

/DISCARD/
 libc.a(*)
 libm.a(*)
 libgcc.a(*)

.ARM.attributes
                0x00000000       0x30
 *(.ARM.attributes)
 .ARM.attributes
                0x00000000       0x22 c:/users/jonaspc/stmicroelectronics/baremetal/plugins/fr.ac6.mcu.externaltools.arm-none.win32_1.15.0.201708311556/tools/compiler/bin/../lib/gcc/arm-none-eabi/6.3.1/thumb/v7e-m/fpv4-sp/hard/crti.o
 .ARM.attributes
                0x00000022       0x34 c:/users/jonaspc/stmicroelectronics/baremetal/plugins/fr.ac6.mcu.externaltools.arm-none.win32_1.15.0.201708311556/tools/compiler/bin/../lib/gcc/arm-none-eabi/6.3.1/thumb/v7e-m/fpv4-sp/hard/crtbegin.o
 .ARM.attributes
                0x00000056       0x39 Drivers/STM32L4xx_HAL_Driver/Src/stm32l4xx_hal.o
 .ARM.attributes
                0x0000008f       0x39 Drivers/STM32L4xx_HAL_Driver/Src/stm32l4xx_hal_cortex.o
 .ARM.attributes
                0x000000c8       0x39 Drivers/STM32L4xx_HAL_Driver/Src/stm32l4xx_hal_dma.o
 .ARM.attributes
                0x00000101       0x39 Drivers/STM32L4xx_HAL_Driver/Src/stm32l4xx_hal_gpio.o
 .ARM.attributes
                0x0000013a       0x39 Drivers/STM32L4xx_HAL_Driver/Src/stm32l4xx_hal_pcd.o
 .ARM.attributes
                0x00000173       0x39 Drivers/STM32L4xx_HAL_Driver/Src/stm32l4xx_hal_pcd_ex.o
 .ARM.attributes
                0x000001ac       0x39 Drivers/STM32L4xx_HAL_Driver/Src/stm32l4xx_hal_pwr_ex.o
 .ARM.attributes
                0x000001e5       0x39 Drivers/STM32L4xx_HAL_Driver/Src/stm32l4xx_hal_rcc.o
 .ARM.attributes
                0x0000021e       0x39 Drivers/STM32L4xx_HAL_Driver/Src/stm32l4xx_hal_rcc_ex.o
 .ARM.attributes
                0x00000257       0x39 Drivers/STM32L4xx_HAL_Driver/Src/stm32l4xx_hal_tim.o
 .ARM.attributes
                0x00000290       0x39 Drivers/STM32L4xx_HAL_Driver/Src/stm32l4xx_hal_tim_ex.o
 .ARM.attributes
                0x000002c9       0x39 Drivers/STM32L4xx_HAL_Driver/Src/stm32l4xx_hal_uart.o
 .ARM.attributes
                0x00000302       0x39 Drivers/STM32L4xx_HAL_Driver/Src/stm32l4xx_hal_uart_ex.o
 .ARM.attributes
                0x0000033b       0x39 Drivers/STM32L4xx_HAL_Driver/Src/stm32l4xx_ll_usb.o
 .ARM.attributes
                0x00000374       0x39 Middlewares/Third_Party/FreeRTOS/Source/CMSIS_RTOS/cmsis_os.o
 .ARM.attributes
                0x000003ad       0x39 Middlewares/Third_Party/FreeRTOS/Source/list.o
 .ARM.attributes
                0x000003e6       0x39 Middlewares/Third_Party/FreeRTOS/Source/queue.o
 .ARM.attributes
                0x0000041f       0x39 Middlewares/Third_Party/FreeRTOS/Source/tasks.o
 .ARM.attributes
                0x00000458       0x39 Middlewares/Third_Party/FreeRTOS/Source/portable/GCC/ARM_CM4F/port.o
 .ARM.attributes
                0x00000491       0x39 Middlewares/Third_Party/FreeRTOS/Source/portable/MemMang/heap_4.o
 .ARM.attributes
                0x000004ca       0x39 Src/main.o
 .ARM.attributes
                0x00000503       0x39 Src/selfFIFO.o
 .ARM.attributes
                0x0000053c       0x39 Src/stm32l4xx_hal_msp.o
 .ARM.attributes
                0x00000575       0x39 Src/stm32l4xx_hal_timebase_TIM.o
 .ARM.attributes
                0x000005ae       0x39 Src/stm32l4xx_it.o
 .ARM.attributes
                0x000005e7       0x39 Src/stm32l4xx_nucleo_144.o
 .ARM.attributes
                0x00000620       0x39 Src/system_stm32l4xx.o
 .ARM.attributes
                0x00000659       0x21 startup/startup_stm32l4r5xx.o
 .ARM.attributes
                0x0000067a       0x22 c:/users/jonaspc/stmicroelectronics/baremetal/plugins/fr.ac6.mcu.externaltools.arm-none.win32_1.15.0.201708311556/tools/compiler/bin/../lib/gcc/arm-none-eabi/6.3.1/thumb/v7e-m/fpv4-sp/hard\libgcc.a(_aeabi_uldivmod.o)
 .ARM.attributes
                0x0000069c       0x34 c:/users/jonaspc/stmicroelectronics/baremetal/plugins/fr.ac6.mcu.externaltools.arm-none.win32_1.15.0.201708311556/tools/compiler/bin/../lib/gcc/arm-none-eabi/6.3.1/thumb/v7e-m/fpv4-sp/hard\libgcc.a(_udivmoddi4.o)
 .ARM.attributes
                0x000006d0       0x22 c:/users/jonaspc/stmicroelectronics/baremetal/plugins/fr.ac6.mcu.externaltools.arm-none.win32_1.15.0.201708311556/tools/compiler/bin/../lib/gcc/arm-none-eabi/6.3.1/thumb/v7e-m/fpv4-sp/hard\libgcc.a(_dvmd_tls.o)
 .ARM.attributes
                0x000006f2       0x34 c:/users/jonaspc/stmicroelectronics/baremetal/plugins/fr.ac6.mcu.externaltools.arm-none.win32_1.15.0.201708311556/tools/compiler/bin/../lib/gcc/arm-none-eabi/6.3.1/../../../../arm-none-eabi/lib/thumb/v7e-m/fpv4-sp/hard\libc_nano.a(lib_a-impure.o)
 .ARM.attributes
                0x00000726       0x34 c:/users/jonaspc/stmicroelectronics/baremetal/plugins/fr.ac6.mcu.externaltools.arm-none.win32_1.15.0.201708311556/tools/compiler/bin/../lib/gcc/arm-none-eabi/6.3.1/../../../../arm-none-eabi/lib/thumb/v7e-m/fpv4-sp/hard\libc_nano.a(lib_a-init.o)
 .ARM.attributes
                0x0000075a       0x34 c:/users/jonaspc/stmicroelectronics/baremetal/plugins/fr.ac6.mcu.externaltools.arm-none.win32_1.15.0.201708311556/tools/compiler/bin/../lib/gcc/arm-none-eabi/6.3.1/../../../../arm-none-eabi/lib/thumb/v7e-m/fpv4-sp/hard\libc_nano.a(lib_a-memcpy-stub.o)
 .ARM.attributes
                0x0000078e       0x34 c:/users/jonaspc/stmicroelectronics/baremetal/plugins/fr.ac6.mcu.externaltools.arm-none.win32_1.15.0.201708311556/tools/compiler/bin/../lib/gcc/arm-none-eabi/6.3.1/../../../../arm-none-eabi/lib/thumb/v7e-m/fpv4-sp/hard\libc_nano.a(lib_a-memset.o)
 .ARM.attributes
                0x000007c2       0x34 c:/users/jonaspc/stmicroelectronics/baremetal/plugins/fr.ac6.mcu.externaltools.arm-none.win32_1.15.0.201708311556/tools/compiler/bin/../lib/gcc/arm-none-eabi/6.3.1/../../../../arm-none-eabi/lib/thumb/v7e-m/fpv4-sp/hard\libc_nano.a(lib_a-rand.o)
 .ARM.attributes
                0x000007f6       0x1b c:/users/jonaspc/stmicroelectronics/baremetal/plugins/fr.ac6.mcu.externaltools.arm-none.win32_1.15.0.201708311556/tools/compiler/bin/../lib/gcc/arm-none-eabi/6.3.1/../../../../arm-none-eabi/lib/thumb/v7e-m/fpv4-sp/hard\libc_nano.a(lib_a-strlen.o)
 .ARM.attributes
                0x00000811       0x34 c:/users/jonaspc/stmicroelectronics/baremetal/plugins/fr.ac6.mcu.externaltools.arm-none.win32_1.15.0.201708311556/tools/compiler/bin/../lib/gcc/arm-none-eabi/6.3.1/../../../../arm-none-eabi/lib/thumb/v7e-m/fpv4-sp/hard\libc_nano.a(lib_a-malloc.o)
 .ARM.attributes
                0x00000845       0x34 c:/users/jonaspc/stmicroelectronics/baremetal/plugins/fr.ac6.mcu.externaltools.arm-none.win32_1.15.0.201708311556/tools/compiler/bin/../lib/gcc/arm-none-eabi/6.3.1/../../../../arm-none-eabi/lib/thumb/v7e-m/fpv4-sp/hard\libc_nano.a(lib_a-nano-mallocr.o)
 .ARM.attributes
                0x00000879       0x34 c:/users/jonaspc/stmicroelectronics/baremetal/plugins/fr.ac6.mcu.externaltools.arm-none.win32_1.15.0.201708311556/tools/compiler/bin/../lib/gcc/arm-none-eabi/6.3.1/../../../../arm-none-eabi/lib/thumb/v7e-m/fpv4-sp/hard\libc_nano.a(lib_a-sbrkr.o)
 .ARM.attributes
                0x000008ad       0x34 c:/users/jonaspc/stmicroelectronics/baremetal/plugins/fr.ac6.mcu.externaltools.arm-none.win32_1.15.0.201708311556/tools/compiler/bin/../lib/gcc/arm-none-eabi/6.3.1/../../../../arm-none-eabi/lib/thumb/v7e-m/fpv4-sp/hard\libc_nano.a(lib_a-mlock.o)
 .ARM.attributes
                0x000008e1       0x34 c:/users/jonaspc/stmicroelectronics/baremetal/plugins/fr.ac6.mcu.externaltools.arm-none.win32_1.15.0.201708311556/tools/compiler/bin/../lib/gcc/arm-none-eabi/6.3.1/../../../../arm-none-eabi/lib/thumb/v7e-m/fpv4-sp/hard\libc_nano.a(lib_a-reent.o)
 .ARM.attributes
                0x00000915       0x34 c:/users/jonaspc/stmicroelectronics/baremetal/plugins/fr.ac6.mcu.externaltools.arm-none.win32_1.15.0.201708311556/tools/compiler/bin/../lib/gcc/arm-none-eabi/6.3.1/../../../../arm-none-eabi/lib/thumb/v7e-m/fpv4-sp/hard\libnosys.a(sbrk.o)
 .ARM.attributes
                0x00000949       0x22 c:/users/jonaspc/stmicroelectronics/baremetal/plugins/fr.ac6.mcu.externaltools.arm-none.win32_1.15.0.201708311556/tools/compiler/bin/../lib/gcc/arm-none-eabi/6.3.1/thumb/v7e-m/fpv4-sp/hard/crtn.o
OUTPUT(FreeRtos1.elf elf32-littlearm)

.debug_info     0x00000000    0x313e7
 .debug_info    0x00000000     0x13ad Drivers/STM32L4xx_HAL_Driver/Src/stm32l4xx_hal.o
 .debug_info    0x000013ad     0x17f6 Drivers/STM32L4xx_HAL_Driver/Src/stm32l4xx_hal_cortex.o
 .debug_info    0x00002ba3     0x1275 Drivers/STM32L4xx_HAL_Driver/Src/stm32l4xx_hal_dma.o
 .debug_info    0x00003e18     0x10e9 Drivers/STM32L4xx_HAL_Driver/Src/stm32l4xx_hal_gpio.o
 .debug_info    0x00004f01     0x1efe Drivers/STM32L4xx_HAL_Driver/Src/stm32l4xx_hal_pcd.o
 .debug_info    0x00006dff     0x1355 Drivers/STM32L4xx_HAL_Driver/Src/stm32l4xx_hal_pcd_ex.o
 .debug_info    0x00008154     0x13ae Drivers/STM32L4xx_HAL_Driver/Src/stm32l4xx_hal_pwr_ex.o
 .debug_info    0x00009502     0x1778 Drivers/STM32L4xx_HAL_Driver/Src/stm32l4xx_hal_rcc.o
 .debug_info    0x0000ac7a     0x1c2f Drivers/STM32L4xx_HAL_Driver/Src/stm32l4xx_hal_rcc_ex.o
 .debug_info    0x0000c8a9     0x3911 Drivers/STM32L4xx_HAL_Driver/Src/stm32l4xx_hal_tim.o
 .debug_info    0x000101ba     0x1e75 Drivers/STM32L4xx_HAL_Driver/Src/stm32l4xx_hal_tim_ex.o
 .debug_info    0x0001202f     0x275c Drivers/STM32L4xx_HAL_Driver/Src/stm32l4xx_hal_uart.o
 .debug_info    0x0001478b     0x1666 Drivers/STM32L4xx_HAL_Driver/Src/stm32l4xx_hal_uart_ex.o
 .debug_info    0x00015df1     0x1fbb Drivers/STM32L4xx_HAL_Driver/Src/stm32l4xx_ll_usb.o
 .debug_info    0x00017dac     0x2e2c Middlewares/Third_Party/FreeRTOS/Source/CMSIS_RTOS/cmsis_os.o
 .debug_info    0x0001abd8     0x15c7 Middlewares/Third_Party/FreeRTOS/Source/list.o
 .debug_info    0x0001c19f     0x36f7 Middlewares/Third_Party/FreeRTOS/Source/queue.o
 .debug_info    0x0001f896     0x45fa Middlewares/Third_Party/FreeRTOS/Source/tasks.o
 .debug_info    0x00023e90     0x1820 Middlewares/Third_Party/FreeRTOS/Source/portable/GCC/ARM_CM4F/port.o
 .debug_info    0x000256b0     0x174f Middlewares/Third_Party/FreeRTOS/Source/portable/MemMang/heap_4.o
 .debug_info    0x00026dff     0x364f Src/main.o
 .debug_info    0x0002a44e      0x144 Src/selfFIFO.o
 .debug_info    0x0002a592     0x2059 Src/stm32l4xx_hal_msp.o
 .debug_info    0x0002c5eb     0x1606 Src/stm32l4xx_hal_timebase_TIM.o
 .debug_info    0x0002dbf1     0x154c Src/stm32l4xx_it.o
 .debug_info    0x0002f13d     0x13c8 Src/stm32l4xx_nucleo_144.o
 .debug_info    0x00030505      0xe58 Src/system_stm32l4xx.o
 .debug_info    0x0003135d       0x8a startup/startup_stm32l4r5xx.o

.debug_abbrev   0x00000000     0x516b
 .debug_abbrev  0x00000000      0x2fb Drivers/STM32L4xx_HAL_Driver/Src/stm32l4xx_hal.o
 .debug_abbrev  0x000002fb      0x3c7 Drivers/STM32L4xx_HAL_Driver/Src/stm32l4xx_hal_cortex.o
 .debug_abbrev  0x000006c2      0x2ff Drivers/STM32L4xx_HAL_Driver/Src/stm32l4xx_hal_dma.o
 .debug_abbrev  0x000009c1      0x2b4 Drivers/STM32L4xx_HAL_Driver/Src/stm32l4xx_hal_gpio.o
 .debug_abbrev  0x00000c75      0x32d Drivers/STM32L4xx_HAL_Driver/Src/stm32l4xx_hal_pcd.o
 .debug_abbrev  0x00000fa2      0x30d Drivers/STM32L4xx_HAL_Driver/Src/stm32l4xx_hal_pcd_ex.o
 .debug_abbrev  0x000012af      0x2e1 Drivers/STM32L4xx_HAL_Driver/Src/stm32l4xx_hal_pwr_ex.o
 .debug_abbrev  0x00001590      0x306 Drivers/STM32L4xx_HAL_Driver/Src/stm32l4xx_hal_rcc.o
 .debug_abbrev  0x00001896      0x319 Drivers/STM32L4xx_HAL_Driver/Src/stm32l4xx_hal_rcc_ex.o
 .debug_abbrev  0x00001baf      0x2eb Drivers/STM32L4xx_HAL_Driver/Src/stm32l4xx_hal_tim.o
 .debug_abbrev  0x00001e9a      0x2eb Drivers/STM32L4xx_HAL_Driver/Src/stm32l4xx_hal_tim_ex.o
 .debug_abbrev  0x00002185      0x31f Drivers/STM32L4xx_HAL_Driver/Src/stm32l4xx_hal_uart.o
 .debug_abbrev  0x000024a4      0x2dc Drivers/STM32L4xx_HAL_Driver/Src/stm32l4xx_hal_uart_ex.o
 .debug_abbrev  0x00002780      0x313 Drivers/STM32L4xx_HAL_Driver/Src/stm32l4xx_ll_usb.o
 .debug_abbrev  0x00002a93      0x400 Middlewares/Third_Party/FreeRTOS/Source/CMSIS_RTOS/cmsis_os.o
 .debug_abbrev  0x00002e93      0x282 Middlewares/Third_Party/FreeRTOS/Source/list.o
 .debug_abbrev  0x00003115      0x3cf Middlewares/Third_Party/FreeRTOS/Source/queue.o
 .debug_abbrev  0x000034e4      0x416 Middlewares/Third_Party/FreeRTOS/Source/tasks.o
 .debug_abbrev  0x000038fa      0x384 Middlewares/Third_Party/FreeRTOS/Source/portable/GCC/ARM_CM4F/port.o
 .debug_abbrev  0x00003c7e      0x375 Middlewares/Third_Party/FreeRTOS/Source/portable/MemMang/heap_4.o
 .debug_abbrev  0x00003ff3      0x370 Src/main.o
 .debug_abbrev  0x00004363       0xe7 Src/selfFIFO.o
 .debug_abbrev  0x0000444a      0x2b6 Src/stm32l4xx_hal_msp.o
 .debug_abbrev  0x00004700      0x2a4 Src/stm32l4xx_hal_timebase_TIM.o
 .debug_abbrev  0x000049a4      0x27d Src/stm32l4xx_it.o
 .debug_abbrev  0x00004c21      0x303 Src/stm32l4xx_nucleo_144.o
 .debug_abbrev  0x00004f24      0x235 Src/system_stm32l4xx.o
 .debug_abbrev  0x00005159       0x12 startup/startup_stm32l4r5xx.o

.debug_loc      0x00000000    0x11f2e
 .debug_loc     0x00000000       0xf8 Drivers/STM32L4xx_HAL_Driver/Src/stm32l4xx_hal.o
 .debug_loc     0x000000f8      0x5ce Drivers/STM32L4xx_HAL_Driver/Src/stm32l4xx_hal_cortex.o
 .debug_loc     0x000006c6      0x7cc Drivers/STM32L4xx_HAL_Driver/Src/stm32l4xx_hal_dma.o
 .debug_loc     0x00000e92      0x309 Drivers/STM32L4xx_HAL_Driver/Src/stm32l4xx_hal_gpio.o
 .debug_loc     0x0000119b      0xd9b Drivers/STM32L4xx_HAL_Driver/Src/stm32l4xx_hal_pcd.o
 .debug_loc     0x00001f36      0x18d Drivers/STM32L4xx_HAL_Driver/Src/stm32l4xx_hal_pcd_ex.o
 .debug_loc     0x000020c3      0x9ee Drivers/STM32L4xx_HAL_Driver/Src/stm32l4xx_hal_pwr_ex.o
 .debug_loc     0x00002ab1      0x914 Drivers/STM32L4xx_HAL_Driver/Src/stm32l4xx_hal_rcc.o
 .debug_loc     0x000033c5     0x2272 Drivers/STM32L4xx_HAL_Driver/Src/stm32l4xx_hal_rcc_ex.o
 .debug_loc     0x00005637     0x36be Drivers/STM32L4xx_HAL_Driver/Src/stm32l4xx_hal_tim.o
 .debug_loc     0x00008cf5     0x164e Drivers/STM32L4xx_HAL_Driver/Src/stm32l4xx_hal_tim_ex.o
 .debug_loc     0x0000a343     0x1b14 Drivers/STM32L4xx_HAL_Driver/Src/stm32l4xx_hal_uart.o
 .debug_loc     0x0000be57      0x688 Drivers/STM32L4xx_HAL_Driver/Src/stm32l4xx_hal_uart_ex.o
 .debug_loc     0x0000c4df     0x14ba Drivers/STM32L4xx_HAL_Driver/Src/stm32l4xx_ll_usb.o
 .debug_loc     0x0000d999     0x1027 Middlewares/Third_Party/FreeRTOS/Source/CMSIS_RTOS/cmsis_os.o
 .debug_loc     0x0000e9c0       0x70 Middlewares/Third_Party/FreeRTOS/Source/list.o
 .debug_loc     0x0000ea30      0xfe6 Middlewares/Third_Party/FreeRTOS/Source/queue.o
 .debug_loc     0x0000fa16     0x1aed Middlewares/Third_Party/FreeRTOS/Source/tasks.o
 .debug_loc     0x00011503      0x104 Middlewares/Third_Party/FreeRTOS/Source/portable/GCC/ARM_CM4F/port.o
 .debug_loc     0x00011607      0x291 Middlewares/Third_Party/FreeRTOS/Source/portable/MemMang/heap_4.o
 .debug_loc     0x00011898       0x7c Src/main.o
 .debug_loc     0x00011914       0x75 Src/selfFIFO.o
 .debug_loc     0x00011989      0x1b0 Src/stm32l4xx_hal_msp.o
 .debug_loc     0x00011b39       0x79 Src/stm32l4xx_hal_timebase_TIM.o
 .debug_loc     0x00011bb2      0x198 Src/stm32l4xx_nucleo_144.o
 .debug_loc     0x00011d4a      0x1e4 Src/system_stm32l4xx.o

.debug_aranges  0x00000000     0x1860
 .debug_aranges
                0x00000000      0x118 Drivers/STM32L4xx_HAL_Driver/Src/stm32l4xx_hal.o
 .debug_aranges
                0x00000118       0xa8 Drivers/STM32L4xx_HAL_Driver/Src/stm32l4xx_hal_cortex.o
 .debug_aranges
                0x000001c0       0x90 Drivers/STM32L4xx_HAL_Driver/Src/stm32l4xx_hal_dma.o
 .debug_aranges
                0x00000250       0x58 Drivers/STM32L4xx_HAL_Driver/Src/stm32l4xx_hal_gpio.o
 .debug_aranges
                0x000002a8      0x120 Drivers/STM32L4xx_HAL_Driver/Src/stm32l4xx_hal_pcd.o
 .debug_aranges
                0x000003c8       0x60 Drivers/STM32L4xx_HAL_Driver/Src/stm32l4xx_hal_pcd_ex.o
 .debug_aranges
                0x00000428      0x168 Drivers/STM32L4xx_HAL_Driver/Src/stm32l4xx_hal_pwr_ex.o
 .debug_aranges
                0x00000590       0x90 Drivers/STM32L4xx_HAL_Driver/Src/stm32l4xx_hal_rcc.o
 .debug_aranges
                0x00000620      0x100 Drivers/STM32L4xx_HAL_Driver/Src/stm32l4xx_hal_rcc_ex.o
 .debug_aranges
                0x00000720      0x378 Drivers/STM32L4xx_HAL_Driver/Src/stm32l4xx_hal_tim.o
 .debug_aranges
                0x00000a98      0x150 Drivers/STM32L4xx_HAL_Driver/Src/stm32l4xx_hal_tim_ex.o
 .debug_aranges
                0x00000be8      0x218 Drivers/STM32L4xx_HAL_Driver/Src/stm32l4xx_hal_uart.o
 .debug_aranges
                0x00000e00       0xa0 Drivers/STM32L4xx_HAL_Driver/Src/stm32l4xx_hal_uart_ex.o
 .debug_aranges
                0x00000ea0      0x190 Drivers/STM32L4xx_HAL_Driver/Src/stm32l4xx_ll_usb.o
 .debug_aranges
                0x00001030      0x1d8 Middlewares/Third_Party/FreeRTOS/Source/CMSIS_RTOS/cmsis_os.o
 .debug_aranges
                0x00001208       0x40 Middlewares/Third_Party/FreeRTOS/Source/list.o
 .debug_aranges
                0x00001248      0x100 Middlewares/Third_Party/FreeRTOS/Source/queue.o
 .debug_aranges
                0x00001348      0x1d0 Middlewares/Third_Party/FreeRTOS/Source/tasks.o
 .debug_aranges
                0x00001518       0x80 Middlewares/Third_Party/FreeRTOS/Source/portable/GCC/ARM_CM4F/port.o
 .debug_aranges
                0x00001598       0x50 Middlewares/Third_Party/FreeRTOS/Source/portable/MemMang/heap_4.o
 .debug_aranges
                0x000015e8       0xd0 Src/main.o
 .debug_aranges
                0x000016b8       0x28 Src/selfFIFO.o
 .debug_aranges
                0x000016e0       0x40 Src/stm32l4xx_hal_msp.o
 .debug_aranges
                0x00001720       0x30 Src/stm32l4xx_hal_timebase_TIM.o
 .debug_aranges
                0x00001750       0x60 Src/stm32l4xx_it.o
 .debug_aranges
                0x000017b0       0x60 Src/stm32l4xx_nucleo_144.o
 .debug_aranges
                0x00001810       0x28 Src/system_stm32l4xx.o
 .debug_aranges
                0x00001838       0x28 startup/startup_stm32l4r5xx.o

.debug_ranges   0x00000000     0x18f0
 .debug_ranges  0x00000000      0x108 Drivers/STM32L4xx_HAL_Driver/Src/stm32l4xx_hal.o
 .debug_ranges  0x00000108       0xf8 Drivers/STM32L4xx_HAL_Driver/Src/stm32l4xx_hal_cortex.o
 .debug_ranges  0x00000200       0x80 Drivers/STM32L4xx_HAL_Driver/Src/stm32l4xx_hal_dma.o
 .debug_ranges  0x00000280       0x48 Drivers/STM32L4xx_HAL_Driver/Src/stm32l4xx_hal_gpio.o
 .debug_ranges  0x000002c8      0x110 Drivers/STM32L4xx_HAL_Driver/Src/stm32l4xx_hal_pcd.o
 .debug_ranges  0x000003d8       0x50 Drivers/STM32L4xx_HAL_Driver/Src/stm32l4xx_hal_pcd_ex.o
 .debug_ranges  0x00000428      0x158 Drivers/STM32L4xx_HAL_Driver/Src/stm32l4xx_hal_pwr_ex.o
 .debug_ranges  0x00000580       0x98 Drivers/STM32L4xx_HAL_Driver/Src/stm32l4xx_hal_rcc.o
 .debug_ranges  0x00000618      0x110 Drivers/STM32L4xx_HAL_Driver/Src/stm32l4xx_hal_rcc_ex.o
 .debug_ranges  0x00000728      0x368 Drivers/STM32L4xx_HAL_Driver/Src/stm32l4xx_hal_tim.o
 .debug_ranges  0x00000a90      0x140 Drivers/STM32L4xx_HAL_Driver/Src/stm32l4xx_hal_tim_ex.o
 .debug_ranges  0x00000bd0      0x208 Drivers/STM32L4xx_HAL_Driver/Src/stm32l4xx_hal_uart.o
 .debug_ranges  0x00000dd8       0x90 Drivers/STM32L4xx_HAL_Driver/Src/stm32l4xx_hal_uart_ex.o
 .debug_ranges  0x00000e68      0x180 Drivers/STM32L4xx_HAL_Driver/Src/stm32l4xx_ll_usb.o
 .debug_ranges  0x00000fe8      0x1c8 Middlewares/Third_Party/FreeRTOS/Source/CMSIS_RTOS/cmsis_os.o
 .debug_ranges  0x000011b0       0x30 Middlewares/Third_Party/FreeRTOS/Source/list.o
 .debug_ranges  0x000011e0      0x1a0 Middlewares/Third_Party/FreeRTOS/Source/queue.o
 .debug_ranges  0x00001380      0x2a8 Middlewares/Third_Party/FreeRTOS/Source/tasks.o
 .debug_ranges  0x00001628       0x88 Middlewares/Third_Party/FreeRTOS/Source/portable/GCC/ARM_CM4F/port.o
 .debug_ranges  0x000016b0       0x40 Middlewares/Third_Party/FreeRTOS/Source/portable/MemMang/heap_4.o
 .debug_ranges  0x000016f0       0xc0 Src/main.o
 .debug_ranges  0x000017b0       0x18 Src/selfFIFO.o
 .debug_ranges  0x000017c8       0x30 Src/stm32l4xx_hal_msp.o
 .debug_ranges  0x000017f8       0x20 Src/stm32l4xx_hal_timebase_TIM.o
 .debug_ranges  0x00001818       0x50 Src/stm32l4xx_it.o
 .debug_ranges  0x00001868       0x50 Src/stm32l4xx_nucleo_144.o
 .debug_ranges  0x000018b8       0x18 Src/system_stm32l4xx.o
 .debug_ranges  0x000018d0       0x20 startup/startup_stm32l4r5xx.o

.debug_macro    0x00000000    0x2f23d
 .debug_macro   0x00000000      0x3a8 Drivers/STM32L4xx_HAL_Driver/Src/stm32l4xx_hal.o
 .debug_macro   0x000003a8      0x8bc Drivers/STM32L4xx_HAL_Driver/Src/stm32l4xx_hal.o
 .debug_macro   0x00000c64       0xdc Drivers/STM32L4xx_HAL_Driver/Src/stm32l4xx_hal.o
 .debug_macro   0x00000d40       0xba Drivers/STM32L4xx_HAL_Driver/Src/stm32l4xx_hal.o
 .debug_macro   0x00000dfa       0x2e Drivers/STM32L4xx_HAL_Driver/Src/stm32l4xx_hal.o
 .debug_macro   0x00000e28       0x28 Drivers/STM32L4xx_HAL_Driver/Src/stm32l4xx_hal.o
 .debug_macro   0x00000e50       0x22 Drivers/STM32L4xx_HAL_Driver/Src/stm32l4xx_hal.o
 .debug_macro   0x00000e72       0x87 Drivers/STM32L4xx_HAL_Driver/Src/stm32l4xx_hal.o
 .debug_macro   0x00000ef9       0x51 Drivers/STM32L4xx_HAL_Driver/Src/stm32l4xx_hal.o
 .debug_macro   0x00000f4a       0xef Drivers/STM32L4xx_HAL_Driver/Src/stm32l4xx_hal.o
 .debug_macro   0x00001039       0x6a Drivers/STM32L4xx_HAL_Driver/Src/stm32l4xx_hal.o
 .debug_macro   0x000010a3      0x1df Drivers/STM32L4xx_HAL_Driver/Src/stm32l4xx_hal.o
 .debug_macro   0x00001282       0x35 Drivers/STM32L4xx_HAL_Driver/Src/stm32l4xx_hal.o
 .debug_macro   0x000012b7       0x50 Drivers/STM32L4xx_HAL_Driver/Src/stm32l4xx_hal.o
 .debug_macro   0x00001307      0xe66 Drivers/STM32L4xx_HAL_Driver/Src/stm32l4xx_hal.o
 .debug_macro   0x0000216d    0x1cb6e Drivers/STM32L4xx_HAL_Driver/Src/stm32l4xx_hal.o
 .debug_macro   0x0001ecdb       0x43 Drivers/STM32L4xx_HAL_Driver/Src/stm32l4xx_hal.o
 .debug_macro   0x0001ed1e     0x36a8 Drivers/STM32L4xx_HAL_Driver/Src/stm32l4xx_hal.o
 .debug_macro   0x000223c6       0x58 Drivers/STM32L4xx_HAL_Driver/Src/stm32l4xx_hal.o
 .debug_macro   0x0002241e       0x35 Drivers/STM32L4xx_HAL_Driver/Src/stm32l4xx_hal.o
 .debug_macro   0x00022453       0x9c Drivers/STM32L4xx_HAL_Driver/Src/stm32l4xx_hal.o
 .debug_macro   0x000224ef       0x16 Drivers/STM32L4xx_HAL_Driver/Src/stm32l4xx_hal.o
 .debug_macro   0x00022505       0x97 Drivers/STM32L4xx_HAL_Driver/Src/stm32l4xx_hal.o
 .debug_macro   0x0002259c      0x330 Drivers/STM32L4xx_HAL_Driver/Src/stm32l4xx_hal.o
 .debug_macro   0x000228cc       0xfd Drivers/STM32L4xx_HAL_Driver/Src/stm32l4xx_hal.o
 .debug_macro   0x000229c9       0x10 Drivers/STM32L4xx_HAL_Driver/Src/stm32l4xx_hal.o
 .debug_macro   0x000229d9       0x58 Drivers/STM32L4xx_HAL_Driver/Src/stm32l4xx_hal.o
 .debug_macro   0x00022a31       0x1f Drivers/STM32L4xx_HAL_Driver/Src/stm32l4xx_hal.o
 .debug_macro   0x00022a50       0x43 Drivers/STM32L4xx_HAL_Driver/Src/stm32l4xx_hal.o
 .debug_macro   0x00022a93       0x20 Drivers/STM32L4xx_HAL_Driver/Src/stm32l4xx_hal.o
 .debug_macro   0x00022ab3      0x187 Drivers/STM32L4xx_HAL_Driver/Src/stm32l4xx_hal.o
 .debug_macro   0x00022c3a       0x10 Drivers/STM32L4xx_HAL_Driver/Src/stm32l4xx_hal.o
 .debug_macro   0x00022c4a       0x1c Drivers/STM32L4xx_HAL_Driver/Src/stm32l4xx_hal.o
 .debug_macro   0x00022c66       0x52 Drivers/STM32L4xx_HAL_Driver/Src/stm32l4xx_hal.o
 .debug_macro   0x00022cb8       0x40 Drivers/STM32L4xx_HAL_Driver/Src/stm32l4xx_hal.o
 .debug_macro   0x00022cf8       0x10 Drivers/STM32L4xx_HAL_Driver/Src/stm32l4xx_hal.o
 .debug_macro   0x00022d08       0x40 Drivers/STM32L4xx_HAL_Driver/Src/stm32l4xx_hal.o
 .debug_macro   0x00022d48       0xd7 Drivers/STM32L4xx_HAL_Driver/Src/stm32l4xx_hal.o
 .debug_macro   0x00022e1f       0x16 Drivers/STM32L4xx_HAL_Driver/Src/stm32l4xx_hal.o
 .debug_macro   0x00022e35      0x18b Drivers/STM32L4xx_HAL_Driver/Src/stm32l4xx_hal.o
 .debug_macro   0x00022fc0       0x50 Drivers/STM32L4xx_HAL_Driver/Src/stm32l4xx_hal.o
 .debug_macro   0x00023010     0x1814 Drivers/STM32L4xx_HAL_Driver/Src/stm32l4xx_hal.o
 .debug_macro   0x00024824      0x7ce Drivers/STM32L4xx_HAL_Driver/Src/stm32l4xx_hal.o
 .debug_macro   0x00024ff2      0x148 Drivers/STM32L4xx_HAL_Driver/Src/stm32l4xx_hal.o
 .debug_macro   0x0002513a      0x21e Drivers/STM32L4xx_HAL_Driver/Src/stm32l4xx_hal.o
 .debug_macro   0x00025358      0x486 Drivers/STM32L4xx_HAL_Driver/Src/stm32l4xx_hal.o
 .debug_macro   0x000257de      0x1de Drivers/STM32L4xx_HAL_Driver/Src/stm32l4xx_hal.o
 .debug_macro   0x000259bc       0x43 Drivers/STM32L4xx_HAL_Driver/Src/stm32l4xx_hal.o
 .debug_macro   0x000259ff      0x23a Drivers/STM32L4xx_HAL_Driver/Src/stm32l4xx_hal.o
 .debug_macro   0x00025c39      0x401 Drivers/STM32L4xx_HAL_Driver/Src/stm32l4xx_hal.o
 .debug_macro   0x0002603a       0x1c Drivers/STM32L4xx_HAL_Driver/Src/stm32l4xx_hal.o
 .debug_macro   0x00026056       0x10 Drivers/STM32L4xx_HAL_Driver/Src/stm32l4xx_hal.o
 .debug_macro   0x00026066      0x100 Drivers/STM32L4xx_HAL_Driver/Src/stm32l4xx_hal.o
 .debug_macro   0x00026166      0x202 Drivers/STM32L4xx_HAL_Driver/Src/stm32l4xx_hal.o
 .debug_macro   0x00026368       0x61 Drivers/STM32L4xx_HAL_Driver/Src/stm32l4xx_hal.o
 .debug_macro   0x000263c9       0x90 Drivers/STM32L4xx_HAL_Driver/Src/stm32l4xx_hal.o
 .debug_macro   0x00026459      0x126 Drivers/STM32L4xx_HAL_Driver/Src/stm32l4xx_hal.o
 .debug_macro   0x0002657f      0x3e9 Drivers/STM32L4xx_HAL_Driver/Src/stm32l4xx_hal.o
 .debug_macro   0x00026968      0x9f0 Drivers/STM32L4xx_HAL_Driver/Src/stm32l4xx_hal.o
 .debug_macro   0x00027358      0x19d Drivers/STM32L4xx_HAL_Driver/Src/stm32l4xx_hal.o
 .debug_macro   0x000274f5      0x5e4 Drivers/STM32L4xx_HAL_Driver/Src/stm32l4xx_hal.o
 .debug_macro   0x00027ad9       0xcf Drivers/STM32L4xx_HAL_Driver/Src/stm32l4xx_hal.o
 .debug_macro   0x00027ba8      0x1d1 Drivers/STM32L4xx_HAL_Driver/Src/stm32l4xx_hal.o
 .debug_macro   0x00027d79       0xa5 Drivers/STM32L4xx_HAL_Driver/Src/stm32l4xx_hal.o
 .debug_macro   0x00027e1e      0x427 Drivers/STM32L4xx_HAL_Driver/Src/stm32l4xx_hal.o
 .debug_macro   0x00028245      0x35a Drivers/STM32L4xx_HAL_Driver/Src/stm32l4xx_hal_cortex.o
 .debug_macro   0x0002859f      0x35a Drivers/STM32L4xx_HAL_Driver/Src/stm32l4xx_hal_dma.o
 .debug_macro   0x000288f9      0x399 Drivers/STM32L4xx_HAL_Driver/Src/stm32l4xx_hal_gpio.o
 .debug_macro   0x00028c92      0x372 Drivers/STM32L4xx_HAL_Driver/Src/stm32l4xx_hal_pcd.o
 .debug_macro   0x00029004      0x35a Drivers/STM32L4xx_HAL_Driver/Src/stm32l4xx_hal_pcd_ex.o
 .debug_macro   0x0002935e      0x384 Drivers/STM32L4xx_HAL_Driver/Src/stm32l4xx_hal_pwr_ex.o
 .debug_macro   0x000296e2      0x39c Drivers/STM32L4xx_HAL_Driver/Src/stm32l4xx_hal_rcc.o
 .debug_macro   0x00029a7e      0x390 Drivers/STM32L4xx_HAL_Driver/Src/stm32l4xx_hal_rcc_ex.o
 .debug_macro   0x00029e0e      0x35a Drivers/STM32L4xx_HAL_Driver/Src/stm32l4xx_hal_tim.o
 .debug_macro   0x0002a168      0x36c Drivers/STM32L4xx_HAL_Driver/Src/stm32l4xx_hal_tim_ex.o
 .debug_macro   0x0002a4d4      0x383 Drivers/STM32L4xx_HAL_Driver/Src/stm32l4xx_hal_uart.o
 .debug_macro   0x0002a857      0x35a Drivers/STM32L4xx_HAL_Driver/Src/stm32l4xx_hal_uart_ex.o
 .debug_macro   0x0002abb1      0x361 Drivers/STM32L4xx_HAL_Driver/Src/stm32l4xx_ll_usb.o
 .debug_macro   0x0002af12      0x457 Middlewares/Third_Party/FreeRTOS/Source/CMSIS_RTOS/cmsis_os.o
 .debug_macro   0x0002b369       0x52 Middlewares/Third_Party/FreeRTOS/Source/CMSIS_RTOS/cmsis_os.o
 .debug_macro   0x0002b3bb       0x8d Middlewares/Third_Party/FreeRTOS/Source/CMSIS_RTOS/cmsis_os.o
 .debug_macro   0x0002b448      0x174 Middlewares/Third_Party/FreeRTOS/Source/CMSIS_RTOS/cmsis_os.o
 .debug_macro   0x0002b5bc       0x57 Middlewares/Third_Party/FreeRTOS/Source/CMSIS_RTOS/cmsis_os.o
 .debug_macro   0x0002b613       0x10 Middlewares/Third_Party/FreeRTOS/Source/CMSIS_RTOS/cmsis_os.o
 .debug_macro   0x0002b623       0x35 Middlewares/Third_Party/FreeRTOS/Source/CMSIS_RTOS/cmsis_os.o
 .debug_macro   0x0002b658       0xa0 Middlewares/Third_Party/FreeRTOS/Source/CMSIS_RTOS/cmsis_os.o
 .debug_macro   0x0002b6f8       0x10 Middlewares/Third_Party/FreeRTOS/Source/CMSIS_RTOS/cmsis_os.o
 .debug_macro   0x0002b708       0xc0 Middlewares/Third_Party/FreeRTOS/Source/CMSIS_RTOS/cmsis_os.o
 .debug_macro   0x0002b7c8       0x3b Middlewares/Third_Party/FreeRTOS/Source/CMSIS_RTOS/cmsis_os.o
 .debug_macro   0x0002b803       0x1c Middlewares/Third_Party/FreeRTOS/Source/CMSIS_RTOS/cmsis_os.o
 .debug_macro   0x0002b81f       0x22 Middlewares/Third_Party/FreeRTOS/Source/CMSIS_RTOS/cmsis_os.o
 .debug_macro   0x0002b841      0x222 Middlewares/Third_Party/FreeRTOS/Source/CMSIS_RTOS/cmsis_os.o
 .debug_macro   0x0002ba63       0x3c Middlewares/Third_Party/FreeRTOS/Source/CMSIS_RTOS/cmsis_os.o
 .debug_macro   0x0002ba9f      0x168 Middlewares/Third_Party/FreeRTOS/Source/CMSIS_RTOS/cmsis_os.o
 .debug_macro   0x0002bc07       0xe4 Middlewares/Third_Party/FreeRTOS/Source/CMSIS_RTOS/cmsis_os.o
 .debug_macro   0x0002bceb       0x10 Middlewares/Third_Party/FreeRTOS/Source/CMSIS_RTOS/cmsis_os.o
 .debug_macro   0x0002bcfb       0x26 Middlewares/Third_Party/FreeRTOS/Source/CMSIS_RTOS/cmsis_os.o
 .debug_macro   0x0002bd21      0x1fb Middlewares/Third_Party/FreeRTOS/Source/CMSIS_RTOS/cmsis_os.o
 .debug_macro   0x0002bf1c       0xc0 Middlewares/Third_Party/FreeRTOS/Source/CMSIS_RTOS/cmsis_os.o
 .debug_macro   0x0002bfdc       0x8c Middlewares/Third_Party/FreeRTOS/Source/CMSIS_RTOS/cmsis_os.o
 .debug_macro   0x0002c068       0x91 Middlewares/Third_Party/FreeRTOS/Source/CMSIS_RTOS/cmsis_os.o
 .debug_macro   0x0002c0f9       0x94 Middlewares/Third_Party/FreeRTOS/Source/CMSIS_RTOS/cmsis_os.o
 .debug_macro   0x0002c18d       0x63 Middlewares/Third_Party/FreeRTOS/Source/CMSIS_RTOS/cmsis_os.o
 .debug_macro   0x0002c1f0       0xcf Middlewares/Third_Party/FreeRTOS/Source/CMSIS_RTOS/cmsis_os.o
 .debug_macro   0x0002c2bf      0x3f2 Middlewares/Third_Party/FreeRTOS/Source/list.o
 .debug_macro   0x0002c6b1      0x46e Middlewares/Third_Party/FreeRTOS/Source/queue.o
 .debug_macro   0x0002cb1f       0x16 Middlewares/Third_Party/FreeRTOS/Source/queue.o
 .debug_macro   0x0002cb35      0x4d1 Middlewares/Third_Party/FreeRTOS/Source/tasks.o
 .debug_macro   0x0002d006       0x11 Middlewares/Third_Party/FreeRTOS/Source/tasks.o
 .debug_macro   0x0002d017      0x4a6 Middlewares/Third_Party/FreeRTOS/Source/portable/GCC/ARM_CM4F/port.o
 .debug_macro   0x0002d4bd      0x419 Middlewares/Third_Party/FreeRTOS/Source/portable/MemMang/heap_4.o
 .debug_macro   0x0002d8d6      0x475 Src/main.o
 .debug_macro   0x0002dd4b       0xa6 Src/main.o
 .debug_macro   0x0002ddf1      0x101 Src/main.o
 .debug_macro   0x0002def2       0x6c Src/selfFIFO.o
 .debug_macro   0x0002df5e      0x35a Src/stm32l4xx_hal_msp.o
 .debug_macro   0x0002e2b8      0x35a Src/stm32l4xx_hal_timebase_TIM.o
 .debug_macro   0x0002e612      0x43c Src/stm32l4xx_it.o
 .debug_macro   0x0002ea4e      0x393 Src/stm32l4xx_nucleo_144.o
 .debug_macro   0x0002ede1       0xfb Src/stm32l4xx_nucleo_144.o
 .debug_macro   0x0002eedc      0x361 Src/system_stm32l4xx.o

.debug_line     0x00000000    0x16f74
 .debug_line    0x00000000      0xb55 Drivers/STM32L4xx_HAL_Driver/Src/stm32l4xx_hal.o
 .debug_line    0x00000b55      0xb1f Drivers/STM32L4xx_HAL_Driver/Src/stm32l4xx_hal_cortex.o
 .debug_line    0x00001674      0xbcb Drivers/STM32L4xx_HAL_Driver/Src/stm32l4xx_hal_dma.o
 .debug_line    0x0000223f      0xa93 Drivers/STM32L4xx_HAL_Driver/Src/stm32l4xx_hal_gpio.o
 .debug_line    0x00002cd2      0xe47 Drivers/STM32L4xx_HAL_Driver/Src/stm32l4xx_hal_pcd.o
 .debug_line    0x00003b19      0x9f5 Drivers/STM32L4xx_HAL_Driver/Src/stm32l4xx_hal_pcd_ex.o
 .debug_line    0x0000450e      0xdf9 Drivers/STM32L4xx_HAL_Driver/Src/stm32l4xx_hal_pwr_ex.o
 .debug_line    0x00005307      0xcb5 Drivers/STM32L4xx_HAL_Driver/Src/stm32l4xx_hal_rcc.o
 .debug_line    0x00005fbc     0x1109 Drivers/STM32L4xx_HAL_Driver/Src/stm32l4xx_hal_rcc_ex.o
 .debug_line    0x000070c5     0x1bd8 Drivers/STM32L4xx_HAL_Driver/Src/stm32l4xx_hal_tim.o
 .debug_line    0x00008c9d      0xf97 Drivers/STM32L4xx_HAL_Driver/Src/stm32l4xx_hal_tim_ex.o
 .debug_line    0x00009c34     0x15bc Drivers/STM32L4xx_HAL_Driver/Src/stm32l4xx_hal_uart.o
 .debug_line    0x0000b1f0      0xc99 Drivers/STM32L4xx_HAL_Driver/Src/stm32l4xx_hal_uart_ex.o
 .debug_line    0x0000be89      0xef7 Drivers/STM32L4xx_HAL_Driver/Src/stm32l4xx_ll_usb.o
 .debug_line    0x0000cd80     0x1150 Middlewares/Third_Party/FreeRTOS/Source/CMSIS_RTOS/cmsis_os.o
 .debug_line    0x0000ded0      0xb4b Middlewares/Third_Party/FreeRTOS/Source/list.o
 .debug_line    0x0000ea1b     0x1109 Middlewares/Third_Party/FreeRTOS/Source/queue.o
 .debug_line    0x0000fb24     0x1770 Middlewares/Third_Party/FreeRTOS/Source/tasks.o
 .debug_line    0x00011294      0xc33 Middlewares/Third_Party/FreeRTOS/Source/portable/GCC/ARM_CM4F/port.o
 .debug_line    0x00011ec7      0xbfd Middlewares/Third_Party/FreeRTOS/Source/portable/MemMang/heap_4.o
 .debug_line    0x00012ac4      0xe4a Src/main.o
 .debug_line    0x0001390e      0x391 Src/selfFIFO.o
 .debug_line    0x00013c9f      0x9fb Src/stm32l4xx_hal_msp.o
 .debug_line    0x0001469a      0x942 Src/stm32l4xx_hal_timebase_TIM.o
 .debug_line    0x00014fdc      0xbf3 Src/stm32l4xx_it.o
 .debug_line    0x00015bcf      0x9db Src/stm32l4xx_nucleo_144.o
 .debug_line    0x000165aa      0x94b Src/system_stm32l4xx.o
 .debug_line    0x00016ef5       0x7f startup/startup_stm32l4r5xx.o

.debug_str      0x00000000   0x10dbd5
 .debug_str     0x00000000    0xfdca7 Drivers/STM32L4xx_HAL_Driver/Src/stm32l4xx_hal.o
                              0xfe16f (size before relaxing)
 .debug_str     0x000fdca7      0x39e Drivers/STM32L4xx_HAL_Driver/Src/stm32l4xx_hal_cortex.o
                              0xfde7b (size before relaxing)
 .debug_str     0x000fe045      0x562 Drivers/STM32L4xx_HAL_Driver/Src/stm32l4xx_hal_dma.o
                              0xfd9f3 (size before relaxing)
 .debug_str     0x000fe5a7      0x2fc Drivers/STM32L4xx_HAL_Driver/Src/stm32l4xx_hal_gpio.o
                              0xfd8d1 (size before relaxing)
 .debug_str     0x000fe8a3      0xb35 Drivers/STM32L4xx_HAL_Driver/Src/stm32l4xx_hal_pcd.o
                              0xfdff3 (size before relaxing)
 .debug_str     0x000ff3d8      0x171 Drivers/STM32L4xx_HAL_Driver/Src/stm32l4xx_hal_pcd_ex.o
                              0xfdae9 (size before relaxing)
 .debug_str     0x000ff549      0x578 Drivers/STM32L4xx_HAL_Driver/Src/stm32l4xx_hal_pwr_ex.o
                              0xfdbe4 (size before relaxing)
 .debug_str     0x000ffac1      0x516 Drivers/STM32L4xx_HAL_Driver/Src/stm32l4xx_hal_rcc.o
                              0xfdc04 (size before relaxing)
 .debug_str     0x000fffd7      0x818 Drivers/STM32L4xx_HAL_Driver/Src/stm32l4xx_hal_rcc_ex.o
                              0xfdfee (size before relaxing)
 .debug_str     0x001007ef      0xeec Drivers/STM32L4xx_HAL_Driver/Src/stm32l4xx_hal_tim.o
                              0xfe6f0 (size before relaxing)
 .debug_str     0x001016db      0x65b Drivers/STM32L4xx_HAL_Driver/Src/stm32l4xx_hal_tim_ex.o
                              0xfe122 (size before relaxing)
 .debug_str     0x00101d36      0xbd7 Drivers/STM32L4xx_HAL_Driver/Src/stm32l4xx_hal_uart.o
                              0xfe54e (size before relaxing)
 .debug_str     0x0010290d      0x27d Drivers/STM32L4xx_HAL_Driver/Src/stm32l4xx_hal_uart_ex.o
                              0xfdd83 (size before relaxing)
 .debug_str     0x00102b8a      0x3e2 Drivers/STM32L4xx_HAL_Driver/Src/stm32l4xx_ll_usb.o
                              0xfde50 (size before relaxing)
 .debug_str     0x00102f6c     0x746c Middlewares/Third_Party/FreeRTOS/Source/CMSIS_RTOS/cmsis_os.o
                             0x1051ae (size before relaxing)
 .debug_str     0x0010a3d8      0x234 Middlewares/Third_Party/FreeRTOS/Source/list.o
                             0x102696 (size before relaxing)
 .debug_str     0x0010a60c      0xcb3 Middlewares/Third_Party/FreeRTOS/Source/queue.o
                             0x1042f3 (size before relaxing)
 .debug_str     0x0010b2bf     0x1111 Middlewares/Third_Party/FreeRTOS/Source/tasks.o
                             0x104ef3 (size before relaxing)
 .debug_str     0x0010c3d0      0x77c Middlewares/Third_Party/FreeRTOS/Source/portable/GCC/ARM_CM4F/port.o
                             0x1032c9 (size before relaxing)
 .debug_str     0x0010cb4c      0x243 Middlewares/Third_Party/FreeRTOS/Source/portable/MemMang/heap_4.o
                             0x102dc4 (size before relaxing)
 .debug_str     0x0010cd8f      0x9b7 Src/main.o
                             0x106340 (size before relaxing)
 .debug_str     0x0010d746       0x1d Src/selfFIFO.o
                               0x355b (size before relaxing)
 .debug_str     0x0010d763       0x1b Src/stm32l4xx_hal_msp.o
                              0xfe519 (size before relaxing)
 .debug_str     0x0010d77e       0x5b Src/stm32l4xx_hal_timebase_TIM.o
                              0xfe0ff (size before relaxing)
 .debug_str     0x0010d7d9       0xe2 Src/stm32l4xx_it.o
                             0x1046bd (size before relaxing)
 .debug_str     0x0010d8bb      0x2ca Src/stm32l4xx_nucleo_144.o
                              0xfe572 (size before relaxing)
 .debug_str     0x0010db85       0x50 Src/system_stm32l4xx.o
                              0xfd609 (size before relaxing)

.comment        0x00000000       0x7f
 .comment       0x00000000       0x7f Drivers/STM32L4xx_HAL_Driver/Src/stm32l4xx_hal.o
                                 0x80 (size before relaxing)
 .comment       0x0000007f       0x80 Drivers/STM32L4xx_HAL_Driver/Src/stm32l4xx_hal_cortex.o