Archive member included to satisfy reference by file (symbol)

c:/users/jonaspc/stmicroelectronics/baremetal/plugins/fr.ac6.mcu.externaltools.arm-none.win32_1.15.0.201708311556/tools/compiler/bin/../lib/gcc/arm-none-eabi/6.3.1/thumb/v7e-m/fpv5/hard\libgcc.a(_aeabi_uldivmod.o)
                              Drivers/STM32F7xx_HAL_Driver/Src/stm32f7xx_hal_rcc.o (__aeabi_uldivmod)
c:/users/jonaspc/stmicroelectronics/baremetal/plugins/fr.ac6.mcu.externaltools.arm-none.win32_1.15.0.201708311556/tools/compiler/bin/../lib/gcc/arm-none-eabi/6.3.1/thumb/v7e-m/fpv5/hard\libgcc.a(_udivmoddi4.o)
                              c:/users/jonaspc/stmicroelectronics/baremetal/plugins/fr.ac6.mcu.externaltools.arm-none.win32_1.15.0.201708311556/tools/compiler/bin/../lib/gcc/arm-none-eabi/6.3.1/thumb/v7e-m/fpv5/hard\libgcc.a(_aeabi_uldivmod.o) (__udivmoddi4)
c:/users/jonaspc/stmicroelectronics/baremetal/plugins/fr.ac6.mcu.externaltools.arm-none.win32_1.15.0.201708311556/tools/compiler/bin/../lib/gcc/arm-none-eabi/6.3.1/thumb/v7e-m/fpv5/hard\libgcc.a(_dvmd_tls.o)
                              c:/users/jonaspc/stmicroelectronics/baremetal/plugins/fr.ac6.mcu.externaltools.arm-none.win32_1.15.0.201708311556/tools/compiler/bin/../lib/gcc/arm-none-eabi/6.3.1/thumb/v7e-m/fpv5/hard\libgcc.a(_aeabi_uldivmod.o) (__aeabi_ldiv0)
c:/users/jonaspc/stmicroelectronics/baremetal/plugins/fr.ac6.mcu.externaltools.arm-none.win32_1.15.0.201708311556/tools/compiler/bin/../lib/gcc/arm-none-eabi/6.3.1/../../../../arm-none-eabi/lib/thumb/v7e-m/fpv5/hard\libc_nano.a(lib_a-exit.o)
                              c:/users/jonaspc/stmicroelectronics/baremetal/plugins/fr.ac6.mcu.externaltools.arm-none.win32_1.15.0.201708311556/tools/compiler/bin/../lib/gcc/arm-none-eabi/6.3.1/../../../../arm-none-eabi/lib/thumb/v7e-m/fpv5/hard/crt0.o (exit)
c:/users/jonaspc/stmicroelectronics/baremetal/plugins/fr.ac6.mcu.externaltools.arm-none.win32_1.15.0.201708311556/tools/compiler/bin/../lib/gcc/arm-none-eabi/6.3.1/../../../../arm-none-eabi/lib/thumb/v7e-m/fpv5/hard\libc_nano.a(lib_a-impure.o)
                              c:/users/jonaspc/stmicroelectronics/baremetal/plugins/fr.ac6.mcu.externaltools.arm-none.win32_1.15.0.201708311556/tools/compiler/bin/../lib/gcc/arm-none-eabi/6.3.1/../../../../arm-none-eabi/lib/thumb/v7e-m/fpv5/hard\libc_nano.a(lib_a-exit.o) (_global_impure_ptr)
c:/users/jonaspc/stmicroelectronics/baremetal/plugins/fr.ac6.mcu.externaltools.arm-none.win32_1.15.0.201708311556/tools/compiler/bin/../lib/gcc/arm-none-eabi/6.3.1/../../../../arm-none-eabi/lib/thumb/v7e-m/fpv5/hard\libc_nano.a(lib_a-init.o)
                              c:/users/jonaspc/stmicroelectronics/baremetal/plugins/fr.ac6.mcu.externaltools.arm-none.win32_1.15.0.201708311556/tools/compiler/bin/../lib/gcc/arm-none-eabi/6.3.1/../../../../arm-none-eabi/lib/thumb/v7e-m/fpv5/hard/crt0.o (__libc_init_array)
c:/users/jonaspc/stmicroelectronics/baremetal/plugins/fr.ac6.mcu.externaltools.arm-none.win32_1.15.0.201708311556/tools/compiler/bin/../lib/gcc/arm-none-eabi/6.3.1/../../../../arm-none-eabi/lib/thumb/v7e-m/fpv5/hard\libc_nano.a(lib_a-memcpy-stub.o)
                              Middlewares/Third_Party/FreeRTOS/Source/queue.o (memcpy)
c:/users/jonaspc/stmicroelectronics/baremetal/plugins/fr.ac6.mcu.externaltools.arm-none.win32_1.15.0.201708311556/tools/compiler/bin/../lib/gcc/arm-none-eabi/6.3.1/../../../../arm-none-eabi/lib/thumb/v7e-m/fpv5/hard\libc_nano.a(lib_a-memset.o)
                              c:/users/jonaspc/stmicroelectronics/baremetal/plugins/fr.ac6.mcu.externaltools.arm-none.win32_1.15.0.201708311556/tools/compiler/bin/../lib/gcc/arm-none-eabi/6.3.1/../../../../arm-none-eabi/lib/thumb/v7e-m/fpv5/hard/crt0.o (memset)
c:/users/jonaspc/stmicroelectronics/baremetal/plugins/fr.ac6.mcu.externaltools.arm-none.win32_1.15.0.201708311556/tools/compiler/bin/../lib/gcc/arm-none-eabi/6.3.1/../../../../arm-none-eabi/lib/thumb/v7e-m/fpv5/hard\libc_nano.a(lib_a-rand.o)
                              Src/main.o (rand)
c:/users/jonaspc/stmicroelectronics/baremetal/plugins/fr.ac6.mcu.externaltools.arm-none.win32_1.15.0.201708311556/tools/compiler/bin/../lib/gcc/arm-none-eabi/6.3.1/../../../../arm-none-eabi/lib/thumb/v7e-m/fpv5/hard\libc_nano.a(lib_a-strlen.o)
                              Middlewares/Third_Party/FreeRTOS/Source/tasks.o (strlen)
c:/users/jonaspc/stmicroelectronics/baremetal/plugins/fr.ac6.mcu.externaltools.arm-none.win32_1.15.0.201708311556/tools/compiler/bin/../lib/gcc/arm-none-eabi/6.3.1/../../../../arm-none-eabi/lib/thumb/v7e-m/fpv5/hard\libc_nano.a(lib_a-malloc.o)
                              c:/users/jonaspc/stmicroelectronics/baremetal/plugins/fr.ac6.mcu.externaltools.arm-none.win32_1.15.0.201708311556/tools/compiler/bin/../lib/gcc/arm-none-eabi/6.3.1/../../../../arm-none-eabi/lib/thumb/v7e-m/fpv5/hard\libc_nano.a(lib_a-rand.o) (malloc)
[...]
Memory Configuration

Name             Origin             Length             Attributes
RAM              0x20000000         0x00080000         xrw
FLASH            0x08000000         0x00200000         xr
*default*        0x00000000         0xffffffff

Linker script and memory map

LOAD c:/users/jonaspc/stmicroelectronics/baremetal/plugins/fr.ac6.mcu.externaltools.arm-none.win32_1.15.0.201708311556/tools/compiler/bin/../lib/gcc/arm-none-eabi/6.3.1/thumb/v7e-m/fpv5/hard/crti.o
LOAD c:/users/jonaspc/stmicroelectronics/baremetal/plugins/fr.ac6.mcu.externaltools.arm-none.win32_1.15.0.201708311556/tools/compiler/bin/../lib/gcc/arm-none-eabi/6.3.1/thumb/v7e-m/fpv5/hard/crtbegin.o
LOAD c:/users/jonaspc/stmicroelectronics/baremetal/plugins/fr.ac6.mcu.externaltools.arm-none.win32_1.15.0.201708311556/tools/compiler/bin/../lib/gcc/arm-none-eabi/6.3.1/../../../../arm-none-eabi/lib/thumb/v7e-m/fpv5/hard/crt0.o
LOAD Drivers/STM32F7xx_HAL_Driver/Src/stm32f7xx_hal.o
LOAD Drivers/STM32F7xx_HAL_Driver/Src/stm32f7xx_hal_cortex.o
LOAD Drivers/STM32F7xx_HAL_Driver/Src/stm32f7xx_hal_dma.o
LOAD Drivers/STM32F7xx_HAL_Driver/Src/stm32f7xx_hal_dma_ex.o
LOAD Drivers/STM32F7xx_HAL_Driver/Src/stm32f7xx_hal_eth.o
LOAD Drivers/STM32F7xx_HAL_Driver/Src/stm32f7xx_hal_flash.o
LOAD Drivers/STM32F7xx_HAL_Driver/Src/stm32f7xx_hal_flash_ex.o
LOAD Drivers/STM32F7xx_HAL_Driver/Src/stm32f7xx_hal_gpio.o
LOAD Drivers/STM32F7xx_HAL_Driver/Src/stm32f7xx_hal_i2c.o
LOAD Drivers/STM32F7xx_HAL_Driver/Src/stm32f7xx_hal_i2c_ex.o
LOAD Drivers/STM32F7xx_HAL_Driver/Src/stm32f7xx_hal_pcd.o
LOAD Drivers/STM32F7xx_HAL_Driver/Src/stm32f7xx_hal_pcd_ex.o
LOAD Drivers/STM32F7xx_HAL_Driver/Src/stm32f7xx_hal_pwr.o
LOAD Drivers/STM32F7xx_HAL_Driver/Src/stm32f7xx_hal_pwr_ex.o
LOAD Drivers/STM32F7xx_HAL_Driver/Src/stm32f7xx_hal_rcc.o
LOAD Drivers/STM32F7xx_HAL_Driver/Src/stm32f7xx_hal_rcc_ex.o
LOAD Drivers/STM32F7xx_HAL_Driver/Src/stm32f7xx_hal_tim.o
LOAD Drivers/STM32F7xx_HAL_Driver/Src/stm32f7xx_hal_tim_ex.o
LOAD Drivers/STM32F7xx_HAL_Driver/Src/stm32f7xx_hal_uart.o
LOAD Drivers/STM32F7xx_HAL_Driver/Src/stm32f7xx_ll_usb.o
LOAD Middlewares/Third_Party/FreeRTOS/Source/CMSIS_RTOS/cmsis_os.o
LOAD Middlewares/Third_Party/FreeRTOS/Source/croutine.o
LOAD Middlewares/Third_Party/FreeRTOS/Source/event_groups.o
LOAD Middlewares/Third_Party/FreeRTOS/Source/list.o
LOAD Middlewares/Third_Party/FreeRTOS/Source/queue.o
LOAD Middlewares/Third_Party/FreeRTOS/Source/tasks.o
LOAD Middlewares/Third_Party/FreeRTOS/Source/timers.o
LOAD Middlewares/Third_Party/FreeRTOS/Source/portable/GCC/ARM_CM7/r0p1/port.o
LOAD Middlewares/Third_Party/FreeRTOS/Source/portable/MemMang/heap_4.o
LOAD Src/freertos.o
LOAD Src/main.o
LOAD Src/selfFIFO.o
LOAD Src/stm32f7xx_hal_msp.o
LOAD Src/stm32f7xx_hal_timebase_TIM.o
LOAD Src/stm32f7xx_it.o
LOAD Src/stm32f7xx_nucleo_144.o
LOAD Src/system_stm32f7xx.o
LOAD startup/startup_stm32f767xx.o
LOAD c:/users/jonaspc/stmicroelectronics/baremetal/plugins/fr.ac6.mcu.externaltools.arm-none.win32_1.15.0.201708311556/tools/compiler/bin/../lib/gcc/arm-none-eabi/6.3.1/../../../../arm-none-eabi/lib/thumb/v7e-m/fpv5/hard\libm.a
START GROUP
LOAD c:/users/jonaspc/stmicroelectronics/baremetal/plugins/fr.ac6.mcu.externaltools.arm-none.win32_1.15.0.201708311556/tools/compiler/bin/../lib/gcc/arm-none-eabi/6.3.1/thumb/v7e-m/fpv5/hard\libgcc.a
LOAD c:/users/jonaspc/stmicroelectronics/baremetal/plugins/fr.ac6.mcu.externaltools.arm-none.win32_1.15.0.201708311556/tools/compiler/bin/../lib/gcc/arm-none-eabi/6.3.1/../../../../arm-none-eabi/lib/thumb/v7e-m/fpv5/hard\libc_nano.a
END GROUP
START GROUP
LOAD c:/users/jonaspc/stmicroelectronics/baremetal/plugins/fr.ac6.mcu.externaltools.arm-none.win32_1.15.0.201708311556/tools/compiler/bin/../lib/gcc/arm-none-eabi/6.3.1/thumb/v7e-m/fpv5/hard\libgcc.a
LOAD c:/users/jonaspc/stmicroelectronics/baremetal/plugins/fr.ac6.mcu.externaltools.arm-none.win32_1.15.0.201708311556/tools/compiler/bin/../lib/gcc/arm-none-eabi/6.3.1/../../../../arm-none-eabi/lib/thumb/v7e-m/fpv5/hard\libc_nano.a
LOAD c:/users/jonaspc/stmicroelectronics/baremetal/plugins/fr.ac6.mcu.externaltools.arm-none.win32_1.15.0.201708311556/tools/compiler/bin/../lib/gcc/arm-none-eabi/6.3.1/../../../../arm-none-eabi/lib/thumb/v7e-m/fpv5/hard\libnosys.a
END GROUP
START GROUP
LOAD c:/users/jonaspc/stmicroelectronics/baremetal/plugins/fr.ac6.mcu.externaltools.arm-none.win32_1.15.0.201708311556/tools/compiler/bin/../lib/gcc/arm-none-eabi/6.3.1/thumb/v7e-m/fpv5/hard\libgcc.a
LOAD c:/users/jonaspc/stmicroelectronics/baremetal/plugins/fr.ac6.mcu.externaltools.arm-none.win32_1.15.0.201708311556/tools/compiler/bin/../lib/gcc/arm-none-eabi/6.3.1/../../../../arm-none-eabi/lib/thumb/v7e-m/fpv5/hard\libc_nano.a
LOAD c:/users/jonaspc/stmicroelectronics/baremetal/plugins/fr.ac6.mcu.externaltools.arm-none.win32_1.15.0.201708311556/tools/compiler/bin/../lib/gcc/arm-none-eabi/6.3.1/../../../../arm-none-eabi/lib/thumb/v7e-m/fpv5/hard\libnosys.a
END GROUP
LOAD c:/users/jonaspc/stmicroelectronics/baremetal/plugins/fr.ac6.mcu.externaltools.arm-none.win32_1.15.0.201708311556/tools/compiler/bin/../lib/gcc/arm-none-eabi/6.3.1/thumb/v7e-m/fpv5/hard/crtend.o
LOAD c:/users/jonaspc/stmicroelectronics/baremetal/plugins/fr.ac6.mcu.externaltools.arm-none.win32_1.15.0.201708311556/tools/compiler/bin/../lib/gcc/arm-none-eabi/6.3.1/thumb/v7e-m/fpv5/hard/crtn.o
                0x20080000                _estack = 0x20080000
                0x00000200                _Min_Heap_Size = 0x200
                0x00000400                _Min_Stack_Size = 0x400

.isr_vector     0x08000000      0x1f8
                0x08000000                . = ALIGN (0x4)
 *(.isr_vector)
 .isr_vector    0x08000000      0x1f8 startup/startup_stm32f767xx.o
                0x08000000                g_pfnVectors
                0x080001f8                . = ALIGN (0x4)

.text           0x08000200     0x586c
                0x08000200                . = ALIGN (0x4)
 *(.text)
 .text          0x08000200       0x6c c:/users/jonaspc/stmicroelectronics/baremetal/plugins/fr.ac6.mcu.externaltools.arm-none.win32_1.15.0.201708311556/tools/compiler/bin/../lib/gcc/arm-none-eabi/6.3.1/thumb/v7e-m/fpv5/hard/crtbegin.o
 .text          0x0800026c       0x30 c:/users/jonaspc/stmicroelectronics/baremetal/plugins/fr.ac6.mcu.externaltools.arm-none.win32_1.15.0.201708311556/tools/compiler/bin/../lib/gcc/arm-none-eabi/6.3.1/thumb/v7e-m/fpv5/hard\libgcc.a(_aeabi_uldivmod.o)
                0x0800026c                __aeabi_uldivmod
 .text          0x0800029c      0x2dc c:/users/jonaspc/stmicroelectronics/baremetal/plugins/fr.ac6.mcu.externaltools.arm-none.win32_1.15.0.201708311556/tools/compiler/bin/../lib/gcc/arm-none-eabi/6.3.1/thumb/v7e-m/fpv5/hard\libgcc.a(_udivmoddi4.o)
                0x0800029c                __udivmoddi4
 .text          0x08000578        0x4 c:/users/jonaspc/stmicroelectronics/baremetal/plugins/fr.ac6.mcu.externaltools.arm-none.win32_1.15.0.201708311556/tools/compiler/bin/../lib/gcc/arm-none-eabi/6.3.1/thumb/v7e-m/fpv5/hard\libgcc.a(_dvmd_tls.o)
                0x08000578                __aeabi_idiv0
                0x08000578                __aeabi_ldiv0
 .text          0x0800057c       0x10 c:/users/jonaspc/stmicroelectronics/baremetal/plugins/fr.ac6.mcu.externaltools.arm-none.win32_1.15.0.201708311556/tools/compiler/bin/../lib/gcc/arm-none-eabi/6.3.1/../../../../arm-none-eabi/lib/thumb/v7e-m/fpv5/hard\libc_nano.a(lib_a-strlen.o)
                0x0800057c                strlen
 *(.text*)
 .text.HAL_Init
                0x0800058c       0x16 Drivers/STM32F7xx_HAL_Driver/Src/stm32f7xx_hal.o
                0x0800058c                HAL_Init
 *fill*         0x080005a2        0x2 
 .text.HAL_IncTick
                0x080005a4       0x18 Drivers/STM32F7xx_HAL_Driver/Src/stm32f7xx_hal.o
                0x080005a4                HAL_IncTick
 .text.HAL_GetTick
                0x080005bc        0xc Drivers/STM32F7xx_HAL_Driver/Src/stm32f7xx_hal.o
                0x080005bc                HAL_GetTick
 .text.HAL_Delay
                0x080005c8       0x28 Drivers/STM32F7xx_HAL_Driver/Src/stm32f7xx_hal.o
                0x080005c8                HAL_Delay
 .text.HAL_NVIC_SetPriorityGrouping
                0x080005f0       0x24 Drivers/STM32F7xx_HAL_Driver/Src/stm32f7xx_hal_cortex.o
                0x080005f0                HAL_NVIC_SetPriorityGrouping
 .text.HAL_NVIC_SetPriority
                0x08000614       0x60 Drivers/STM32F7xx_HAL_Driver/Src/stm32f7xx_hal_cortex.o
                0x08000614                HAL_NVIC_SetPriority
 .text.HAL_NVIC_EnableIRQ
                0x08000674       0x18 Drivers/STM32F7xx_HAL_Driver/Src/stm32f7xx_hal_cortex.o
                0x08000674                HAL_NVIC_EnableIRQ
 .text.HAL_SYSTICK_Config
                0x0800068c       0x2c Drivers/STM32F7xx_HAL_Driver/Src/stm32f7xx_hal_cortex.o
                0x0800068c                HAL_SYSTICK_Config
 .text.HAL_SYSTICK_CLKSourceConfig
                0x080006b8       0x20 Drivers/STM32F7xx_HAL_Driver/Src/stm32f7xx_hal_cortex.o
                0x080006b8                HAL_SYSTICK_CLKSourceConfig
 .text.HAL_DMA_Abort_IT
                0x080006d8       0x26 Drivers/STM32F7xx_HAL_Driver/Src/stm32f7xx_hal_dma.o
                0x080006d8                HAL_DMA_Abort_IT
 *fill*         0x080006fe        0x2 
 .text.HAL_GPIO_Init
                0x08000700      0x1dc Drivers/STM32F7xx_HAL_Driver/Src/stm32f7xx_hal_gpio.o
                0x08000700                HAL_GPIO_Init
 .text.HAL_GPIO_WritePin
                0x080008dc        0xc Drivers/STM32F7xx_HAL_Driver/Src/stm32f7xx_hal_gpio.o
                0x080008dc                HAL_GPIO_WritePin
 .text.HAL_PCD_Init
                0x080008e8       0xee Drivers/STM32F7xx_HAL_Driver/Src/stm32f7xx_hal_pcd.o
                0x080008e8                HAL_PCD_Init
 *fill*         0x080009d6        0x2 
 .text.HAL_PCDEx_ActivateLPM
                0x080009d8       0x28 Drivers/STM32F7xx_HAL_Driver/Src/stm32f7xx_hal_pcd_ex.o
                0x080009d8                HAL_PCDEx_ActivateLPM
 .text.HAL_PWREx_EnableOverDrive
                0x08000a00       0x7c Drivers/STM32F7xx_HAL_Driver/Src/stm32f7xx_hal_pwr_ex.o
                0x08000a00                HAL_PWREx_EnableOverDrive
 .text.HAL_RCC_OscConfig
                0x08000a7c      0x3d4 Drivers/STM32F7xx_HAL_Driver/Src/stm32f7xx_hal_rcc.o
                0x08000a7c                HAL_RCC_OscConfig
 .text.HAL_RCC_GetSysClockFreq
                0x08000e50       0xd4 Drivers/STM32F7xx_HAL_Driver/Src/stm32f7xx_hal_rcc.o
                0x08000e50                HAL_RCC_GetSysClockFreq
 .text.HAL_RCC_ClockConfig
                0x08000f24      0x164 Drivers/STM32F7xx_HAL_Driver/Src/stm32f7xx_hal_rcc.o
                0x08000f24                HAL_RCC_ClockConfig
 .text.HAL_RCC_GetHCLKFreq
                0x08001088        0xc Drivers/STM32F7xx_HAL_Driver/Src/stm32f7xx_hal_rcc.o
                0x08001088                HAL_RCC_GetHCLKFreq
 .text.HAL_RCC_GetPCLK1Freq
                0x08001094       0x20 Drivers/STM32F7xx_HAL_Driver/Src/stm32f7xx_hal_rcc.o
                0x08001094                HAL_RCC_GetPCLK1Freq
 .text.HAL_RCC_GetPCLK2Freq
                0x080010b4       0x20 Drivers/STM32F7xx_HAL_Driver/Src/stm32f7xx_hal_rcc.o
                0x080010b4                HAL_RCC_GetPCLK2Freq
 .text.HAL_RCC_GetClockConfig
                0x080010d4       0x3c Drivers/STM32F7xx_HAL_Driver/Src/stm32f7xx_hal_rcc.o
                0x080010d4                HAL_RCC_GetClockConfig
 .text.HAL_RCCEx_PeriphCLKConfig
                0x08001110      0x608 Drivers/STM32F7xx_HAL_Driver/Src/stm32f7xx_hal_rcc_ex.o
                0x08001110                HAL_RCCEx_PeriphCLKConfig
 .text.HAL_TIM_Base_MspInit
                0x08001718        0x2 Drivers/STM32F7xx_HAL_Driver/Src/stm32f7xx_hal_tim.o
                0x08001718                HAL_TIM_Base_MspInit
 .text.HAL_TIM_Base_Start_IT
                0x0800171a       0x18 Drivers/STM32F7xx_HAL_Driver/Src/stm32f7xx_hal_tim.o
                0x0800171a                HAL_TIM_Base_Start_IT
 .text.HAL_TIM_OC_DelayElapsedCallback
                0x08001732        0x2 Drivers/STM32F7xx_HAL_Driver/Src/stm32f7xx_hal_tim.o
                0x08001732                HAL_TIM_OC_DelayElapsedCallback
 .text.HAL_TIM_IC_CaptureCallback
                0x08001734        0x2 Drivers/STM32F7xx_HAL_Driver/Src/stm32f7xx_hal_tim.o
                0x08001734                HAL_TIM_IC_CaptureCallback
 .text.HAL_TIM_PWM_PulseFinishedCallback
                0x08001736        0x2 Drivers/STM32F7xx_HAL_Driver/Src/stm32f7xx_hal_tim.o
                0x08001736                HAL_TIM_PWM_PulseFinishedCallback
 .text.HAL_TIM_TriggerCallback
                0x08001738        0x2 Drivers/STM32F7xx_HAL_Driver/Src/stm32f7xx_hal_tim.o
                0x08001738                HAL_TIM_TriggerCallback
 .text.HAL_TIM_IRQHandler
                0x0800173a      0x19a Drivers/STM32F7xx_HAL_Driver/Src/stm32f7xx_hal_tim.o
                0x0800173a                HAL_TIM_IRQHandler
 .text.TIM_Base_SetConfig
                0x080018d4      0x140 Drivers/STM32F7xx_HAL_Driver/Src/stm32f7xx_hal_tim.o
                0x080018d4                TIM_Base_SetConfig
 .text.HAL_TIM_Base_Init
                0x08001a14       0x32 Drivers/STM32F7xx_HAL_Driver/Src/stm32f7xx_hal_tim.o
                0x08001a14                HAL_TIM_Base_Init
 .text.HAL_TIMEx_CommutationCallback
                0x08001a46        0x2 Drivers/STM32F7xx_HAL_Driver/Src/stm32f7xx_hal_tim_ex.o
                0x08001a46                HAL_TIMEx_CommutationCallback
 .text.HAL_TIMEx_BreakCallback
                0x08001a48        0x2 Drivers/STM32F7xx_HAL_Driver/Src/stm32f7xx_hal_tim_ex.o
                0x08001a48                HAL_TIMEx_BreakCallback
 .text.UART_Transmit_IT
                0x08001a4a       0x6e Drivers/STM32F7xx_HAL_Driver/Src/stm32f7xx_hal_uart.o
 .text.UART_EndRxTransfer
                0x08001ab8       0x1c Drivers/STM32F7xx_HAL_Driver/Src/stm32f7xx_hal_uart.o
 .text.UART_WaitOnFlagUntilTimeout
                0x08001ad4       0x64 Drivers/STM32F7xx_HAL_Driver/Src/stm32f7xx_hal_uart.o
                0x08001ad4                UART_WaitOnFlagUntilTimeout
 .text.HAL_UART_TxCpltCallback
                0x08001b38        0x2 Drivers/STM32F7xx_HAL_Driver/Src/stm32f7xx_hal_uart.o
                0x08001b38                HAL_UART_TxCpltCallback
 .text.UART_EndTransmit_IT
                0x08001b3a       0x1a Drivers/STM32F7xx_HAL_Driver/Src/stm32f7xx_hal_uart.o
 .text.HAL_UART_RxCpltCallback
                0x08001b54        0x2 Drivers/STM32F7xx_HAL_Driver/Src/stm32f7xx_hal_uart.o
                0x08001b54                HAL_UART_RxCpltCallback
 .text.UART_Receive_IT
                0x08001b56       0x84 Drivers/STM32F7xx_HAL_Driver/Src/stm32f7xx_hal_uart.o
 .text.HAL_UART_ErrorCallback
                0x08001bda        0x2 Drivers/STM32F7xx_HAL_Driver/Src/stm32f7xx_hal_uart.o
                0x08001bda                HAL_UART_ErrorCallback
 .text.HAL_UART_IRQHandler
                0x08001bdc      0x138 Drivers/STM32F7xx_HAL_Driver/Src/stm32f7xx_hal_uart.o
                0x08001bdc                HAL_UART_IRQHandler
 .text.UART_DMAAbortOnError
                0x08001d14       0x14 Drivers/STM32F7xx_HAL_Driver/Src/stm32f7xx_hal_uart.o
 .text.UART_SetConfig
                0x08001d28      0x360 Drivers/STM32F7xx_HAL_Driver/Src/stm32f7xx_hal_uart.o
                0x08001d28                UART_SetConfig
 .text.UART_AdvFeatureConfig
                0x08002088       0xca Drivers/STM32F7xx_HAL_Driver/Src/stm32f7xx_hal_uart.o
                0x08002088                UART_AdvFeatureConfig
 .text.UART_CheckIdleState
                0x08002152       0x48 Drivers/STM32F7xx_HAL_Driver/Src/stm32f7xx_hal_uart.o
                0x08002152                UART_CheckIdleState
 .text.HAL_UART_Init
                0x0800219a       0x68 Drivers/STM32F7xx_HAL_Driver/Src/stm32f7xx_hal_uart.o
                0x0800219a                HAL_UART_Init
 *fill*         0x08002202        0x2 
 .text.USB_CoreReset
                0x08002204       0x3c Drivers/STM32F7xx_HAL_Driver/Src/stm32f7xx_ll_usb.o
 .text.USB_CoreInit
                0x08002240       0x7c Drivers/STM32F7xx_HAL_Driver/Src/stm32f7xx_ll_usb.o
                0x08002240                USB_CoreInit
 .text.USB_DisableGlobalInt
                0x080022bc        0xc Drivers/STM32F7xx_HAL_Driver/Src/stm32f7xx_ll_usb.o
                0x080022bc                USB_DisableGlobalInt
 .text.USB_SetCurrentMode
                0x080022c8       0x2c Drivers/STM32F7xx_HAL_Driver/Src/stm32f7xx_ll_usb.o
                0x080022c8                USB_SetCurrentMode
 .text.USB_FlushTxFifo
                0x080022f4       0x28 Drivers/STM32F7xx_HAL_Driver/Src/stm32f7xx_ll_usb.o
                0x080022f4                USB_FlushTxFifo
 .text.USB_FlushRxFifo
                0x0800231c       0x24 Drivers/STM32F7xx_HAL_Driver/Src/stm32f7xx_ll_usb.o
                0x0800231c                USB_FlushRxFifo
 .text.USB_SetDevSpeed
                0x08002340        0xe Drivers/STM32F7xx_HAL_Driver/Src/stm32f7xx_ll_usb.o
                0x08002340                USB_SetDevSpeed
 *fill*         0x0800234e        0x2 
 .text.USB_DevInit
                0x08002350      0x178 Drivers/STM32F7xx_HAL_Driver/Src/stm32f7xx_ll_usb.o
                0x08002350                USB_DevInit
 .text.USB_DevDisconnect
                0x080024c8       0x18 Drivers/STM32F7xx_HAL_Driver/Src/stm32f7xx_ll_usb.o
                0x080024c8                USB_DevDisconnect
 .text.makeFreeRtosPriority
                0x080024e0        0xc Middlewares/Third_Party/FreeRTOS/Source/CMSIS_RTOS/cmsis_os.o
 .text.osKernelStart
                0x080024ec        0xa Middlewares/Third_Party/FreeRTOS/Source/CMSIS_RTOS/cmsis_os.o
                0x080024ec                osKernelStart
 .text.osThreadCreate
                0x080024f6       0x34 Middlewares/Third_Party/FreeRTOS/Source/CMSIS_RTOS/cmsis_os.o
                0x080024f6                osThreadCreate
 .text.osMessageCreate
                0x0800252a        0xe Middlewares/Third_Party/FreeRTOS/Source/CMSIS_RTOS/cmsis_os.o
                0x0800252a                osMessageCreate
 .text.osSystickHandler
                0x08002538       0x10 Middlewares/Third_Party/FreeRTOS/Source/CMSIS_RTOS/cmsis_os.o
                0x08002538                osSystickHandler
 .text.osDelayUntil
                0x08002548       0x12 Middlewares/Third_Party/FreeRTOS/Source/CMSIS_RTOS/cmsis_os.o
                0x08002548                osDelayUntil
 .text.vListInitialise
                0x0800255a       0x16 Middlewares/Third_Party/FreeRTOS/Source/list.o
                0x0800255a                vListInitialise
 .text.vListInitialiseItem
                0x08002570        0x6 Middlewares/Third_Party/FreeRTOS/Source/list.o
                0x08002570                vListInitialiseItem
 .text.vListInsertEnd
                0x08002576       0x18 Middlewares/Third_Party/FreeRTOS/Source/list.o
                0x08002576                vListInsertEnd
 .text.vListInsert
                0x0800258e       0x34 Middlewares/Third_Party/FreeRTOS/Source/list.o
                0x0800258e                vListInsert
 .text.uxListRemove
                0x080025c2       0x26 Middlewares/Third_Party/FreeRTOS/Source/list.o
                0x080025c2                uxListRemove
 .text.prvIsQueueFull
                0x080025e8       0x1e Middlewares/Third_Party/FreeRTOS/Source/queue.o
 .text.prvIsQueueEmpty
                0x08002606       0x1a Middlewares/Third_Party/FreeRTOS/Source/queue.o
 .text.prvCopyDataToQueue
                0x08002620       0x76 Middlewares/Third_Party/FreeRTOS/Source/queue.o
 .text.prvCopyDataFromQueue
                0x08002696       0x24 Middlewares/Third_Party/FreeRTOS/Source/queue.o
 .text.prvUnlockQueue
                0x080026ba       0x6e Middlewares/Third_Party/FreeRTOS/Source/queue.o
 .text.xQueueGenericReset
                0x08002728       0x84 Middlewares/Third_Party/FreeRTOS/Source/queue.o
                0x08002728                xQueueGenericReset
 .text.prvInitialiseNewQueue
                0x080027ac       0xc8 Middlewares/Third_Party/FreeRTOS/Source/queue.o
 .text.xQueueGenericCreate
                0x08002874       0x4c Middlewares/Third_Party/FreeRTOS/Source/queue.o
                0x08002874                xQueueGenericCreate
 .text.xQueueCreateCountingSemaphore
                0x080028c0      0x184 Middlewares/Third_Party/FreeRTOS/Source/queue.o
                0x080028c0                xQueueCreateCountingSemaphore
 .text.xQueueGenericSend
                0x08002a44      0x430 Middlewares/Third_Party/FreeRTOS/Source/queue.o
                0x08002a44                xQueueGenericSend
 .text.prvInitialiseMutex
                0x08002e74      0x15c Middlewares/Third_Party/FreeRTOS/Source/queue.o
 .text.xQueueCreateMutex
                0x08002fd0       0x16 Middlewares/Third_Party/FreeRTOS/Source/queue.o
                0x08002fd0                xQueueCreateMutex
 *fill*         0x08002fe6        0x2 
 .text.xQueueGenericReceive
                0x08002fe8      0x4dc Middlewares/Third_Party/FreeRTOS/Source/queue.o
                0x08002fe8                xQueueGenericReceive
 .text.prvResetNextTaskUnblockTime
                0x080034c4       0x2c Middlewares/Third_Party/FreeRTOS/Source/tasks.o
 .text.prvDeleteTCB
                0x080034f0       0x12 Middlewares/Third_Party/FreeRTOS/Source/tasks.o
 .text.prvInitialiseNewTask
                0x08003502       0x90 Middlewares/Third_Party/FreeRTOS/Source/tasks.o
 *fill*         0x08003592        0x2 
 .text.prvInitialiseTaskLists
                0x08003594       0x58 Middlewares/Third_Party/FreeRTOS/Source/tasks.o
 .text.prvAddCurrentTaskToDelayedList
                0x080035ec       0x90 Middlewares/Third_Party/FreeRTOS/Source/tasks.o
 .text.vTaskSuspendAll
                0x0800367c       0x14 Middlewares/Third_Party/FreeRTOS/Source/tasks.o
                0x0800367c                vTaskSuspendAll
 .text.xTaskGetTickCount
                0x08003690        0xc Middlewares/Third_Party/FreeRTOS/Source/tasks.o
                0x08003690                xTaskGetTickCount
 .text.prvAddNewTaskToReadyList
                0x0800369c      0x23c Middlewares/Third_Party/FreeRTOS/Source/tasks.o
 .text.xTaskCreate
                0x080038d8       0x62 Middlewares/Third_Party/FreeRTOS/Source/tasks.o
                0x080038d8                xTaskCreate
 *fill*         0x0800393a        0x2 
 .text.vTaskStartScheduler
                0x0800393c       0x7c Middlewares/Third_Party/FreeRTOS/Source/tasks.o
                0x0800393c                vTaskStartScheduler
 .text.xTaskIncrementTick
                0x080039b8      0x2b4 Middlewares/Third_Party/FreeRTOS/Source/tasks.o
                0x080039b8                xTaskIncrementTick
 .text.xTaskResumeAll
                0x08003c6c      0x1c8 Middlewares/Third_Party/FreeRTOS/Source/tasks.o
                0x08003c6c                xTaskResumeAll
 .text.vTaskDelayUntil
                0x08003e34      0x188 Middlewares/Third_Party/FreeRTOS/Source/tasks.o
                0x08003e34                vTaskDelayUntil
 .text.prvCheckTasksWaitingTermination
                0x08003fbc       0x54 Middlewares/Third_Party/FreeRTOS/Source/tasks.o
 .text.prvIdleTask
                0x08004010       0x28 Middlewares/Third_Party/FreeRTOS/Source/tasks.o
 .text.vTaskSwitchContext
                0x08004038      0x21c Middlewares/Third_Party/FreeRTOS/Source/tasks.o
                0x08004038                vTaskSwitchContext
 .text.vTaskPlaceOnEventList
                0x08004254       0x38 Middlewares/Third_Party/FreeRTOS/Source/tasks.o
                0x08004254                vTaskPlaceOnEventList
 .text.xTaskRemoveFromEventList
                0x0800428c      0x154 Middlewares/Third_Party/FreeRTOS/Source/tasks.o
                0x0800428c                xTaskRemoveFromEventList
 .text.vTaskSetTimeOutState
                0x080043e0       0x2c Middlewares/Third_Party/FreeRTOS/Source/tasks.o
                0x080043e0                vTaskSetTimeOutState
 .text.xTaskCheckForTimeOut
                0x0800440c       0x88 Middlewares/Third_Party/FreeRTOS/Source/tasks.o
                0x0800440c                xTaskCheckForTimeOut
 .text.vTaskMissedYield
                0x08004494       0x10 Middlewares/Third_Party/FreeRTOS/Source/tasks.o
                0x08004494                vTaskMissedYield
 .text.xTaskGetSchedulerState
                0x080044a4       0x20 Middlewares/Third_Party/FreeRTOS/Source/tasks.o
                0x080044a4                xTaskGetSchedulerState
 .text.vTaskPriorityInherit
                0x080044c4      0x17c Middlewares/Third_Party/FreeRTOS/Source/tasks.o
                0x080044c4                vTaskPriorityInherit
 .text.xTaskPriorityDisinherit
                0x08004640      0x18c Middlewares/Third_Party/FreeRTOS/Source/tasks.o
                0x08004640                xTaskPriorityDisinherit
 .text.pvTaskIncrementMutexHeldCount
                0x080047cc       0x20 Middlewares/Third_Party/FreeRTOS/Source/tasks.o
                0x080047cc                pvTaskIncrementMutexHeldCount
 .text.prvTaskExitError
                0x080047ec       0x3c Middlewares/Third_Party/FreeRTOS/Source/portable/GCC/ARM_CM7/r0p1/port.o
 .text.prvPortStartFirstTask
                0x08004828       0x20 Middlewares/Third_Party/FreeRTOS/Source/portable/GCC/ARM_CM7/r0p1/port.o
 .text.vPortEnableVFP
                0x08004848       0x14 Middlewares/Third_Party/FreeRTOS/Source/portable/GCC/ARM_CM7/r0p1/port.o
 .text.pxPortInitialiseStack
                0x0800485c       0x2c Middlewares/Third_Party/FreeRTOS/Source/portable/GCC/ARM_CM7/r0p1/port.o
                0x0800485c                pxPortInitialiseStack
 *fill*         0x08004888        0x8 
 .text.SVC_Handler
                0x08004890       0x24 Middlewares/Third_Party/FreeRTOS/Source/portable/GCC/ARM_CM7/r0p1/port.o
                0x08004890                SVC_Handler
 .text.vPortEnterCritical
                0x080048b4       0x4c Middlewares/Third_Party/FreeRTOS/Source/portable/GCC/ARM_CM7/r0p1/port.o
                0x080048b4                vPortEnterCritical
 .text.vPortExitCritical
                0x08004900       0x30 Middlewares/Third_Party/FreeRTOS/Source/portable/GCC/ARM_CM7/r0p1/port.o
                0x08004900                vPortExitCritical
 .text.PendSV_Handler
                0x08004930       0x64 Middlewares/Third_Party/FreeRTOS/Source/portable/GCC/ARM_CM7/r0p1/port.o
                0x08004930                PendSV_Handler
 .text.xPortSysTickHandler
                0x08004994       0x30 Middlewares/Third_Party/FreeRTOS/Source/portable/GCC/ARM_CM7/r0p1/port.o
                0x08004994                xPortSysTickHandler
 .text.vPortSetupTimerInterrupt
                0x080049c4       0x2c Middlewares/Third_Party/FreeRTOS/Source/portable/GCC/ARM_CM7/r0p1/port.o
                0x080049c4                vPortSetupTimerInterrupt
 .text.xPortStartScheduler
                0x080049f0       0xa4 Middlewares/Third_Party/FreeRTOS/Source/portable/GCC/ARM_CM7/r0p1/port.o
                0x080049f0                xPortStartScheduler
 .text.prvHeapInit
                0x08004a94       0x58 Middlewares/Third_Party/FreeRTOS/Source/portable/MemMang/heap_4.o
 .text.prvInsertBlockIntoFreeList
                0x08004aec       0x58 Middlewares/Third_Party/FreeRTOS/Source/portable/MemMang/heap_4.o
 .text.pvPortMalloc
                0x08004b44      0x118 Middlewares/Third_Party/FreeRTOS/Source/portable/MemMang/heap_4.o
                0x08004b44                pvPortMalloc
 .text.vPortFree
                0x08004c5c       0x7c Middlewares/Third_Party/FreeRTOS/Source/portable/MemMang/heap_4.o
                0x08004c5c                vPortFree
 .text.MX_GPIO_Init
                0x08004cd8       0xf4 Src/main.o
 .text.MX_NVIC_Init
                0x08004dcc       0x24 Src/main.o
 .text.uartsendITHandler
                0x08004df0       0x38 Src/main.o
                0x08004df0                uartsendITHandler
 .text.readTemp
                0x08004e28       0x1a Src/main.o
                0x08004e28                readTemp
 .text.readHumidity
                0x08004e42       0x1a Src/main.o
                0x08004e42                readHumidity
 .text.writeToLCD
                0x08004e5c       0x1e Src/main.o
                0x08004e5c                writeToLCD
 *fill*         0x08004e7a        0x2 
 .text.TempReadTask
                0x08004e7c       0xfc Src/main.o
                0x08004e7c                TempReadTask
 .text.HumidityReadTask
                0x08004f78       0xfc Src/main.o
                0x08004f78                HumidityReadTask
 .text.saveData
                0x08005074       0x16 Src/main.o
                0x08005074                saveData
 *fill*         0x0800508a        0x2 
 .text.dataCaptureTask
                0x0800508c       0xc0 Src/main.o
                0x0800508c                dataCaptureTask
 .text.HAL_TIM_PeriodElapsedCallback
                0x0800514c       0x18 Src/main.o
                0x0800514c                HAL_TIM_PeriodElapsedCallback
 .text._Error_Handler
                0x08005164        0x2 Src/main.o
                0x08005164                _Error_Handler
 *fill*         0x08005166        0x2 
 .text.MX_USART3_UART_Init
                0x08005168       0x44 Src/main.o
 .text.MX_USB_OTG_FS_PCD_Init
                0x080051ac       0x40 Src/main.o
 .text.MX_USART2_UART_Init
                0x080051ec       0x44 Src/main.o
 .text.SystemClock_Config
                0x08005230       0xf8 Src/main.o
                0x08005230                SystemClock_Config
 .text.main     0x08005328      0x154 Src/main.o
                0x08005328                main
 .text.BufferIn
                0x0800547c       0x28 Src/selfFIFO.o
                0x0800547c                BufferIn
 .text.BufferOut
                0x080054a4       0x2c Src/selfFIFO.o
                0x080054a4                BufferOut
 .text.HAL_MspInit
                0x080054d0       0x5e Src/stm32f7xx_hal_msp.o
                0x080054d0                HAL_MspInit
 *fill*         0x0800552e        0x2 
 .text.HAL_UART_MspInit
                0x08005530       0xa4 Src/stm32f7xx_hal_msp.o
                0x08005530                HAL_UART_MspInit
 .text.HAL_PCD_MspInit
                0x080055d4       0x74 Src/stm32f7xx_hal_msp.o
                0x080055d4                HAL_PCD_MspInit
 .text.HAL_InitTick
                0x08005648       0x7c Src/stm32f7xx_hal_timebase_TIM.o
                0x08005648                HAL_InitTick
 .text.SysTick_Handler
                0x080056c4        0x8 Src/stm32f7xx_it.o
                0x080056c4                SysTick_Handler
 .text.TIM1_UP_TIM10_IRQHandler
                0x080056cc       0x10 Src/stm32f7xx_it.o
                0x080056cc                TIM1_UP_TIM10_IRQHandler
 .text.USART2_IRQHandler
                0x080056dc       0x24 Src/stm32f7xx_it.o
                0x080056dc                USART2_IRQHandler
 .text.USART3_IRQHandler
                0x08005700       0x10 Src/stm32f7xx_it.o
                0x08005700                USART3_IRQHandler
 .text.BSP_LED_Init
                0x08005710       0x70 Src/stm32f7xx_nucleo_144.o
                0x08005710                BSP_LED_Init
 .text.BSP_LED_On
                0x08005780       0x20 Src/stm32f7xx_nucleo_144.o
                0x08005780                BSP_LED_On
 .text.BSP_LED_Off
                0x080057a0       0x20 Src/stm32f7xx_nucleo_144.o
                0x080057a0                BSP_LED_Off
 .text.SystemInit
                0x080057c0       0x50 Src/system_stm32f7xx.o
                0x080057c0                SystemInit
 .text.Reset_Handler
                0x08005810       0x50 startup/startup_stm32f767xx.o
                0x08005810                Reset_Handler
 .text.Default_Handler
                0x08005860        0x2 startup/startup_stm32f767xx.o
                0x08005860                RTC_Alarm_IRQHandler
                0x08005860                EXTI2_IRQHandler
                0x08005860                TIM8_CC_IRQHandler
                0x08005860                DebugMon_Handler
                0x08005860                UART8_IRQHandler
                0x08005860                SPI4_IRQHandler
                0x08005860                TIM1_CC_IRQHandler
                0x08005860                DMA2_Stream5_IRQHandler
                0x08005860                HardFault_Handler
                0x08005860                JPEG_IRQHandler
                0x08005860                DMA1_Stream5_IRQHandler
                0x08005860                CAN3_RX1_IRQHandler
                0x08005860                PVD_IRQHandler
                0x08005860                TAMP_STAMP_IRQHandler
                0x08005860                NMI_Handler
                0x08005860                CAN2_RX1_IRQHandler
                0x08005860                EXTI3_IRQHandler
                0x08005860                TIM8_TRG_COM_TIM14_IRQHandler
                0x08005860                DFSDM1_FLT1_IRQHandler
                0x08005860                TIM8_UP_TIM13_IRQHandler
                0x08005860                I2C3_ER_IRQHandler
                0x08005860                DFSDM1_FLT2_IRQHandler
                0x08005860                EXTI0_IRQHandler
                0x08005860                I2C2_EV_IRQHandler
                0x08005860                DMA1_Stream2_IRQHandler
                0x08005860                CAN1_RX0_IRQHandler
                0x08005860                FPU_IRQHandler
                0x08005860                OTG_HS_WKUP_IRQHandler
                0x08005860                CAN3_SCE_IRQHandler
                0x08005860                UsageFault_Handler
                0x08005860                LTDC_ER_IRQHandler
                0x08005860                CAN2_SCE_IRQHandler
                0x08005860                DMA2_Stream2_IRQHandler
                0x08005860                SPI1_IRQHandler
                0x08005860                TIM6_DAC_IRQHandler
                0x08005860                TIM1_BRK_TIM9_IRQHandler
                0x08005860                DCMI_IRQHandler
                0x08005860                CAN2_RX0_IRQHandler
                0x08005860                DMA2_Stream3_IRQHandler
                0x08005860                SAI2_IRQHandler
                0x08005860                DFSDM1_FLT3_IRQHandler
                0x08005860                USART6_IRQHandler
                0x08005860                CAN3_RX0_IRQHandler
                0x08005860                CAN1_RX1_IRQHandler
                0x08005860                UART5_IRQHandler
                0x08005860                DMA2_Stream0_IRQHandler
                0x08005860                TIM4_IRQHandler
                0x08005860                QUADSPI_IRQHandler
                0x08005860                I2C1_EV_IRQHandler
                0x08005860                DMA1_Stream6_IRQHandler
                0x08005860                DMA1_Stream1_IRQHandler
                0x08005860                UART4_IRQHandler
                0x08005860                TIM3_IRQHandler
                0x08005860                RCC_IRQHandler
                0x08005860                TIM8_BRK_TIM12_IRQHandler
                0x08005860                Default_Handler
                0x08005860                CEC_IRQHandler
                0x08005860                EXTI15_10_IRQHandler
                0x08005860                ADC_IRQHandler
                0x08005860                DMA1_Stream7_IRQHandler
                0x08005860                SPI5_IRQHandler
                0x08005860                TIM7_IRQHandler
                0x08005860                SDMMC1_IRQHandler
                0x08005860                CAN2_TX_IRQHandler
                0x08005860                TIM5_IRQHandler
                0x08005860                DMA2_Stream7_IRQHandler
                0x08005860                I2C3_EV_IRQHandler
                0x08005860                EXTI9_5_IRQHandler
                0x08005860                RTC_WKUP_IRQHandler
                0x08005860                LTDC_IRQHandler
                0x08005860                ETH_WKUP_IRQHandler
                0x08005860                SPDIF_RX_IRQHandler
                0x08005860                SPI2_IRQHandler
                0x08005860                OTG_HS_EP1_IN_IRQHandler
                0x08005860                MemManage_Handler
                0x08005860                DMA1_Stream0_IRQHandler
                0x08005860                CAN1_TX_IRQHandler
                0x08005860                EXTI4_IRQHandler
                0x08005860                RNG_IRQHandler
                0x08005860                ETH_IRQHandler
                0x08005860                OTG_HS_EP1_OUT_IRQHandler
                0x08005860                WWDG_IRQHandler
                0x08005860                SPI6_IRQHandler
                0x08005860                MDIOS_IRQHandler
                0x08005860                I2C4_EV_IRQHandler
                0x08005860                CAN3_TX_IRQHandler
                0x08005860                TIM2_IRQHandler
                0x08005860                OTG_FS_WKUP_IRQHandler
                0x08005860                TIM1_TRG_COM_TIM11_IRQHandler
                0x08005860                OTG_HS_IRQHandler
                0x08005860                DMA2D_IRQHandler
                0x08005860                EXTI1_IRQHandler
                0x08005860                SDMMC2_IRQHandler
                0x08005860                UART7_IRQHandler
                0x08005860                DFSDM1_FLT0_IRQHandler
                0x08005860                I2C2_ER_IRQHandler
                0x08005860                DMA2_Stream1_IRQHandler
                0x08005860                CAN1_SCE_IRQHandler
                0x08005860                FLASH_IRQHandler
                0x08005860                DMA2_Stream4_IRQHandler
                0x08005860                BusFault_Handler
                0x08005860                USART1_IRQHandler
                0x08005860                OTG_FS_IRQHandler
                0x08005860                SPI3_IRQHandler
                0x08005860                DMA1_Stream4_IRQHandler
                0x08005860                I2C1_ER_IRQHandler
                0x08005860                FMC_IRQHandler
                0x08005860                LPTIM1_IRQHandler
                0x08005860                I2C4_ER_IRQHandler
                0x08005860                DMA2_Stream6_IRQHandler
                0x08005860                SAI1_IRQHandler
                0x08005860                DMA1_Stream3_IRQHandler
 *fill*         0x08005862        0x2 
 .text.__libc_init_array
                0x08005864       0x48 c:/users/jonaspc/stmicroelectronics/baremetal/plugins/fr.ac6.mcu.externaltools.arm-none.win32_1.15.0.201708311556/tools/compiler/bin/../lib/gcc/arm-none-eabi/6.3.1/../../../../arm-none-eabi/lib/thumb/v7e-m/fpv5/hard\libc_nano.a(lib_a-init.o)
                0x08005864                __libc_init_array
 .text.memcpy   0x080058ac       0x16 c:/users/jonaspc/stmicroelectronics/baremetal/plugins/fr.ac6.mcu.externaltools.arm-none.win32_1.15.0.201708311556/tools/compiler/bin/../lib/gcc/arm-none-eabi/6.3.1/../../../../arm-none-eabi/lib/thumb/v7e-m/fpv5/hard\libc_nano.a(lib_a-memcpy-stub.o)
                0x080058ac                memcpy
 .text.memset   0x080058c2       0x10 c:/users/jonaspc/stmicroelectronics/baremetal/plugins/fr.ac6.mcu.externaltools.arm-none.win32_1.15.0.201708311556/tools/compiler/bin/../lib/gcc/arm-none-eabi/6.3.1/../../../../arm-none-eabi/lib/thumb/v7e-m/fpv5/hard\libc_nano.a(lib_a-memset.o)
                0x080058c2                memset
 *fill*         0x080058d2        0x2 
 .text.rand     0x080058d4       0x74 c:/users/jonaspc/stmicroelectronics/baremetal/plugins/fr.ac6.mcu.externaltools.arm-none.win32_1.15.0.201708311556/tools/compiler/bin/../lib/gcc/arm-none-eabi/6.3.1/../../../../arm-none-eabi/lib/thumb/v7e-m/fpv5/hard\libc_nano.a(lib_a-rand.o)
                0x080058d4                rand
 .text.malloc   0x08005948       0x10 c:/users/jonaspc/stmicroelectronics/baremetal/plugins/fr.ac6.mcu.externaltools.arm-none.win32_1.15.0.201708311556/tools/compiler/bin/../lib/gcc/arm-none-eabi/6.3.1/../../../../arm-none-eabi/lib/thumb/v7e-m/fpv5/hard\libc_nano.a(lib_a-malloc.o)
                0x08005948                malloc
 .text._malloc_r
                0x08005958       0xbc c:/users/jonaspc/stmicroelectronics/baremetal/plugins/fr.ac6.mcu.externaltools.arm-none.win32_1.15.0.201708311556/tools/compiler/bin/../lib/gcc/arm-none-eabi/6.3.1/../../../../arm-none-eabi/lib/thumb/v7e-m/fpv5/hard\libc_nano.a(lib_a-nano-mallocr.o)
                0x08005958                _malloc_r
 .text._sbrk_r  0x08005a14       0x20 c:/users/jonaspc/stmicroelectronics/baremetal/plugins/fr.ac6.mcu.externaltools.arm-none.win32_1.15.0.201708311556/tools/compiler/bin/../lib/gcc/arm-none-eabi/6.3.1/../../../../arm-none-eabi/lib/thumb/v7e-m/fpv5/hard\libc_nano.a(lib_a-sbrkr.o)
                0x08005a14                _sbrk_r
 .text.__malloc_lock
                0x08005a34        0x2 c:/users/jonaspc/stmicroelectronics/baremetal/plugins/fr.ac6.mcu.externaltools.arm-none.win32_1.15.0.201708311556/tools/compiler/bin/../lib/gcc/arm-none-eabi/6.3.1/../../../../arm-none-eabi/lib/thumb/v7e-m/fpv5/hard\libc_nano.a(lib_a-mlock.o)
                0x08005a34                __malloc_lock
 .text.__malloc_unlock
                0x08005a36        0x2 c:/users/jonaspc/stmicroelectronics/baremetal/plugins/fr.ac6.mcu.externaltools.arm-none.win32_1.15.0.201708311556/tools/compiler/bin/../lib/gcc/arm-none-eabi/6.3.1/../../../../arm-none-eabi/lib/thumb/v7e-m/fpv5/hard\libc_nano.a(lib_a-mlock.o)
                0x08005a36                __malloc_unlock
 .text._sbrk    0x08005a38       0x1c c:/users/jonaspc/stmicroelectronics/baremetal/plugins/fr.ac6.mcu.externaltools.arm-none.win32_1.15.0.201708311556/tools/compiler/bin/../lib/gcc/arm-none-eabi/6.3.1/../../../../arm-none-eabi/lib/thumb/v7e-m/fpv5/hard\libnosys.a(sbrk.o)
                0x08005a38                _sbrk
 *(.glue_7)
 .glue_7        0x08005a54        0x0 linker stubs
 *(.glue_7t)
 .glue_7t       0x08005a54        0x0 linker stubs
 *(.eh_frame)
 .eh_frame      0x08005a54        0x0 c:/users/jonaspc/stmicroelectronics/baremetal/plugins/fr.ac6.mcu.externaltools.arm-none.win32_1.15.0.201708311556/tools/compiler/bin/../lib/gcc/arm-none-eabi/6.3.1/thumb/v7e-m/fpv5/hard/crtbegin.o
 *(.init)
 .init          0x08005a54        0x4 c:/users/jonaspc/stmicroelectronics/baremetal/plugins/fr.ac6.mcu.externaltools.arm-none.win32_1.15.0.201708311556/tools/compiler/bin/../lib/gcc/arm-none-eabi/6.3.1/thumb/v7e-m/fpv5/hard/crti.o
                0x08005a54                _init
 .init          0x08005a58        0x8 c:/users/jonaspc/stmicroelectronics/baremetal/plugins/fr.ac6.mcu.externaltools.arm-none.win32_1.15.0.201708311556/tools/compiler/bin/../lib/gcc/arm-none-eabi/6.3.1/thumb/v7e-m/fpv5/hard/crtn.o
 *(.fini)
 .fini          0x08005a60        0x4 c:/users/jonaspc/stmicroelectronics/baremetal/plugins/fr.ac6.mcu.externaltools.arm-none.win32_1.15.0.201708311556/tools/compiler/bin/../lib/gcc/arm-none-eabi/6.3.1/thumb/v7e-m/fpv5/hard/crti.o
                0x08005a60                _fini
 .fini          0x08005a64        0x8 c:/users/jonaspc/stmicroelectronics/baremetal/plugins/fr.ac6.mcu.externaltools.arm-none.win32_1.15.0.201708311556/tools/compiler/bin/../lib/gcc/arm-none-eabi/6.3.1/thumb/v7e-m/fpv5/hard/crtn.o
                0x08005a6c                . = ALIGN (0x4)
                0x08005a6c                _etext = .

.vfp11_veneer   0x08005a6c        0x0
 .vfp11_veneer  0x08005a6c        0x0 linker stubs

.v4_bx          0x08005a6c        0x0
 .v4_bx         0x08005a6c        0x0 linker stubs

.iplt           0x08005a6c        0x0
 .iplt          0x08005a6c        0x0 c:/users/jonaspc/stmicroelectronics/baremetal/plugins/fr.ac6.mcu.externaltools.arm-none.win32_1.15.0.201708311556/tools/compiler/bin/../lib/gcc/arm-none-eabi/6.3.1/thumb/v7e-m/fpv5/hard/crtbegin.o

.rodata         0x08005a6c       0xa0
                0x08005a6c                . = ALIGN (0x4)
 *(.rodata)
 .rodata        0x08005a6c       0x44 Src/main.o
 .rodata        0x08005ab0        0xe Src/stm32f7xx_nucleo_144.o
                0x08005ab0                GPIO_PIN
                0x08005ab8                BUTTON_IRQn
                0x08005abc                BUTTON_PIN
 *fill*         0x08005abe        0x2 
 .rodata        0x08005ac0       0x18 Src/system_stm32f7xx.o
                0x08005ac0                AHBPrescTable
                0x08005ad0                APBPrescTable
 *(.rodata*)
 .rodata.str1.4
                0x08005ad8        0xb Middlewares/Third_Party/FreeRTOS/Source/tasks.o
 *fill*         0x08005ae3        0x1 
 .rodata.str1.4
                0x08005ae4       0x28 Src/main.o
                                 0x25 (size before relaxing)
                0x08005b0c                . = ALIGN (0x4)

.ARM.extab
 *(.ARM.extab* .gnu.linkonce.armextab.*)

.ARM            0x08005b0c        0x8
                0x08005b0c                __exidx_start = .
 *(.ARM.exidx*)
 .ARM.exidx     0x08005b0c        0x8 c:/users/jonaspc/stmicroelectronics/baremetal/plugins/fr.ac6.mcu.externaltools.arm-none.win32_1.15.0.201708311556/tools/compiler/bin/../lib/gcc/arm-none-eabi/6.3.1/thumb/v7e-m/fpv5/hard\libgcc.a(_udivmoddi4.o)
                0x08005b14                __exidx_end = .

.rel.dyn        0x08005b14        0x0
 .rel.iplt      0x08005b14        0x0 c:/users/jonaspc/stmicroelectronics/baremetal/plugins/fr.ac6.mcu.externaltools.arm-none.win32_1.15.0.201708311556/tools/compiler/bin/../lib/gcc/arm-none-eabi/6.3.1/thumb/v7e-m/fpv5/hard/crtbegin.o

.preinit_array  0x08005b14        0x0
                0x08005b14                PROVIDE (__preinit_array_start, .)
 *(.preinit_array*)
                0x08005b14                PROVIDE (__preinit_array_end, .)

.init_array     0x08005b14        0x4
                0x08005b14                PROVIDE (__init_array_start, .)
 *(SORT(.init_array.*))
 *(.init_array*)
 .init_array    0x08005b14        0x4 c:/users/jonaspc/stmicroelectronics/baremetal/plugins/fr.ac6.mcu.externaltools.arm-none.win32_1.15.0.201708311556/tools/compiler/bin/../lib/gcc/arm-none-eabi/6.3.1/thumb/v7e-m/fpv5/hard/crtbegin.o
                0x08005b18                PROVIDE (__init_array_end, .)

.fini_array     0x08005b18        0x4
                [!provide]                PROVIDE (__fini_array_start, .)
 *(SORT(.fini_array.*))
 *(.fini_array*)
 .fini_array    0x08005b18        0x4 c:/users/jonaspc/stmicroelectronics/baremetal/plugins/fr.ac6.mcu.externaltools.arm-none.win32_1.15.0.201708311556/tools/compiler/bin/../lib/gcc/arm-none-eabi/6.3.1/thumb/v7e-m/fpv5/hard/crtbegin.o
                [!provide]                PROVIDE (__fini_array_end, .)
                0x08005b1c                _sidata = LOADADDR (.data)

.data           0x20000000       0x84 load address 0x08005b1c
                0x20000000                . = ALIGN (0x4)
                0x20000000                _sdata = .
 *(.data)
 .data          0x20000000        0x8 Drivers/STM32F7xx_HAL_Driver/Src/stm32f7xx_hal.o
                0x20000000                uwTickFreq
                0x20000004                uwTickPrio
 .data          0x20000008        0x4 Middlewares/Third_Party/FreeRTOS/Source/portable/GCC/ARM_CM7/r0p1/port.o
 .data          0x2000000c       0x10 Src/stm32f7xx_nucleo_144.o
                0x2000000c                GPIO_PORT
                0x20000018                BUTTON_PORT
 .data          0x2000001c        0x4 Src/system_stm32f7xx.o
                0x2000001c                SystemCoreClock
 *(.data*)
 .data._impure_ptr
                0x20000020        0x4 c:/users/jonaspc/stmicroelectronics/baremetal/plugins/fr.ac6.mcu.externaltools.arm-none.win32_1.15.0.201708311556/tools/compiler/bin/../lib/gcc/arm-none-eabi/6.3.1/../../../../arm-none-eabi/lib/thumb/v7e-m/fpv5/hard\libc_nano.a(lib_a-impure.o)
                0x20000020                _impure_ptr
 .data.impure_data
                0x20000024       0x60 c:/users/jonaspc/stmicroelectronics/baremetal/plugins/fr.ac6.mcu.externaltools.arm-none.win32_1.15.0.201708311556/tools/compiler/bin/../lib/gcc/arm-none-eabi/6.3.1/../../../../arm-none-eabi/lib/thumb/v7e-m/fpv5/hard\libc_nano.a(lib_a-impure.o)
                0x20000084                . = ALIGN (0x4)
                0x20000084                _edata = .

.jcr            0x20000084        0x0 load address 0x08005ba0
 .jcr           0x20000084        0x0 c:/users/jonaspc/stmicroelectronics/baremetal/plugins/fr.ac6.mcu.externaltools.arm-none.win32_1.15.0.201708311556/tools/compiler/bin/../lib/gcc/arm-none-eabi/6.3.1/thumb/v7e-m/fpv5/hard/crtbegin.o

.igot.plt       0x20000084        0x0 load address 0x08005ba0
 .igot.plt      0x20000084        0x0 c:/users/jonaspc/stmicroelectronics/baremetal/plugins/fr.ac6.mcu.externaltools.arm-none.win32_1.15.0.201708311556/tools/compiler/bin/../lib/gcc/arm-none-eabi/6.3.1/thumb/v7e-m/fpv5/hard/crtbegin.o
                0x20000084                . = ALIGN (0x4)

.bss            0x20000084     0x450c load address 0x08005ba0
                0x20000084                _sbss = .
                0x20000084                __bss_start__ = _sbss
 *(.bss)
 .bss           0x20000084       0x1c c:/users/jonaspc/stmicroelectronics/baremetal/plugins/fr.ac6.mcu.externaltools.arm-none.win32_1.15.0.201708311556/tools/compiler/bin/../lib/gcc/arm-none-eabi/6.3.1/thumb/v7e-m/fpv5/hard/crtbegin.o
 .bss           0x200000a0      0x12c Middlewares/Third_Party/FreeRTOS/Source/tasks.o
                0x200001a0                pxCurrentTCB
 .bss           0x200001cc        0x8 Middlewares/Third_Party/FreeRTOS/Source/portable/GCC/ARM_CM7/r0p1/port.o
 .bss           0x200001d4     0x3c18 Middlewares/Third_Party/FreeRTOS/Source/portable/MemMang/heap_4.o
 .bss           0x20003dec        0x1 Src/main.o
                0x20003dec                msg
 *(.bss*)
 *fill*         0x20003ded        0x3 
 .bss.__malloc_free_list
                0x20003df0        0x4 c:/users/jonaspc/stmicroelectronics/baremetal/plugins/fr.ac6.mcu.externaltools.arm-none.win32_1.15.0.201708311556/tools/compiler/bin/../lib/gcc/arm-none-eabi/6.3.1/../../../../arm-none-eabi/lib/thumb/v7e-m/fpv5/hard\libc_nano.a(lib_a-nano-mallocr.o)
                0x20003df0                __malloc_free_list
 .bss.__malloc_sbrk_start
                0x20003df4        0x4 c:/users/jonaspc/stmicroelectronics/baremetal/plugins/fr.ac6.mcu.externaltools.arm-none.win32_1.15.0.201708311556/tools/compiler/bin/../lib/gcc/arm-none-eabi/6.3.1/../../../../arm-none-eabi/lib/thumb/v7e-m/fpv5/hard\libc_nano.a(lib_a-nano-mallocr.o)
                0x20003df4                __malloc_sbrk_start
 .bss.heap_end.5239
                0x20003df8        0x4 c:/users/jonaspc/stmicroelectronics/baremetal/plugins/fr.ac6.mcu.externaltools.arm-none.win32_1.15.0.201708311556/tools/compiler/bin/../lib/gcc/arm-none-eabi/6.3.1/../../../../arm-none-eabi/lib/thumb/v7e-m/fpv5/hard\libnosys.a(sbrk.o)
 *(COMMON)
 COMMON         0x20003dfc        0x4 Drivers/STM32F7xx_HAL_Driver/Src/stm32f7xx_hal.o
                0x20003dfc                uwTick
 COMMON         0x20003e00      0x206 Middlewares/Third_Party/FreeRTOS/Source/CMSIS_RTOS/cmsis_os.o
                0x20003e00                msgtoSniffBuffer
                0x20003e04                buffer
 *fill*         0x20004006        0x2 
 COMMON         0x20004008      0x544 Src/main.o
                0x20004008                defaultTaskHandle
                0x2000400c                TempReadTaskHandle
                0x20004010                huart3
                0x20004080                hpcd_USB_OTG_FS
                0x20004480                infoQueueHandle
                0x20004484                HumidityReadTaskHandle
                0x20004488                triggerSemaphore
                0x2000448c                dataCaptureTaskHandle
                0x20004490                huart2
                0x20004500                heth
                0x20004548                lcdMutex
 COMMON         0x2000454c       0x40 Src/stm32f7xx_hal_timebase_TIM.o
                0x2000454c                htim1
 COMMON         0x2000458c        0x4 c:/users/jonaspc/stmicroelectronics/baremetal/plugins/fr.ac6.mcu.externaltools.arm-none.win32_1.15.0.201708311556/tools/compiler/bin/../lib/gcc/arm-none-eabi/6.3.1/../../../../arm-none-eabi/lib/thumb/v7e-m/fpv5/hard\libc_nano.a(lib_a-reent.o)
                0x2000458c                errno
                0x20004590                . = ALIGN (0x4)
                0x20004590                _ebss = .
                0x20004590                __bss_end__ = _ebss

._user_heap_stack
                0x20004590      0x600 load address 0x08005ba0
                0x20004590                . = ALIGN (0x8)
                0x20004590                PROVIDE (end, .)
                [!provide]                PROVIDE (_end, .)
                0x20004790                . = (. + _Min_Heap_Size)
 *fill*         0x20004590      0x200 
                0x20004b90                . = (. + _Min_Stack_Size)
 *fill*         0x20004790      0x400 
                0x20004b90                . = ALIGN (0x8)

/DISCARD/
 libc.a(*)
 libm.a(*)
 libgcc.a(*)

.ARM.attributes
                0x00000000       0x2e
 *(.ARM.attributes)
 .ARM.attributes
                0x00000000       0x20 c:/users/jonaspc/stmicroelectronics/baremetal/plugins/fr.ac6.mcu.externaltools.arm-none.win32_1.15.0.201708311556/tools/compiler/bin/../lib/gcc/arm-none-eabi/6.3.1/thumb/v7e-m/fpv5/hard/crti.o
 .ARM.attributes
                0x00000020       0x32 c:/users/jonaspc/stmicroelectronics/baremetal/plugins/fr.ac6.mcu.externaltools.arm-none.win32_1.15.0.201708311556/tools/compiler/bin/../lib/gcc/arm-none-eabi/6.3.1/thumb/v7e-m/fpv5/hard/crtbegin.o
 .ARM.attributes
                0x00000052       0x37 Drivers/STM32F7xx_HAL_Driver/Src/stm32f7xx_hal.o
 .ARM.attributes
                0x00000089       0x37 Drivers/STM32F7xx_HAL_Driver/Src/stm32f7xx_hal_cortex.o
 .ARM.attributes
                0x000000c0       0x37 Drivers/STM32F7xx_HAL_Driver/Src/stm32f7xx_hal_dma.o
 .ARM.attributes
                0x000000f7       0x37 Drivers/STM32F7xx_HAL_Driver/Src/stm32f7xx_hal_gpio.o
 .ARM.attributes
                0x0000012e       0x37 Drivers/STM32F7xx_HAL_Driver/Src/stm32f7xx_hal_pcd.o
 .ARM.attributes
                0x00000165       0x37 Drivers/STM32F7xx_HAL_Driver/Src/stm32f7xx_hal_pcd_ex.o
 .ARM.attributes
                0x0000019c       0x37 Drivers/STM32F7xx_HAL_Driver/Src/stm32f7xx_hal_pwr_ex.o
 .ARM.attributes
                0x000001d3       0x37 Drivers/STM32F7xx_HAL_Driver/Src/stm32f7xx_hal_rcc.o
 .ARM.attributes
                0x0000020a       0x37 Drivers/STM32F7xx_HAL_Driver/Src/stm32f7xx_hal_rcc_ex.o
 .ARM.attributes
                0x00000241       0x37 Drivers/STM32F7xx_HAL_Driver/Src/stm32f7xx_hal_tim.o
 .ARM.attributes
                0x00000278       0x37 Drivers/STM32F7xx_HAL_Driver/Src/stm32f7xx_hal_tim_ex.o
 .ARM.attributes
                0x000002af       0x37 Drivers/STM32F7xx_HAL_Driver/Src/stm32f7xx_hal_uart.o
 .ARM.attributes
                0x000002e6       0x37 Drivers/STM32F7xx_HAL_Driver/Src/stm32f7xx_ll_usb.o
 .ARM.attributes
                0x0000031d       0x37 Middlewares/Third_Party/FreeRTOS/Source/CMSIS_RTOS/cmsis_os.o
 .ARM.attributes
                0x00000354       0x37 Middlewares/Third_Party/FreeRTOS/Source/list.o
 .ARM.attributes
                0x0000038b       0x37 Middlewares/Third_Party/FreeRTOS/Source/queue.o
 .ARM.attributes
                0x000003c2       0x37 Middlewares/Third_Party/FreeRTOS/Source/tasks.o
 .ARM.attributes
                0x000003f9       0x37 Middlewares/Third_Party/FreeRTOS/Source/portable/GCC/ARM_CM7/r0p1/port.o
 .ARM.attributes
                0x00000430       0x37 Middlewares/Third_Party/FreeRTOS/Source/portable/MemMang/heap_4.o
 .ARM.attributes
                0x00000467       0x37 Src/main.o
 .ARM.attributes
                0x0000049e       0x37 Src/selfFIFO.o
 .ARM.attributes
                0x000004d5       0x37 Src/stm32f7xx_hal_msp.o
 .ARM.attributes
                0x0000050c       0x37 Src/stm32f7xx_hal_timebase_TIM.o
 .ARM.attributes
                0x00000543       0x37 Src/stm32f7xx_it.o
 .ARM.attributes
                0x0000057a       0x37 Src/stm32f7xx_nucleo_144.o
 .ARM.attributes
                0x000005b1       0x37 Src/system_stm32f7xx.o
 .ARM.attributes
                0x000005e8       0x21 startup/startup_stm32f767xx.o
 .ARM.attributes
                0x00000609       0x20 c:/users/jonaspc/stmicroelectronics/baremetal/plugins/fr.ac6.mcu.externaltools.arm-none.win32_1.15.0.201708311556/tools/compiler/bin/../lib/gcc/arm-none-eabi/6.3.1/thumb/v7e-m/fpv5/hard\libgcc.a(_aeabi_uldivmod.o)
 .ARM.attributes
                0x00000629       0x32 c:/users/jonaspc/stmicroelectronics/baremetal/plugins/fr.ac6.mcu.externaltools.arm-none.win32_1.15.0.201708311556/tools/compiler/bin/../lib/gcc/arm-none-eabi/6.3.1/thumb/v7e-m/fpv5/hard\libgcc.a(_udivmoddi4.o)
 .ARM.attributes
                0x0000065b       0x20 c:/users/jonaspc/stmicroelectronics/baremetal/plugins/fr.ac6.mcu.externaltools.arm-none.win32_1.15.0.201708311556/tools/compiler/bin/../lib/gcc/arm-none-eabi/6.3.1/thumb/v7e-m/fpv5/hard\libgcc.a(_dvmd_tls.o)
 .ARM.attributes
                0x0000067b       0x32 c:/users/jonaspc/stmicroelectronics/baremetal/plugins/fr.ac6.mcu.externaltools.arm-none.win32_1.15.0.201708311556/tools/compiler/bin/../lib/gcc/arm-none-eabi/6.3.1/../../../../arm-none-eabi/lib/thumb/v7e-m/fpv5/hard\libc_nano.a(lib_a-impure.o)
 .ARM.attributes
                0x000006ad       0x32 c:/users/jonaspc/stmicroelectronics/baremetal/plugins/fr.ac6.mcu.externaltools.arm-none.win32_1.15.0.201708311556/tools/compiler/bin/../lib/gcc/arm-none-eabi/6.3.1/../../../../arm-none-eabi/lib/thumb/v7e-m/fpv5/hard\libc_nano.a(lib_a-init.o)
 .ARM.attributes
                0x000006df       0x32 c:/users/jonaspc/stmicroelectronics/baremetal/plugins/fr.ac6.mcu.externaltools.arm-none.win32_1.15.0.201708311556/tools/compiler/bin/../lib/gcc/arm-none-eabi/6.3.1/../../../../arm-none-eabi/lib/thumb/v7e-m/fpv5/hard\libc_nano.a(lib_a-memcpy-stub.o)
 .ARM.attributes
                0x00000711       0x32 c:/users/jonaspc/stmicroelectronics/baremetal/plugins/fr.ac6.mcu.externaltools.arm-none.win32_1.15.0.201708311556/tools/compiler/bin/../lib/gcc/arm-none-eabi/6.3.1/../../../../arm-none-eabi/lib/thumb/v7e-m/fpv5/hard\libc_nano.a(lib_a-memset.o)
 .ARM.attributes
                0x00000743       0x32 c:/users/jonaspc/stmicroelectronics/baremetal/plugins/fr.ac6.mcu.externaltools.arm-none.win32_1.15.0.201708311556/tools/compiler/bin/../lib/gcc/arm-none-eabi/6.3.1/../../../../arm-none-eabi/lib/thumb/v7e-m/fpv5/hard\libc_nano.a(lib_a-rand.o)
 .ARM.attributes
                0x00000775       0x19 c:/users/jonaspc/stmicroelectronics/baremetal/plugins/fr.ac6.mcu.externaltools.arm-none.win32_1.15.0.201708311556/tools/compiler/bin/../lib/gcc/arm-none-eabi/6.3.1/../../../../arm-none-eabi/lib/thumb/v7e-m/fpv5/hard\libc_nano.a(lib_a-strlen.o)
 .ARM.attributes
                0x0000078e       0x32 c:/users/jonaspc/stmicroelectronics/baremetal/plugins/fr.ac6.mcu.externaltools.arm-none.win32_1.15.0.201708311556/tools/compiler/bin/../lib/gcc/arm-none-eabi/6.3.1/../../../../arm-none-eabi/lib/thumb/v7e-m/fpv5/hard\libc_nano.a(lib_a-malloc.o)
 .ARM.attributes
                0x000007c0       0x32 c:/users/jonaspc/stmicroelectronics/baremetal/plugins/fr.ac6.mcu.externaltools.arm-none.win32_1.15.0.201708311556/tools/compiler/bin/../lib/gcc/arm-none-eabi/6.3.1/../../../../arm-none-eabi/lib/thumb/v7e-m/fpv5/hard\libc_nano.a(lib_a-nano-mallocr.o)
 .ARM.attributes
                0x000007f2       0x32 c:/users/jonaspc/stmicroelectronics/baremetal/plugins/fr.ac6.mcu.externaltools.arm-none.win32_1.15.0.201708311556/tools/compiler/bin/../lib/gcc/arm-none-eabi/6.3.1/../../../../arm-none-eabi/lib/thumb/v7e-m/fpv5/hard\libc_nano.a(lib_a-sbrkr.o)
 .ARM.attributes
                0x00000824       0x32 c:/users/jonaspc/stmicroelectronics/baremetal/plugins/fr.ac6.mcu.externaltools.arm-none.win32_1.15.0.201708311556/tools/compiler/bin/../lib/gcc/arm-none-eabi/6.3.1/../../../../arm-none-eabi/lib/thumb/v7e-m/fpv5/hard\libc_nano.a(lib_a-mlock.o)
 .ARM.attributes
                0x00000856       0x32 c:/users/jonaspc/stmicroelectronics/baremetal/plugins/fr.ac6.mcu.externaltools.arm-none.win32_1.15.0.201708311556/tools/compiler/bin/../lib/gcc/arm-none-eabi/6.3.1/../../../../arm-none-eabi/lib/thumb/v7e-m/fpv5/hard\libc_nano.a(lib_a-reent.o)
 .ARM.attributes
                0x00000888       0x32 c:/users/jonaspc/stmicroelectronics/baremetal/plugins/fr.ac6.mcu.externaltools.arm-none.win32_1.15.0.201708311556/tools/compiler/bin/../lib/gcc/arm-none-eabi/6.3.1/../../../../arm-none-eabi/lib/thumb/v7e-m/fpv5/hard\libnosys.a(sbrk.o)
 .ARM.attributes
                0x000008ba       0x20 c:/users/jonaspc/stmicroelectronics/baremetal/plugins/fr.ac6.mcu.externaltools.arm-none.win32_1.15.0.201708311556/tools/compiler/bin/../lib/gcc/arm-none-eabi/6.3.1/thumb/v7e-m/fpv5/hard/crtn.o
OUTPUT(FreeRTOSf7.elf elf32-littlearm)

.debug_info     0x00000000    0x2d8f4
 .debug_info    0x00000000     0x12f3 Drivers/STM32F7xx_HAL_Driver/Src/stm32f7xx_hal.o
 .debug_info    0x000012f3     0x19be Drivers/STM32F7xx_HAL_Driver/Src/stm32f7xx_hal_cortex.o
 .debug_info    0x00002cb1     0x127e Drivers/STM32F7xx_HAL_Driver/Src/stm32f7xx_hal_dma.o
 .debug_info    0x00003f2f      0xfcb Drivers/STM32F7xx_HAL_Driver/Src/stm32f7xx_hal_gpio.o
 .debug_info    0x00004efa     0x1e02 Drivers/STM32F7xx_HAL_Driver/Src/stm32f7xx_hal_pcd.o
 .debug_info    0x00006cfc      0xf8a Drivers/STM32F7xx_HAL_Driver/Src/stm32f7xx_hal_pcd_ex.o
 .debug_info    0x00007c86     0x1250 Drivers/STM32F7xx_HAL_Driver/Src/stm32f7xx_hal_pwr_ex.o
 .debug_info    0x00008ed6     0x136f Drivers/STM32F7xx_HAL_Driver/Src/stm32f7xx_hal_rcc.o
 .debug_info    0x0000a245     0x10a2 Drivers/STM32F7xx_HAL_Driver/Src/stm32f7xx_hal_rcc_ex.o
 .debug_info    0x0000b2e7     0x372a Drivers/STM32F7xx_HAL_Driver/Src/stm32f7xx_hal_tim.o
 .debug_info    0x0000ea11     0x1fc3 Drivers/STM32F7xx_HAL_Driver/Src/stm32f7xx_hal_tim_ex.o
 .debug_info    0x000109d4     0x206e Drivers/STM32F7xx_HAL_Driver/Src/stm32f7xx_hal_uart.o
 .debug_info    0x00012a42     0x1f66 Drivers/STM32F7xx_HAL_Driver/Src/stm32f7xx_ll_usb.o
 .debug_info    0x000149a8     0x2c2f Middlewares/Third_Party/FreeRTOS/Source/CMSIS_RTOS/cmsis_os.o
 .debug_info    0x000175d7     0x13ca Middlewares/Third_Party/FreeRTOS/Source/list.o
 .debug_info    0x000189a1     0x36b6 Middlewares/Third_Party/FreeRTOS/Source/queue.o
 .debug_info    0x0001c057     0x45c3 Middlewares/Third_Party/FreeRTOS/Source/tasks.o
 .debug_info    0x0002061a     0x15df Middlewares/Third_Party/FreeRTOS/Source/portable/GCC/ARM_CM7/r0p1/port.o
 .debug_info    0x00021bf9     0x1552 Middlewares/Third_Party/FreeRTOS/Source/portable/MemMang/heap_4.o
 .debug_info    0x0002314b     0x37fc Src/main.o
 .debug_info    0x00026947      0x144 Src/selfFIFO.o
 .debug_info    0x00026a8b     0x23b2 Src/stm32f7xx_hal_msp.o
 .debug_info    0x00028e3d     0x14ed Src/stm32f7xx_hal_timebase_TIM.o
 .debug_info    0x0002a32a     0x1296 Src/stm32f7xx_it.o
 .debug_info    0x0002b5c0     0x1390 Src/stm32f7xx_nucleo_144.o
 .debug_info    0x0002c950      0xf19 Src/system_stm32f7xx.o
 .debug_info    0x0002d869       0x8b startup/startup_stm32f767xx.o

.debug_abbrev   0x00000000     0x4d34
 .debug_abbrev  0x00000000      0x2e3 Drivers/STM32F7xx_HAL_Driver/Src/stm32f7xx_hal.o
 .debug_abbrev  0x000002e3      0x3d4 Drivers/STM32F7xx_HAL_Driver/Src/stm32f7xx_hal_cortex.o
 .debug_abbrev  0x000006b7      0x328 Drivers/STM32F7xx_HAL_Driver/Src/stm32f7xx_hal_dma.o
 .debug_abbrev  0x000009df      0x2a5 Drivers/STM32F7xx_HAL_Driver/Src/stm32f7xx_hal_gpio.o
 .debug_abbrev  0x00000c84      0x347 Drivers/STM32F7xx_HAL_Driver/Src/stm32f7xx_hal_pcd.o
 .debug_abbrev  0x00000fcb      0x293 Drivers/STM32F7xx_HAL_Driver/Src/stm32f7xx_hal_pcd_ex.o
 .debug_abbrev  0x0000125e      0x2d9 Drivers/STM32F7xx_HAL_Driver/Src/stm32f7xx_hal_pwr_ex.o
 .debug_abbrev  0x00001537      0x354 Drivers/STM32F7xx_HAL_Driver/Src/stm32f7xx_hal_rcc.o
 .debug_abbrev  0x0000188b      0x29c Drivers/STM32F7xx_HAL_Driver/Src/stm32f7xx_hal_rcc_ex.o
 .debug_abbrev  0x00001b27      0x2b1 Drivers/STM32F7xx_HAL_Driver/Src/stm32f7xx_hal_tim.o
 .debug_abbrev  0x00001dd8      0x2dc Drivers/STM32F7xx_HAL_Driver/Src/stm32f7xx_hal_tim_ex.o
 .debug_abbrev  0x000020b4      0x312 Drivers/STM32F7xx_HAL_Driver/Src/stm32f7xx_hal_uart.o
 .debug_abbrev  0x000023c6      0x32d Drivers/STM32F7xx_HAL_Driver/Src/stm32f7xx_ll_usb.o
 .debug_abbrev  0x000026f3      0x3f1 Middlewares/Third_Party/FreeRTOS/Source/CMSIS_RTOS/cmsis_os.o
 .debug_abbrev  0x00002ae4      0x273 Middlewares/Third_Party/FreeRTOS/Source/list.o
 .debug_abbrev  0x00002d57      0x3c0 Middlewares/Third_Party/FreeRTOS/Source/queue.o
 .debug_abbrev  0x00003117      0x407 Middlewares/Third_Party/FreeRTOS/Source/tasks.o
 .debug_abbrev  0x0000351e      0x386 Middlewares/Third_Party/FreeRTOS/Source/portable/GCC/ARM_CM7/r0p1/port.o
 .debug_abbrev  0x000038a4      0x366 Middlewares/Third_Party/FreeRTOS/Source/portable/MemMang/heap_4.o
 .debug_abbrev  0x00003c0a      0x36a Src/main.o
 .debug_abbrev  0x00003f74       0xe7 Src/selfFIFO.o
 .debug_abbrev  0x0000405b      0x2c5 Src/stm32f7xx_hal_msp.o
 .debug_abbrev  0x00004320      0x295 Src/stm32f7xx_hal_timebase_TIM.o
 .debug_abbrev  0x000045b5      0x256 Src/stm32f7xx_it.o
 .debug_abbrev  0x0000480b      0x305 Src/stm32f7xx_nucleo_144.o
 .debug_abbrev  0x00004b10      0x212 Src/system_stm32f7xx.o
 .debug_abbrev  0x00004d22       0x12 startup/startup_stm32f767xx.o

.debug_loc      0x00000000     0xeeb8
 .debug_loc     0x00000000      0x108 Drivers/STM32F7xx_HAL_Driver/Src/stm32f7xx_hal.o
 .debug_loc     0x00000108      0x5c0 Drivers/STM32F7xx_HAL_Driver/Src/stm32f7xx_hal_cortex.o
 .debug_loc     0x000006c8      0xb59 Drivers/STM32F7xx_HAL_Driver/Src/stm32f7xx_hal_dma.o
 .debug_loc     0x00001221      0x409 Drivers/STM32F7xx_HAL_Driver/Src/stm32f7xx_hal_gpio.o
 .debug_loc     0x0000162a      0xd54 Drivers/STM32F7xx_HAL_Driver/Src/stm32f7xx_hal_pcd.o
 .debug_loc     0x0000237e      0x104 Drivers/STM32F7xx_HAL_Driver/Src/stm32f7xx_hal_pcd_ex.o
 .debug_loc     0x00002482      0x198 Drivers/STM32F7xx_HAL_Driver/Src/stm32f7xx_hal_pwr_ex.o
 .debug_loc     0x0000261a      0x4b8 Drivers/STM32F7xx_HAL_Driver/Src/stm32f7xx_hal_rcc.o
 .debug_loc     0x00002ad2      0x61d Drivers/STM32F7xx_HAL_Driver/Src/stm32f7xx_hal_rcc_ex.o
 .debug_loc     0x000030ef     0x352a Drivers/STM32F7xx_HAL_Driver/Src/stm32f7xx_hal_tim.o
 .debug_loc     0x00006619     0x1b2d Drivers/STM32F7xx_HAL_Driver/Src/stm32f7xx_hal_tim_ex.o
 .debug_loc     0x00008146     0x16aa Drivers/STM32F7xx_HAL_Driver/Src/stm32f7xx_hal_uart.o
 .debug_loc     0x000097f0     0x11c1 Drivers/STM32F7xx_HAL_Driver/Src/stm32f7xx_ll_usb.o
 .debug_loc     0x0000a9b1     0x1027 Middlewares/Third_Party/FreeRTOS/Source/CMSIS_RTOS/cmsis_os.o
 .debug_loc     0x0000b9d8       0x70 Middlewares/Third_Party/FreeRTOS/Source/list.o
 .debug_loc     0x0000ba48      0xfe6 Middlewares/Third_Party/FreeRTOS/Source/queue.o
 .debug_loc     0x0000ca2e     0x1b92 Middlewares/Third_Party/FreeRTOS/Source/tasks.o
 .debug_loc     0x0000e5c0       0xdc Middlewares/Third_Party/FreeRTOS/Source/portable/GCC/ARM_CM7/r0p1/port.o
 .debug_loc     0x0000e69c      0x291 Middlewares/Third_Party/FreeRTOS/Source/portable/MemMang/heap_4.o
 .debug_loc     0x0000e92d       0x9d Src/main.o
 .debug_loc     0x0000e9ca       0x75 Src/selfFIFO.o
 .debug_loc     0x0000ea3f      0x15c Src/stm32f7xx_hal_msp.o
 .debug_loc     0x0000eb9b       0x79 Src/stm32f7xx_hal_timebase_TIM.o
 .debug_loc     0x0000ec14      0x166 Src/stm32f7xx_nucleo_144.o
 .debug_loc     0x0000ed7a      0x13e Src/system_stm32f7xx.o

.debug_aranges  0x00000000     0x1548
 .debug_aranges
                0x00000000      0x110 Drivers/STM32F7xx_HAL_Driver/Src/stm32f7xx_hal.o
 .debug_aranges
                0x00000110       0xa8 Drivers/STM32F7xx_HAL_Driver/Src/stm32f7xx_hal_cortex.o
 .debug_aranges
                0x000001b8       0x90 Drivers/STM32F7xx_HAL_Driver/Src/stm32f7xx_hal_dma.o
 .debug_aranges
                0x00000248       0x58 Drivers/STM32F7xx_HAL_Driver/Src/stm32f7xx_hal_gpio.o
 .debug_aranges
                0x000002a0      0x120 Drivers/STM32F7xx_HAL_Driver/Src/stm32f7xx_hal_pcd.o
 .debug_aranges
                0x000003c0       0x40 Drivers/STM32F7xx_HAL_Driver/Src/stm32f7xx_hal_pcd_ex.o
 .debug_aranges
                0x00000400       0x80 Drivers/STM32F7xx_HAL_Driver/Src/stm32f7xx_hal_pwr_ex.o
 .debug_aranges
                0x00000480       0x88 Drivers/STM32F7xx_HAL_Driver/Src/stm32f7xx_hal_rcc.o
 .debug_aranges
                0x00000508       0x50 Drivers/STM32F7xx_HAL_Driver/Src/stm32f7xx_hal_rcc_ex.o
 .debug_aranges
                0x00000558      0x368 Drivers/STM32F7xx_HAL_Driver/Src/stm32f7xx_hal_tim.o
 .debug_aranges
                0x000008c0      0x178 Drivers/STM32F7xx_HAL_Driver/Src/stm32f7xx_hal_tim_ex.o
 .debug_aranges
                0x00000a38      0x190 Drivers/STM32F7xx_HAL_Driver/Src/stm32f7xx_hal_uart.o
 .debug_aranges
                0x00000bc8      0x180 Drivers/STM32F7xx_HAL_Driver/Src/stm32f7xx_ll_usb.o
 .debug_aranges
                0x00000d48      0x1d8 Middlewares/Third_Party/FreeRTOS/Source/CMSIS_RTOS/cmsis_os.o
 .debug_aranges
                0x00000f20       0x40 Middlewares/Third_Party/FreeRTOS/Source/list.o
 .debug_aranges
                0x00000f60      0x100 Middlewares/Third_Party/FreeRTOS/Source/queue.o
 .debug_aranges
                0x00001060      0x1d0 Middlewares/Third_Party/FreeRTOS/Source/tasks.o
 .debug_aranges
                0x00001230       0x80 Middlewares/Third_Party/FreeRTOS/Source/portable/GCC/ARM_CM7/r0p1/port.o
 .debug_aranges
                0x000012b0       0x50 Middlewares/Third_Party/FreeRTOS/Source/portable/MemMang/heap_4.o
 .debug_aranges
                0x00001300       0xb8 Src/main.o
 .debug_aranges
                0x000013b8       0x28 Src/selfFIFO.o
 .debug_aranges
                0x000013e0       0x50 Src/stm32f7xx_hal_msp.o
 .debug_aranges
                0x00001430       0x30 Src/stm32f7xx_hal_timebase_TIM.o
 .debug_aranges
                0x00001460       0x38 Src/stm32f7xx_it.o
 .debug_aranges
                0x00001498       0x60 Src/stm32f7xx_nucleo_144.o
 .debug_aranges
                0x000014f8       0x28 Src/system_stm32f7xx.o
 .debug_aranges
                0x00001520       0x28 startup/startup_stm32f767xx.o

.debug_ranges   0x00000000     0x1598
 .debug_ranges  0x00000000      0x100 Drivers/STM32F7xx_HAL_Driver/Src/stm32f7xx_hal.o
 .debug_ranges  0x00000100       0xf8 Drivers/STM32F7xx_HAL_Driver/Src/stm32f7xx_hal_cortex.o
 .debug_ranges  0x000001f8       0x80 Drivers/STM32F7xx_HAL_Driver/Src/stm32f7xx_hal_dma.o
 .debug_ranges  0x00000278       0x48 Drivers/STM32F7xx_HAL_Driver/Src/stm32f7xx_hal_gpio.o
 .debug_ranges  0x000002c0      0x110 Drivers/STM32F7xx_HAL_Driver/Src/stm32f7xx_hal_pcd.o
 .debug_ranges  0x000003d0       0x30 Drivers/STM32F7xx_HAL_Driver/Src/stm32f7xx_hal_pcd_ex.o
 .debug_ranges  0x00000400       0x70 Drivers/STM32F7xx_HAL_Driver/Src/stm32f7xx_hal_pwr_ex.o
 .debug_ranges  0x00000470       0x78 Drivers/STM32F7xx_HAL_Driver/Src/stm32f7xx_hal_rcc.o
 .debug_ranges  0x000004e8       0x40 Drivers/STM32F7xx_HAL_Driver/Src/stm32f7xx_hal_rcc_ex.o
 .debug_ranges  0x00000528      0x358 Drivers/STM32F7xx_HAL_Driver/Src/stm32f7xx_hal_tim.o
 .debug_ranges  0x00000880      0x168 Drivers/STM32F7xx_HAL_Driver/Src/stm32f7xx_hal_tim_ex.o
 .debug_ranges  0x000009e8      0x180 Drivers/STM32F7xx_HAL_Driver/Src/stm32f7xx_hal_uart.o
 .debug_ranges  0x00000b68      0x170 Drivers/STM32F7xx_HAL_Driver/Src/stm32f7xx_ll_usb.o
 .debug_ranges  0x00000cd8      0x1c8 Middlewares/Third_Party/FreeRTOS/Source/CMSIS_RTOS/cmsis_os.o
 .debug_ranges  0x00000ea0       0x30 Middlewares/Third_Party/FreeRTOS/Source/list.o
 .debug_ranges  0x00000ed0      0x1a0 Middlewares/Third_Party/FreeRTOS/Source/queue.o
 .debug_ranges  0x00001070      0x2a8 Middlewares/Third_Party/FreeRTOS/Source/tasks.o
 .debug_ranges  0x00001318       0x70 Middlewares/Third_Party/FreeRTOS/Source/portable/GCC/ARM_CM7/r0p1/port.o
 .debug_ranges  0x00001388       0x40 Middlewares/Third_Party/FreeRTOS/Source/portable/MemMang/heap_4.o
 .debug_ranges  0x000013c8       0xa8 Src/main.o
 .debug_ranges  0x00001470       0x18 Src/selfFIFO.o
 .debug_ranges  0x00001488       0x40 Src/stm32f7xx_hal_msp.o
 .debug_ranges  0x000014c8       0x20 Src/stm32f7xx_hal_timebase_TIM.o
 .debug_ranges  0x000014e8       0x28 Src/stm32f7xx_it.o
 .debug_ranges  0x00001510       0x50 Src/stm32f7xx_nucleo_144.o
 .debug_ranges  0x00001560       0x18 Src/system_stm32f7xx.o
 .debug_ranges  0x00001578       0x20 startup/startup_stm32f767xx.o

.debug_macro    0x00000000    0x2ca97
 .debug_macro   0x00000000      0x381 Drivers/STM32F7xx_HAL_Driver/Src/stm32f7xx_hal.o
 .debug_macro   0x00000381      0x8c8 Drivers/STM32F7xx_HAL_Driver/Src/stm32f7xx_hal.o
 .debug_macro   0x00000c49      0x13d Drivers/STM32F7xx_HAL_Driver/Src/stm32f7xx_hal.o
 .debug_macro   0x00000d86      0x199 Drivers/STM32F7xx_HAL_Driver/Src/stm32f7xx_hal.o
 .debug_macro   0x00000f1f       0x2e Drivers/STM32F7xx_HAL_Driver/Src/stm32f7xx_hal.o
 .debug_macro   0x00000f4d       0x3b Drivers/STM32F7xx_HAL_Driver/Src/stm32f7xx_hal.o
 .debug_macro   0x00000f88       0x22 Drivers/STM32F7xx_HAL_Driver/Src/stm32f7xx_hal.o
 .debug_macro   0x00000faa       0x87 Drivers/STM32F7xx_HAL_Driver/Src/stm32f7xx_hal.o
 .debug_macro   0x00001031       0x51 Drivers/STM32F7xx_HAL_Driver/Src/stm32f7xx_hal.o
 .debug_macro   0x00001082       0xef Drivers/STM32F7xx_HAL_Driver/Src/stm32f7xx_hal.o
 .debug_macro   0x00001171       0x6a Drivers/STM32F7xx_HAL_Driver/Src/stm32f7xx_hal.o
 .debug_macro   0x000011db      0x1df Drivers/STM32F7xx_HAL_Driver/Src/stm32f7xx_hal.o
 .debug_macro   0x000013ba       0x35 Drivers/STM32F7xx_HAL_Driver/Src/stm32f7xx_hal.o
 .debug_macro   0x000013ef       0x50 Drivers/STM32F7xx_HAL_Driver/Src/stm32f7xx_hal.o
 .debug_macro   0x0000143f     0x1114 Drivers/STM32F7xx_HAL_Driver/Src/stm32f7xx_hal.o
 .debug_macro   0x00002553    0x19f38 Drivers/STM32F7xx_HAL_Driver/Src/stm32f7xx_hal.o
 .debug_macro   0x0001c48b       0x43 Drivers/STM32F7xx_HAL_Driver/Src/stm32f7xx_hal.o
 .debug_macro   0x0001c4ce     0x35cf Drivers/STM32F7xx_HAL_Driver/Src/stm32f7xx_hal.o
 .debug_macro   0x0001fa9d       0x58 Drivers/STM32F7xx_HAL_Driver/Src/stm32f7xx_hal.o
 .debug_macro   0x0001faf5       0x35 Drivers/STM32F7xx_HAL_Driver/Src/stm32f7xx_hal.o
 .debug_macro   0x0001fb2a       0x9c Drivers/STM32F7xx_HAL_Driver/Src/stm32f7xx_hal.o
 .debug_macro   0x0001fbc6       0x16 Drivers/STM32F7xx_HAL_Driver/Src/stm32f7xx_hal.o
 .debug_macro   0x0001fbdc       0x97 Drivers/STM32F7xx_HAL_Driver/Src/stm32f7xx_hal.o
 .debug_macro   0x0001fc73      0x330 Drivers/STM32F7xx_HAL_Driver/Src/stm32f7xx_hal.o
 .debug_macro   0x0001ffa3       0xfd Drivers/STM32F7xx_HAL_Driver/Src/stm32f7xx_hal.o
 .debug_macro   0x000200a0       0x10 Drivers/STM32F7xx_HAL_Driver/Src/stm32f7xx_hal.o
 .debug_macro   0x000200b0       0x58 Drivers/STM32F7xx_HAL_Driver/Src/stm32f7xx_hal.o
 .debug_macro   0x00020108       0x1f Drivers/STM32F7xx_HAL_Driver/Src/stm32f7xx_hal.o
 .debug_macro   0x00020127       0x43 Drivers/STM32F7xx_HAL_Driver/Src/stm32f7xx_hal.o
 .debug_macro   0x0002016a       0x20 Drivers/STM32F7xx_HAL_Driver/Src/stm32f7xx_hal.o
 .debug_macro   0x0002018a      0x187 Drivers/STM32F7xx_HAL_Driver/Src/stm32f7xx_hal.o
 .debug_macro   0x00020311       0x10 Drivers/STM32F7xx_HAL_Driver/Src/stm32f7xx_hal.o
 .debug_macro   0x00020321       0x1c Drivers/STM32F7xx_HAL_Driver/Src/stm32f7xx_hal.o
 .debug_macro   0x0002033d       0x52 Drivers/STM32F7xx_HAL_Driver/Src/stm32f7xx_hal.o
 .debug_macro   0x0002038f       0x40 Drivers/STM32F7xx_HAL_Driver/Src/stm32f7xx_hal.o
 .debug_macro   0x000203cf       0x10 Drivers/STM32F7xx_HAL_Driver/Src/stm32f7xx_hal.o
 .debug_macro   0x000203df       0x40 Drivers/STM32F7xx_HAL_Driver/Src/stm32f7xx_hal.o
 .debug_macro   0x0002041f       0xd7 Drivers/STM32F7xx_HAL_Driver/Src/stm32f7xx_hal.o
 .debug_macro   0x000204f6       0x16 Drivers/STM32F7xx_HAL_Driver/Src/stm32f7xx_hal.o
 .debug_macro   0x0002050c      0x18b Drivers/STM32F7xx_HAL_Driver/Src/stm32f7xx_hal.o
 .debug_macro   0x00020697       0x50 Drivers/STM32F7xx_HAL_Driver/Src/stm32f7xx_hal.o
 .debug_macro   0x000206e7     0x1add Drivers/STM32F7xx_HAL_Driver/Src/stm32f7xx_hal.o
 .debug_macro   0x000221c4      0x6ca Drivers/STM32F7xx_HAL_Driver/Src/stm32f7xx_hal.o
 .debug_macro   0x0002288e      0x11e Drivers/STM32F7xx_HAL_Driver/Src/stm32f7xx_hal.o
 .debug_macro   0x000229ac      0x277 Drivers/STM32F7xx_HAL_Driver/Src/stm32f7xx_hal.o
 .debug_macro   0x00022c23       0x27 Drivers/STM32F7xx_HAL_Driver/Src/stm32f7xx_hal.o
 .debug_macro   0x00022c4a      0x24f Drivers/STM32F7xx_HAL_Driver/Src/stm32f7xx_hal.o
 .debug_macro   0x00022e99       0x71 Drivers/STM32F7xx_HAL_Driver/Src/stm32f7xx_hal.o
 .debug_macro   0x00022f0a       0x58 Drivers/STM32F7xx_HAL_Driver/Src/stm32f7xx_hal.o
 .debug_macro   0x00022f62      0x23a Drivers/STM32F7xx_HAL_Driver/Src/stm32f7xx_hal.o
 .debug_macro   0x0002319c      0xcd5 Drivers/STM32F7xx_HAL_Driver/Src/stm32f7xx_hal.o
 .debug_macro   0x00023e71      0x156 Drivers/STM32F7xx_HAL_Driver/Src/stm32f7xx_hal.o
 .debug_macro   0x00023fc7      0x3de Drivers/STM32F7xx_HAL_Driver/Src/stm32f7xx_hal.o
 .debug_macro   0x000243a5       0x12 Drivers/STM32F7xx_HAL_Driver/Src/stm32f7xx_hal.o
 .debug_macro   0x000243b7      0x209 Drivers/STM32F7xx_HAL_Driver/Src/stm32f7xx_hal.o
 .debug_macro   0x000245c0       0x61 Drivers/STM32F7xx_HAL_Driver/Src/stm32f7xx_hal.o
 .debug_macro   0x00024621       0x90 Drivers/STM32F7xx_HAL_Driver/Src/stm32f7xx_hal.o
 .debug_macro   0x000246b1      0x132 Drivers/STM32F7xx_HAL_Driver/Src/stm32f7xx_hal.o
 .debug_macro   0x000247e3      0x10c Drivers/STM32F7xx_HAL_Driver/Src/stm32f7xx_hal.o
 .debug_macro   0x000248ef       0x35 Drivers/STM32F7xx_HAL_Driver/Src/stm32f7xx_hal.o
 .debug_macro   0x00024924      0x65b Drivers/STM32F7xx_HAL_Driver/Src/stm32f7xx_hal.o
 .debug_macro   0x00024f7f      0x2aa Drivers/STM32F7xx_HAL_Driver/Src/stm32f7xx_hal.o
 .debug_macro   0x00025229      0x169 Drivers/STM32F7xx_HAL_Driver/Src/stm32f7xx_hal.o
 .debug_macro   0x00025392      0x4e8 Drivers/STM32F7xx_HAL_Driver/Src/stm32f7xx_hal.o
 .debug_macro   0x0002587a       0x47 Drivers/STM32F7xx_HAL_Driver/Src/stm32f7xx_hal.o
 .debug_macro   0x000258c1      0x1f4 Drivers/STM32F7xx_HAL_Driver/Src/stm32f7xx_hal.o
 .debug_macro   0x00025ab5      0x120 Drivers/STM32F7xx_HAL_Driver/Src/stm32f7xx_hal.o
 .debug_macro   0x00025bd5      0x16c Drivers/STM32F7xx_HAL_Driver/Src/stm32f7xx_hal.o
 .debug_macro   0x00025d41      0x35d Drivers/STM32F7xx_HAL_Driver/Src/stm32f7xx_hal_cortex.o
 .debug_macro   0x0002609e      0x364 Drivers/STM32F7xx_HAL_Driver/Src/stm32f7xx_hal_dma.o
 .debug_macro   0x00026402      0x395 Drivers/STM32F7xx_HAL_Driver/Src/stm32f7xx_hal_gpio.o
 .debug_macro   0x00026797      0x369 Drivers/STM32F7xx_HAL_Driver/Src/stm32f7xx_hal_pcd.o
 .debug_macro   0x00026b00      0x35d Drivers/STM32F7xx_HAL_Driver/Src/stm32f7xx_hal_pcd_ex.o
 .debug_macro   0x00026e5d      0x375 Drivers/STM32F7xx_HAL_Driver/Src/stm32f7xx_hal_pwr_ex.o
 .debug_macro   0x000271d2      0x381 Drivers/STM32F7xx_HAL_Driver/Src/stm32f7xx_hal_rcc.o
 .debug_macro   0x00027553      0x35d Drivers/STM32F7xx_HAL_Driver/Src/stm32f7xx_hal_rcc_ex.o
 .debug_macro   0x000278b0      0x35e Drivers/STM32F7xx_HAL_Driver/Src/stm32f7xx_hal_tim.o
 .debug_macro   0x00027c0e      0x369 Drivers/STM32F7xx_HAL_Driver/Src/stm32f7xx_hal_tim_ex.o
 .debug_macro   0x00027f77      0x365 Drivers/STM32F7xx_HAL_Driver/Src/stm32f7xx_hal_uart.o
 .debug_macro   0x000282dc      0x35d Drivers/STM32F7xx_HAL_Driver/Src/stm32f7xx_ll_usb.o
 .debug_macro   0x00028639      0x45b Middlewares/Third_Party/FreeRTOS/Source/CMSIS_RTOS/cmsis_os.o
 .debug_macro   0x00028a94       0x52 Middlewares/Third_Party/FreeRTOS/Source/CMSIS_RTOS/cmsis_os.o
 .debug_macro   0x00028ae6       0x8d Middlewares/Third_Party/FreeRTOS/Source/CMSIS_RTOS/cmsis_os.o
 .debug_macro   0x00028b73      0x174 Middlewares/Third_Party/FreeRTOS/Source/CMSIS_RTOS/cmsis_os.o
 .debug_macro   0x00028ce7       0x57 Middlewares/Third_Party/FreeRTOS/Source/CMSIS_RTOS/cmsis_os.o
 .debug_macro   0x00028d3e       0x10 Middlewares/Third_Party/FreeRTOS/Source/CMSIS_RTOS/cmsis_os.o
 .debug_macro   0x00028d4e       0x35 Middlewares/Third_Party/FreeRTOS/Source/CMSIS_RTOS/cmsis_os.o
 .debug_macro   0x00028d83       0xa0 Middlewares/Third_Party/FreeRTOS/Source/CMSIS_RTOS/cmsis_os.o
 .debug_macro   0x00028e23       0x10 Middlewares/Third_Party/FreeRTOS/Source/CMSIS_RTOS/cmsis_os.o
 .debug_macro   0x00028e33      0x19f Middlewares/Third_Party/FreeRTOS/Source/CMSIS_RTOS/cmsis_os.o
 .debug_macro   0x00028fd2       0x3b Middlewares/Third_Party/FreeRTOS/Source/CMSIS_RTOS/cmsis_os.o
 .debug_macro   0x0002900d       0x1c Middlewares/Third_Party/FreeRTOS/Source/CMSIS_RTOS/cmsis_os.o
 .debug_macro   0x00029029       0x22 Middlewares/Third_Party/FreeRTOS/Source/CMSIS_RTOS/cmsis_os.o
 .debug_macro   0x0002904b      0x242 Middlewares/Third_Party/FreeRTOS/Source/CMSIS_RTOS/cmsis_os.o
 .debug_macro   0x0002928d       0x3c Middlewares/Third_Party/FreeRTOS/Source/CMSIS_RTOS/cmsis_os.o
 .debug_macro   0x000292c9      0x168 Middlewares/Third_Party/FreeRTOS/Source/CMSIS_RTOS/cmsis_os.o
 .debug_macro   0x00029431       0xe4 Middlewares/Third_Party/FreeRTOS/Source/CMSIS_RTOS/cmsis_os.o
 .debug_macro   0x00029515       0x10 Middlewares/Third_Party/FreeRTOS/Source/CMSIS_RTOS/cmsis_os.o
 .debug_macro   0x00029525       0x26 Middlewares/Third_Party/FreeRTOS/Source/CMSIS_RTOS/cmsis_os.o
 .debug_macro   0x0002954b      0x1fb Middlewares/Third_Party/FreeRTOS/Source/CMSIS_RTOS/cmsis_os.o
 .debug_macro   0x00029746       0xc0 Middlewares/Third_Party/FreeRTOS/Source/CMSIS_RTOS/cmsis_os.o
 .debug_macro   0x00029806       0x8c Middlewares/Third_Party/FreeRTOS/Source/CMSIS_RTOS/cmsis_os.o
 .debug_macro   0x00029892       0x91 Middlewares/Third_Party/FreeRTOS/Source/CMSIS_RTOS/cmsis_os.o
 .debug_macro   0x00029923       0x94 Middlewares/Third_Party/FreeRTOS/Source/CMSIS_RTOS/cmsis_os.o
 .debug_macro   0x000299b7       0x63 Middlewares/Third_Party/FreeRTOS/Source/CMSIS_RTOS/cmsis_os.o
 .debug_macro   0x00029a1a       0xcf Middlewares/Third_Party/FreeRTOS/Source/CMSIS_RTOS/cmsis_os.o
 .debug_macro   0x00029ae9      0x3f6 Middlewares/Third_Party/FreeRTOS/Source/list.o
 .debug_macro   0x00029edf      0x472 Middlewares/Third_Party/FreeRTOS/Source/queue.o
 .debug_macro   0x0002a351       0x16 Middlewares/Third_Party/FreeRTOS/Source/queue.o
 .debug_macro   0x0002a367      0x4d5 Middlewares/Third_Party/FreeRTOS/Source/tasks.o
 .debug_macro   0x0002a83c       0x11 Middlewares/Third_Party/FreeRTOS/Source/tasks.o
 .debug_macro   0x0002a84d      0x495 Middlewares/Third_Party/FreeRTOS/Source/portable/GCC/ARM_CM7/r0p1/port.o
 .debug_macro   0x0002ace2      0x41d Middlewares/Third_Party/FreeRTOS/Source/portable/MemMang/heap_4.o
 .debug_macro   0x0002b0ff      0x479 Src/main.o
 .debug_macro   0x0002b578       0xa6 Src/main.o
 .debug_macro   0x0002b61e      0x110 Src/main.o
 .debug_macro   0x0002b72e       0x6c Src/selfFIFO.o
 .debug_macro   0x0002b79a      0x35d Src/stm32f7xx_hal_msp.o
 .debug_macro   0x0002baf7      0x35d Src/stm32f7xx_hal_timebase_TIM.o
 .debug_macro   0x0002be54      0x440 Src/stm32f7xx_it.o
 .debug_macro   0x0002c294      0x396 Src/stm32f7xx_nucleo_144.o
 .debug_macro   0x0002c62a      0x10a Src/stm32f7xx_nucleo_144.o
 .debug_macro   0x0002c734      0x363 Src/system_stm32f7xx.o

.debug_line     0x00000000    0x151d7
 .debug_line    0x00000000      0xb48 Drivers/STM32F7xx_HAL_Driver/Src/stm32f7xx_hal.o
 .debug_line    0x00000b48      0xb21 Drivers/STM32F7xx_HAL_Driver/Src/stm32f7xx_hal_cortex.o
 .debug_line    0x00001669      0xc30 Drivers/STM32F7xx_HAL_Driver/Src/stm32f7xx_hal_dma.o
 .debug_line    0x00002299      0xa99 Drivers/STM32F7xx_HAL_Driver/Src/stm32f7xx_hal_gpio.o
 .debug_line    0x00002d32      0xe3e Drivers/STM32F7xx_HAL_Driver/Src/stm32f7xx_hal_pcd.o
 .debug_line    0x00003b70      0x98a Drivers/STM32F7xx_HAL_Driver/Src/stm32f7xx_hal_pcd_ex.o
 .debug_line    0x000044fa      0xa52 Drivers/STM32F7xx_HAL_Driver/Src/stm32f7xx_hal_pwr_ex.o
 .debug_line    0x00004f4c      0xbba Drivers/STM32F7xx_HAL_Driver/Src/stm32f7xx_hal_rcc.o
 .debug_line    0x00005b06      0xb51 Drivers/STM32F7xx_HAL_Driver/Src/stm32f7xx_hal_rcc_ex.o
 .debug_line    0x00006657     0x18d3 Drivers/STM32F7xx_HAL_Driver/Src/stm32f7xx_hal_tim.o
 .debug_line    0x00007f2a     0x104f Drivers/STM32F7xx_HAL_Driver/Src/stm32f7xx_hal_tim_ex.o
 .debug_line    0x00008f79     0x12bd Drivers/STM32F7xx_HAL_Driver/Src/stm32f7xx_hal_uart.o
 .debug_line    0x0000a236      0xf05 Drivers/STM32F7xx_HAL_Driver/Src/stm32f7xx_ll_usb.o
 .debug_line    0x0000b13b     0x1151 Middlewares/Third_Party/FreeRTOS/Source/CMSIS_RTOS/cmsis_os.o
 .debug_line    0x0000c28c      0xb4c Middlewares/Third_Party/FreeRTOS/Source/list.o
 .debug_line    0x0000cdd8     0x110a Middlewares/Third_Party/FreeRTOS/Source/queue.o
 .debug_line    0x0000dee2     0x176c Middlewares/Third_Party/FreeRTOS/Source/tasks.o
 .debug_line    0x0000f64e      0xc26 Middlewares/Third_Party/FreeRTOS/Source/portable/GCC/ARM_CM7/r0p1/port.o
 .debug_line    0x00010274      0xbfe Middlewares/Third_Party/FreeRTOS/Source/portable/MemMang/heap_4.o
 .debug_line    0x00010e72      0xd96 Src/main.o
 .debug_line    0x00011c08      0x392 Src/selfFIFO.o
 .debug_line    0x00011f9a      0x9db Src/stm32f7xx_hal_msp.o
 .debug_line    0x00012975      0x93d Src/stm32f7xx_hal_timebase_TIM.o
 .debug_line    0x000132b2      0xb9c Src/stm32f7xx_it.o
 .debug_line    0x00013e4e      0x9d6 Src/stm32f7xx_nucleo_144.o
 .debug_line    0x00014824      0x934 Src/system_stm32f7xx.o
 .debug_line    0x00015158       0x7f startup/startup_stm32f767xx.o

.debug_str      0x00000000   0x106e60
 .debug_str     0x00000000    0xf79aa Drivers/STM32F7xx_HAL_Driver/Src/stm32f7xx_hal.o
                              0xf7dba (size before relaxing)
 .debug_str     0x000f79aa      0x458 Drivers/STM32F7xx_HAL_Driver/Src/stm32f7xx_hal_cortex.o
                              0xf7d5d (size before relaxing)
 .debug_str     0x000f7e02      0x541 Drivers/STM32F7xx_HAL_Driver/Src/stm32f7xx_hal_dma.o
                              0xf76be (size before relaxing)
 .debug_str     0x000f8343      0x2c4 Drivers/STM32F7xx_HAL_Driver/Src/stm32f7xx_hal_gpio.o
                              0xf754e (size before relaxing)
 .debug_str     0x000f8607      0xaad Drivers/STM32F7xx_HAL_Driver/Src/stm32f7xx_hal_pcd.o
                              0xf7c66 (size before relaxing)
 .debug_str     0x000f90b4       0x75 Drivers/STM32F7xx_HAL_Driver/Src/stm32f7xx_hal_pcd_ex.o
                              0xf75d0 (size before relaxing)
 .debug_str     0x000f9129      0x1f3 Drivers/STM32F7xx_HAL_Driver/Src/stm32f7xx_hal_pwr_ex.o
                              0xf760a (size before relaxing)
 .debug_str     0x000f931c      0x38f Drivers/STM32F7xx_HAL_Driver/Src/stm32f7xx_hal_rcc.o
                              0xf76c8 (size before relaxing)
 .debug_str     0x000f96ab      0x3c1 Drivers/STM32F7xx_HAL_Driver/Src/stm32f7xx_hal_rcc_ex.o
                              0xf766d (size before relaxing)
 .debug_str     0x000f9a6c      0xe96 Drivers/STM32F7xx_HAL_Driver/Src/stm32f7xx_hal_tim.o
                              0xf830f (size before relaxing)
 .debug_str     0x000fa902      0x646 Drivers/STM32F7xx_HAL_Driver/Src/stm32f7xx_hal_tim_ex.o
                              0xf7e7e (size before relaxing)
 .debug_str     0x000faf48      0x82c Drivers/STM32F7xx_HAL_Driver/Src/stm32f7xx_hal_uart.o
                              0xf7dbc (size before relaxing)
 .debug_str     0x000fb774      0x3c9 Drivers/STM32F7xx_HAL_Driver/Src/stm32f7xx_ll_usb.o
                              0xf7b0c (size before relaxing)
 .debug_str     0x000fbb3d     0x77cc Middlewares/Third_Party/FreeRTOS/Source/CMSIS_RTOS/cmsis_os.o
                              0xff0c0 (size before relaxing)
 .debug_str     0x00103309      0x234 Middlewares/Third_Party/FreeRTOS/Source/list.o
                              0xfc5a8 (size before relaxing)
 .debug_str     0x0010353d      0xd03 Middlewares/Third_Party/FreeRTOS/Source/queue.o
                              0xfe255 (size before relaxing)
 .debug_str     0x00104240     0x1111 Middlewares/Third_Party/FreeRTOS/Source/tasks.o
                              0xfee55 (size before relaxing)
 .debug_str     0x00105351      0x6fb Middlewares/Third_Party/FreeRTOS/Source/portable/GCC/ARM_CM7/r0p1/port.o
                              0xfd15a (size before relaxing)
 .debug_str     0x00105a4c      0x243 Middlewares/Third_Party/FreeRTOS/Source/portable/MemMang/heap_4.o
                              0xfccd6 (size before relaxing)
 .debug_str     0x00105c8f      0xd7c Src/main.o
                             0x100c00 (size before relaxing)
 .debug_str     0x00106a0b       0x1d Src/selfFIFO.o
                               0x357b (size before relaxing)
 .debug_str     0x00106a28       0x3d Src/stm32f7xx_hal_msp.o
                              0xf8617 (size before relaxing)
 .debug_str     0x00106a65       0x5b Src/stm32f7xx_hal_timebase_TIM.o
                              0xf7e22 (size before relaxing)
 .debug_str     0x00106ac0       0x8c Src/stm32f7xx_it.o
                              0xfe55b (size before relaxing)
 .debug_str     0x00106b4c      0x2ba Src/stm32f7xx_nucleo_144.o
                              0xf8368 (size before relaxing)
 .debug_str     0x00106e06       0x5a Src/system_stm32f7xx.o
                              0xf7373 (size before relaxing)

.comment        0x00000000       0x7f
 .comment       0x00000000       0x7f Drivers/STM32F7xx_HAL_Driver/Src/stm32f7xx_hal.o
                                 0x80 (size before relaxing)
 .comment       0x0000007f       0x80 Drivers/STM32F7xx_HAL_Driver/Src/stm32f7xx_hal_cortex.o
 .comment       0x0000007f       0x80 Drivers/STM32F7xx_HAL_Driver/Src/stm32f7xx_hal_dma.o
 .comment       0x0000007f       0x80 Drivers/STM32F7xx_HAL_Driver/Src/stm32f7xx_hal_gpio.o
 .comment       0x0000007f       0x80 Drivers/STM32F7xx_HAL_Driver/Src/stm32f7xx_hal_pcd.o
 .comment       0x0000007f       0x80 Drivers/STM32F7xx_HAL_Driver/Src/stm32f7xx_hal_pcd_ex.o
 .comment       0x0000007f       0x80 Drivers/STM32F7xx_HAL_Driver/Src/stm32f7xx_hal_pwr_ex.o
 .comment       0x0000007f       0x80 Drivers/STM32F7xx_HAL_Driver/Src/stm32f7xx_hal_rcc.o
 .comment       0x0000007f       0x80 Drivers/STM32F7xx_HAL_Driver/Src/stm32f7xx_hal_rcc_ex.o
 .comment       0x0000007f       0x80 Drivers/STM32F7xx_HAL_Driver/Src/stm32f7xx_hal_tim.o
 .comment       0x0000007f       0x80 Drivers/STM32F7xx_HAL_Driver/Src/stm32f7xx_hal_tim_ex.o
 .comment       0x0000007f       0x80 Drivers/STM32F7xx_HAL_Driver/Src/stm32f7xx_hal_uart.o
 .comment       0x0000007f       0x80 Drivers/STM32F7xx_HAL_Driver/Src/stm32f7xx_ll_usb.o
 .comment       0x0000007f       0x80 Middlewares/Third_Party/FreeRTOS/Source/CMSIS_RTOS/cmsis_os.o
 .comment       0x0000007f       0x80 Middlewares/Third_Party/FreeRTOS/Source/list.o
 .comment       0x0000007f       0x80 Middlewares/Third_Party/FreeRTOS/Source/queue.o
 .comment       0x0000007f       0x80 Middlewares/Third_Party/FreeRTOS/Source/tasks.o
 .comment       0x0000007f       0x80 Middlewares/Third_Party/FreeRTOS/Source/portable/GCC/ARM_CM7/r0p1/port.o
 .comment       0x0000007f       0x80 Middlewares/Third_Party/FreeRTOS/Source/portable/MemMang/heap_4.o
 .comment       0x0000007f       0x80 Src/main.o
 .comment       0x0000007f       0x80 Src/selfFIFO.o
 .comment       0x0000007f       0x80 Src/stm32f7xx_hal_msp.o
 .comment       0x0000007f       0x80 Src/stm32f7xx_hal_timebase_TIM.o
 .comment       0x0000007f       0x80 Src/stm32f7xx_it.o
 .comment       0x0000007f       0x80 Src/stm32f7xx_nucleo_144.o
 .comment       0x0000007f       0x80 Src/system_stm32f7xx.o

.debug_frame    0x00000000     0x3c64
 .debug_frame   0x00000000      0x22c Drivers/STM32F7xx_HAL_Driver/Src/stm32f7xx_hal.o
 .debug_frame   0x0000022c      0x15c Drivers/STM32F7xx_HAL_Driver/Src/stm32f7xx_hal_cortex.o
 .debug_frame   0x00000388      0x17c Drivers/STM32F7xx_HAL_Driver/Src/stm32f7xx_hal_dma.o
 .debug_frame   0x00000504       0xd0 Drivers/STM32F7xx_HAL_Driver/Src/stm32f7xx_hal_gpio.o
 .debug_frame   0x000005d4      0x2f4 Drivers/STM32F7xx_HAL_Driver/Src/stm32f7xx_hal_pcd.o
 .debug_frame   0x000008c8       0x6c Drivers/STM32F7xx_HAL_Driver/Src/stm32f7xx_hal_pcd_ex.o
 .debug_frame   0x00000934      0x134 Drivers/STM32F7xx_HAL_Driver/Src/stm32f7xx_hal_pwr_ex.o
 .debug_frame   0x00000a68      0x180 Drivers/STM32F7xx_HAL_Driver/Src/stm32f7xx_hal_rcc.o
 .debug_frame   0x00000be8       0xcc Drivers/STM32F7xx_HAL_Driver/Src/stm32f7xx_hal_rcc_ex.o
 .debug_frame   0x00000cb4      0x9f8 Drivers/STM32F7xx_HAL_Driver/Src/stm32f7xx_hal_tim.o
 .debug_frame   0x000016ac      0x474 Drivers/STM32F7xx_HAL_Driver/Src/stm32f7xx_hal_tim_ex.o
 .debug_frame   0x00001b20      0x488 Drivers/STM32F7xx_HAL_Driver/Src/stm32f7xx_hal_uart.o
 .debug_frame   0x00001fa8      0x450 Drivers/STM32F7xx_HAL_Driver/Src/stm32f7xx_ll_usb.o
 .debug_frame   0x000023f8      0x58c Middlewares/Third_Party/FreeRTOS/Source/CMSIS_RTOS/cmsis_os.o
 .debug_frame   0x00002984       0x6c Middlewares/Third_Party/FreeRTOS/Source/list.o
 .debug_frame   0x000029f0      0x344 Middlewares/Third_Party/FreeRTOS/Source/queue.o
 .debug_frame   0x00002d34      0x62c Middlewares/Third_Party/FreeRTOS/Source/tasks.o
 .debug_frame   0x00003360       0xf0 Middlewares/Third_Party/FreeRTOS/Source/portable/GCC/ARM_CM7/r0p1/port.o
 .debug_frame   0x00003450       0xac Middlewares/Third_Party/FreeRTOS/Source/portable/MemMang/heap_4.o
 .debug_frame   0x000034fc      0x20c Src/main.o
 .debug_frame   0x00003708       0x30 Src/selfFIFO.o
 .debug_frame   0x00003738       0xdc Src/stm32f7xx_hal_msp.o
 .debug_frame   0x00003814       0x50 Src/stm32f7xx_hal_timebase_TIM.o
 .debug_frame   0x00003864       0x78 Src/stm32f7xx_it.o
 .debug_frame   0x000038dc      0x100 Src/stm32f7xx_nucleo_144.o