Archive member included to satisfy reference by file (symbol)

c:/users/jonaspc/stmicroelectronics/baremetal/plugins/fr.ac6.mcu.externaltools.arm-none.win32_1.16.0.201807130628/tools/compiler/bin/../lib/gcc/arm-none-eabi/7.2.1/thumb/v7e-m/fpv4-sp/hard\libgcc.a(_aeabi_uldivmod.o)
                              Drivers/STM32L4xx_HAL_Driver/Src/stm32l4xx_hal_uart.o (__aeabi_uldivmod)
c:/users/jonaspc/stmicroelectronics/baremetal/plugins/fr.ac6.mcu.externaltools.arm-none.win32_1.16.0.201807130628/tools/compiler/bin/../lib/gcc/arm-none-eabi/7.2.1/thumb/v7e-m/fpv4-sp/hard\libgcc.a(_udivmoddi4.o)
                              c:/users/jonaspc/stmicroelectronics/baremetal/plugins/fr.ac6.mcu.externaltools.arm-none.win32_1.16.0.201807130628/tools/compiler/bin/../lib/gcc/arm-none-eabi/7.2.1/thumb/v7e-m/fpv4-sp/hard\libgcc.a(_aeabi_uldivmod.o) (__udivmoddi4)
c:/users/jonaspc/stmicroelectronics/baremetal/plugins/fr.ac6.mcu.externaltools.arm-none.win32_1.16.0.201807130628/tools/compiler/bin/../lib/gcc/arm-none-eabi/7.2.1/thumb/v7e-m/fpv4-sp/hard\libgcc.a(_dvmd_tls.o)
                              c:/users/jonaspc/stmicroelectronics/baremetal/plugins/fr.ac6.mcu.externaltools.arm-none.win32_1.16.0.201807130628/tools/compiler/bin/../lib/gcc/arm-none-eabi/7.2.1/thumb/v7e-m/fpv4-sp/hard\libgcc.a(_aeabi_uldivmod.o) (__aeabi_ldiv0)
c:/users/jonaspc/stmicroelectronics/baremetal/plugins/fr.ac6.mcu.externaltools.arm-none.win32_1.16.0.201807130628/tools/compiler/bin/../lib/gcc/arm-none-eabi/7.2.1/../../../../arm-none-eabi/lib/thumb/v7e-m/fpv4-sp/hard\libc_nano.a(lib_a-exit.o)
                              c:/users/jonaspc/stmicroelectronics/baremetal/plugins/fr.ac6.mcu.externaltools.arm-none.win32_1.16.0.201807130628/tools/compiler/bin/../lib/gcc/arm-none-eabi/7.2.1/../../../../arm-none-eabi/lib/thumb/v7e-m/fpv4-sp/hard/crt0.o (exit)
c:/users/jonaspc/stmicroelectronics/baremetal/plugins/fr.ac6.mcu.externaltools.arm-none.win32_1.16.0.201807130628/tools/compiler/bin/../lib/gcc/arm-none-eabi/7.2.1/../../../../arm-none-eabi/lib/thumb/v7e-m/fpv4-sp/hard\libc_nano.a(lib_a-impure.o)
                              c:/users/jonaspc/stmicroelectronics/baremetal/plugins/fr.ac6.mcu.externaltools.arm-none.win32_1.16.0.201807130628/tools/compiler/bin/../lib/gcc/arm-none-eabi/7.2.1/../../../../arm-none-eabi/lib/thumb/v7e-m/fpv4-sp/hard\libc_nano.a(lib_a-exit.o) (_global_impure_ptr)
c:/users/jonaspc/stmicroelectronics/baremetal/plugins/fr.ac6.mcu.externaltools.arm-none.win32_1.16.0.201807130628/tools/compiler/bin/../lib/gcc/arm-none-eabi/7.2.1/../../../../arm-none-eabi/lib/thumb/v7e-m/fpv4-sp/hard\libc_nano.a(lib_a-init.o)
                              c:/users/jonaspc/stmicroelectronics/baremetal/plugins/fr.ac6.mcu.externaltools.arm-none.win32_1.16.0.201807130628/tools/compiler/bin/../lib/gcc/arm-none-eabi/7.2.1/../../../../arm-none-eabi/lib/thumb/v7e-m/fpv4-sp/hard/crt0.o (__libc_init_array)
c:/users/jonaspc/stmicroelectronics/baremetal/plugins/fr.ac6.mcu.externaltools.arm-none.win32_1.16.0.201807130628/tools/compiler/bin/../lib/gcc/arm-none-eabi/7.2.1/../../../../arm-none-eabi/lib/thumb/v7e-m/fpv4-sp/hard\libc_nano.a(lib_a-memcpy-stub.o)
                              Middlewares/Third_Party/FreeRTOS/Source/queue.o (memcpy)
c:/users/jonaspc/stmicroelectronics/baremetal/plugins/fr.ac6.mcu.externaltools.arm-none.win32_1.16.0.201807130628/tools/compiler/bin/../lib/gcc/arm-none-eabi/7.2.1/../../../../arm-none-eabi/lib/thumb/v7e-m/fpv4-sp/hard\libc_nano.a(lib_a-memset.o)
                              c:/users/jonaspc/stmicroelectronics/baremetal/plugins/fr.ac6.mcu.externaltools.arm-none.win32_1.16.0.201807130628/tools/compiler/bin/../lib/gcc/arm-none-eabi/7.2.1/../../../../arm-none-eabi/lib/thumb/v7e-m/fpv4-sp/hard/crt0.o (memset)
c:/users/jonaspc/stmicroelectronics/baremetal/plugins/fr.ac6.mcu.externaltools.arm-none.win32_1.16.0.201807130628/tools/compiler/bin/../lib/gcc/arm-none-eabi/7.2.1/../../../../arm-none-eabi/lib/thumb/v7e-m/fpv4-sp/hard\libc_nano.a(lib_a-rand.o)
                              Src/main.o (rand)
c:/users/jonaspc/stmicroelectronics/baremetal/plugins/fr.ac6.mcu.externaltools.arm-none.win32_1.16.0.201807130628/tools/compiler/bin/../lib/gcc/arm-none-eabi/7.2.1/../../../../arm-none-eabi/lib/thumb/v7e-m/fpv4-sp/hard\libc_nano.a(lib_a-strlen.o)
                              Tracer/sniffPayload.o (strlen)
c:/users/jonaspc/stmicroelectronics/baremetal/plugins/fr.ac6.mcu.externaltools.arm-none.win32_1.16.0.201807130628/tools/compiler/bin/../lib/gcc/arm-none-eabi/7.2.1/../../../../arm-none-eabi/lib/thumb/v7e-m/fpv4-sp/hard\libc_nano.a(lib_a-malloc.o)
                              c:/users/jonaspc/stmicroelectronics/baremetal/plugins/fr.ac6.mcu.externaltools.arm-none.win32_1.16.0.201807130628/tools/compiler/bin/../lib/gcc/arm-none-eabi/7.2.1/../../../../arm-none-eabi/lib/thumb/v7e-m/fpv4-sp/hard\libc_nano.a(lib_a-rand.o) (malloc)
[...]
Memory Configuration

Name             Origin             Length             Attributes
RAM              0x20000000         0x000a0000         xrw
FLASH            0x08000000         0x00200000         xr
*default*        0x00000000         0xffffffff

Linker script and memory map

LOAD c:/users/jonaspc/stmicroelectronics/baremetal/plugins/fr.ac6.mcu.externaltools.arm-none.win32_1.16.0.201807130628/tools/compiler/bin/../lib/gcc/arm-none-eabi/7.2.1/thumb/v7e-m/fpv4-sp/hard/crti.o
LOAD c:/users/jonaspc/stmicroelectronics/baremetal/plugins/fr.ac6.mcu.externaltools.arm-none.win32_1.16.0.201807130628/tools/compiler/bin/../lib/gcc/arm-none-eabi/7.2.1/thumb/v7e-m/fpv4-sp/hard/crtbegin.o
LOAD c:/users/jonaspc/stmicroelectronics/baremetal/plugins/fr.ac6.mcu.externaltools.arm-none.win32_1.16.0.201807130628/tools/compiler/bin/../lib/gcc/arm-none-eabi/7.2.1/../../../../arm-none-eabi/lib/thumb/v7e-m/fpv4-sp/hard/crt0.o
LOAD Drivers/STM32L4xx_HAL_Driver/Src/stm32l4xx_hal.o
LOAD Drivers/STM32L4xx_HAL_Driver/Src/stm32l4xx_hal_cortex.o
LOAD Drivers/STM32L4xx_HAL_Driver/Src/stm32l4xx_hal_dma.o
LOAD Drivers/STM32L4xx_HAL_Driver/Src/stm32l4xx_hal_dma_ex.o
LOAD Drivers/STM32L4xx_HAL_Driver/Src/stm32l4xx_hal_flash.o
LOAD Drivers/STM32L4xx_HAL_Driver/Src/stm32l4xx_hal_flash_ex.o
LOAD Drivers/STM32L4xx_HAL_Driver/Src/stm32l4xx_hal_flash_ramfunc.o
LOAD Drivers/STM32L4xx_HAL_Driver/Src/stm32l4xx_hal_gpio.o
LOAD Drivers/STM32L4xx_HAL_Driver/Src/stm32l4xx_hal_i2c.o
LOAD Drivers/STM32L4xx_HAL_Driver/Src/stm32l4xx_hal_i2c_ex.o
LOAD Drivers/STM32L4xx_HAL_Driver/Src/stm32l4xx_hal_pwr.o
LOAD Drivers/STM32L4xx_HAL_Driver/Src/stm32l4xx_hal_pwr_ex.o
LOAD Drivers/STM32L4xx_HAL_Driver/Src/stm32l4xx_hal_rcc.o
LOAD Drivers/STM32L4xx_HAL_Driver/Src/stm32l4xx_hal_rcc_ex.o
LOAD Drivers/STM32L4xx_HAL_Driver/Src/stm32l4xx_hal_tim.o
LOAD Drivers/STM32L4xx_HAL_Driver/Src/stm32l4xx_hal_tim_ex.o
LOAD Drivers/STM32L4xx_HAL_Driver/Src/stm32l4xx_hal_uart.o
LOAD Drivers/STM32L4xx_HAL_Driver/Src/stm32l4xx_hal_uart_ex.o
LOAD Middlewares/Third_Party/FreeRTOS/Source/CMSIS_RTOS/cmsis_os.o
LOAD Middlewares/Third_Party/FreeRTOS/Source/croutine.o
LOAD Middlewares/Third_Party/FreeRTOS/Source/event_groups.o
LOAD Middlewares/Third_Party/FreeRTOS/Source/list.o
LOAD Middlewares/Third_Party/FreeRTOS/Source/queue.o
LOAD Middlewares/Third_Party/FreeRTOS/Source/tasks.o
LOAD Middlewares/Third_Party/FreeRTOS/Source/timers.o
LOAD Middlewares/Third_Party/FreeRTOS/Source/portable/GCC/ARM_CM4F/port.o
LOAD Middlewares/Third_Party/FreeRTOS/Source/portable/MemMang/heap_4.o
LOAD Src/freertos.o
LOAD Src/main.o
LOAD Src/selfFIFO.o
LOAD Src/stm32l4xx_hal_msp.o
LOAD Src/stm32l4xx_hal_timebase_TIM.o
LOAD Src/stm32l4xx_it.o
LOAD Src/stm32l4xx_nucleo_144.o
LOAD Src/system_stm32l4xx.o
LOAD Tracer/sniffFIFO.o
LOAD Tracer/sniffImport.o
LOAD Tracer/sniffPayload.o
LOAD Tracer/sniffTask.o
LOAD startup/startup_stm32l4r5xx.o
LOAD c:/users/jonaspc/stmicroelectronics/baremetal/plugins/fr.ac6.mcu.externaltools.arm-none.win32_1.16.0.201807130628/tools/compiler/bin/../lib/gcc/arm-none-eabi/7.2.1/../../../../arm-none-eabi/lib/thumb/v7e-m/fpv4-sp/hard\libm.a
START GROUP
LOAD c:/users/jonaspc/stmicroelectronics/baremetal/plugins/fr.ac6.mcu.externaltools.arm-none.win32_1.16.0.201807130628/tools/compiler/bin/../lib/gcc/arm-none-eabi/7.2.1/thumb/v7e-m/fpv4-sp/hard\libgcc.a
LOAD c:/users/jonaspc/stmicroelectronics/baremetal/plugins/fr.ac6.mcu.externaltools.arm-none.win32_1.16.0.201807130628/tools/compiler/bin/../lib/gcc/arm-none-eabi/7.2.1/../../../../arm-none-eabi/lib/thumb/v7e-m/fpv4-sp/hard\libc_nano.a
END GROUP
START GROUP
LOAD c:/users/jonaspc/stmicroelectronics/baremetal/plugins/fr.ac6.mcu.externaltools.arm-none.win32_1.16.0.201807130628/tools/compiler/bin/../lib/gcc/arm-none-eabi/7.2.1/thumb/v7e-m/fpv4-sp/hard\libgcc.a
LOAD c:/users/jonaspc/stmicroelectronics/baremetal/plugins/fr.ac6.mcu.externaltools.arm-none.win32_1.16.0.201807130628/tools/compiler/bin/../lib/gcc/arm-none-eabi/7.2.1/../../../../arm-none-eabi/lib/thumb/v7e-m/fpv4-sp/hard\libc_nano.a
LOAD c:/users/jonaspc/stmicroelectronics/baremetal/plugins/fr.ac6.mcu.externaltools.arm-none.win32_1.16.0.201807130628/tools/compiler/bin/../lib/gcc/arm-none-eabi/7.2.1/../../../../arm-none-eabi/lib/thumb/v7e-m/fpv4-sp/hard\libnosys.a
END GROUP
START GROUP
LOAD c:/users/jonaspc/stmicroelectronics/baremetal/plugins/fr.ac6.mcu.externaltools.arm-none.win32_1.16.0.201807130628/tools/compiler/bin/../lib/gcc/arm-none-eabi/7.2.1/thumb/v7e-m/fpv4-sp/hard\libgcc.a
LOAD c:/users/jonaspc/stmicroelectronics/baremetal/plugins/fr.ac6.mcu.externaltools.arm-none.win32_1.16.0.201807130628/tools/compiler/bin/../lib/gcc/arm-none-eabi/7.2.1/../../../../arm-none-eabi/lib/thumb/v7e-m/fpv4-sp/hard\libc_nano.a
LOAD c:/users/jonaspc/stmicroelectronics/baremetal/plugins/fr.ac6.mcu.externaltools.arm-none.win32_1.16.0.201807130628/tools/compiler/bin/../lib/gcc/arm-none-eabi/7.2.1/../../../../arm-none-eabi/lib/thumb/v7e-m/fpv4-sp/hard\libnosys.a
END GROUP
LOAD c:/users/jonaspc/stmicroelectronics/baremetal/plugins/fr.ac6.mcu.externaltools.arm-none.win32_1.16.0.201807130628/tools/compiler/bin/../lib/gcc/arm-none-eabi/7.2.1/thumb/v7e-m/fpv4-sp/hard/crtend.o
LOAD c:/users/jonaspc/stmicroelectronics/baremetal/plugins/fr.ac6.mcu.externaltools.arm-none.win32_1.16.0.201807130628/tools/compiler/bin/../lib/gcc/arm-none-eabi/7.2.1/thumb/v7e-m/fpv4-sp/hard/crtn.o
                0x200a0000                _estack = 0x200a0000
                0x00000200                _Min_Heap_Size = 0x200
                0x00000400                _Min_Stack_Size = 0x400

.isr_vector     0x08000000      0x1c0
                0x08000000                . = ALIGN (0x8)
 *(.isr_vector)
 .isr_vector    0x08000000      0x1bc startup/startup_stm32l4r5xx.o
                0x08000000                g_pfnVectors
                0x080001c0                . = ALIGN (0x8)
 *fill*         0x080001bc        0x4 

.text           0x080001c0     0x52a0
                0x080001c0                . = ALIGN (0x8)
 *(.text)
 .text          0x080001c0       0x40 c:/users/jonaspc/stmicroelectronics/baremetal/plugins/fr.ac6.mcu.externaltools.arm-none.win32_1.16.0.201807130628/tools/compiler/bin/../lib/gcc/arm-none-eabi/7.2.1/thumb/v7e-m/fpv4-sp/hard/crtbegin.o
 .text          0x08000200       0x30 c:/users/jonaspc/stmicroelectronics/baremetal/plugins/fr.ac6.mcu.externaltools.arm-none.win32_1.16.0.201807130628/tools/compiler/bin/../lib/gcc/arm-none-eabi/7.2.1/thumb/v7e-m/fpv4-sp/hard\libgcc.a(_aeabi_uldivmod.o)
                0x08000200                __aeabi_uldivmod
 .text          0x08000230      0x2cc c:/users/jonaspc/stmicroelectronics/baremetal/plugins/fr.ac6.mcu.externaltools.arm-none.win32_1.16.0.201807130628/tools/compiler/bin/../lib/gcc/arm-none-eabi/7.2.1/thumb/v7e-m/fpv4-sp/hard\libgcc.a(_udivmoddi4.o)
                0x08000230                __udivmoddi4
 .text          0x080004fc        0x4 c:/users/jonaspc/stmicroelectronics/baremetal/plugins/fr.ac6.mcu.externaltools.arm-none.win32_1.16.0.201807130628/tools/compiler/bin/../lib/gcc/arm-none-eabi/7.2.1/thumb/v7e-m/fpv4-sp/hard\libgcc.a(_dvmd_tls.o)
                0x080004fc                __aeabi_idiv0
                0x080004fc                __aeabi_ldiv0
 .text          0x08000500       0x10 c:/users/jonaspc/stmicroelectronics/baremetal/plugins/fr.ac6.mcu.externaltools.arm-none.win32_1.16.0.201807130628/tools/compiler/bin/../lib/gcc/arm-none-eabi/7.2.1/../../../../arm-none-eabi/lib/thumb/v7e-m/fpv4-sp/hard\libc_nano.a(lib_a-strlen.o)
                0x08000500                strlen
 *(.text*)
 .text.HAL_Init
                0x08000510       0x16 Drivers/STM32L4xx_HAL_Driver/Src/stm32l4xx_hal.o
                0x08000510                HAL_Init
 *fill*         0x08000526        0x2 
 .text.HAL_IncTick
                0x08000528       0x10 Drivers/STM32L4xx_HAL_Driver/Src/stm32l4xx_hal.o
                0x08000528                HAL_IncTick
 .text.HAL_GetTick
                0x08000538        0xc Drivers/STM32L4xx_HAL_Driver/Src/stm32l4xx_hal.o
                0x08000538                HAL_GetTick
 .text.HAL_Delay
                0x08000544       0x1e Drivers/STM32L4xx_HAL_Driver/Src/stm32l4xx_hal.o
                0x08000544                HAL_Delay
 *fill*         0x08000562        0x2 
 .text.HAL_NVIC_SetPriorityGrouping
                0x08000564       0x24 Drivers/STM32L4xx_HAL_Driver/Src/stm32l4xx_hal_cortex.o
                0x08000564                HAL_NVIC_SetPriorityGrouping
 .text.HAL_NVIC_SetPriority
                0x08000588       0x64 Drivers/STM32L4xx_HAL_Driver/Src/stm32l4xx_hal_cortex.o
                0x08000588                HAL_NVIC_SetPriority
 .text.HAL_NVIC_EnableIRQ
                0x080005ec       0x18 Drivers/STM32L4xx_HAL_Driver/Src/stm32l4xx_hal_cortex.o
                0x080005ec                HAL_NVIC_EnableIRQ
 .text.HAL_SYSTICK_Config
                0x08000604       0x2c Drivers/STM32L4xx_HAL_Driver/Src/stm32l4xx_hal_cortex.o
                0x08000604                HAL_SYSTICK_Config
 .text.HAL_SYSTICK_CLKSourceConfig
                0x08000630       0x20 Drivers/STM32L4xx_HAL_Driver/Src/stm32l4xx_hal_cortex.o
                0x08000630                HAL_SYSTICK_CLKSourceConfig
 .text.HAL_GPIO_Init
                0x08000650      0x1b8 Drivers/STM32L4xx_HAL_Driver/Src/stm32l4xx_hal_gpio.o
                0x08000650                HAL_GPIO_Init
 .text.HAL_GPIO_WritePin
                0x08000808        0xa Drivers/STM32L4xx_HAL_Driver/Src/stm32l4xx_hal_gpio.o
                0x08000808                HAL_GPIO_WritePin
 *fill*         0x08000812        0x2 
 .text.HAL_PWREx_GetVoltageRange
                0x08000814       0x30 Drivers/STM32L4xx_HAL_Driver/Src/stm32l4xx_hal_pwr_ex.o
                0x08000814                HAL_PWREx_GetVoltageRange
 .text.HAL_PWREx_ControlVoltageScaling
                0x08000844      0x114 Drivers/STM32L4xx_HAL_Driver/Src/stm32l4xx_hal_pwr_ex.o
                0x08000844                HAL_PWREx_ControlVoltageScaling
 .text.HAL_PWREx_EnableVddIO2
                0x08000958       0x10 Drivers/STM32L4xx_HAL_Driver/Src/stm32l4xx_hal_pwr_ex.o
                0x08000958                HAL_PWREx_EnableVddIO2
 .text.RCC_GetSysClockFreqFromPLLSource
                0x08000968       0xa8 Drivers/STM32L4xx_HAL_Driver/Src/stm32l4xx_hal_rcc.o
 .text.RCC_SetFlashLatencyFromMSIRange
                0x08000a10       0x8c Drivers/STM32L4xx_HAL_Driver/Src/stm32l4xx_hal_rcc.o
 .text.HAL_RCC_GetSysClockFreq
                0x08000a9c      0x100 Drivers/STM32L4xx_HAL_Driver/Src/stm32l4xx_hal_rcc.o
                0x08000a9c                HAL_RCC_GetSysClockFreq
 .text.HAL_RCC_OscConfig
                0x08000b9c      0x5d8 Drivers/STM32L4xx_HAL_Driver/Src/stm32l4xx_hal_rcc.o
                0x08000b9c                HAL_RCC_OscConfig
 .text.HAL_RCC_ClockConfig
                0x08001174      0x224 Drivers/STM32L4xx_HAL_Driver/Src/stm32l4xx_hal_rcc.o
                0x08001174                HAL_RCC_ClockConfig
 .text.HAL_RCC_GetHCLKFreq
                0x08001398        0xc Drivers/STM32L4xx_HAL_Driver/Src/stm32l4xx_hal_rcc.o
                0x08001398                HAL_RCC_GetHCLKFreq
 .text.HAL_RCC_GetPCLK1Freq
                0x080013a4       0x20 Drivers/STM32L4xx_HAL_Driver/Src/stm32l4xx_hal_rcc.o
                0x080013a4                HAL_RCC_GetPCLK1Freq
 .text.HAL_RCC_GetPCLK2Freq
                0x080013c4       0x20 Drivers/STM32L4xx_HAL_Driver/Src/stm32l4xx_hal_rcc.o
                0x080013c4                HAL_RCC_GetPCLK2Freq
 .text.HAL_RCC_GetClockConfig
                0x080013e4       0x3c Drivers/STM32L4xx_HAL_Driver/Src/stm32l4xx_hal_rcc.o
                0x080013e4                HAL_RCC_GetClockConfig
 .text.RCCEx_PLLSAI2_Config
                0x08001420      0x178 Drivers/STM32L4xx_HAL_Driver/Src/stm32l4xx_hal_rcc_ex.o
 .text.RCCEx_PLLSAI1_Config
                0x08001598      0x178 Drivers/STM32L4xx_HAL_Driver/Src/stm32l4xx_hal_rcc_ex.o
 .text.HAL_RCCEx_PeriphCLKConfig
                0x08001710      0x4cc Drivers/STM32L4xx_HAL_Driver/Src/stm32l4xx_hal_rcc_ex.o
                0x08001710                HAL_RCCEx_PeriphCLKConfig
 .text.HAL_RCCEx_EnableMSIPLLMode
                0x08001bdc       0x10 Drivers/STM32L4xx_HAL_Driver/Src/stm32l4xx_hal_rcc_ex.o
                0x08001bdc                HAL_RCCEx_EnableMSIPLLMode
 .text.HAL_RCCEx_CRSConfig
                0x08001bec       0x4c Drivers/STM32L4xx_HAL_Driver/Src/stm32l4xx_hal_rcc_ex.o
                0x08001bec                HAL_RCCEx_CRSConfig
 .text.HAL_TIM_Base_MspInit
                0x08001c38        0x2 Drivers/STM32L4xx_HAL_Driver/Src/stm32l4xx_hal_tim.o
                0x08001c38                HAL_TIM_Base_MspInit
 .text.HAL_TIM_Base_Start_IT
                0x08001c3a       0x18 Drivers/STM32L4xx_HAL_Driver/Src/stm32l4xx_hal_tim.o
                0x08001c3a                HAL_TIM_Base_Start_IT
 .text.HAL_TIM_OC_DelayElapsedCallback
                0x08001c52        0x2 Drivers/STM32L4xx_HAL_Driver/Src/stm32l4xx_hal_tim.o
                0x08001c52                HAL_TIM_OC_DelayElapsedCallback
 .text.HAL_TIM_IC_CaptureCallback
                0x08001c54        0x2 Drivers/STM32L4xx_HAL_Driver/Src/stm32l4xx_hal_tim.o
                0x08001c54                HAL_TIM_IC_CaptureCallback
 .text.HAL_TIM_PWM_PulseFinishedCallback
                0x08001c56        0x2 Drivers/STM32L4xx_HAL_Driver/Src/stm32l4xx_hal_tim.o
                0x08001c56                HAL_TIM_PWM_PulseFinishedCallback
 .text.HAL_TIM_TriggerCallback
                0x08001c58        0x2 Drivers/STM32L4xx_HAL_Driver/Src/stm32l4xx_hal_tim.o
                0x08001c58                HAL_TIM_TriggerCallback
 .text.HAL_TIM_IRQHandler
                0x08001c5a      0x17a Drivers/STM32L4xx_HAL_Driver/Src/stm32l4xx_hal_tim.o
                0x08001c5a                HAL_TIM_IRQHandler
 .text.TIM_Base_SetConfig
                0x08001dd4       0xc8 Drivers/STM32L4xx_HAL_Driver/Src/stm32l4xx_hal_tim.o
                0x08001dd4                TIM_Base_SetConfig
 .text.HAL_TIM_Base_Init
                0x08001e9c       0x32 Drivers/STM32L4xx_HAL_Driver/Src/stm32l4xx_hal_tim.o
                0x08001e9c                HAL_TIM_Base_Init
 .text.HAL_TIMEx_CommutationCallback
                0x08001ece        0x2 Drivers/STM32L4xx_HAL_Driver/Src/stm32l4xx_hal_tim_ex.o
                0x08001ece                HAL_TIMEx_CommutationCallback
 .text.HAL_TIMEx_BreakCallback
                0x08001ed0        0x2 Drivers/STM32L4xx_HAL_Driver/Src/stm32l4xx_hal_tim_ex.o
                0x08001ed0                HAL_TIMEx_BreakCallback
 *fill*         0x08001ed2        0x2 
 .text.UART_SetConfig
                0x08001ed4      0x544 Drivers/STM32L4xx_HAL_Driver/Src/stm32l4xx_hal_uart.o
                0x08001ed4                UART_SetConfig
 .text.UART_AdvFeatureConfig
                0x08002418       0xca Drivers/STM32L4xx_HAL_Driver/Src/stm32l4xx_hal_uart.o
                0x08002418                UART_AdvFeatureConfig
 .text.UART_WaitOnFlagUntilTimeout
                0x080024e2       0x64 Drivers/STM32L4xx_HAL_Driver/Src/stm32l4xx_hal_uart.o
                0x080024e2                UART_WaitOnFlagUntilTimeout
 .text.UART_CheckIdleState
                0x08002546       0x72 Drivers/STM32L4xx_HAL_Driver/Src/stm32l4xx_hal_uart.o
                0x08002546                UART_CheckIdleState
 .text.HAL_UART_Init
                0x080025b8       0x68 Drivers/STM32L4xx_HAL_Driver/Src/stm32l4xx_hal_uart.o
                0x080025b8                HAL_UART_Init
 .text.UARTEx_SetNbDataToProcess
                0x08002620       0x70 Drivers/STM32L4xx_HAL_Driver/Src/stm32l4xx_hal_uart_ex.o
 .text.HAL_UARTEx_DisableFifoMode
                0x08002690       0x3e Drivers/STM32L4xx_HAL_Driver/Src/stm32l4xx_hal_uart_ex.o
                0x08002690                HAL_UARTEx_DisableFifoMode
 .text.HAL_UARTEx_SetTxFifoThreshold
                0x080026ce       0x4a Drivers/STM32L4xx_HAL_Driver/Src/stm32l4xx_hal_uart_ex.o
                0x080026ce                HAL_UARTEx_SetTxFifoThreshold
 .text.HAL_UARTEx_SetRxFifoThreshold
                0x08002718       0x4a Drivers/STM32L4xx_HAL_Driver/Src/stm32l4xx_hal_uart_ex.o
                0x08002718                HAL_UARTEx_SetRxFifoThreshold
 .text.makeFreeRtosPriority
                0x08002762        0xc Middlewares/Third_Party/FreeRTOS/Source/CMSIS_RTOS/cmsis_os.o
 .text.osKernelStart
                0x0800276e        0xa Middlewares/Third_Party/FreeRTOS/Source/CMSIS_RTOS/cmsis_os.o
                0x0800276e                osKernelStart
 .text.osThreadCreate
                0x08002778       0x34 Middlewares/Third_Party/FreeRTOS/Source/CMSIS_RTOS/cmsis_os.o
                0x08002778                osThreadCreate
 .text.osMessageCreate
                0x080027ac        0xe Middlewares/Third_Party/FreeRTOS/Source/CMSIS_RTOS/cmsis_os.o
                0x080027ac                osMessageCreate
 .text.osSystickHandler
                0x080027ba       0x10 Middlewares/Third_Party/FreeRTOS/Source/CMSIS_RTOS/cmsis_os.o
                0x080027ba                osSystickHandler
 .text.osDelayUntil
                0x080027ca       0x12 Middlewares/Third_Party/FreeRTOS/Source/CMSIS_RTOS/cmsis_os.o
                0x080027ca                osDelayUntil
 .text.vListInitialise
                0x080027dc       0x16 Middlewares/Third_Party/FreeRTOS/Source/list.o
                0x080027dc                vListInitialise
 .text.vListInitialiseItem
                0x080027f2        0x6 Middlewares/Third_Party/FreeRTOS/Source/list.o
                0x080027f2                vListInitialiseItem
 .text.vListInsertEnd
                0x080027f8       0x18 Middlewares/Third_Party/FreeRTOS/Source/list.o
                0x080027f8                vListInsertEnd
 .text.vListInsert
                0x08002810       0x34 Middlewares/Third_Party/FreeRTOS/Source/list.o
                0x08002810                vListInsert
 .text.uxListRemove
                0x08002844       0x26 Middlewares/Third_Party/FreeRTOS/Source/list.o
                0x08002844                uxListRemove
 .text.prvIsQueueFull
                0x0800286a       0x1e Middlewares/Third_Party/FreeRTOS/Source/queue.o
 .text.prvIsQueueEmpty
                0x08002888       0x1a Middlewares/Third_Party/FreeRTOS/Source/queue.o
 .text.prvCopyDataToQueue
                0x080028a2       0x76 Middlewares/Third_Party/FreeRTOS/Source/queue.o
 .text.prvCopyDataFromQueue
                0x08002918       0x24 Middlewares/Third_Party/FreeRTOS/Source/queue.o
 .text.prvUnlockQueue
                0x0800293c       0x6e Middlewares/Third_Party/FreeRTOS/Source/queue.o
 *fill*         0x080029aa        0x2 
 .text.xQueueGenericReset
                0x080029ac       0x84 Middlewares/Third_Party/FreeRTOS/Source/queue.o
                0x080029ac                xQueueGenericReset
 .text.prvInitialiseNewQueue
                0x08002a30       0x38 Middlewares/Third_Party/FreeRTOS/Source/queue.o
 .text.xQueueGenericCreate
                0x08002a68       0x48 Middlewares/Third_Party/FreeRTOS/Source/queue.o
                0x08002a68                xQueueGenericCreate
 .text.xQueueCreateCountingSemaphore
                0x08002ab0       0x4e Middlewares/Third_Party/FreeRTOS/Source/queue.o
                0x08002ab0                xQueueCreateCountingSemaphore
 *fill*         0x08002afe        0x2 
 .text.xQueueGenericSend
                0x08002b00      0x1b4 Middlewares/Third_Party/FreeRTOS/Source/queue.o
                0x08002b00                xQueueGenericSend
 .text.prvInitialiseMutex
                0x08002cb4       0x2e Middlewares/Third_Party/FreeRTOS/Source/queue.o
 .text.xQueueCreateMutex
                0x08002ce2       0x16 Middlewares/Third_Party/FreeRTOS/Source/queue.o
                0x08002ce2                xQueueCreateMutex
 .text.xQueueGenericReceive
                0x08002cf8      0x1ec Middlewares/Third_Party/FreeRTOS/Source/queue.o
                0x08002cf8                xQueueGenericReceive
 .text.prvResetNextTaskUnblockTime
                0x08002ee4       0x24 Middlewares/Third_Party/FreeRTOS/Source/tasks.o
 .text.prvDeleteTCB
                0x08002f08       0x12 Middlewares/Third_Party/FreeRTOS/Source/tasks.o
 .text.prvInitialiseNewTask
                0x08002f1a       0x90 Middlewares/Third_Party/FreeRTOS/Source/tasks.o
 *fill*         0x08002faa        0x2 
 .text.prvInitialiseTaskLists
                0x08002fac       0x58 Middlewares/Third_Party/FreeRTOS/Source/tasks.o
 .text.prvAddNewTaskToReadyList
                0x08003004       0xd4 Middlewares/Third_Party/FreeRTOS/Source/tasks.o
 .text.prvAddCurrentTaskToDelayedList
                0x080030d8       0x88 Middlewares/Third_Party/FreeRTOS/Source/tasks.o
 .text.xTaskCreate
                0x08003160       0x62 Middlewares/Third_Party/FreeRTOS/Source/tasks.o
                0x08003160                xTaskCreate
 *fill*         0x080031c2        0x2 
 .text.vTaskStartScheduler
                0x080031c4       0x74 Middlewares/Third_Party/FreeRTOS/Source/tasks.o
                0x080031c4                vTaskStartScheduler
 .text.vTaskSuspendAll
                0x08003238       0x14 Middlewares/Third_Party/FreeRTOS/Source/tasks.o
                0x08003238                vTaskSuspendAll
 .text.xTaskGetTickCount
                0x0800324c        0xc Middlewares/Third_Party/FreeRTOS/Source/tasks.o
                0x0800324c                xTaskGetTickCount
 .text.xTaskIncrementTick
                0x08003258      0x128 Middlewares/Third_Party/FreeRTOS/Source/tasks.o
                0x08003258                xTaskIncrementTick
 .text.xTaskResumeAll
                0x08003380      0x104 Middlewares/Third_Party/FreeRTOS/Source/tasks.o
                0x08003380                xTaskResumeAll
 .text.vTaskDelayUntil
                0x08003484       0xbc Middlewares/Third_Party/FreeRTOS/Source/tasks.o
                0x08003484                vTaskDelayUntil
 .text.vTaskDelay
                0x08003540       0x64 Middlewares/Third_Party/FreeRTOS/Source/tasks.o
                0x08003540                vTaskDelay
 .text.prvCheckTasksWaitingTermination
                0x080035a4       0x54 Middlewares/Third_Party/FreeRTOS/Source/tasks.o
 .text.prvIdleTask
                0x080035f8       0x28 Middlewares/Third_Party/FreeRTOS/Source/tasks.o
 .text.vTaskSwitchContext
                0x08003620       0xa8 Middlewares/Third_Party/FreeRTOS/Source/tasks.o
                0x08003620                vTaskSwitchContext
 .text.vTaskSuspend
                0x080036c8       0xdc Middlewares/Third_Party/FreeRTOS/Source/tasks.o
                0x080036c8                vTaskSuspend
 .text.vTaskPlaceOnEventList
                0x080037a4       0x34 Middlewares/Third_Party/FreeRTOS/Source/tasks.o
                0x080037a4                vTaskPlaceOnEventList
 .text.xTaskRemoveFromEventList
                0x080037d8       0x98 Middlewares/Third_Party/FreeRTOS/Source/tasks.o
                0x080037d8                xTaskRemoveFromEventList
 .text.vTaskSetTimeOutState
                0x08003870       0x28 Middlewares/Third_Party/FreeRTOS/Source/tasks.o
                0x08003870                vTaskSetTimeOutState
 .text.xTaskCheckForTimeOut
                0x08003898       0x80 Middlewares/Third_Party/FreeRTOS/Source/tasks.o
                0x08003898                xTaskCheckForTimeOut
 .text.vTaskMissedYield
                0x08003918       0x10 Middlewares/Third_Party/FreeRTOS/Source/tasks.o
                0x08003918                vTaskMissedYield
 .text.xTaskGetSchedulerState
                0x08003928       0x20 Middlewares/Third_Party/FreeRTOS/Source/tasks.o
                0x08003928                xTaskGetSchedulerState
 .text.vTaskPriorityInherit
                0x08003948       0xd4 Middlewares/Third_Party/FreeRTOS/Source/tasks.o
                0x08003948                vTaskPriorityInherit
 .text.xTaskPriorityDisinherit
                0x08003a1c       0xd8 Middlewares/Third_Party/FreeRTOS/Source/tasks.o
                0x08003a1c                xTaskPriorityDisinherit
 .text.pvTaskIncrementMutexHeldCount
                0x08003af4       0x20 Middlewares/Third_Party/FreeRTOS/Source/tasks.o
                0x08003af4                pvTaskIncrementMutexHeldCount
 .text.prvTaskExitError
                0x08003b14       0x34 Middlewares/Third_Party/FreeRTOS/Source/portable/GCC/ARM_CM4F/port.o
 .text.prvPortStartFirstTask
                0x08003b48       0x20 Middlewares/Third_Party/FreeRTOS/Source/portable/GCC/ARM_CM4F/port.o
 .text.vPortEnableVFP
                0x08003b68       0x14 Middlewares/Third_Party/FreeRTOS/Source/portable/GCC/ARM_CM4F/port.o
 .text.pxPortInitialiseStack
                0x08003b7c       0x2c Middlewares/Third_Party/FreeRTOS/Source/portable/GCC/ARM_CM4F/port.o
                0x08003b7c                pxPortInitialiseStack
 *fill*         0x08003ba8        0x8 
 .text.SVC_Handler
                0x08003bb0       0x24 Middlewares/Third_Party/FreeRTOS/Source/portable/GCC/ARM_CM4F/port.o
                0x08003bb0                SVC_Handler
 .text.vPortEnterCritical
                0x08003bd4       0x44 Middlewares/Third_Party/FreeRTOS/Source/portable/GCC/ARM_CM4F/port.o
                0x08003bd4                vPortEnterCritical
 .text.vPortExitCritical
                0x08003c18       0x2c Middlewares/Third_Party/FreeRTOS/Source/portable/GCC/ARM_CM4F/port.o
                0x08003c18                vPortExitCritical
 *fill*         0x08003c44        0xc 
 .text.PendSV_Handler
                0x08003c50       0x64 Middlewares/Third_Party/FreeRTOS/Source/portable/GCC/ARM_CM4F/port.o
                0x08003c50                PendSV_Handler
 .text.xPortSysTickHandler
                0x08003cb4       0x2c Middlewares/Third_Party/FreeRTOS/Source/portable/GCC/ARM_CM4F/port.o
                0x08003cb4                xPortSysTickHandler
 .text.vPortSetupTimerInterrupt
                0x08003ce0       0x2c Middlewares/Third_Party/FreeRTOS/Source/portable/GCC/ARM_CM4F/port.o
                0x08003ce0                vPortSetupTimerInterrupt
 .text.xPortStartScheduler
                0x08003d0c       0xe8 Middlewares/Third_Party/FreeRTOS/Source/portable/GCC/ARM_CM4F/port.o
                0x08003d0c                xPortStartScheduler
 .text.prvHeapInit
                0x08003df4       0x50 Middlewares/Third_Party/FreeRTOS/Source/portable/MemMang/heap_4.o
 .text.prvInsertBlockIntoFreeList
                0x08003e44       0x54 Middlewares/Third_Party/FreeRTOS/Source/portable/MemMang/heap_4.o
 .text.pvPortMalloc
                0x08003e98      0x100 Middlewares/Third_Party/FreeRTOS/Source/portable/MemMang/heap_4.o
                0x08003e98                pvPortMalloc
 .text.vPortFree
                0x08003f98       0x78 Middlewares/Third_Party/FreeRTOS/Source/portable/MemMang/heap_4.o
                0x08003f98                vPortFree
 .text.MX_GPIO_Init
                0x08004010      0x23c Src/main.o
 .text.MX_NVIC_Init
                0x0800424c       0x14 Src/main.o
 .text.uartReceiveITHandler
                0x08004260       0x1a Src/main.o
                0x08004260                uartReceiveITHandler
 .text.uartSendITHandler
                0x0800427a       0x3c Src/main.o
                0x0800427a                uartSendITHandler
 .text.readTemp
                0x080042b6       0x1a Src/main.o
                0x080042b6                readTemp
 .text.readHumidity
                0x080042d0       0x1a Src/main.o
                0x080042d0                readHumidity
 .text.writeToLCD
                0x080042ea       0x1c Src/main.o
                0x080042ea                writeToLCD
 *fill*         0x08004306        0x2 
 .text.TempReadTask
                0x08004308       0x5c Src/main.o
                0x08004308                TempReadTask
 .text.HumidityReadTask
                0x08004364       0x5c Src/main.o
                0x08004364                HumidityReadTask
 .text.saveData
                0x080043c0       0x16 Src/main.o
                0x080043c0                saveData
 *fill*         0x080043d6        0x2 
 .text.dataCaptureTask
                0x080043d8       0x24 Src/main.o
                0x080043d8                dataCaptureTask
 .text.HAL_TIM_PeriodElapsedCallback
                0x080043fc       0x18 Src/main.o
                0x080043fc                HAL_TIM_PeriodElapsedCallback
 .text._Error_Handler
                0x08004414       0x1c Src/main.o
                0x08004414                _Error_Handler
 .text.MX_USART2_UART_Init
                0x08004430       0x80 Src/main.o
 .text.SystemClock_Config
                0x080044b0      0x10c Src/main.o
                0x080044b0                SystemClock_Config
 .text.main     0x080045bc       0xb8 Src/main.o
                0x080045bc                main
 .text.Own_HardFault_Handler
                0x08004674        0x2 Src/main.o
                0x08004674                Own_HardFault_Handler
 *fill*         0x08004676        0x2 
 .text.BufferIn
                0x08004678       0x2c Src/selfFIFO.o
                0x08004678                BufferIn
 .text.BufferOut
                0x080046a4       0x30 Src/selfFIFO.o
                0x080046a4                BufferOut
 .text.HAL_MspInit
                0x080046d4       0xa0 Src/stm32l4xx_hal_msp.o
                0x080046d4                HAL_MspInit
 .text.HAL_UART_MspInit
                0x08004774       0x64 Src/stm32l4xx_hal_msp.o
                0x08004774                HAL_UART_MspInit
 .text.HAL_InitTick
                0x080047d8       0x78 Src/stm32l4xx_hal_timebase_TIM.o
                0x080047d8                HAL_InitTick
 .text.SysTick_Handler
                0x08004850        0x8 Src/stm32l4xx_it.o
                0x08004850                SysTick_Handler
 .text.RCC_IRQHandler
                0x08004858        0x2 Src/stm32l4xx_it.o
                0x08004858                RCC_IRQHandler
 *fill*         0x0800485a        0x2 
 .text.TIM1_UP_TIM16_IRQHandler
                0x0800485c       0x10 Src/stm32l4xx_it.o
                0x0800485c                TIM1_UP_TIM16_IRQHandler
 .text.USART2_IRQHandler
                0x0800486c       0x4c Src/stm32l4xx_it.o
                0x0800486c                USART2_IRQHandler
 .text.BSP_LED_Init
                0x080048b8       0x70 Src/stm32l4xx_nucleo_144.o
                0x080048b8                BSP_LED_Init
 .text.BSP_LED_On
                0x08004928       0x20 Src/stm32l4xx_nucleo_144.o
                0x08004928                BSP_LED_On
 .text.BSP_LED_Off
                0x08004948       0x20 Src/stm32l4xx_nucleo_144.o
                0x08004948                BSP_LED_Off
 .text.SystemInit
                0x08004968       0x48 Src/system_stm32l4xx.o
                0x08004968                SystemInit
 .text.writeReceiveFIFO
                0x080049b0       0x44 Tracer/sniffFIFO.o
                0x080049b0                writeReceiveFIFO
 .text.writeFIFO
                0x080049f4       0xd8 Tracer/sniffFIFO.o
                0x080049f4                writeFIFO
 .text.readFIFO
                0x08004acc       0xec Tracer/sniffFIFO.o
                0x08004acc                readFIFO
 .text.initialiseStreamFIFO
                0x08004bb8       0x14 Tracer/sniffFIFO.o
                0x08004bb8                initialiseStreamFIFO
 .text.initialiseReceiveFIFO
                0x08004bcc       0x14 Tracer/sniffFIFO.o
                0x08004bcc                initialiseReceiveFIFO
 .text.initialiseErrorFIFO
                0x08004be0       0x14 Tracer/sniffFIFO.o
                0x08004be0                initialiseErrorFIFO
 .text.initialiseFIFO
                0x08004bf4       0x10 Tracer/sniffFIFO.o
                0x08004bf4                initialiseFIFO
 .text.initialiseTraceSniffer
                0x08004c04       0x58 Tracer/sniffImport.o
                0x08004c04                initialiseTraceSniffer
 .text.stopTraceSniffer
                0x08004c5c       0x10 Tracer/sniffImport.o
                0x08004c5c                stopTraceSniffer
 .text.packPayload0
                0x08004c6c       0x80 Tracer/sniffPayload.o
                0x08004c6c                packPayload0
 .text.packPayload1
                0x08004cec       0x84 Tracer/sniffPayload.o
                0x08004cec                packPayload1
 .text.packPayload2
                0x08004d70       0x8c Tracer/sniffPayload.o
                0x08004d70                packPayload2
 .text.packPayload3
                0x08004dfc       0x98 Tracer/sniffPayload.o
                0x08004dfc                packPayload3
 .text.initialiseObjectList
                0x08004e94       0x30 Tracer/sniffPayload.o
                0x08004e94                initialiseObjectList
 .text.updateObjectList
                0x08004ec4       0x94 Tracer/sniffPayload.o
                0x08004ec4                updateObjectList
 .text.sendObjectList
                0x08004f58      0x140 Tracer/sniffPayload.o
                0x08004f58                sendObjectList
 .text.applyInformationIDFilter
                0x08005098       0x20 Tracer/sniffPayload.o
                0x08005098                applyInformationIDFilter
 .text.sniffTask
                0x080050b8      0x15c Tracer/sniffTask.o
                0x080050b8                sniffTask
 .text.Reset_Handler
                0x08005214       0x50 startup/startup_stm32l4r5xx.o
                0x08005214                Reset_Handler
 .text.Default_Handler
                0x08005264        0x2 startup/startup_stm32l4r5xx.o
                0x08005264                RTC_Alarm_IRQHandler
                0x08005264                EXTI2_IRQHandler
                0x08005264                TIM8_TRG_COM_IRQHandler
                0x08005264                TIM8_CC_IRQHandler
                0x08005264                DebugMon_Handler
                0x08005264                TIM1_CC_IRQHandler
                0x08005264                TSC_IRQHandler
                0x08005264                TAMP_STAMP_IRQHandler
                0x08005264                NMI_Handler
                0x08005264                EXTI3_IRQHandler
                0x08005264                LPTIM2_IRQHandler
                0x08005264                DFSDM1_FLT1_IRQHandler
                0x08005264                GFXMMU_IRQHandler
                0x08005264                I2C3_ER_IRQHandler
                0x08005264                DFSDM1_FLT2_IRQHandler
                0x08005264                EXTI0_IRQHandler
                0x08005264                I2C2_EV_IRQHandler
                0x08005264                CAN1_RX0_IRQHandler
                0x08005264                FPU_IRQHandler
                0x08005264                UsageFault_Handler
                0x08005264                LTDC_ER_IRQHandler
                0x08005264                SPI1_IRQHandler
                0x08005264                OCTOSPI1_IRQHandler
                0x08005264                TIM6_DAC_IRQHandler
                0x08005264                DCMI_IRQHandler
                0x08005264                TIM8_UP_IRQHandler
                0x08005264                OCTOSPI2_IRQHandler
                0x08005264                DMA2_Channel2_IRQHandler
                0x08005264                DMA1_Channel4_IRQHandler
                0x08005264                SAI2_IRQHandler
                0x08005264                ADC1_IRQHandler
                0x08005264                DFSDM1_FLT3_IRQHandler
                0x08005264                USART3_IRQHandler
                0x08005264                DMA1_Channel7_IRQHandler
                0x08005264                CAN1_RX1_IRQHandler
                0x08005264                UART5_IRQHandler
                0x08005264                TIM4_IRQHandler
                0x08005264                DMA2_Channel1_IRQHandler
                0x08005264                I2C1_EV_IRQHandler
                0x08005264                DMAMUX1_OVR_IRQHandler
                0x08005264                DMA1_Channel6_IRQHandler
                0x08005264                UART4_IRQHandler
                0x08005264                DMA2_Channel4_IRQHandler
                0x08005264                TIM3_IRQHandler
                0x08005264                DMA1_Channel1_IRQHandler
                0x08005264                Default_Handler
                0x08005264                DMA2_Channel7_IRQHandler
                0x08005264                EXTI15_10_IRQHandler
                0x08005264                TIM7_IRQHandler
                0x08005264                SDMMC1_IRQHandler
                0x08005264                TIM5_IRQHandler
                0x08005264                I2C3_EV_IRQHandler
                0x08005264                EXTI9_5_IRQHandler
                0x08005264                RTC_WKUP_IRQHandler
                0x08005264                LTDC_IRQHandler
                0x08005264                PVD_PVM_IRQHandler
                0x08005264                SPI2_IRQHandler
                0x08005264                CAN1_TX_IRQHandler
                0x08005264                DMA2_Channel5_IRQHandler
                0x08005264                CRS_IRQHandler
                0x08005264                DMA1_Channel5_IRQHandler
                0x08005264                EXTI4_IRQHandler
                0x08005264                RNG_IRQHandler
                0x08005264                TIM1_TRG_COM_TIM17_IRQHandler
                0x08005264                DMA1_Channel3_IRQHandler
                0x08005264                COMP_IRQHandler
                0x08005264                WWDG_IRQHandler
                0x08005264                I2C4_EV_IRQHandler
                0x08005264                LPUART1_IRQHandler
                0x08005264                DMA2_Channel6_IRQHandler
                0x08005264                TIM2_IRQHandler
                0x08005264                DMA2D_IRQHandler
                0x08005264                EXTI1_IRQHandler
                0x08005264                DFSDM1_FLT0_IRQHandler
                0x08005264                I2C2_ER_IRQHandler
                0x08005264                DMA1_Channel2_IRQHandler
                0x08005264                TIM8_BRK_IRQHandler
                0x08005264                CAN1_SCE_IRQHandler
                0x08005264                FLASH_IRQHandler
                0x08005264                BusFault_Handler
                0x08005264                USART1_IRQHandler
                0x08005264                OTG_FS_IRQHandler
                0x08005264                SPI3_IRQHandler
                0x08005264                I2C1_ER_IRQHandler
                0x08005264                FMC_IRQHandler
                0x08005264                LPTIM1_IRQHandler
                0x08005264                I2C4_ER_IRQHandler
                0x08005264                SAI1_IRQHandler
                0x08005264                DMA2_Channel3_IRQHandler
                0x08005264                TIM1_BRK_TIM15_IRQHandler
 *fill*         0x08005266        0x2 
 .text.__libc_init_array
                0x08005268       0x48 c:/users/jonaspc/stmicroelectronics/baremetal/plugins/fr.ac6.mcu.externaltools.arm-none.win32_1.16.0.201807130628/tools/compiler/bin/../lib/gcc/arm-none-eabi/7.2.1/../../../../arm-none-eabi/lib/thumb/v7e-m/fpv4-sp/hard\libc_nano.a(lib_a-init.o)
                0x08005268                __libc_init_array
 .text.memcpy   0x080052b0       0x16 c:/users/jonaspc/stmicroelectronics/baremetal/plugins/fr.ac6.mcu.externaltools.arm-none.win32_1.16.0.201807130628/tools/compiler/bin/../lib/gcc/arm-none-eabi/7.2.1/../../../../arm-none-eabi/lib/thumb/v7e-m/fpv4-sp/hard\libc_nano.a(lib_a-memcpy-stub.o)
                0x080052b0                memcpy
 .text.memset   0x080052c6       0x10 c:/users/jonaspc/stmicroelectronics/baremetal/plugins/fr.ac6.mcu.externaltools.arm-none.win32_1.16.0.201807130628/tools/compiler/bin/../lib/gcc/arm-none-eabi/7.2.1/../../../../arm-none-eabi/lib/thumb/v7e-m/fpv4-sp/hard\libc_nano.a(lib_a-memset.o)
                0x080052c6                memset
 *fill*         0x080052d6        0x2 
 .text.rand     0x080052d8       0x68 c:/users/jonaspc/stmicroelectronics/baremetal/plugins/fr.ac6.mcu.externaltools.arm-none.win32_1.16.0.201807130628/tools/compiler/bin/../lib/gcc/arm-none-eabi/7.2.1/../../../../arm-none-eabi/lib/thumb/v7e-m/fpv4-sp/hard\libc_nano.a(lib_a-rand.o)
                0x080052d8                rand
 .text.malloc   0x08005340       0x10 c:/users/jonaspc/stmicroelectronics/baremetal/plugins/fr.ac6.mcu.externaltools.arm-none.win32_1.16.0.201807130628/tools/compiler/bin/../lib/gcc/arm-none-eabi/7.2.1/../../../../arm-none-eabi/lib/thumb/v7e-m/fpv4-sp/hard\libc_nano.a(lib_a-malloc.o)
                0x08005340                malloc
 .text._malloc_r
                0x08005350       0xb4 c:/users/jonaspc/stmicroelectronics/baremetal/plugins/fr.ac6.mcu.externaltools.arm-none.win32_1.16.0.201807130628/tools/compiler/bin/../lib/gcc/arm-none-eabi/7.2.1/../../../../arm-none-eabi/lib/thumb/v7e-m/fpv4-sp/hard\libc_nano.a(lib_a-nano-mallocr.o)
                0x08005350                _malloc_r
 .text._sbrk_r  0x08005404       0x20 c:/users/jonaspc/stmicroelectronics/baremetal/plugins/fr.ac6.mcu.externaltools.arm-none.win32_1.16.0.201807130628/tools/compiler/bin/../lib/gcc/arm-none-eabi/7.2.1/../../../../arm-none-eabi/lib/thumb/v7e-m/fpv4-sp/hard\libc_nano.a(lib_a-sbrkr.o)
                0x08005404                _sbrk_r
 .text.__malloc_lock
                0x08005424        0x2 c:/users/jonaspc/stmicroelectronics/baremetal/plugins/fr.ac6.mcu.externaltools.arm-none.win32_1.16.0.201807130628/tools/compiler/bin/../lib/gcc/arm-none-eabi/7.2.1/../../../../arm-none-eabi/lib/thumb/v7e-m/fpv4-sp/hard\libc_nano.a(lib_a-mlock.o)
                0x08005424                __malloc_lock
 .text.__malloc_unlock
                0x08005426        0x2 c:/users/jonaspc/stmicroelectronics/baremetal/plugins/fr.ac6.mcu.externaltools.arm-none.win32_1.16.0.201807130628/tools/compiler/bin/../lib/gcc/arm-none-eabi/7.2.1/../../../../arm-none-eabi/lib/thumb/v7e-m/fpv4-sp/hard\libc_nano.a(lib_a-mlock.o)
                0x08005426                __malloc_unlock
 .text._sbrk    0x08005428       0x1c c:/users/jonaspc/stmicroelectronics/baremetal/plugins/fr.ac6.mcu.externaltools.arm-none.win32_1.16.0.201807130628/tools/compiler/bin/../lib/gcc/arm-none-eabi/7.2.1/../../../../arm-none-eabi/lib/thumb/v7e-m/fpv4-sp/hard\libnosys.a(sbrk.o)
                0x08005428                _sbrk
 *(.glue_7)
 .glue_7        0x08005444        0x0 linker stubs
 *(.glue_7t)
 .glue_7t       0x08005444        0x0 linker stubs
 *(.eh_frame)
 .eh_frame      0x08005444        0x0 c:/users/jonaspc/stmicroelectronics/baremetal/plugins/fr.ac6.mcu.externaltools.arm-none.win32_1.16.0.201807130628/tools/compiler/bin/../lib/gcc/arm-none-eabi/7.2.1/thumb/v7e-m/fpv4-sp/hard/crtbegin.o
 *(.init)
 .init          0x08005444        0x4 c:/users/jonaspc/stmicroelectronics/baremetal/plugins/fr.ac6.mcu.externaltools.arm-none.win32_1.16.0.201807130628/tools/compiler/bin/../lib/gcc/arm-none-eabi/7.2.1/thumb/v7e-m/fpv4-sp/hard/crti.o
                0x08005444                _init
 .init          0x08005448        0x8 c:/users/jonaspc/stmicroelectronics/baremetal/plugins/fr.ac6.mcu.externaltools.arm-none.win32_1.16.0.201807130628/tools/compiler/bin/../lib/gcc/arm-none-eabi/7.2.1/thumb/v7e-m/fpv4-sp/hard/crtn.o
 *(.fini)
 .fini          0x08005450        0x4 c:/users/jonaspc/stmicroelectronics/baremetal/plugins/fr.ac6.mcu.externaltools.arm-none.win32_1.16.0.201807130628/tools/compiler/bin/../lib/gcc/arm-none-eabi/7.2.1/thumb/v7e-m/fpv4-sp/hard/crti.o
                0x08005450                _fini
 .fini          0x08005454        0x8 c:/users/jonaspc/stmicroelectronics/baremetal/plugins/fr.ac6.mcu.externaltools.arm-none.win32_1.16.0.201807130628/tools/compiler/bin/../lib/gcc/arm-none-eabi/7.2.1/thumb/v7e-m/fpv4-sp/hard/crtn.o
                0x08005460                . = ALIGN (0x8)
 *fill*         0x0800545c        0x4 
                0x08005460                _etext = .

.vfp11_veneer   0x08005460        0x0
 .vfp11_veneer  0x08005460        0x0 linker stubs

.v4_bx          0x08005460        0x0
 .v4_bx         0x08005460        0x0 linker stubs

.iplt           0x08005460        0x0
 .iplt          0x08005460        0x0 c:/users/jonaspc/stmicroelectronics/baremetal/plugins/fr.ac6.mcu.externaltools.arm-none.win32_1.16.0.201807130628/tools/compiler/bin/../lib/gcc/arm-none-eabi/7.2.1/thumb/v7e-m/fpv4-sp/hard/crtbegin.o

.rodata         0x08005460      0x108
                0x08005460                . = ALIGN (0x8)
 *(.rodata)
 .rodata        0x08005460       0x18 Drivers/STM32L4xx_HAL_Driver/Src/stm32l4xx_hal_uart.o
 .rodata        0x08005478        0xe Drivers/STM32L4xx_HAL_Driver/Src/stm32l4xx_hal_uart_ex.o
 *fill*         0x08005486        0x2 
 .rodata        0x08005488       0x44 Src/main.o
 .rodata        0x080054cc        0xe Src/stm32l4xx_nucleo_144.o
                0x080054cc                GPIO_PIN
                0x080054d4                BUTTON_IRQn
                0x080054d8                BUTTON_PIN
 *fill*         0x080054da        0x2 
 .rodata        0x080054dc       0x48 Src/system_stm32l4xx.o
                0x080054dc                MSIRangeTable
                0x0800550c                AHBPrescTable
                0x0800551c                APBPrescTable
 *(.rodata*)
 .rodata.str1.4
                0x08005524        0x6 Middlewares/Third_Party/FreeRTOS/Source/queue.o
 *fill*         0x0800552a        0x2 
 .rodata.str1.4
                0x0800552c        0x5 Middlewares/Third_Party/FreeRTOS/Source/tasks.o
 *fill*         0x08005531        0x3 
 .rodata.str1.4
                0x08005534       0x26 Src/main.o
 *fill*         0x0800555a        0x2 
 .rodata.str1.4
                0x0800555c        0xc Tracer/sniffImport.o
                                  0xa (size before relaxing)
                0x08005568                . = ALIGN (0x8)

.ARM.extab      0x08005568        0x0
                0x08005568                . = ALIGN (0x8)
 *(.ARM.extab* .gnu.linkonce.armextab.*)
                0x08005568                . = ALIGN (0x8)

.ARM            0x08005568        0x8
                0x08005568                . = ALIGN (0x8)
                0x08005568                __exidx_start = .
 *(.ARM.exidx*)
 .ARM.exidx     0x08005568        0x8 c:/users/jonaspc/stmicroelectronics/baremetal/plugins/fr.ac6.mcu.externaltools.arm-none.win32_1.16.0.201807130628/tools/compiler/bin/../lib/gcc/arm-none-eabi/7.2.1/thumb/v7e-m/fpv4-sp/hard\libgcc.a(_udivmoddi4.o)
                0x08005570                __exidx_end = .
                0x08005570                . = ALIGN (0x8)

.rel.dyn        0x08005570        0x0
 .rel.iplt      0x08005570        0x0 c:/users/jonaspc/stmicroelectronics/baremetal/plugins/fr.ac6.mcu.externaltools.arm-none.win32_1.16.0.201807130628/tools/compiler/bin/../lib/gcc/arm-none-eabi/7.2.1/thumb/v7e-m/fpv4-sp/hard/crtbegin.o

.preinit_array  0x08005570        0x0
                0x08005570                . = ALIGN (0x8)
                0x08005570                PROVIDE (__preinit_array_start, .)
 *(.preinit_array*)
                0x08005570                PROVIDE (__preinit_array_end, .)
                0x08005570                . = ALIGN (0x8)

.init_array     0x08005570        0x8
                0x08005570                . = ALIGN (0x8)
                0x08005570                PROVIDE (__init_array_start, .)
 *(SORT_BY_NAME(.init_array.*))
 *(.init_array*)
 .init_array    0x08005570        0x4 c:/users/jonaspc/stmicroelectronics/baremetal/plugins/fr.ac6.mcu.externaltools.arm-none.win32_1.16.0.201807130628/tools/compiler/bin/../lib/gcc/arm-none-eabi/7.2.1/thumb/v7e-m/fpv4-sp/hard/crtbegin.o
                0x08005574                PROVIDE (__init_array_end, .)
                0x08005578                . = ALIGN (0x8)
 *fill*         0x08005574        0x4 

.fini_array     0x08005578        0x8
                0x08005578                . = ALIGN (0x8)
                [!provide]                PROVIDE (__fini_array_start, .)
 *(SORT_BY_NAME(.fini_array.*))
 *(.fini_array*)
 .fini_array    0x08005578        0x4 c:/users/jonaspc/stmicroelectronics/baremetal/plugins/fr.ac6.mcu.externaltools.arm-none.win32_1.16.0.201807130628/tools/compiler/bin/../lib/gcc/arm-none-eabi/7.2.1/thumb/v7e-m/fpv4-sp/hard/crtbegin.o
                [!provide]                PROVIDE (__fini_array_end, .)
                0x08005580                . = ALIGN (0x8)
 *fill*         0x0800557c        0x4 
                0x08005580                _sidata = LOADADDR (.data)

.data           0x20000000       0x80 load address 0x08005580
                0x20000000                . = ALIGN (0x8)
                0x20000000                _sdata = .
 *(.data)
 .data          0x20000000        0x4 Middlewares/Third_Party/FreeRTOS/Source/portable/GCC/ARM_CM4F/port.o
 .data          0x20000004       0x10 Src/stm32l4xx_nucleo_144.o
                0x20000004                GPIO_PORT
                0x20000010                BUTTON_PORT
 .data          0x20000014        0x4 Src/system_stm32l4xx.o
                0x20000014                SystemCoreClock
 *(.data*)
 .data._impure_ptr
                0x20000018        0x4 c:/users/jonaspc/stmicroelectronics/baremetal/plugins/fr.ac6.mcu.externaltools.arm-none.win32_1.16.0.201807130628/tools/compiler/bin/../lib/gcc/arm-none-eabi/7.2.1/../../../../arm-none-eabi/lib/thumb/v7e-m/fpv4-sp/hard\libc_nano.a(lib_a-impure.o)
                0x20000018                _impure_ptr
 .data.impure_data
                0x2000001c       0x60 c:/users/jonaspc/stmicroelectronics/baremetal/plugins/fr.ac6.mcu.externaltools.arm-none.win32_1.16.0.201807130628/tools/compiler/bin/../lib/gcc/arm-none-eabi/7.2.1/../../../../arm-none-eabi/lib/thumb/v7e-m/fpv4-sp/hard\libc_nano.a(lib_a-impure.o)
                0x20000080                . = ALIGN (0x8)
 *fill*         0x2000007c        0x4 
                0x20000080                _edata = .

.igot.plt       0x20000080        0x0 load address 0x08005600
 .igot.plt      0x20000080        0x0 c:/users/jonaspc/stmicroelectronics/baremetal/plugins/fr.ac6.mcu.externaltools.arm-none.win32_1.16.0.201807130628/tools/compiler/bin/../lib/gcc/arm-none-eabi/7.2.1/thumb/v7e-m/fpv4-sp/hard/crtbegin.o
                0x20000080                . = ALIGN (0x4)

.bss            0x20000080     0xa4c0 load address 0x08005600
                0x20000080                _sbss = .
                0x20000080                __bss_start__ = _sbss
 *(.bss)
 .bss           0x20000080       0x1c c:/users/jonaspc/stmicroelectronics/baremetal/plugins/fr.ac6.mcu.externaltools.arm-none.win32_1.16.0.201807130628/tools/compiler/bin/../lib/gcc/arm-none-eabi/7.2.1/thumb/v7e-m/fpv4-sp/hard/crtbegin.o
 .bss           0x2000009c      0x12c Middlewares/Third_Party/FreeRTOS/Source/tasks.o
                0x2000019c                pxCurrentTCB
 .bss           0x200001c8        0x8 Middlewares/Third_Party/FreeRTOS/Source/portable/GCC/ARM_CM4F/port.o
 .bss           0x200001d0     0x3ab0 Middlewares/Third_Party/FreeRTOS/Source/portable/MemMang/heap_4.o
 .bss           0x20003c80        0x4 Tracer/sniffImport.o
 *(.bss*)
 .bss.__malloc_free_list
                0x20003c84        0x4 c:/users/jonaspc/stmicroelectronics/baremetal/plugins/fr.ac6.mcu.externaltools.arm-none.win32_1.16.0.201807130628/tools/compiler/bin/../lib/gcc/arm-none-eabi/7.2.1/../../../../arm-none-eabi/lib/thumb/v7e-m/fpv4-sp/hard\libc_nano.a(lib_a-nano-mallocr.o)
                0x20003c84                __malloc_free_list
 .bss.__malloc_sbrk_start
                0x20003c88        0x4 c:/users/jonaspc/stmicroelectronics/baremetal/plugins/fr.ac6.mcu.externaltools.arm-none.win32_1.16.0.201807130628/tools/compiler/bin/../lib/gcc/arm-none-eabi/7.2.1/../../../../arm-none-eabi/lib/thumb/v7e-m/fpv4-sp/hard\libc_nano.a(lib_a-nano-mallocr.o)
                0x20003c88                __malloc_sbrk_start
 .bss.heap_end.5377
                0x20003c8c        0x4 c:/users/jonaspc/stmicroelectronics/baremetal/plugins/fr.ac6.mcu.externaltools.arm-none.win32_1.16.0.201807130628/tools/compiler/bin/../lib/gcc/arm-none-eabi/7.2.1/../../../../arm-none-eabi/lib/thumb/v7e-m/fpv4-sp/hard\libnosys.a(sbrk.o)
 *(COMMON)
 COMMON         0x20003c90        0x4 Drivers/STM32L4xx_HAL_Driver/Src/stm32l4xx_hal.o
                0x20003c90                uwTick
 COMMON         0x20003c94     0x16ec Middlewares/Third_Party/FreeRTOS/Source/CMSIS_RTOS/cmsis_os.o
                0x20003c94                sniffIDFilter
                0x20003ca4                buffer
                0x20004ca8                objectList
 COMMON         0x20005380       0xa4 Src/main.o
                0x20005380                defaultTaskHandle
                0x20005384                TempReadTaskHandle
                0x20005388                infoQueueHandle
                0x2000538c                HumidityReadTaskHandle
                0x20005390                triggerSemaphore
                0x20005394                dataCaptureTaskHandle
                0x20005398                huart2
                0x20005420                lcdMutex
 COMMON         0x20005424       0x40 Src/stm32l4xx_hal_timebase_TIM.o
                0x20005424                htim1
 COMMON         0x20005464     0x50d0 Tracer/sniffFIFO.o
                0x20005464                receiveFIFO
                0x20005508                streamFIFO
                0x2000a140                errorFIFO
 COMMON         0x2000a534        0x6 Tracer/sniffPayload.o
                0x2000a534                objectCounter
 *fill*         0x2000a53a        0x2 
 COMMON         0x2000a53c        0x4 c:/users/jonaspc/stmicroelectronics/baremetal/plugins/fr.ac6.mcu.externaltools.arm-none.win32_1.16.0.201807130628/tools/compiler/bin/../lib/gcc/arm-none-eabi/7.2.1/../../../../arm-none-eabi/lib/thumb/v7e-m/fpv4-sp/hard\libc_nano.a(lib_a-reent.o)
                0x2000a53c                errno
                0x2000a540                . = ALIGN (0x4)
                0x2000a540                _ebss = .
                0x2000a540                __bss_end__ = _ebss

._user_heap_stack
                0x2000a540      0x600 load address 0x08005600
                0x2000a540                . = ALIGN (0x8)
                0x2000a540                PROVIDE (end, .)
                [!provide]                PROVIDE (_end, .)
                0x2000a740                . = (. + _Min_Heap_Size)
 *fill*         0x2000a540      0x200 
                0x2000ab40                . = (. + _Min_Stack_Size)
 *fill*         0x2000a740      0x400 
                0x2000ab40                . = ALIGN (0x8)

/DISCARD/
 libc.a(*)
 libm.a(*)
 libgcc.a(*)

.ARM.attributes
                0x00000000       0x30
 *(.ARM.attributes)
 .ARM.attributes
                0x00000000       0x22 c:/users/jonaspc/stmicroelectronics/baremetal/plugins/fr.ac6.mcu.externaltools.arm-none.win32_1.16.0.201807130628/tools/compiler/bin/../lib/gcc/arm-none-eabi/7.2.1/thumb/v7e-m/fpv4-sp/hard/crti.o
 .ARM.attributes
                0x00000022       0x34 c:/users/jonaspc/stmicroelectronics/baremetal/plugins/fr.ac6.mcu.externaltools.arm-none.win32_1.16.0.201807130628/tools/compiler/bin/../lib/gcc/arm-none-eabi/7.2.1/thumb/v7e-m/fpv4-sp/hard/crtbegin.o
 .ARM.attributes
                0x00000056       0x39 Drivers/STM32L4xx_HAL_Driver/Src/stm32l4xx_hal.o
 .ARM.attributes
                0x0000008f       0x39 Drivers/STM32L4xx_HAL_Driver/Src/stm32l4xx_hal_cortex.o
 .ARM.attributes
                0x000000c8       0x39 Drivers/STM32L4xx_HAL_Driver/Src/stm32l4xx_hal_gpio.o
 .ARM.attributes
                0x00000101       0x39 Drivers/STM32L4xx_HAL_Driver/Src/stm32l4xx_hal_pwr_ex.o
 .ARM.attributes
                0x0000013a       0x39 Drivers/STM32L4xx_HAL_Driver/Src/stm32l4xx_hal_rcc.o
 .ARM.attributes
                0x00000173       0x39 Drivers/STM32L4xx_HAL_Driver/Src/stm32l4xx_hal_rcc_ex.o
 .ARM.attributes
                0x000001ac       0x39 Drivers/STM32L4xx_HAL_Driver/Src/stm32l4xx_hal_tim.o
 .ARM.attributes
                0x000001e5       0x39 Drivers/STM32L4xx_HAL_Driver/Src/stm32l4xx_hal_tim_ex.o
 .ARM.attributes
                0x0000021e       0x39 Drivers/STM32L4xx_HAL_Driver/Src/stm32l4xx_hal_uart.o
 .ARM.attributes
                0x00000257       0x39 Drivers/STM32L4xx_HAL_Driver/Src/stm32l4xx_hal_uart_ex.o
 .ARM.attributes
                0x00000290       0x39 Middlewares/Third_Party/FreeRTOS/Source/CMSIS_RTOS/cmsis_os.o
 .ARM.attributes
                0x000002c9       0x39 Middlewares/Third_Party/FreeRTOS/Source/list.o
 .ARM.attributes
                0x00000302       0x39 Middlewares/Third_Party/FreeRTOS/Source/queue.o
 .ARM.attributes
                0x0000033b       0x39 Middlewares/Third_Party/FreeRTOS/Source/tasks.o
 .ARM.attributes
                0x00000374       0x39 Middlewares/Third_Party/FreeRTOS/Source/portable/GCC/ARM_CM4F/port.o
 .ARM.attributes
                0x000003ad       0x39 Middlewares/Third_Party/FreeRTOS/Source/portable/MemMang/heap_4.o
 .ARM.attributes
                0x000003e6       0x39 Src/main.o
 .ARM.attributes
                0x0000041f       0x39 Src/selfFIFO.o
 .ARM.attributes
                0x00000458       0x39 Src/stm32l4xx_hal_msp.o
 .ARM.attributes
                0x00000491       0x39 Src/stm32l4xx_hal_timebase_TIM.o
 .ARM.attributes
                0x000004ca       0x39 Src/stm32l4xx_it.o
 .ARM.attributes
                0x00000503       0x39 Src/stm32l4xx_nucleo_144.o
 .ARM.attributes
                0x0000053c       0x39 Src/system_stm32l4xx.o
 .ARM.attributes
                0x00000575       0x39 Tracer/sniffFIFO.o
 .ARM.attributes
                0x000005ae       0x39 Tracer/sniffImport.o
 .ARM.attributes
                0x000005e7       0x39 Tracer/sniffPayload.o
 .ARM.attributes
                0x00000620       0x39 Tracer/sniffTask.o
 .ARM.attributes
                0x00000659       0x21 startup/startup_stm32l4r5xx.o
 .ARM.attributes
                0x0000067a       0x22 c:/users/jonaspc/stmicroelectronics/baremetal/plugins/fr.ac6.mcu.externaltools.arm-none.win32_1.16.0.201807130628/tools/compiler/bin/../lib/gcc/arm-none-eabi/7.2.1/thumb/v7e-m/fpv4-sp/hard\libgcc.a(_aeabi_uldivmod.o)
 .ARM.attributes
                0x0000069c       0x34 c:/users/jonaspc/stmicroelectronics/baremetal/plugins/fr.ac6.mcu.externaltools.arm-none.win32_1.16.0.201807130628/tools/compiler/bin/../lib/gcc/arm-none-eabi/7.2.1/thumb/v7e-m/fpv4-sp/hard\libgcc.a(_udivmoddi4.o)
 .ARM.attributes
                0x000006d0       0x22 c:/users/jonaspc/stmicroelectronics/baremetal/plugins/fr.ac6.mcu.externaltools.arm-none.win32_1.16.0.201807130628/tools/compiler/bin/../lib/gcc/arm-none-eabi/7.2.1/thumb/v7e-m/fpv4-sp/hard\libgcc.a(_dvmd_tls.o)
 .ARM.attributes
                0x000006f2       0x34 c:/users/jonaspc/stmicroelectronics/baremetal/plugins/fr.ac6.mcu.externaltools.arm-none.win32_1.16.0.201807130628/tools/compiler/bin/../lib/gcc/arm-none-eabi/7.2.1/../../../../arm-none-eabi/lib/thumb/v7e-m/fpv4-sp/hard\libc_nano.a(lib_a-impure.o)
 .ARM.attributes
                0x00000726       0x34 c:/users/jonaspc/stmicroelectronics/baremetal/plugins/fr.ac6.mcu.externaltools.arm-none.win32_1.16.0.201807130628/tools/compiler/bin/../lib/gcc/arm-none-eabi/7.2.1/../../../../arm-none-eabi/lib/thumb/v7e-m/fpv4-sp/hard\libc_nano.a(lib_a-init.o)
 .ARM.attributes
                0x0000075a       0x34 c:/users/jonaspc/stmicroelectronics/baremetal/plugins/fr.ac6.mcu.externaltools.arm-none.win32_1.16.0.201807130628/tools/compiler/bin/../lib/gcc/arm-none-eabi/7.2.1/../../../../arm-none-eabi/lib/thumb/v7e-m/fpv4-sp/hard\libc_nano.a(lib_a-memcpy-stub.o)
 .ARM.attributes
                0x0000078e       0x34 c:/users/jonaspc/stmicroelectronics/baremetal/plugins/fr.ac6.mcu.externaltools.arm-none.win32_1.16.0.201807130628/tools/compiler/bin/../lib/gcc/arm-none-eabi/7.2.1/../../../../arm-none-eabi/lib/thumb/v7e-m/fpv4-sp/hard\libc_nano.a(lib_a-memset.o)
 .ARM.attributes
                0x000007c2       0x34 c:/users/jonaspc/stmicroelectronics/baremetal/plugins/fr.ac6.mcu.externaltools.arm-none.win32_1.16.0.201807130628/tools/compiler/bin/../lib/gcc/arm-none-eabi/7.2.1/../../../../arm-none-eabi/lib/thumb/v7e-m/fpv4-sp/hard\libc_nano.a(lib_a-rand.o)
 .ARM.attributes
                0x000007f6       0x1b c:/users/jonaspc/stmicroelectronics/baremetal/plugins/fr.ac6.mcu.externaltools.arm-none.win32_1.16.0.201807130628/tools/compiler/bin/../lib/gcc/arm-none-eabi/7.2.1/../../../../arm-none-eabi/lib/thumb/v7e-m/fpv4-sp/hard\libc_nano.a(lib_a-strlen.o)
 .ARM.attributes
                0x00000811       0x34 c:/users/jonaspc/stmicroelectronics/baremetal/plugins/fr.ac6.mcu.externaltools.arm-none.win32_1.16.0.201807130628/tools/compiler/bin/../lib/gcc/arm-none-eabi/7.2.1/../../../../arm-none-eabi/lib/thumb/v7e-m/fpv4-sp/hard\libc_nano.a(lib_a-malloc.o)
 .ARM.attributes
                0x00000845       0x34 c:/users/jonaspc/stmicroelectronics/baremetal/plugins/fr.ac6.mcu.externaltools.arm-none.win32_1.16.0.201807130628/tools/compiler/bin/../lib/gcc/arm-none-eabi/7.2.1/../../../../arm-none-eabi/lib/thumb/v7e-m/fpv4-sp/hard\libc_nano.a(lib_a-nano-mallocr.o)
 .ARM.attributes
                0x00000879       0x34 c:/users/jonaspc/stmicroelectronics/baremetal/plugins/fr.ac6.mcu.externaltools.arm-none.win32_1.16.0.201807130628/tools/compiler/bin/../lib/gcc/arm-none-eabi/7.2.1/../../../../arm-none-eabi/lib/thumb/v7e-m/fpv4-sp/hard\libc_nano.a(lib_a-sbrkr.o)
 .ARM.attributes
                0x000008ad       0x34 c:/users/jonaspc/stmicroelectronics/baremetal/plugins/fr.ac6.mcu.externaltools.arm-none.win32_1.16.0.201807130628/tools/compiler/bin/../lib/gcc/arm-none-eabi/7.2.1/../../../../arm-none-eabi/lib/thumb/v7e-m/fpv4-sp/hard\libc_nano.a(lib_a-mlock.o)
 .ARM.attributes
                0x000008e1       0x34 c:/users/jonaspc/stmicroelectronics/baremetal/plugins/fr.ac6.mcu.externaltools.arm-none.win32_1.16.0.201807130628/tools/compiler/bin/../lib/gcc/arm-none-eabi/7.2.1/../../../../arm-none-eabi/lib/thumb/v7e-m/fpv4-sp/hard\libc_nano.a(lib_a-reent.o)
 .ARM.attributes
                0x00000915       0x34 c:/users/jonaspc/stmicroelectronics/baremetal/plugins/fr.ac6.mcu.externaltools.arm-none.win32_1.16.0.201807130628/tools/compiler/bin/../lib/gcc/arm-none-eabi/7.2.1/../../../../arm-none-eabi/lib/thumb/v7e-m/fpv4-sp/hard\libnosys.a(sbrk.o)
 .ARM.attributes
                0x00000949       0x22 c:/users/jonaspc/stmicroelectronics/baremetal/plugins/fr.ac6.mcu.externaltools.arm-none.win32_1.16.0.201807130628/tools/compiler/bin/../lib/gcc/arm-none-eabi/7.2.1/thumb/v7e-m/fpv4-sp/hard/crtn.o
OUTPUT(FreeRTOS-TracerForTraceSniffer-L4R5ZI.elf elf32-littlearm)

.debug_info     0x00000000    0x311cf
 .debug_info    0x00000000     0x13ad Drivers/STM32L4xx_HAL_Driver/Src/stm32l4xx_hal.o
 .debug_info    0x000013ad     0x17f6 Drivers/STM32L4xx_HAL_Driver/Src/stm32l4xx_hal_cortex.o
 .debug_info    0x00002ba3     0x10e9 Drivers/STM32L4xx_HAL_Driver/Src/stm32l4xx_hal_gpio.o
 .debug_info    0x00003c8c     0x13ae Drivers/STM32L4xx_HAL_Driver/Src/stm32l4xx_hal_pwr_ex.o
 .debug_info    0x0000503a     0x1778 Drivers/STM32L4xx_HAL_Driver/Src/stm32l4xx_hal_rcc.o
 .debug_info    0x000067b2     0x1c2f Drivers/STM32L4xx_HAL_Driver/Src/stm32l4xx_hal_rcc_ex.o
 .debug_info    0x000083e1     0x3911 Drivers/STM32L4xx_HAL_Driver/Src/stm32l4xx_hal_tim.o
 .debug_info    0x0000bcf2     0x1e75 Drivers/STM32L4xx_HAL_Driver/Src/stm32l4xx_hal_tim_ex.o
 .debug_info    0x0000db67     0x275c Drivers/STM32L4xx_HAL_Driver/Src/stm32l4xx_hal_uart.o
 .debug_info    0x000102c3     0x1666 Drivers/STM32L4xx_HAL_Driver/Src/stm32l4xx_hal_uart_ex.o
 .debug_info    0x00011929     0x3218 Middlewares/Third_Party/FreeRTOS/Source/CMSIS_RTOS/cmsis_os.o
 .debug_info    0x00014b41     0x1944 Middlewares/Third_Party/FreeRTOS/Source/list.o
 .debug_info    0x00016485     0x3479 Middlewares/Third_Party/FreeRTOS/Source/queue.o
 .debug_info    0x000198fe     0x42d6 Middlewares/Third_Party/FreeRTOS/Source/tasks.o
 .debug_info    0x0001dbd4     0x1ba2 Middlewares/Third_Party/FreeRTOS/Source/portable/GCC/ARM_CM4F/port.o
 .debug_info    0x0001f776     0x1ce9 Middlewares/Third_Party/FreeRTOS/Source/portable/MemMang/heap_4.o
 .debug_info    0x0002145f     0x306b Src/main.o
 .debug_info    0x000244ca      0x13d Src/selfFIFO.o
 .debug_info    0x00024607     0x1870 Src/stm32l4xx_hal_msp.o
 .debug_info    0x00025e77     0x1606 Src/stm32l4xx_hal_timebase_TIM.o
 .debug_info    0x0002747d     0x181f Src/stm32l4xx_it.o
 .debug_info    0x00028c9c     0x13c8 Src/stm32l4xx_nucleo_144.o
 .debug_info    0x0002a064      0xe58 Src/system_stm32l4xx.o
 .debug_info    0x0002aebc     0x109e Tracer/sniffFIFO.o
 .debug_info    0x0002bf5a     0x17f3 Tracer/sniffImport.o
 .debug_info    0x0002d74d     0x1fb5 Tracer/sniffPayload.o
 .debug_info    0x0002f702     0x1a27 Tracer/sniffTask.o
 .debug_info    0x00031129       0xa6 startup/startup_stm32l4r5xx.o

.debug_abbrev   0x00000000     0x5104
 .debug_abbrev  0x00000000      0x2fb Drivers/STM32L4xx_HAL_Driver/Src/stm32l4xx_hal.o
 .debug_abbrev  0x000002fb      0x3c7 Drivers/STM32L4xx_HAL_Driver/Src/stm32l4xx_hal_cortex.o
 .debug_abbrev  0x000006c2      0x2b4 Drivers/STM32L4xx_HAL_Driver/Src/stm32l4xx_hal_gpio.o
 .debug_abbrev  0x00000976      0x2e1 Drivers/STM32L4xx_HAL_Driver/Src/stm32l4xx_hal_pwr_ex.o
 .debug_abbrev  0x00000c57      0x306 Drivers/STM32L4xx_HAL_Driver/Src/stm32l4xx_hal_rcc.o
 .debug_abbrev  0x00000f5d      0x319 Drivers/STM32L4xx_HAL_Driver/Src/stm32l4xx_hal_rcc_ex.o
 .debug_abbrev  0x00001276      0x2eb Drivers/STM32L4xx_HAL_Driver/Src/stm32l4xx_hal_tim.o
 .debug_abbrev  0x00001561      0x2eb Drivers/STM32L4xx_HAL_Driver/Src/stm32l4xx_hal_tim_ex.o
 .debug_abbrev  0x0000184c      0x31f Drivers/STM32L4xx_HAL_Driver/Src/stm32l4xx_hal_uart.o
 .debug_abbrev  0x00001b6b      0x2dc Drivers/STM32L4xx_HAL_Driver/Src/stm32l4xx_hal_uart_ex.o
 .debug_abbrev  0x00001e47      0x411 Middlewares/Third_Party/FreeRTOS/Source/CMSIS_RTOS/cmsis_os.o
 .debug_abbrev  0x00002258      0x293 Middlewares/Third_Party/FreeRTOS/Source/list.o
 .debug_abbrev  0x000024eb      0x3dd Middlewares/Third_Party/FreeRTOS/Source/queue.o
 .debug_abbrev  0x000028c8      0x41e Middlewares/Third_Party/FreeRTOS/Source/tasks.o
 .debug_abbrev  0x00002ce6      0x3a6 Middlewares/Third_Party/FreeRTOS/Source/portable/GCC/ARM_CM4F/port.o
 .debug_abbrev  0x0000308c      0x386 Middlewares/Third_Party/FreeRTOS/Source/portable/MemMang/heap_4.o
 .debug_abbrev  0x00003412      0x365 Src/main.o
 .debug_abbrev  0x00003777       0xe7 Src/selfFIFO.o
 .debug_abbrev  0x0000385e      0x250 Src/stm32l4xx_hal_msp.o
 .debug_abbrev  0x00003aae      0x2a4 Src/stm32l4xx_hal_timebase_TIM.o
 .debug_abbrev  0x00003d52      0x2a3 Src/stm32l4xx_it.o
 .debug_abbrev  0x00003ff5      0x303 Src/stm32l4xx_nucleo_144.o
 .debug_abbrev  0x000042f8      0x235 Src/system_stm32l4xx.o
 .debug_abbrev  0x0000452d      0x304 Tracer/sniffFIFO.o
 .debug_abbrev  0x00004831      0x28e Tracer/sniffImport.o
 .debug_abbrev  0x00004abf      0x389 Tracer/sniffPayload.o
 .debug_abbrev  0x00004e48      0x2aa Tracer/sniffTask.o
 .debug_abbrev  0x000050f2       0x12 startup/startup_stm32l4r5xx.o

.debug_loc      0x00000000     0xfa2c
 .debug_loc     0x00000000       0xf8 Drivers/STM32L4xx_HAL_Driver/Src/stm32l4xx_hal.o
 .debug_loc     0x000000f8      0x5ce Drivers/STM32L4xx_HAL_Driver/Src/stm32l4xx_hal_cortex.o
 .debug_loc     0x000006c6      0x309 Drivers/STM32L4xx_HAL_Driver/Src/stm32l4xx_hal_gpio.o
 .debug_loc     0x000009cf      0x9ee Drivers/STM32L4xx_HAL_Driver/Src/stm32l4xx_hal_pwr_ex.o
 .debug_loc     0x000013bd      0x914 Drivers/STM32L4xx_HAL_Driver/Src/stm32l4xx_hal_rcc.o
 .debug_loc     0x00001cd1     0x2272 Drivers/STM32L4xx_HAL_Driver/Src/stm32l4xx_hal_rcc_ex.o
 .debug_loc     0x00003f43     0x36be Drivers/STM32L4xx_HAL_Driver/Src/stm32l4xx_hal_tim.o
 .debug_loc     0x00007601     0x164e Drivers/STM32L4xx_HAL_Driver/Src/stm32l4xx_hal_tim_ex.o
 .debug_loc     0x00008c4f     0x1b14 Drivers/STM32L4xx_HAL_Driver/Src/stm32l4xx_hal_uart.o
 .debug_loc     0x0000a763      0x688 Drivers/STM32L4xx_HAL_Driver/Src/stm32l4xx_hal_uart_ex.o
 .debug_loc     0x0000adeb     0x1000 Middlewares/Third_Party/FreeRTOS/Source/CMSIS_RTOS/cmsis_os.o
 .debug_loc     0x0000bdeb       0x70 Middlewares/Third_Party/FreeRTOS/Source/list.o
 .debug_loc     0x0000be5b      0xfea Middlewares/Third_Party/FreeRTOS/Source/queue.o
 .debug_loc     0x0000ce45     0x176c Middlewares/Third_Party/FreeRTOS/Source/tasks.o
 .debug_loc     0x0000e5b1       0xdc Middlewares/Third_Party/FreeRTOS/Source/portable/GCC/ARM_CM4F/port.o
 .debug_loc     0x0000e68d      0x291 Middlewares/Third_Party/FreeRTOS/Source/portable/MemMang/heap_4.o
 .debug_loc     0x0000e91e       0xbe Src/main.o
 .debug_loc     0x0000e9dc       0x74 Src/selfFIFO.o
 .debug_loc     0x0000ea50       0x5b Src/stm32l4xx_hal_msp.o
 .debug_loc     0x0000eaab       0x79 Src/stm32l4xx_hal_timebase_TIM.o
 .debug_loc     0x0000eb24       0x29 Src/stm32l4xx_it.o
 .debug_loc     0x0000eb4d      0x198 Src/stm32l4xx_nucleo_144.o
 .debug_loc     0x0000ece5      0x1e4 Src/system_stm32l4xx.o
 .debug_loc     0x0000eec9      0x663 Tracer/sniffFIFO.o
 .debug_loc     0x0000f52c      0x39c Tracer/sniffPayload.o
 .debug_loc     0x0000f8c8      0x164 Tracer/sniffTask.o

.debug_aranges  0x00000000     0x1598
 .debug_aranges
                0x00000000      0x118 Drivers/STM32L4xx_HAL_Driver/Src/stm32l4xx_hal.o
 .debug_aranges
                0x00000118       0xa8 Drivers/STM32L4xx_HAL_Driver/Src/stm32l4xx_hal_cortex.o
 .debug_aranges
                0x000001c0       0x58 Drivers/STM32L4xx_HAL_Driver/Src/stm32l4xx_hal_gpio.o
 .debug_aranges
                0x00000218      0x168 Drivers/STM32L4xx_HAL_Driver/Src/stm32l4xx_hal_pwr_ex.o
 .debug_aranges
                0x00000380       0x90 Drivers/STM32L4xx_HAL_Driver/Src/stm32l4xx_hal_rcc.o
 .debug_aranges
                0x00000410      0x100 Drivers/STM32L4xx_HAL_Driver/Src/stm32l4xx_hal_rcc_ex.o
 .debug_aranges
                0x00000510      0x378 Drivers/STM32L4xx_HAL_Driver/Src/stm32l4xx_hal_tim.o
 .debug_aranges
                0x00000888      0x150 Drivers/STM32L4xx_HAL_Driver/Src/stm32l4xx_hal_tim_ex.o
 .debug_aranges
                0x000009d8      0x218 Drivers/STM32L4xx_HAL_Driver/Src/stm32l4xx_hal_uart.o
 .debug_aranges
                0x00000bf0       0xa0 Drivers/STM32L4xx_HAL_Driver/Src/stm32l4xx_hal_uart_ex.o
 .debug_aranges
                0x00000c90      0x1d8 Middlewares/Third_Party/FreeRTOS/Source/CMSIS_RTOS/cmsis_os.o
 .debug_aranges
                0x00000e68       0x40 Middlewares/Third_Party/FreeRTOS/Source/list.o
 .debug_aranges
                0x00000ea8      0x110 Middlewares/Third_Party/FreeRTOS/Source/queue.o
 .debug_aranges
                0x00000fb8      0x1d0 Middlewares/Third_Party/FreeRTOS/Source/tasks.o
 .debug_aranges
                0x00001188       0x80 Middlewares/Third_Party/FreeRTOS/Source/portable/GCC/ARM_CM4F/port.o
 .debug_aranges
                0x00001208       0x50 Middlewares/Third_Party/FreeRTOS/Source/portable/MemMang/heap_4.o
 .debug_aranges
                0x00001258       0xa8 Src/main.o
 .debug_aranges
                0x00001300       0x28 Src/selfFIFO.o
 .debug_aranges
                0x00001328       0x30 Src/stm32l4xx_hal_msp.o
 .debug_aranges
                0x00001358       0x30 Src/stm32l4xx_hal_timebase_TIM.o
 .debug_aranges
                0x00001388       0x38 Src/stm32l4xx_it.o
 .debug_aranges
                0x000013c0       0x60 Src/stm32l4xx_nucleo_144.o
 .debug_aranges
                0x00001420       0x28 Src/system_stm32l4xx.o
 .debug_aranges
                0x00001448       0x78 Tracer/sniffFIFO.o
 .debug_aranges
                0x000014c0       0x28 Tracer/sniffImport.o
 .debug_aranges
                0x000014e8       0x68 Tracer/sniffPayload.o
 .debug_aranges
                0x00001550       0x20 Tracer/sniffTask.o
 .debug_aranges
                0x00001570       0x28 startup/startup_stm32l4r5xx.o

.debug_ranges   0x00000000     0x1680
 .debug_ranges  0x00000000      0x108 Drivers/STM32L4xx_HAL_Driver/Src/stm32l4xx_hal.o
 .debug_ranges  0x00000108       0xf8 Drivers/STM32L4xx_HAL_Driver/Src/stm32l4xx_hal_cortex.o
 .debug_ranges  0x00000200       0x48 Drivers/STM32L4xx_HAL_Driver/Src/stm32l4xx_hal_gpio.o
 .debug_ranges  0x00000248      0x158 Drivers/STM32L4xx_HAL_Driver/Src/stm32l4xx_hal_pwr_ex.o
 .debug_ranges  0x000003a0       0x98 Drivers/STM32L4xx_HAL_Driver/Src/stm32l4xx_hal_rcc.o
 .debug_ranges  0x00000438      0x110 Drivers/STM32L4xx_HAL_Driver/Src/stm32l4xx_hal_rcc_ex.o
 .debug_ranges  0x00000548      0x368 Drivers/STM32L4xx_HAL_Driver/Src/stm32l4xx_hal_tim.o
 .debug_ranges  0x000008b0      0x140 Drivers/STM32L4xx_HAL_Driver/Src/stm32l4xx_hal_tim_ex.o
 .debug_ranges  0x000009f0      0x208 Drivers/STM32L4xx_HAL_Driver/Src/stm32l4xx_hal_uart.o
 .debug_ranges  0x00000bf8       0x90 Drivers/STM32L4xx_HAL_Driver/Src/stm32l4xx_hal_uart_ex.o
 .debug_ranges  0x00000c88      0x1c8 Middlewares/Third_Party/FreeRTOS/Source/CMSIS_RTOS/cmsis_os.o
 .debug_ranges  0x00000e50       0x30 Middlewares/Third_Party/FreeRTOS/Source/list.o
 .debug_ranges  0x00000e80      0x1b0 Middlewares/Third_Party/FreeRTOS/Source/queue.o
 .debug_ranges  0x00001030      0x288 Middlewares/Third_Party/FreeRTOS/Source/tasks.o
 .debug_ranges  0x000012b8       0x70 Middlewares/Third_Party/FreeRTOS/Source/portable/GCC/ARM_CM4F/port.o
 .debug_ranges  0x00001328       0x40 Middlewares/Third_Party/FreeRTOS/Source/portable/MemMang/heap_4.o
 .debug_ranges  0x00001368       0x98 Src/main.o
 .debug_ranges  0x00001400       0x18 Src/selfFIFO.o
 .debug_ranges  0x00001418       0x20 Src/stm32l4xx_hal_msp.o
 .debug_ranges  0x00001438       0x20 Src/stm32l4xx_hal_timebase_TIM.o
 .debug_ranges  0x00001458       0x28 Src/stm32l4xx_it.o
 .debug_ranges  0x00001480       0x50 Src/stm32l4xx_nucleo_144.o
 .debug_ranges  0x000014d0       0x18 Src/system_stm32l4xx.o
 .debug_ranges  0x000014e8       0xb0 Tracer/sniffFIFO.o
 .debug_ranges  0x00001598       0x18 Tracer/sniffImport.o
 .debug_ranges  0x000015b0       0xa0 Tracer/sniffPayload.o
 .debug_ranges  0x00001650       0x10 Tracer/sniffTask.o
 .debug_ranges  0x00001660       0x20 startup/startup_stm32l4r5xx.o

.debug_macro    0x00000000    0x301f3
 .debug_macro   0x00000000      0x384 Drivers/STM32L4xx_HAL_Driver/Src/stm32l4xx_hal.o
 .debug_macro   0x00000384      0x8bc Drivers/STM32L4xx_HAL_Driver/Src/stm32l4xx_hal.o
 .debug_macro   0x00000c40       0xdc Drivers/STM32L4xx_HAL_Driver/Src/stm32l4xx_hal.o
 .debug_macro   0x00000d1c       0xb4 Drivers/STM32L4xx_HAL_Driver/Src/stm32l4xx_hal.o
 .debug_macro   0x00000dd0       0x2e Drivers/STM32L4xx_HAL_Driver/Src/stm32l4xx_hal.o
 .debug_macro   0x00000dfe       0x28 Drivers/STM32L4xx_HAL_Driver/Src/stm32l4xx_hal.o
 .debug_macro   0x00000e26       0x22 Drivers/STM32L4xx_HAL_Driver/Src/stm32l4xx_hal.o
 .debug_macro   0x00000e48       0x87 Drivers/STM32L4xx_HAL_Driver/Src/stm32l4xx_hal.o
 .debug_macro   0x00000ecf       0x51 Drivers/STM32L4xx_HAL_Driver/Src/stm32l4xx_hal.o
 .debug_macro   0x00000f20       0xef Drivers/STM32L4xx_HAL_Driver/Src/stm32l4xx_hal.o
 .debug_macro   0x0000100f       0x6a Drivers/STM32L4xx_HAL_Driver/Src/stm32l4xx_hal.o
 .debug_macro   0x00001079      0x1df Drivers/STM32L4xx_HAL_Driver/Src/stm32l4xx_hal.o
 .debug_macro   0x00001258       0x35 Drivers/STM32L4xx_HAL_Driver/Src/stm32l4xx_hal.o
 .debug_macro   0x0000128d       0x50 Drivers/STM32L4xx_HAL_Driver/Src/stm32l4xx_hal.o
 .debug_macro   0x000012dd      0xe66 Drivers/STM32L4xx_HAL_Driver/Src/stm32l4xx_hal.o
 .debug_macro   0x00002143    0x1cb6e Drivers/STM32L4xx_HAL_Driver/Src/stm32l4xx_hal.o
 .debug_macro   0x0001ecb1       0x43 Drivers/STM32L4xx_HAL_Driver/Src/stm32l4xx_hal.o
 .debug_macro   0x0001ecf4     0x36a8 Drivers/STM32L4xx_HAL_Driver/Src/stm32l4xx_hal.o
 .debug_macro   0x0002239c       0x58 Drivers/STM32L4xx_HAL_Driver/Src/stm32l4xx_hal.o
 .debug_macro   0x000223f4       0x35 Drivers/STM32L4xx_HAL_Driver/Src/stm32l4xx_hal.o
 .debug_macro   0x00022429       0x9c Drivers/STM32L4xx_HAL_Driver/Src/stm32l4xx_hal.o
 .debug_macro   0x000224c5       0x16 Drivers/STM32L4xx_HAL_Driver/Src/stm32l4xx_hal.o
 .debug_macro   0x000224db       0x97 Drivers/STM32L4xx_HAL_Driver/Src/stm32l4xx_hal.o
 .debug_macro   0x00022572      0x330 Drivers/STM32L4xx_HAL_Driver/Src/stm32l4xx_hal.o
 .debug_macro   0x000228a2       0xfd Drivers/STM32L4xx_HAL_Driver/Src/stm32l4xx_hal.o
 .debug_macro   0x0002299f       0x10 Drivers/STM32L4xx_HAL_Driver/Src/stm32l4xx_hal.o
 .debug_macro   0x000229af       0x58 Drivers/STM32L4xx_HAL_Driver/Src/stm32l4xx_hal.o
 .debug_macro   0x00022a07       0x1f Drivers/STM32L4xx_HAL_Driver/Src/stm32l4xx_hal.o
 .debug_macro   0x00022a26       0x43 Drivers/STM32L4xx_HAL_Driver/Src/stm32l4xx_hal.o
 .debug_macro   0x00022a69       0x20 Drivers/STM32L4xx_HAL_Driver/Src/stm32l4xx_hal.o
 .debug_macro   0x00022a89      0x187 Drivers/STM32L4xx_HAL_Driver/Src/stm32l4xx_hal.o
 .debug_macro   0x00022c10       0x10 Drivers/STM32L4xx_HAL_Driver/Src/stm32l4xx_hal.o
 .debug_macro   0x00022c20       0x1c Drivers/STM32L4xx_HAL_Driver/Src/stm32l4xx_hal.o
 .debug_macro   0x00022c3c       0x52 Drivers/STM32L4xx_HAL_Driver/Src/stm32l4xx_hal.o
 .debug_macro   0x00022c8e       0x40 Drivers/STM32L4xx_HAL_Driver/Src/stm32l4xx_hal.o
 .debug_macro   0x00022cce       0x10 Drivers/STM32L4xx_HAL_Driver/Src/stm32l4xx_hal.o
 .debug_macro   0x00022cde       0x40 Drivers/STM32L4xx_HAL_Driver/Src/stm32l4xx_hal.o
 .debug_macro   0x00022d1e       0xd7 Drivers/STM32L4xx_HAL_Driver/Src/stm32l4xx_hal.o
 .debug_macro   0x00022df5       0x16 Drivers/STM32L4xx_HAL_Driver/Src/stm32l4xx_hal.o
 .debug_macro   0x00022e0b      0x18b Drivers/STM32L4xx_HAL_Driver/Src/stm32l4xx_hal.o
 .debug_macro   0x00022f96       0x50 Drivers/STM32L4xx_HAL_Driver/Src/stm32l4xx_hal.o
 .debug_macro   0x00022fe6     0x1814 Drivers/STM32L4xx_HAL_Driver/Src/stm32l4xx_hal.o
 .debug_macro   0x000247fa      0x7ce Drivers/STM32L4xx_HAL_Driver/Src/stm32l4xx_hal.o
 .debug_macro   0x00024fc8      0x148 Drivers/STM32L4xx_HAL_Driver/Src/stm32l4xx_hal.o
 .debug_macro   0x00025110      0x21e Drivers/STM32L4xx_HAL_Driver/Src/stm32l4xx_hal.o
 .debug_macro   0x0002532e      0x486 Drivers/STM32L4xx_HAL_Driver/Src/stm32l4xx_hal.o
 .debug_macro   0x000257b4      0x1de Drivers/STM32L4xx_HAL_Driver/Src/stm32l4xx_hal.o
 .debug_macro   0x00025992       0x43 Drivers/STM32L4xx_HAL_Driver/Src/stm32l4xx_hal.o
 .debug_macro   0x000259d5      0x23a Drivers/STM32L4xx_HAL_Driver/Src/stm32l4xx_hal.o
 .debug_macro   0x00025c0f      0x401 Drivers/STM32L4xx_HAL_Driver/Src/stm32l4xx_hal.o
 .debug_macro   0x00026010       0x1c Drivers/STM32L4xx_HAL_Driver/Src/stm32l4xx_hal.o
 .debug_macro   0x0002602c       0x10 Drivers/STM32L4xx_HAL_Driver/Src/stm32l4xx_hal.o
 .debug_macro   0x0002603c      0x100 Drivers/STM32L4xx_HAL_Driver/Src/stm32l4xx_hal.o
 .debug_macro   0x0002613c      0x202 Drivers/STM32L4xx_HAL_Driver/Src/stm32l4xx_hal.o
 .debug_macro   0x0002633e       0x61 Drivers/STM32L4xx_HAL_Driver/Src/stm32l4xx_hal.o
 .debug_macro   0x0002639f       0x90 Drivers/STM32L4xx_HAL_Driver/Src/stm32l4xx_hal.o
 .debug_macro   0x0002642f      0x126 Drivers/STM32L4xx_HAL_Driver/Src/stm32l4xx_hal.o
 .debug_macro   0x00026555      0x3e9 Drivers/STM32L4xx_HAL_Driver/Src/stm32l4xx_hal.o
 .debug_macro   0x0002693e      0x9f0 Drivers/STM32L4xx_HAL_Driver/Src/stm32l4xx_hal.o
 .debug_macro   0x0002732e      0x19d Drivers/STM32L4xx_HAL_Driver/Src/stm32l4xx_hal.o
 .debug_macro   0x000274cb      0x5e4 Drivers/STM32L4xx_HAL_Driver/Src/stm32l4xx_hal.o
 .debug_macro   0x00027aaf       0xcf Drivers/STM32L4xx_HAL_Driver/Src/stm32l4xx_hal.o
 .debug_macro   0x00027b7e      0x427 Drivers/STM32L4xx_HAL_Driver/Src/stm32l4xx_hal.o
 .debug_macro   0x00027fa5      0x336 Drivers/STM32L4xx_HAL_Driver/Src/stm32l4xx_hal_cortex.o
 .debug_macro   0x000282db      0x375 Drivers/STM32L4xx_HAL_Driver/Src/stm32l4xx_hal_gpio.o
 .debug_macro   0x00028650      0x360 Drivers/STM32L4xx_HAL_Driver/Src/stm32l4xx_hal_pwr_ex.o
 .debug_macro   0x000289b0      0x378 Drivers/STM32L4xx_HAL_Driver/Src/stm32l4xx_hal_rcc.o
 .debug_macro   0x00028d28      0x36c Drivers/STM32L4xx_HAL_Driver/Src/stm32l4xx_hal_rcc_ex.o
 .debug_macro   0x00029094      0x336 Drivers/STM32L4xx_HAL_Driver/Src/stm32l4xx_hal_tim.o
 .debug_macro   0x000293ca      0x348 Drivers/STM32L4xx_HAL_Driver/Src/stm32l4xx_hal_tim_ex.o
 .debug_macro   0x00029712      0x35f Drivers/STM32L4xx_HAL_Driver/Src/stm32l4xx_hal_uart.o
 .debug_macro   0x00029a71      0x336 Drivers/STM32L4xx_HAL_Driver/Src/stm32l4xx_hal_uart_ex.o
 .debug_macro   0x00029da7      0x47f Middlewares/Third_Party/FreeRTOS/Source/CMSIS_RTOS/cmsis_os.o
 .debug_macro   0x0002a226      0xa60 Middlewares/Third_Party/FreeRTOS/Source/CMSIS_RTOS/cmsis_os.o
 .debug_macro   0x0002ac86       0x52 Middlewares/Third_Party/FreeRTOS/Source/CMSIS_RTOS/cmsis_os.o
 .debug_macro   0x0002acd8       0x17 Middlewares/Third_Party/FreeRTOS/Source/CMSIS_RTOS/cmsis_os.o
 .debug_macro   0x0002acef       0x8d Middlewares/Third_Party/FreeRTOS/Source/CMSIS_RTOS/cmsis_os.o
 .debug_macro   0x0002ad7c       0x35 Middlewares/Third_Party/FreeRTOS/Source/CMSIS_RTOS/cmsis_os.o
 .debug_macro   0x0002adb1      0x174 Middlewares/Third_Party/FreeRTOS/Source/CMSIS_RTOS/cmsis_os.o
 .debug_macro   0x0002af25       0x57 Middlewares/Third_Party/FreeRTOS/Source/CMSIS_RTOS/cmsis_os.o
 .debug_macro   0x0002af7c       0x20 Middlewares/Third_Party/FreeRTOS/Source/CMSIS_RTOS/cmsis_os.o
 .debug_macro   0x0002af9c      0x18e Middlewares/Third_Party/FreeRTOS/Source/CMSIS_RTOS/cmsis_os.o
 .debug_macro   0x0002b12a      0x330 Middlewares/Third_Party/FreeRTOS/Source/CMSIS_RTOS/cmsis_os.o
 .debug_macro   0x0002b45a       0x10 Middlewares/Third_Party/FreeRTOS/Source/CMSIS_RTOS/cmsis_os.o
 .debug_macro   0x0002b46a       0x35 Middlewares/Third_Party/FreeRTOS/Source/CMSIS_RTOS/cmsis_os.o
 .debug_macro   0x0002b49f       0xde Middlewares/Third_Party/FreeRTOS/Source/CMSIS_RTOS/cmsis_os.o
 .debug_macro   0x0002b57d       0x10 Middlewares/Third_Party/FreeRTOS/Source/CMSIS_RTOS/cmsis_os.o
 .debug_macro   0x0002b58d       0x4c Middlewares/Third_Party/FreeRTOS/Source/CMSIS_RTOS/cmsis_os.o
 .debug_macro   0x0002b5d9      0x14e Middlewares/Third_Party/FreeRTOS/Source/CMSIS_RTOS/cmsis_os.o
 .debug_macro   0x0002b727       0x1c Middlewares/Third_Party/FreeRTOS/Source/CMSIS_RTOS/cmsis_os.o
 .debug_macro   0x0002b743       0x3d Middlewares/Third_Party/FreeRTOS/Source/CMSIS_RTOS/cmsis_os.o
 .debug_macro   0x0002b780       0xba Middlewares/Third_Party/FreeRTOS/Source/CMSIS_RTOS/cmsis_os.o
 .debug_macro   0x0002b83a       0x3b Middlewares/Third_Party/FreeRTOS/Source/CMSIS_RTOS/cmsis_os.o
 .debug_macro   0x0002b875       0x1c Middlewares/Third_Party/FreeRTOS/Source/CMSIS_RTOS/cmsis_os.o
 .debug_macro   0x0002b891       0x10 Middlewares/Third_Party/FreeRTOS/Source/CMSIS_RTOS/cmsis_os.o
 .debug_macro   0x0002b8a1      0x16f Middlewares/Third_Party/FreeRTOS/Source/CMSIS_RTOS/cmsis_os.o
 .debug_macro   0x0002ba10       0x22 Middlewares/Third_Party/FreeRTOS/Source/CMSIS_RTOS/cmsis_os.o
 .debug_macro   0x0002ba32       0x22 Middlewares/Third_Party/FreeRTOS/Source/CMSIS_RTOS/cmsis_os.o
 .debug_macro   0x0002ba54      0x168 Middlewares/Third_Party/FreeRTOS/Source/CMSIS_RTOS/cmsis_os.o
 .debug_macro   0x0002bbbc       0xe4 Middlewares/Third_Party/FreeRTOS/Source/CMSIS_RTOS/cmsis_os.o
 .debug_macro   0x0002bca0       0x10 Middlewares/Third_Party/FreeRTOS/Source/CMSIS_RTOS/cmsis_os.o
 .debug_macro   0x0002bcb0       0x26 Middlewares/Third_Party/FreeRTOS/Source/CMSIS_RTOS/cmsis_os.o
 .debug_macro   0x0002bcd6      0x2aa Middlewares/Third_Party/FreeRTOS/Source/CMSIS_RTOS/cmsis_os.o
 .debug_macro   0x0002bf80       0xc0 Middlewares/Third_Party/FreeRTOS/Source/CMSIS_RTOS/cmsis_os.o
 .debug_macro   0x0002c040       0x8c Middlewares/Third_Party/FreeRTOS/Source/CMSIS_RTOS/cmsis_os.o
 .debug_macro   0x0002c0cc       0x91 Middlewares/Third_Party/FreeRTOS/Source/CMSIS_RTOS/cmsis_os.o
 .debug_macro   0x0002c15d       0x94 Middlewares/Third_Party/FreeRTOS/Source/CMSIS_RTOS/cmsis_os.o
 .debug_macro   0x0002c1f1       0x78 Middlewares/Third_Party/FreeRTOS/Source/CMSIS_RTOS/cmsis_os.o
 .debug_macro   0x0002c269       0xcf Middlewares/Third_Party/FreeRTOS/Source/CMSIS_RTOS/cmsis_os.o
 .debug_macro   0x0002c338      0x410 Middlewares/Third_Party/FreeRTOS/Source/list.o
 .debug_macro   0x0002c748      0x496 Middlewares/Third_Party/FreeRTOS/Source/queue.o
 .debug_macro   0x0002cbde       0x16 Middlewares/Third_Party/FreeRTOS/Source/queue.o
 .debug_macro   0x0002cbf4      0x4f9 Middlewares/Third_Party/FreeRTOS/Source/tasks.o
 .debug_macro   0x0002d0ed       0x11 Middlewares/Third_Party/FreeRTOS/Source/tasks.o
 .debug_macro   0x0002d0fe      0x4cb Middlewares/Third_Party/FreeRTOS/Source/portable/GCC/ARM_CM4F/port.o
 .debug_macro   0x0002d5c9      0x437 Middlewares/Third_Party/FreeRTOS/Source/portable/MemMang/heap_4.o
 .debug_macro   0x0002da00      0x496 Src/main.o
 .debug_macro   0x0002de96       0xe4 Src/main.o
 .debug_macro   0x0002df7a      0x101 Src/main.o
 .debug_macro   0x0002e07b       0x6c Src/selfFIFO.o
 .debug_macro   0x0002e0e7      0x336 Src/stm32l4xx_hal_msp.o
 .debug_macro   0x0002e41d      0x336 Src/stm32l4xx_hal_timebase_TIM.o
 .debug_macro   0x0002e753      0x45b Src/stm32l4xx_it.o
 .debug_macro   0x0002ebae      0x36f Src/stm32l4xx_nucleo_144.o
 .debug_macro   0x0002ef1d       0xfb Src/stm32l4xx_nucleo_144.o
 .debug_macro   0x0002f018      0x33d Src/system_stm32l4xx.o
 .debug_macro   0x0002f355      0x227 Tracer/sniffFIFO.o
 .debug_macro   0x0002f57c      0x3b2 Tracer/sniffImport.o
 .debug_macro   0x0002f92e      0x3cb Tracer/sniffPayload.o
 .debug_macro   0x0002fcf9      0x3a6 Tracer/sniffTask.o
 .debug_macro   0x0003009f      0x154 Tracer/sniffTask.o

.debug_line     0x00000000    0x16f74
 .debug_line    0x00000000      0xb9a Drivers/STM32L4xx_HAL_Driver/Src/stm32l4xx_hal.o
 .debug_line    0x00000b9a      0xb64 Drivers/STM32L4xx_HAL_Driver/Src/stm32l4xx_hal_cortex.o
 .debug_line    0x000016fe      0xad8 Drivers/STM32L4xx_HAL_Driver/Src/stm32l4xx_hal_gpio.o
 .debug_line    0x000021d6      0xe3e Drivers/STM32L4xx_HAL_Driver/Src/stm32l4xx_hal_pwr_ex.o
 .debug_line    0x00003014      0xcfa Drivers/STM32L4xx_HAL_Driver/Src/stm32l4xx_hal_rcc.o
 .debug_line    0x00003d0e     0x114e Drivers/STM32L4xx_HAL_Driver/Src/stm32l4xx_hal_rcc_ex.o
 .debug_line    0x00004e5c     0x1c1d Drivers/STM32L4xx_HAL_Driver/Src/stm32l4xx_hal_tim.o
 .debug_line    0x00006a79      0xfdc Drivers/STM32L4xx_HAL_Driver/Src/stm32l4xx_hal_tim_ex.o
 .debug_line    0x00007a55     0x1601 Drivers/STM32L4xx_HAL_Driver/Src/stm32l4xx_hal_uart.o
 .debug_line    0x00009056      0xcde Drivers/STM32L4xx_HAL_Driver/Src/stm32l4xx_hal_uart_ex.o
 .debug_line    0x00009d34     0x12d3 Middlewares/Third_Party/FreeRTOS/Source/CMSIS_RTOS/cmsis_os.o
 .debug_line    0x0000b007      0xc96 Middlewares/Third_Party/FreeRTOS/Source/list.o
 .debug_line    0x0000bc9d     0x126b Middlewares/Third_Party/FreeRTOS/Source/queue.o
 .debug_line    0x0000cf08     0x16f0 Middlewares/Third_Party/FreeRTOS/Source/tasks.o
 .debug_line    0x0000e5f8      0xd92 Middlewares/Third_Party/FreeRTOS/Source/portable/GCC/ARM_CM4F/port.o
 .debug_line    0x0000f38a      0xd4b Middlewares/Third_Party/FreeRTOS/Source/portable/MemMang/heap_4.o
 .debug_line    0x000100d5      0xef6 Src/main.o
 .debug_line    0x00010fcb      0x3ad Src/selfFIFO.o
 .debug_line    0x00011378      0x991 Src/stm32l4xx_hal_msp.o
 .debug_line    0x00011d09      0x987 Src/stm32l4xx_hal_timebase_TIM.o
 .debug_line    0x00012690      0xd1c Src/stm32l4xx_it.o
 .debug_line    0x000133ac      0xa20 Src/stm32l4xx_nucleo_144.o
 .debug_line    0x00013dcc      0x990 Src/system_stm32l4xx.o
 .debug_line    0x0001475c      0x69a Tracer/sniffFIFO.o
 .debug_line    0x00014df6      0xa80 Tracer/sniffImport.o
 .debug_line    0x00015876      0xbe8 Tracer/sniffPayload.o
 .debug_line    0x0001645e      0xa97 Tracer/sniffTask.o
 .debug_line    0x00016ef5       0x7f startup/startup_stm32l4r5xx.o

.debug_str      0x00000000   0x10c6c8
 .debug_str     0x00000000    0xfcb53 Drivers/STM32L4xx_HAL_Driver/Src/stm32l4xx_hal.o
                              0xfd01b (size before relaxing)
 .debug_str     0x000fcb53      0x39e Drivers/STM32L4xx_HAL_Driver/Src/stm32l4xx_hal_cortex.o
                              0xfcd27 (size before relaxing)
 .debug_str     0x000fcef1      0x302 Drivers/STM32L4xx_HAL_Driver/Src/stm32l4xx_hal_gpio.o
                              0xfc77d (size before relaxing)
 .debug_str     0x000fd1f3      0x578 Drivers/STM32L4xx_HAL_Driver/Src/stm32l4xx_hal_pwr_ex.o
                              0xfca90 (size before relaxing)
 .debug_str     0x000fd76b      0x52a Drivers/STM32L4xx_HAL_Driver/Src/stm32l4xx_hal_rcc.o
                              0xfcab0 (size before relaxing)
 .debug_str     0x000fdc95      0x818 Drivers/STM32L4xx_HAL_Driver/Src/stm32l4xx_hal_rcc_ex.o
                              0xfce9a (size before relaxing)
 .debug_str     0x000fe4ad     0x11b6 Drivers/STM32L4xx_HAL_Driver/Src/stm32l4xx_hal_tim.o
                              0xfd59c (size before relaxing)
 .debug_str     0x000ff663      0x65b Drivers/STM32L4xx_HAL_Driver/Src/stm32l4xx_hal_tim_ex.o
                              0xfcfce (size before relaxing)
 .debug_str     0x000ffcbe      0xbe8 Drivers/STM32L4xx_HAL_Driver/Src/stm32l4xx_hal_uart.o
                              0xfd3fa (size before relaxing)
 .debug_str     0x001008a6      0x27d Drivers/STM32L4xx_HAL_Driver/Src/stm32l4xx_hal_uart_ex.o
                              0xfcc2f (size before relaxing)
 .debug_str     0x00100b23     0x7ef2 Middlewares/Third_Party/FreeRTOS/Source/CMSIS_RTOS/cmsis_os.o
                             0x10455a (size before relaxing)
 .debug_str     0x00108a15      0x234 Middlewares/Third_Party/FreeRTOS/Source/list.o
                             0x101904 (size before relaxing)
 .debug_str     0x00108c49      0xe6b Middlewares/Third_Party/FreeRTOS/Source/queue.o
                             0x10372e (size before relaxing)
 .debug_str     0x00109ab4     0x1117 Middlewares/Third_Party/FreeRTOS/Source/tasks.o
                             0x1042da (size before relaxing)
 .debug_str     0x0010abcb      0x77c Middlewares/Third_Party/FreeRTOS/Source/portable/GCC/ARM_CM4F/port.o
                             0x102537 (size before relaxing)
 .debug_str     0x0010b347      0x243 Middlewares/Third_Party/FreeRTOS/Source/portable/MemMang/heap_4.o
                             0x10270f (size before relaxing)
 .debug_str     0x0010b58a      0x957 Src/main.o
                             0x1052a8 (size before relaxing)
 .debug_str     0x0010bee1       0x1d Src/selfFIFO.o
                               0x3ce1 (size before relaxing)
 .debug_str     0x0010befe       0x1b Src/stm32l4xx_hal_msp.o
                              0xfcfea (size before relaxing)
 .debug_str     0x0010bf19       0x5b Src/stm32l4xx_hal_timebase_TIM.o
                              0xfcfab (size before relaxing)
 .debug_str     0x0010bf74       0x7f Src/stm32l4xx_it.o
                             0x1039c3 (size before relaxing)
 .debug_str     0x0010bff3      0x2d9 Src/stm32l4xx_nucleo_144.o
                              0xfd41e (size before relaxing)
 .debug_str     0x0010c2cc       0x50 Src/system_stm32l4xx.o
                              0xfc4b5 (size before relaxing)
 .debug_str     0x0010c31c      0x156 Tracer/sniffFIFO.o
                               0x8388 (size before relaxing)
 .debug_str     0x0010c472       0x4e Tracer/sniffImport.o
                              0xfee8d (size before relaxing)
 .debug_str     0x0010c4c0      0x13c Tracer/sniffPayload.o
                              0xfe329 (size before relaxing)
 .debug_str     0x0010c5fc       0xcc Tracer/sniffTask.o
                              0xff049 (size before relaxing)

.comment        0x00000000       0xfd
 .comment       0x00000000       0x7f Drivers/STM32L4xx_HAL_Driver/Src/stm32l4xx_hal.o
                                 0x80 (size before relaxing)
 .comment       0x0000007f       0x80 Drivers/STM32L4xx_HAL_Driver/Src/stm32l4xx_hal_cortex.o
 .comment       0x0000007f       0x80 Drivers/STM32L4xx_HAL_Driver/Src/stm32l4xx_hal_gpio.o
 .comment       0x0000007f       0x80 Drivers/STM32L4xx_HAL_Driver/Src/stm32l4xx_hal_pwr_ex.o
 .comment       0x0000007f       0x80 Drivers/STM32L4xx_HAL_Driver/Src/stm32l4xx_hal_rcc.o
 .comment       0x0000007f       0x80 Drivers/STM32L4xx_HAL_Driver/Src/stm32l4xx_hal_rcc_ex.o
 .comment       0x0000007f       0x80 Drivers/STM32L4xx_HAL_Driver/Src/stm32l4xx_hal_tim.o
 .comment       0x0000007f       0x80 Drivers/STM32L4xx_HAL_Driver/Src/stm32l4xx_hal_tim_ex.o
 .comment       0x0000007f       0x80 Drivers/STM32L4xx_HAL_Driver/Src/stm32l4xx_hal_uart.o
 .comment       0x0000007f       0x80 Drivers/STM32L4xx_HAL_Driver/Src/stm32l4xx_hal_uart_ex.o
 .comment       0x0000007f       0x7e Middlewares/Third_Party/FreeRTOS/Source/CMSIS_RTOS/cmsis_os.o
                                 0x7f (size before relaxing)
 .comment       0x000000fd       0x7f Middlewares/Third_Party/FreeRTOS/Source/list.o
 .comment       0x000000fd       0x7f Middlewares/Third_Party/FreeRTOS/Source/queue.o
 .comment       0x000000fd       0x7f Middlewares/Third_Party/FreeRTOS/Source/tasks.o
 .comment       0x000000fd       0x7f Middlewares/Third_Party/FreeRTOS/Source/portable/GCC/ARM_CM4F/port.o
 .comment       0x000000fd       0x7f Middlewares/Third_Party/FreeRTOS/Source/portable/MemMang/heap_4.o
 .comment       0x000000fd       0x7f Src/main.o
 .comment       0x000000fd       0x7f Src/selfFIFO.o
 .comment       0x000000fd       0x80 Src/stm32l4xx_hal_msp.o
 .comment       0x000000fd       0x80 Src/stm32l4xx_hal_timebase_TIM.o
 .comment       0x000000fd       0x7f Src/stm32l4xx_it.o
 .comment       0x000000fd       0x80 Src/stm32l4xx_nucleo_144.o
 .comment       0x000000fd       0x80 Src/system_stm32l4xx.o
 .comment       0x000000fd       0x7f Tracer/sniffFIFO.o
 .comment       0x000000fd       0x7f Tracer/sniffImport.o
 .comment       0x000000fd       0x7f Tracer/sniffPayload.o
 .comment       0x000000fd       0x7f Tracer/sniffTask.o

.debug_frame    0x00000000     0x3b28
 .debug_frame   0x00000000      0x23c Drivers/STM32L4xx_HAL_Driver/Src/stm32l4xx_hal.o
 .debug_frame   0x0000023c      0x15c Drivers/STM32L4xx_HAL_Driver/Src/stm32l4xx_hal_cortex.o
 .debug_frame   0x00000398       0xd0 Drivers/STM32L4xx_HAL_Driver/Src/stm32l4xx_hal_gpio.o