Archive member included to satisfy reference by file (symbol)

c:/avrtoolchain/avr8-gnu-toolchain/bin/../lib/gcc/avr/4.9.2/avr5\libgcc.a(_udivmodhi4.o)
                              Tracer/sniffFIFO.o (__udivmodhi4)
c:/avrtoolchain/avr8-gnu-toolchain/bin/../lib/gcc/avr/4.9.2/avr5\libgcc.a(_exit.o)
                              c:/avrtoolchain/avr8-gnu-toolchain/bin/../lib/gcc/avr/4.9.2/../../../../avr/lib/avr5/crtatmega328p.o (exit)
c:/avrtoolchain/avr8-gnu-toolchain/bin/../lib/gcc/avr/4.9.2/avr5\libgcc.a(_copy_data.o)
                              main.o (__do_copy_data)
c:/avrtoolchain/avr8-gnu-toolchain/bin/../lib/gcc/avr/4.9.2/avr5\libgcc.a(_clear_bss.o)
                              Drivers/uart.o (__do_clear_bss)
c:/avrtoolchain/avr8-gnu-toolchain/bin/../lib/gcc/avr/4.9.2/../../../../avr/lib/avr5\libc.a(memcpy.o)
                              Source/queue.o (memcpy)
c:/avrtoolchain/avr8-gnu-toolchain/bin/../lib/gcc/avr/4.9.2/../../../../avr/lib/avr5\libc.a(memset.o)
                              Source/tasks.o (memset)

Allocating common symbols
Common symbol       size              file

objectCounter       0x6               Tracer/sniffPayload.o
receiveFIFO         0x33              Tracer/sniffFIFO.o
packetCounter       0x1               Tracer/sniffPayload.o
errorFIFO           0x6               Tracer/sniffFIFO.o
lcd_task_handle     0x2               main.o
sniffIDFilter       0xd               Drivers/uart.o
objectList          0x144             Drivers/uart.o

Discarded input sections

 .data          0x00000000        0x0 c:/avrtoolchain/avr8-gnu-toolchain/bin/../lib/gcc/avr/4.9.2/../../../../avr/lib/avr5/crtatmega328p.o
 .bss           0x00000000        0x0 c:/avrtoolchain/avr8-gnu-toolchain/bin/../lib/gcc/avr/4.9.2/../../../../avr/lib/avr5/crtatmega328p.o
 .text          0x00000000        0x0 Drivers/uart.o
 .data          0x00000000        0x0 Drivers/uart.o
 .bss           0x00000000        0x0 Drivers/uart.o
 .text.uart_getc
                0x00000000       0x3c Drivers/uart.o
 .text.uart_puts
                0x00000000       0x1e Drivers/uart.o
 .text.uart_puts_p
                0x00000000       0x24 Drivers/uart.o
 .text          0x00000000        0x0 main.o
 .data          0x00000000        0x0 main.o
 .bss           0x00000000        0x0 main.o
 .text          0x00000000        0x0 Source/croutine.o
 .data          0x00000000        0x0 Source/croutine.o
 .bss           0x00000000        0x0 Source/croutine.o
 .debug_info    0x00000000      0x1cb Source/croutine.o
 .debug_abbrev  0x00000000       0x88 Source/croutine.o
 .debug_aranges
                0x00000000       0x18 Source/croutine.o
 .debug_line    0x00000000       0x80 Source/croutine.o
 .debug_str     0x00000000      0x2a3 Source/croutine.o
 .comment       0x00000000       0x31 Source/croutine.o
 .text          0x00000000        0x0 Source/event_groups.o
 .data          0x00000000        0x0 Source/event_groups.o
 .bss           0x00000000        0x0 Source/event_groups.o
 .text.xEventGroupCreate
                0x00000000       0x26 Source/event_groups.o
 .text.xEventGroupWaitBits
                0x00000000      0x110 Source/event_groups.o
 .text.xEventGroupClearBits
                0x00000000       0x1e Source/event_groups.o
 .text.xEventGroupGetBitsFromISR
                0x00000000        0x8 Source/event_groups.o
 .text.xEventGroupSetBits
                0x00000000       0xdc Source/event_groups.o
 .text.xEventGroupSync
                0x00000000       0xce Source/event_groups.o
 .text.vEventGroupDelete
                0x00000000       0x32 Source/event_groups.o
 .text.vEventGroupSetBitsCallback
                0x00000000        0x8 Source/event_groups.o
 .text.vEventGroupClearBitsCallback
                0x00000000        0x8 Source/event_groups.o
 .text.uxEventGroupGetNumber
                0x00000000        0xe Source/event_groups.o
 .text.vEventGroupSetNumber
                0x00000000        0x6 Source/event_groups.o
 .debug_info    0x00000000      0xb3a Source/event_groups.o
 .debug_abbrev  0x00000000      0x2b2 Source/event_groups.o
 .debug_loc     0x00000000      0xbc2 Source/event_groups.o
 .debug_aranges
                0x00000000       0x70 Source/event_groups.o
 .debug_ranges  0x00000000       0x78 Source/event_groups.o
 .debug_line    0x00000000      0x46e Source/event_groups.o
 .debug_str     0x00000000      0x70a Source/event_groups.o
 .comment       0x00000000       0x31 Source/event_groups.o
 .debug_frame   0x00000000      0x178 Source/event_groups.o
 .text          0x00000000        0x0 Source/list.o
 .data          0x00000000        0x0 Source/list.o
 .bss           0x00000000        0x0 Source/list.o
 .text          0x00000000        0x0 Source/portable/GCC/ATMega328p/port.o
 .data          0x00000000        0x0 Source/portable/GCC/ATMega328p/port.o
 .bss           0x00000000        0x0 Source/portable/GCC/ATMega328p/port.o
 .text.vPortEndScheduler
                0x00000000        0x2 Source/portable/GCC/ATMega328p/port.o
 .text          0x00000000        0x0 Source/portable/MemMang/heap_1.o
 .data          0x00000000        0x0 Source/portable/MemMang/heap_1.o
 .bss           0x00000000        0x0 Source/portable/MemMang/heap_1.o
 .text.vPortInitialiseBlocks
                0x00000000        0xa Source/portable/MemMang/heap_1.o
 .text.xPortGetFreeHeapSize
                0x00000000       0x12 Source/portable/MemMang/heap_1.o
 .text          0x00000000        0x0 Source/queue.o
 .data          0x00000000        0x0 Source/queue.o
 .bss           0x00000000        0x0 Source/queue.o
 .text.prvIsQueueEmpty
                0x00000000       0x16 Source/queue.o
 .text.prvCopyDataToQueue
                0x00000000       0xc2 Source/queue.o
 .text.prvCopyDataFromQueue
                0x00000000       0x34 Source/queue.o
 .text.prvUnlockQueue
                0x00000000       0x9a Source/queue.o
 .text.xQueueGenericReset
                0x00000000       0x7a Source/queue.o
 .rodata.str1.1
                0x00000000        0x6 Source/queue.o
 .text.xQueueGenericCreate
                0x00000000       0x86 Source/queue.o
 .text.xQueueCreateCountingSemaphore
                0x00000000       0x30 Source/queue.o
 .text.xQueueGenericSend
                0x00000000      0x170 Source/queue.o
 .text.xQueueCreateMutex
                0x00000000       0x46 Source/queue.o
 .text.xQueueGenericSendFromISR
                0x00000000       0x90 Source/queue.o
 .text.xQueueGiveFromISR
                0x00000000       0x7a Source/queue.o
 .text.xQueueReceive
                0x00000000      0x162 Source/queue.o
 .text.xQueueSemaphoreTake
                0x00000000      0x1de Source/queue.o
 .text.xQueuePeek
                0x00000000      0x13e Source/queue.o
 .text.xQueueReceiveFromISR
                0x00000000       0x8a Source/queue.o
 .text.xQueuePeekFromISR
                0x00000000       0x4e Source/queue.o
 .text.uxQueueMessagesWaiting
                0x00000000       0x10 Source/queue.o
 .text.uxQueueSpacesAvailable
                0x00000000       0x14 Source/queue.o
 .text.uxQueueMessagesWaitingFromISR
                0x00000000        0x6 Source/queue.o
 .text.vQueueDelete
                0x00000000       0x44 Source/queue.o
 .text.uxQueueGetQueueNumber
                0x00000000        0x6 Source/queue.o
 .text.vQueueSetQueueNumber
                0x00000000        0x6 Source/queue.o
 .text.ucQueueGetQueueType
                0x00000000        0x6 Source/queue.o
 .text.xQueueIsQueueEmptyFromISR
                0x00000000        0xc Source/queue.o
 .text.xQueueIsQueueFullFromISR
                0x00000000        0xe Source/queue.o
 .debug_info    0x00000000     0x1d56 Source/queue.o
 .debug_abbrev  0x00000000      0x399 Source/queue.o
 .debug_loc     0x00000000     0x1b0d Source/queue.o
 .debug_aranges
                0x00000000       0xe0 Source/queue.o
 .debug_ranges  0x00000000      0x178 Source/queue.o
 .debug_line    0x00000000      0xbdf Source/queue.o
 .debug_str     0x00000000     0x10e4 Source/queue.o
 .comment       0x00000000       0x31 Source/queue.o
 .debug_frame   0x00000000      0x3a4 Source/queue.o
 .text          0x00000000        0x0 Source/stream_buffer.o
 .data          0x00000000        0x0 Source/stream_buffer.o
 .bss           0x00000000        0x0 Source/stream_buffer.o
 .text.prvBytesInBuffer
                0x00000000       0x26 Source/stream_buffer.o
 .text.prvWriteBytesToBuffer
                0x00000000       0x94 Source/stream_buffer.o
 .text.prvWriteMessageToBuffer
                0x00000000       0x80 Source/stream_buffer.o
 .text.prvReadBytesFromBuffer
                0x00000000       0xa0 Source/stream_buffer.o
 .text.prvReadMessageFromBuffer
                0x00000000       0x90 Source/stream_buffer.o
 .text.xStreamBufferGenericCreate
                0x00000000       0x5c Source/stream_buffer.o
 .text.vStreamBufferDelete
                0x00000000       0x1a Source/stream_buffer.o
 .text.xStreamBufferReset
                0x00000000       0x58 Source/stream_buffer.o
 .text.xStreamBufferSetTriggerLevel
                0x00000000       0x22 Source/stream_buffer.o
 .text.xStreamBufferSpacesAvailable
                0x00000000       0x24 Source/stream_buffer.o
 .text.xStreamBufferBytesAvailable
                0x00000000        0x6 Source/stream_buffer.o
 .text.xStreamBufferSend
                0x00000000      0x146 Source/stream_buffer.o
 .text.xStreamBufferSendFromISR
                0x00000000       0x8c Source/stream_buffer.o
 .text.xStreamBufferReceive
                0x00000000       0xf8 Source/stream_buffer.o
 .text.xStreamBufferReceiveFromISR
                0x00000000       0x88 Source/stream_buffer.o
 .text.xStreamBufferIsEmpty
                0x00000000       0x16 Source/stream_buffer.o
 .text.xStreamBufferIsFull
                0x00000000       0x2c Source/stream_buffer.o
 .text.xStreamBufferSendCompletedFromISR
                0x00000000       0x46 Source/stream_buffer.o
 .text.xStreamBufferReceiveCompletedFromISR
                0x00000000       0x46 Source/stream_buffer.o
 .text.uxStreamBufferGetStreamBufferNumber
                0x00000000        0x6 Source/stream_buffer.o
 .text.vStreamBufferSetStreamBufferNumber
                0x00000000        0x6 Source/stream_buffer.o
 .text.ucStreamBufferGetStreamBufferType
                0x00000000        0x8 Source/stream_buffer.o
 .debug_info    0x00000000     0x14c7 Source/stream_buffer.o
 .debug_abbrev  0x00000000      0x2fa Source/stream_buffer.o
 .debug_loc     0x00000000     0x1afb Source/stream_buffer.o
 .debug_aranges
                0x00000000       0xc8 Source/stream_buffer.o
 .debug_ranges  0x00000000       0xd0 Source/stream_buffer.o
 .debug_line    0x00000000      0x748 Source/stream_buffer.o
 .debug_str     0x00000000      0x8f5 Source/stream_buffer.o
 .comment       0x00000000       0x31 Source/stream_buffer.o
 .debug_frame   0x00000000      0x3c8 Source/stream_buffer.o
 .text          0x00000000        0x0 Source/tasks.o
 .data          0x00000000        0x0 Source/tasks.o
 .bss           0x00000000        0x0 Source/tasks.o
 .text.eTaskGetState
                0x00000000       0x62 Source/tasks.o
 .text.vTaskResume
                0x00000000       0xb6 Source/tasks.o
 .text.xTaskResumeFromISR
                0x00000000       0xca Source/tasks.o
 .text.vTaskEndScheduler
                0x00000000        0xc Source/tasks.o
 .text.xTaskGetTickCountFromISR
                0x00000000        0xa Source/tasks.o
 .text.uxTaskGetNumberOfTasks
                0x00000000        0x6 Source/tasks.o
 .text.pcTaskGetName
                0x00000000       0x10 Source/tasks.o
 .text.vTaskDelayUntil
                0x00000000       0xa2 Source/tasks.o
 .text.vTaskSuspend
                0x00000000       0xac Source/tasks.o
 .text.vTaskPlaceOnEventList
                0x00000000       0x26 Source/tasks.o
 .text.vTaskPlaceOnUnorderedEventList
                0x00000000       0x32 Source/tasks.o
 .text.xTaskRemoveFromEventList
                0x00000000       0xa0 Source/tasks.o
 .text.vTaskRemoveFromUnorderedEventList
                0x00000000       0x80 Source/tasks.o
 .text.vTaskSetTimeOutState
                0x00000000       0x20 Source/tasks.o
 .text.vTaskInternalSetTimeOutState
                0x00000000       0x16 Source/tasks.o
 .text.xTaskCheckForTimeOut
                0x00000000       0x72 Source/tasks.o
 .text.vTaskMissedYield
                0x00000000        0x8 Source/tasks.o
 .text.uxTaskGetTaskNumber
                0x00000000        0xe Source/tasks.o
 .text.vTaskSetTaskNumber
                0x00000000        0xa Source/tasks.o
 .text.vTaskGetInfo
                0x00000000       0xd6 Source/tasks.o
 .text.prvListTasksWithinSingleList
                0x00000000       0xb2 Source/tasks.o
 .text.uxTaskGetSystemState
                0x00000000       0xa0 Source/tasks.o
 .text.xTaskGetCurrentTaskHandle
                0x00000000        0xa Source/tasks.o
 .text.xTaskPriorityInherit
                0x00000000      0x104 Source/tasks.o
 .text.xTaskPriorityDisinherit
                0x00000000       0x9c Source/tasks.o
 .text.vTaskPriorityDisinheritAfterTimeout
                0x00000000       0xc8 Source/tasks.o
 .text.uxTaskResetEventItemValue
                0x00000000       0x2e Source/tasks.o
 .text.pvTaskIncrementMutexHeldCount
                0x00000000       0x24 Source/tasks.o
 .text.ulTaskNotifyTake
                0x00000000       0xb2 Source/tasks.o
 .text.xTaskNotifyWait
                0x00000000      0x108 Source/tasks.o
 .text.xTaskGenericNotify
                0x00000000      0x10c Source/tasks.o
 .text.xTaskGenericNotifyFromISR
                0x00000000      0x134 Source/tasks.o
 .text.vTaskNotifyGiveFromISR
                0x00000000       0xc8 Source/tasks.o
 .text.xTaskNotifyStateClear
                0x00000000       0x28 Source/tasks.o
 .text          0x00000000        0x0 Source/timers.o
 .data          0x00000000        0x0 Source/timers.o
 .bss           0x00000000        0x0 Source/timers.o
 .debug_info    0x00000000      0x1cb Source/timers.o
 .debug_abbrev  0x00000000       0x88 Source/timers.o
 .debug_aranges
                0x00000000       0x18 Source/timers.o
 .debug_line    0x00000000       0x80 Source/timers.o
 .debug_str     0x00000000      0x2a1 Source/timers.o
 .comment       0x00000000       0x31 Source/timers.o
 .text          0x00000000        0x0 Tracer/sniffFIFO.o
 .data          0x00000000        0x0 Tracer/sniffFIFO.o
 .bss           0x00000000        0x0 Tracer/sniffFIFO.o
 .text.writeReceiveFIFO
                0x00000000       0x6e Tracer/sniffFIFO.o
 .text.writeErrorFIFO
                0x00000000       0x80 Tracer/sniffFIFO.o
 .text.readReceiveFIFO
                0x00000000       0x56 Tracer/sniffFIFO.o
 .text.readErrorFIFO
                0x00000000       0x68 Tracer/sniffFIFO.o
 .text          0x00000000        0x0 Tracer/sniffImport.o
 .data          0x00000000        0x0 Tracer/sniffImport.o
 .bss           0x00000000        0x0 Tracer/sniffImport.o
 .text.stopTraceSniffer
                0x00000000        0xe Tracer/sniffImport.o
 .text          0x00000000        0x0 Tracer/sniffPayload.o
 .data          0x00000000        0x0 Tracer/sniffPayload.o
 .bss           0x00000000        0x0 Tracer/sniffPayload.o
 .text.packPayloadError
                0x00000000       0x5e Tracer/sniffPayload.o
 .text.increaseObjectCounter
                0x00000000       0x26 Tracer/sniffPayload.o
 .text          0x00000000        0x0 Tracer/sniffTask.o
 .data          0x00000000        0x0 Tracer/sniffTask.o
 .bss           0x00000000        0x0 Tracer/sniffTask.o
 .text          0x00000000        0x0 c:/avrtoolchain/avr8-gnu-toolchain/bin/../lib/gcc/avr/4.9.2/avr5\libgcc.a(_udivmodhi4.o)
 .data          0x00000000        0x0 c:/avrtoolchain/avr8-gnu-toolchain/bin/../lib/gcc/avr/4.9.2/avr5\libgcc.a(_udivmodhi4.o)
 .bss           0x00000000        0x0 c:/avrtoolchain/avr8-gnu-toolchain/bin/../lib/gcc/avr/4.9.2/avr5\libgcc.a(_udivmodhi4.o)
 .text.libgcc.mul
                0x00000000        0x0 c:/avrtoolchain/avr8-gnu-toolchain/bin/../lib/gcc/avr/4.9.2/avr5\libgcc.a(_udivmodhi4.o)
 .text.libgcc   0x00000000        0x0 c:/avrtoolchain/avr8-gnu-toolchain/bin/../lib/gcc/avr/4.9.2/avr5\libgcc.a(_udivmodhi4.o)
 .text.libgcc.prologue
                0x00000000        0x0 c:/avrtoolchain/avr8-gnu-toolchain/bin/../lib/gcc/avr/4.9.2/avr5\libgcc.a(_udivmodhi4.o)
 .text.libgcc.builtins
                0x00000000        0x0 c:/avrtoolchain/avr8-gnu-toolchain/bin/../lib/gcc/avr/4.9.2/avr5\libgcc.a(_udivmodhi4.o)
 .text.libgcc.fmul
                0x00000000        0x0 c:/avrtoolchain/avr8-gnu-toolchain/bin/../lib/gcc/avr/4.9.2/avr5\libgcc.a(_udivmodhi4.o)
 .text.libgcc.fixed
                0x00000000        0x0 c:/avrtoolchain/avr8-gnu-toolchain/bin/../lib/gcc/avr/4.9.2/avr5\libgcc.a(_udivmodhi4.o)
 .text          0x00000000        0x0 c:/avrtoolchain/avr8-gnu-toolchain/bin/../lib/gcc/avr/4.9.2/avr5\libgcc.a(_exit.o)
 .data          0x00000000        0x0 c:/avrtoolchain/avr8-gnu-toolchain/bin/../lib/gcc/avr/4.9.2/avr5\libgcc.a(_exit.o)
 .bss           0x00000000        0x0 c:/avrtoolchain/avr8-gnu-toolchain/bin/../lib/gcc/avr/4.9.2/avr5\libgcc.a(_exit.o)
 .text.libgcc.mul
                0x00000000        0x0 c:/avrtoolchain/avr8-gnu-toolchain/bin/../lib/gcc/avr/4.9.2/avr5\libgcc.a(_exit.o)
 .text.libgcc.div
                0x00000000        0x0 c:/avrtoolchain/avr8-gnu-toolchain/bin/../lib/gcc/avr/4.9.2/avr5\libgcc.a(_exit.o)
 .text.libgcc   0x00000000        0x0 c:/avrtoolchain/avr8-gnu-toolchain/bin/../lib/gcc/avr/4.9.2/avr5\libgcc.a(_exit.o)
 .text.libgcc.prologue
                0x00000000        0x0 c:/avrtoolchain/avr8-gnu-toolchain/bin/../lib/gcc/avr/4.9.2/avr5\libgcc.a(_exit.o)
 .text.libgcc.builtins
                0x00000000        0x0 c:/avrtoolchain/avr8-gnu-toolchain/bin/../lib/gcc/avr/4.9.2/avr5\libgcc.a(_exit.o)
 .text.libgcc.fmul
                0x00000000        0x0 c:/avrtoolchain/avr8-gnu-toolchain/bin/../lib/gcc/avr/4.9.2/avr5\libgcc.a(_exit.o)
 .text.libgcc.fixed
                0x00000000        0x0 c:/avrtoolchain/avr8-gnu-toolchain/bin/../lib/gcc/avr/4.9.2/avr5\libgcc.a(_exit.o)
 .text          0x00000000        0x0 c:/avrtoolchain/avr8-gnu-toolchain/bin/../lib/gcc/avr/4.9.2/avr5\libgcc.a(_copy_data.o)
 .data          0x00000000        0x0 c:/avrtoolchain/avr8-gnu-toolchain/bin/../lib/gcc/avr/4.9.2/avr5\libgcc.a(_copy_data.o)
 .bss           0x00000000        0x0 c:/avrtoolchain/avr8-gnu-toolchain/bin/../lib/gcc/avr/4.9.2/avr5\libgcc.a(_copy_data.o)
 .text.libgcc.mul
                0x00000000        0x0 c:/avrtoolchain/avr8-gnu-toolchain/bin/../lib/gcc/avr/4.9.2/avr5\libgcc.a(_copy_data.o)
 .text.libgcc.div
                0x00000000        0x0 c:/avrtoolchain/avr8-gnu-toolchain/bin/../lib/gcc/avr/4.9.2/avr5\libgcc.a(_copy_data.o)
 .text.libgcc   0x00000000        0x0 c:/avrtoolchain/avr8-gnu-toolchain/bin/../lib/gcc/avr/4.9.2/avr5\libgcc.a(_copy_data.o)
 .text.libgcc.prologue
                0x00000000        0x0 c:/avrtoolchain/avr8-gnu-toolchain/bin/../lib/gcc/avr/4.9.2/avr5\libgcc.a(_copy_data.o)
 .text.libgcc.builtins
                0x00000000        0x0 c:/avrtoolchain/avr8-gnu-toolchain/bin/../lib/gcc/avr/4.9.2/avr5\libgcc.a(_copy_data.o)
 .text.libgcc.fmul
                0x00000000        0x0 c:/avrtoolchain/avr8-gnu-toolchain/bin/../lib/gcc/avr/4.9.2/avr5\libgcc.a(_copy_data.o)
 .text.libgcc.fixed
                0x00000000        0x0 c:/avrtoolchain/avr8-gnu-toolchain/bin/../lib/gcc/avr/4.9.2/avr5\libgcc.a(_copy_data.o)
 .text          0x00000000        0x0 c:/avrtoolchain/avr8-gnu-toolchain/bin/../lib/gcc/avr/4.9.2/avr5\libgcc.a(_clear_bss.o)
 .data          0x00000000        0x0 c:/avrtoolchain/avr8-gnu-toolchain/bin/../lib/gcc/avr/4.9.2/avr5\libgcc.a(_clear_bss.o)
 .bss           0x00000000        0x0 c:/avrtoolchain/avr8-gnu-toolchain/bin/../lib/gcc/avr/4.9.2/avr5\libgcc.a(_clear_bss.o)
 .text.libgcc.mul
                0x00000000        0x0 c:/avrtoolchain/avr8-gnu-toolchain/bin/../lib/gcc/avr/4.9.2/avr5\libgcc.a(_clear_bss.o)
 .text.libgcc.div
                0x00000000        0x0 c:/avrtoolchain/avr8-gnu-toolchain/bin/../lib/gcc/avr/4.9.2/avr5\libgcc.a(_clear_bss.o)
 .text.libgcc   0x00000000        0x0 c:/avrtoolchain/avr8-gnu-toolchain/bin/../lib/gcc/avr/4.9.2/avr5\libgcc.a(_clear_bss.o)
 .text.libgcc.prologue
                0x00000000        0x0 c:/avrtoolchain/avr8-gnu-toolchain/bin/../lib/gcc/avr/4.9.2/avr5\libgcc.a(_clear_bss.o)
 .text.libgcc.builtins
                0x00000000        0x0 c:/avrtoolchain/avr8-gnu-toolchain/bin/../lib/gcc/avr/4.9.2/avr5\libgcc.a(_clear_bss.o)
 .text.libgcc.fmul
                0x00000000        0x0 c:/avrtoolchain/avr8-gnu-toolchain/bin/../lib/gcc/avr/4.9.2/avr5\libgcc.a(_clear_bss.o)
 .text.libgcc.fixed
                0x00000000        0x0 c:/avrtoolchain/avr8-gnu-toolchain/bin/../lib/gcc/avr/4.9.2/avr5\libgcc.a(_clear_bss.o)
 .text          0x00000000        0x0 c:/avrtoolchain/avr8-gnu-toolchain/bin/../lib/gcc/avr/4.9.2/../../../../avr/lib/avr5\libc.a(memcpy.o)
 .data          0x00000000        0x0 c:/avrtoolchain/avr8-gnu-toolchain/bin/../lib/gcc/avr/4.9.2/../../../../avr/lib/avr5\libc.a(memcpy.o)
 .bss           0x00000000        0x0 c:/avrtoolchain/avr8-gnu-toolchain/bin/../lib/gcc/avr/4.9.2/../../../../avr/lib/avr5\libc.a(memcpy.o)
 .text          0x00000000        0x0 c:/avrtoolchain/avr8-gnu-toolchain/bin/../lib/gcc/avr/4.9.2/../../../../avr/lib/avr5\libc.a(memset.o)
 .data          0x00000000        0x0 c:/avrtoolchain/avr8-gnu-toolchain/bin/../lib/gcc/avr/4.9.2/../../../../avr/lib/avr5\libc.a(memset.o)
 .bss           0x00000000        0x0 c:/avrtoolchain/avr8-gnu-toolchain/bin/../lib/gcc/avr/4.9.2/../../../../avr/lib/avr5\libc.a(memset.o)

Memory Configuration

Name             Origin             Length             Attributes
text             0x00000000         0x00020000         xr
data             0x00800060         0x0000ffa0         rw !x
eeprom           0x00810000         0x00010000         rw !x
fuse             0x00820000         0x00000003         rw !x
lock             0x00830000         0x00000400         rw !x
signature        0x00840000         0x00000400         rw !x
user_signatures  0x00850000         0x00000400         rw !x
*default*        0x00000000         0xffffffff

Linker script and memory map

Address of section .data set to 0x800100
LOAD c:/avrtoolchain/avr8-gnu-toolchain/bin/../lib/gcc/avr/4.9.2/../../../../avr/lib/avr5/crtatmega328p.o
LOAD Drivers/uart.o
LOAD main.o
LOAD Source/croutine.o
LOAD Source/event_groups.o
LOAD Source/list.o
LOAD Source/portable/GCC/ATMega328p/port.o
LOAD Source/portable/MemMang/heap_1.o
LOAD Source/queue.o
LOAD Source/stream_buffer.o
LOAD Source/tasks.o
LOAD Source/timers.o
LOAD Tracer/sniffFIFO.o
LOAD Tracer/sniffImport.o
LOAD Tracer/sniffPayload.o
LOAD Tracer/sniffTask.o
START GROUP
LOAD c:/avrtoolchain/avr8-gnu-toolchain/bin/../lib/gcc/avr/4.9.2/../../../../avr/lib/avr5\libm.a
END GROUP
START GROUP
LOAD c:/avrtoolchain/avr8-gnu-toolchain/bin/../lib/gcc/avr/4.9.2/avr5\libgcc.a
LOAD c:/avrtoolchain/avr8-gnu-toolchain/bin/../lib/gcc/avr/4.9.2/../../../../avr/lib/avr5\libm.a
LOAD c:/avrtoolchain/avr8-gnu-toolchain/bin/../lib/gcc/avr/4.9.2/../../../../avr/lib/avr5\libc.a
LOAD c:/avrtoolchain/avr8-gnu-toolchain/bin/../lib/gcc/avr/4.9.2/../../../../avr/lib/avr5\libatmega328p.a
END GROUP
                0x00020000                __TEXT_REGION_LENGTH__ = DEFINED (__TEXT_REGION_LENGTH__)?__TEXT_REGION_LENGTH__:0x20000
                0x0000ffa0                __DATA_REGION_LENGTH__ = DEFINED (__DATA_REGION_LENGTH__)?__DATA_REGION_LENGTH__:0xffa0
                0x00010000                __EEPROM_REGION_LENGTH__ = DEFINED (__EEPROM_REGION_LENGTH__)?__EEPROM_REGION_LENGTH__:0x10000
                [0x00000003]                __FUSE_REGION_LENGTH__ = DEFINED (__FUSE_REGION_LENGTH__)?__FUSE_REGION_LENGTH__:0x400
                0x00000400                __LOCK_REGION_LENGTH__ = DEFINED (__LOCK_REGION_LENGTH__)?__LOCK_REGION_LENGTH__:0x400
                0x00000400                __SIGNATURE_REGION_LENGTH__ = DEFINED (__SIGNATURE_REGION_LENGTH__)?__SIGNATURE_REGION_LENGTH__:0x400
                0x00000400                __USER_SIGNATURE_REGION_LENGTH__ = DEFINED (__USER_SIGNATURE_REGION_LENGTH__)?__USER_SIGNATURE_REGION_LENGTH__:0x400

.hash
 *(.hash)

.dynsym
 *(.dynsym)

.dynstr
 *(.dynstr)

.gnu.version
 *(.gnu.version)

.gnu.version_d
 *(.gnu.version_d)

.gnu.version_r
 *(.gnu.version_r)

.rel.init
 *(.rel.init)

.rela.init
 *(.rela.init)

.rel.text
 *(.rel.text)
 *(.rel.text.*)
 *(.rel.gnu.linkonce.t*)

.rela.text
 *(.rela.text)
 *(.rela.text.*)
 *(.rela.gnu.linkonce.t*)

.rel.fini
 *(.rel.fini)

.rela.fini
 *(.rela.fini)

.rel.rodata
 *(.rel.rodata)
 *(.rel.rodata.*)
 *(.rel.gnu.linkonce.r*)

.rela.rodata
 *(.rela.rodata)
 *(.rela.rodata.*)
 *(.rela.gnu.linkonce.r*)

.rel.data
 *(.rel.data)
 *(.rel.data.*)
 *(.rel.gnu.linkonce.d*)

.rela.data
 *(.rela.data)
 *(.rela.data.*)
 *(.rela.gnu.linkonce.d*)

.rel.ctors
 *(.rel.ctors)

.rela.ctors
 *(.rela.ctors)

.rel.dtors
 *(.rel.dtors)

.rela.dtors
 *(.rela.dtors)

.rel.got
 *(.rel.got)

.rela.got
 *(.rela.got)

.rel.bss
 *(.rel.bss)

.rela.bss
 *(.rela.bss)

.rel.plt
 *(.rel.plt)

.rela.plt
 *(.rela.plt)

.text           0x00000000     0x1700
 *(.vectors)
 .vectors       0x00000000       0x68 c:/avrtoolchain/avr8-gnu-toolchain/bin/../lib/gcc/avr/4.9.2/../../../../avr/lib/avr5/crtatmega328p.o
                0x00000000                __vector_default
                0x00000000                __vectors
 *(.vectors)
 *(.progmem.gcc*)
                0x00000068                . = ALIGN (0x2)
                0x00000068                __trampolines_start = .
 *(.trampolines)
 .trampolines   0x00000068        0x0 linker stubs
 *(.trampolines*)
                0x00000068                __trampolines_end = .
 *libprintf_flt.a:*(.progmem.data)
 *libc.a:*(.progmem.data)
 *(.progmem*)
                0x00000068                . = ALIGN (0x2)
 *(.jumptables)
 *(.jumptables*)
 *(.lowtext)
 *(.lowtext*)
                0x00000068                __ctors_start = .
 *(.ctors)
                0x00000068                __ctors_end = .
                0x00000068                __dtors_start = .
 *(.dtors)
                0x00000068                __dtors_end = .
 SORT(*)(.ctors)
 SORT(*)(.dtors)
 *(.init0)
 .init0         0x00000068        0x0 c:/avrtoolchain/avr8-gnu-toolchain/bin/../lib/gcc/avr/4.9.2/../../../../avr/lib/avr5/crtatmega328p.o
                0x00000068                __init
 *(.init0)
 *(.init1)
 *(.init1)
 *(.init2)
 .init2         0x00000068        0xc c:/avrtoolchain/avr8-gnu-toolchain/bin/../lib/gcc/avr/4.9.2/../../../../avr/lib/avr5/crtatmega328p.o
 *(.init2)
 *(.init3)
 *(.init3)
 *(.init4)
 .init4         0x00000074       0x16 c:/avrtoolchain/avr8-gnu-toolchain/bin/../lib/gcc/avr/4.9.2/avr5\libgcc.a(_copy_data.o)
                0x00000074                __do_copy_data
 .init4         0x0000008a       0x10 c:/avrtoolchain/avr8-gnu-toolchain/bin/../lib/gcc/avr/4.9.2/avr5\libgcc.a(_clear_bss.o)
                0x0000008a                __do_clear_bss
 *(.init4)
 *(.init5)
 *(.init5)
 *(.init6)
 *(.init6)
 *(.init7)
 *(.init7)
 *(.init8)
 *(.init8)
 *(.init9)
 .init9         0x0000009a        0x8 c:/avrtoolchain/avr8-gnu-toolchain/bin/../lib/gcc/avr/4.9.2/../../../../avr/lib/avr5/crtatmega328p.o
 *(.init9)
 *(.text)
 .text          0x000000a2        0x4 c:/avrtoolchain/avr8-gnu-toolchain/bin/../lib/gcc/avr/4.9.2/../../../../avr/lib/avr5/crtatmega328p.o
                0x000000a2                __vector_22
                0x000000a2                __vector_1
                0x000000a2                __vector_24
                0x000000a2                __vector_12
                0x000000a2                __bad_interrupt
                0x000000a2                __vector_6
                0x000000a2                __vector_3
                0x000000a2                __vector_23
                0x000000a2                __vector_25
                0x000000a2                __vector_13
                0x000000a2                __vector_17
                0x000000a2                __vector_7
                0x000000a2                __vector_5
                0x000000a2                __vector_4
                0x000000a2                __vector_9
                0x000000a2                __vector_2
                0x000000a2                __vector_21
                0x000000a2                __vector_15
                0x000000a2                __vector_8
                0x000000a2                __vector_14
                0x000000a2                __vector_10
                0x000000a2                __vector_16
                0x000000a2                __vector_20
                0x000000a6                . = ALIGN (0x2)
 *(.text.*)
 .text.__vector_18
                0x000000a6       0x9e Drivers/uart.o
                0x000000a6                __vector_18
 .text.__vector_19
                0x00000144       0x56 Drivers/uart.o
                0x00000144                __vector_19
 .text.uart_init
                0x0000019a       0x32 Drivers/uart.o
                0x0000019a                uart_init
 .text.uart_putc
                0x000001cc       0x28 Drivers/uart.o
                0x000001cc                uart_putc
 .text.blink_task
                0x000001f4       0x14 main.o
                0x000001f4                blink_task
 .text.blink2_task
                0x00000208       0x14 main.o
                0x00000208                blink2_task
 .text.main     0x0000021c       0x4a main.o
                0x0000021c                main
 .text.vListInitialise
                0x00000266       0x1c Source/list.o
                0x00000266                vListInitialise
 .text.vListInitialiseItem
                0x00000282        0x8 Source/list.o
                0x00000282                vListInitialiseItem
 .text.vListInsertEnd
                0x0000028a       0x42 Source/list.o
                0x0000028a                vListInsertEnd
 .text.vListInsert
                0x000002cc       0x62 Source/list.o
                0x000002cc                vListInsert
 .text.uxListRemove
                0x0000032e       0x4e Source/list.o
                0x0000032e                uxListRemove
 .text.pxPortInitialiseStack
                0x0000037c       0xd8 Source/portable/GCC/ATMega328p/port.o
                0x0000037c                pxPortInitialiseStack
 .text.xPortStartScheduler
                0x00000454       0x76 Source/portable/GCC/ATMega328p/port.o
                0x00000454                xPortStartScheduler
 .text.vPortYield
                0x000004ca       0xb2 Source/portable/GCC/ATMega328p/port.o
                0x000004ca                vPortYield
 .text.vPortYieldFromTick
                0x0000057c       0xb8 Source/portable/GCC/ATMega328p/port.o
                0x0000057c                vPortYieldFromTick
 .text.__vector_11
                0x00000634       0x48 Source/portable/GCC/ATMega328p/port.o
                0x00000634                __vector_11
 .text.pvPortMalloc
                0x0000067c       0x7c Source/portable/MemMang/heap_1.o
                0x0000067c                pvPortMalloc
 .text.vPortFree
                0x000006f8        0x2 Source/portable/MemMang/heap_1.o
                0x000006f8                vPortFree
 .text.prvResetNextTaskUnblockTime
                0x000006fa       0x3e Source/tasks.o
 .text.prvIdleTask
                0x00000738       0x10 Source/tasks.o
 .text.prvAddCurrentTaskToDelayedList
                0x00000748       0xb0 Source/tasks.o
 .text.xTaskCreate
                0x000007f8      0x232 Source/tasks.o
                0x000007f8                xTaskCreate
 .text.vTaskStartScheduler
                0x00000a2a       0x54 Source/tasks.o
                0x00000a2a                vTaskStartScheduler
 .text.vTaskSuspendAll
                0x00000a7e        0xc Source/tasks.o
                0x00000a7e                vTaskSuspendAll
 .text.xTaskGetTickCount
                0x00000a8a       0x14 Source/tasks.o
                0x00000a8a                xTaskGetTickCount
 .text.xTaskIncrementTick
                0x00000a9e      0x18c Source/tasks.o
                0x00000a9e                xTaskIncrementTick
 .text.xTaskResumeAll
                0x00000c2a      0x10e Source/tasks.o
                0x00000c2a                xTaskResumeAll
 .text.vTaskDelay
                0x00000d38       0x3c Source/tasks.o
                0x00000d38                vTaskDelay
 .text.vTaskSwitchContext
                0x00000d74       0xec Source/tasks.o
                0x00000d74                vTaskSwitchContext
 .text.writeFIFO
                0x00000e60       0xea Tracer/sniffFIFO.o
                0x00000e60                writeFIFO
 .text.readFIFO
                0x00000f4a       0xca Tracer/sniffFIFO.o
                0x00000f4a                readFIFO
 .text.initialiseReceiveFIFO
                0x00001014       0x16 Tracer/sniffFIFO.o
                0x00001014                initialiseReceiveFIFO
 .text.initialiseErrorFIFO
                0x0000102a       0x12 Tracer/sniffFIFO.o
                0x0000102a                initialiseErrorFIFO
 .text.initialiseFIFO
                0x0000103c        0xa Tracer/sniffFIFO.o
                0x0000103c                initialiseFIFO
 .text.initialiseTraceSniffer
                0x00001046       0x50 Tracer/sniffImport.o
                0x00001046                initialiseTraceSniffer
 .text.initialiseObjectList
                0x00001096       0x2e Tracer/sniffPayload.o
                0x00001096                initialiseObjectList
 .text.updateObjectList
                0x000010c4       0xea Tracer/sniffPayload.o
                0x000010c4                updateObjectList
 .text.sendObjectList
                0x000011ae      0x136 Tracer/sniffPayload.o
                0x000011ae                sendObjectList
 .text.applyInformationIDFilter
                0x000012e4       0x26 Tracer/sniffPayload.o
                0x000012e4                applyInformationIDFilter
 .text.packPayload0
                0x0000130a       0x6e Tracer/sniffPayload.o
                0x0000130a                packPayload0
 .text.packPayload1
                0x00001378       0x7c Tracer/sniffPayload.o
                0x00001378                packPayload1
 .text.packPayload2
                0x000013f4       0x8a Tracer/sniffPayload.o
                0x000013f4                packPayload2
 .text.packPayload3
                0x0000147e       0x98 Tracer/sniffPayload.o
                0x0000147e                packPayload3
 .text.sniffTask
                0x00001516      0x19e Tracer/sniffTask.o
                0x00001516                sniffTask
 .text.libgcc.div
                0x000016b4       0x28 c:/avrtoolchain/avr8-gnu-toolchain/bin/../lib/gcc/avr/4.9.2/avr5\libgcc.a(_udivmodhi4.o)
                0x000016b4                __udivmodhi4
 .text.avr-libc
                0x000016dc       0x12 c:/avrtoolchain/avr8-gnu-toolchain/bin/../lib/gcc/avr/4.9.2/../../../../avr/lib/avr5\libc.a(memcpy.o)
                0x000016dc                memcpy
 .text.avr-libc
                0x000016ee        0xe c:/avrtoolchain/avr8-gnu-toolchain/bin/../lib/gcc/avr/4.9.2/../../../../avr/lib/avr5\libc.a(memset.o)
                0x000016ee                memset
                0x000016fc                . = ALIGN (0x2)
 *(.fini9)
 .fini9         0x000016fc        0x0 c:/avrtoolchain/avr8-gnu-toolchain/bin/../lib/gcc/avr/4.9.2/avr5\libgcc.a(_exit.o)
                0x000016fc                _exit
                0x000016fc                exit
 *(.fini9)
 *(.fini8)
 *(.fini8)
 *(.fini7)
 *(.fini7)
 *(.fini6)
 *(.fini6)
 *(.fini5)
 *(.fini5)
 *(.fini4)
 *(.fini4)
 *(.fini3)
 *(.fini3)
 *(.fini2)
 *(.fini2)
 *(.fini1)
 *(.fini1)
 *(.fini0)
 .fini0         0x000016fc        0x4 c:/avrtoolchain/avr8-gnu-toolchain/bin/../lib/gcc/avr/4.9.2/avr5\libgcc.a(_exit.o)
 *(.fini0)
                0x00001700                _etext = .

.data           0x00800100       0x1c load address 0x00001700
                0x00800100                PROVIDE (__data_start, .)
 *(.data)
 *(.data*)
 *(.rodata)
 *(.rodata*)
 .rodata.str1.1
                0x00800100        0xd main.o
 .rodata.str1.1
                0x0080010d        0x5 Source/tasks.o
 .rodata.str1.1
                0x00800112        0xa Tracer/sniffImport.o
 *(.gnu.linkonce.d*)
                0x0080011c                . = ALIGN (0x2)
                0x0080011c                _edata = .
                0x0080011c                PROVIDE (__data_end, .)

.bss            0x0080011c      0x60f
                0x0080011c                PROVIDE (__bss_start, .)
 *(.bss)
 *(.bss*)
 .bss.UART_LastRxError
                0x0080011c        0x1 Drivers/uart.o
 .bss.UART_RxTail
                0x0080011d        0x1 Drivers/uart.o
 .bss.UART_RxHead
                0x0080011e        0x1 Drivers/uart.o
 .bss.UART_TxTail
                0x0080011f        0x1 Drivers/uart.o
 .bss.UART_TxHead
                0x00800120        0x1 Drivers/uart.o
 .bss.UART_RxBuf
                0x00800121       0x10 Drivers/uart.o
 .bss.UART_TxBuf
                0x00800131      0x100 Drivers/uart.o
 .bss.pucAlignedHeap.2214
                0x00800231        0x2 Source/portable/MemMang/heap_1.o
 .bss.xNextFreeByte
                0x00800233        0x2 Source/portable/MemMang/heap_1.o
 .bss.ucHeap    0x00800235      0x320 Source/portable/MemMang/heap_1.o
 .bss.uxSchedulerSuspended
                0x00800555        0x1 Source/tasks.o
 .bss.xIdleTaskHandle
                0x00800556        0x2 Source/tasks.o
 .bss.xNextTaskUnblockTime
                0x00800558        0x2 Source/tasks.o
 .bss.uxTaskNumber
                0x0080055a        0x1 Source/tasks.o
 .bss.xNumOfOverflows
                0x0080055b        0x1 Source/tasks.o
 .bss.xYieldPending
                0x0080055c        0x1 Source/tasks.o
 .bss.uxPendedTicks
                0x0080055d        0x1 Source/tasks.o
 .bss.xSchedulerRunning
                0x0080055e        0x1 Source/tasks.o
 .bss.uxTopReadyPriority
                0x0080055f        0x1 Source/tasks.o
 .bss.xTickCount
                0x00800560        0x2 Source/tasks.o
 .bss.uxCurrentNumberOfTasks
                0x00800562        0x1 Source/tasks.o
 .bss.xSuspendedTaskList
                0x00800563        0x9 Source/tasks.o
 .bss.xPendingReadyList
                0x0080056c        0x9 Source/tasks.o
 .bss.pxOverflowDelayedTaskList
                0x00800575        0x2 Source/tasks.o
 .bss.pxDelayedTaskList
                0x00800577        0x2 Source/tasks.o
 .bss.xDelayedTaskList2
                0x00800579        0x9 Source/tasks.o
 .bss.xDelayedTaskList1
                0x00800582        0x9 Source/tasks.o
 .bss.pxReadyTasksLists
                0x0080058b        0x9 Source/tasks.o
 .bss.pxCurrentTCB
                0x00800594        0x2 Source/tasks.o
                0x00800594                pxCurrentTCB
 .bss.sniffTaskHandle
                0x00800596        0x2 Tracer/sniffImport.o
 *(COMMON)
 COMMON         0x00800598      0x151 Drivers/uart.o
                0x00800598                sniffIDFilter
                0x008005a5                objectList
 COMMON         0x008006e9        0x2 main.o
                0x008006e9                lcd_task_handle
 COMMON         0x008006eb       0x39 Tracer/sniffFIFO.o
                0x008006eb                receiveFIFO
                0x0080071e                errorFIFO
 COMMON         0x00800724        0x7 Tracer/sniffPayload.o
                0x00800724                objectCounter
                0x0080072a                packetCounter
                0x0080072b                PROVIDE (__bss_end, .)
                0x00001700                __data_load_start = LOADADDR (.data)
                0x0000171c                __data_load_end = (__data_load_start + SIZEOF (.data))

.noinit         0x0080072b        0x0
                [!provide]                PROVIDE (__noinit_start, .)
 *(.noinit*)
                [!provide]                PROVIDE (__noinit_end, .)
                0x0080072b                _end = .
                [!provide]                PROVIDE (__heap_start, .)

.eeprom         0x00810000        0x0
 *(.eeprom*)
                0x00810000                __eeprom_end = .

.fuse
 *(.fuse)
 *(.lfuse)
 *(.hfuse)
 *(.efuse)

.lock
 *(.lock*)

.signature
 *(.signature*)

.user_signatures
 *(.user_signatures*)

.stab
 *(.stab)

.stabstr
 *(.stabstr)

.stab.excl
 *(.stab.excl)

.stab.exclstr
 *(.stab.exclstr)

.stab.index
 *(.stab.index)

.stab.indexstr
 *(.stab.indexstr)

.comment        0x00000000       0x30
 *(.comment)
 .comment       0x00000000       0x30 Drivers/uart.o
                                 0x31 (size before relaxing)
 .comment       0x00000030       0x31 main.o
 .comment       0x00000030       0x31 Source/list.o
 .comment       0x00000030       0x31 Source/portable/GCC/ATMega328p/port.o
 .comment       0x00000030       0x31 Source/portable/MemMang/heap_1.o
 .comment       0x00000030       0x31 Source/tasks.o
 .comment       0x00000030       0x31 Tracer/sniffFIFO.o
 .comment       0x00000030       0x31 Tracer/sniffImport.o
 .comment       0x00000030       0x31 Tracer/sniffPayload.o
 .comment       0x00000030       0x31 Tracer/sniffTask.o

.note.gnu.avr.deviceinfo
                0x00000000       0x40
 .note.gnu.avr.deviceinfo
                0x00000000       0x40 c:/avrtoolchain/avr8-gnu-toolchain/bin/../lib/gcc/avr/4.9.2/../../../../avr/lib/avr5/crtatmega328p.o

.note.gnu.build-id
 *(.note.gnu.build-id)

.debug
 *(.debug)

.line
 *(.line)

.debug_srcinfo
 *(.debug_srcinfo)

.debug_sfnames
 *(.debug_sfnames)

.debug_aranges  0x00000000      0x3d0
 *(.debug_aranges)
 .debug_aranges
                0x00000000       0x50 Drivers/uart.o
 .debug_aranges
                0x00000050       0x30 main.o
 .debug_aranges
                0x00000080       0x40 Source/list.o
 .debug_aranges
                0x000000c0       0x48 Source/portable/GCC/ATMega328p/port.o
 .debug_aranges
                0x00000108       0x38 Source/portable/MemMang/heap_1.o
 .debug_aranges
                0x00000140      0x180 Source/tasks.o
 .debug_aranges
                0x000002c0       0x60 Tracer/sniffFIFO.o
 .debug_aranges
                0x00000320       0x28 Tracer/sniffImport.o
 .debug_aranges
                0x00000348       0x68 Tracer/sniffPayload.o
 .debug_aranges
                0x000003b0       0x20 Tracer/sniffTask.o

.debug_pubnames
 *(.debug_pubnames)

.debug_info     0x00000000     0x6125
 *(.debug_info .gnu.linkonce.wi.*)
 .debug_info    0x00000000      0x5f4 c:/avrtoolchain/avr8-gnu-toolchain/bin/../lib/gcc/avr/4.9.2/../../../../avr/lib/avr5/crtatmega328p.o
 .debug_info    0x000005f4      0x514 Drivers/uart.o
 .debug_info    0x00000b08      0x42a main.o
 .debug_info    0x00000f32      0x444 Source/list.o
 .debug_info    0x00001376      0x3c2 Source/portable/GCC/ATMega328p/port.o
 .debug_info    0x00001738      0x53e Source/portable/MemMang/heap_1.o
 .debug_info    0x00001c76     0x27b6 Source/tasks.o
 .debug_info    0x0000442c      0x6c1 Tracer/sniffFIFO.o
 .debug_info    0x00004aed      0x32b Tracer/sniffImport.o
 .debug_info    0x00004e18      0xca6 Tracer/sniffPayload.o
 .debug_info    0x00005abe      0x667 Tracer/sniffTask.o

.debug_abbrev   0x00000000     0x17c2
 *(.debug_abbrev)
 .debug_abbrev  0x00000000      0x5a2 c:/avrtoolchain/avr8-gnu-toolchain/bin/../lib/gcc/avr/4.9.2/../../../../avr/lib/avr5/crtatmega328p.o
 .debug_abbrev  0x000005a2      0x18c Drivers/uart.o
 .debug_abbrev  0x0000072e      0x17c main.o
 .debug_abbrev  0x000008aa      0x147 Source/list.o
 .debug_abbrev  0x000009f1      0x1ba Source/portable/GCC/ATMega328p/port.o
 .debug_abbrev  0x00000bab      0x1ad Source/portable/MemMang/heap_1.o
 .debug_abbrev  0x00000d58      0x3a0 Source/tasks.o
 .debug_abbrev  0x000010f8      0x1c8 Tracer/sniffFIFO.o
 .debug_abbrev  0x000012c0      0x16c Tracer/sniffImport.o
 .debug_abbrev  0x0000142c      0x215 Tracer/sniffPayload.o
 .debug_abbrev  0x00001641      0x181 Tracer/sniffTask.o

.debug_line     0x00000000     0x270b
 *(.debug_line .debug_line.* .debug_line_end)
 .debug_line    0x00000000       0x1a c:/avrtoolchain/avr8-gnu-toolchain/bin/../lib/gcc/avr/4.9.2/../../../../avr/lib/avr5/crtatmega328p.o
 .debug_line    0x0000001a      0x251 Drivers/uart.o
 .debug_line    0x0000026b      0x1b9 main.o
 .debug_line    0x00000424      0x20c Source/list.o
 .debug_line    0x00000630      0x2bb Source/portable/GCC/ATMega328p/port.o
 .debug_line    0x000008eb      0x1db Source/portable/MemMang/heap_1.o
 .debug_line    0x00000ac6     0x1223 Source/tasks.o
 .debug_line    0x00001ce9      0x30e Tracer/sniffFIFO.o
 .debug_line    0x00001ff7      0x139 Tracer/sniffImport.o
 .debug_line    0x00002130      0x3e2 Tracer/sniffPayload.o
 .debug_line    0x00002512      0x1f9 Tracer/sniffTask.o

.debug_frame    0x00000000      0xbf4
 *(.debug_frame)
 .debug_frame   0x00000000      0x118 Drivers/uart.o
 .debug_frame   0x00000118       0x44 main.o
 .debug_frame   0x0000015c       0x88 Source/list.o
 .debug_frame   0x000001e4       0xbc Source/portable/GCC/ATMega328p/port.o
 .debug_frame   0x000002a0       0x68 Source/portable/MemMang/heap_1.o
 .debug_frame   0x00000308      0x5b8 Source/tasks.o
 .debug_frame   0x000008c0      0x134 Tracer/sniffFIFO.o
 .debug_frame   0x000009f4       0x48 Tracer/sniffImport.o
 .debug_frame   0x00000a3c      0x184 Tracer/sniffPayload.o
 .debug_frame   0x00000bc0       0x34 Tracer/sniffTask.o

.debug_str      0x00000000     0x1f3f
 *(.debug_str)
 .debug_str     0x00000000      0x208 c:/avrtoolchain/avr8-gnu-toolchain/bin/../lib/gcc/avr/4.9.2/../../../../avr/lib/avr5/crtatmega328p.o
 .debug_str     0x00000208      0x3b7 Drivers/uart.o
                                0x41d (size before relaxing)
 .debug_str     0x000005bf       0xad main.o
                                0x359 (size before relaxing)
 .debug_str     0x0000066c      0x12e Source/list.o
                                0x3e7 (size before relaxing)
 .debug_str     0x0000079a      0x130 Source/portable/GCC/ATMega328p/port.o
                                0x3ec (size before relaxing)
 .debug_str     0x000008ca      0x7b7 Source/portable/MemMang/heap_1.o
                                0xa59 (size before relaxing)
 .debug_str     0x00001081      0xb0a Source/tasks.o
                               0x1705 (size before relaxing)
 .debug_str     0x00001b8b      0x142 Tracer/sniffFIFO.o
                                0x39c (size before relaxing)
 .debug_str     0x00001ccd       0x4e Tracer/sniffImport.o
                                0x336 (size before relaxing)
 .debug_str     0x00001d1b      0x137 Tracer/sniffPayload.o
                                0xb37 (size before relaxing)
 .debug_str     0x00001e52       0xed Tracer/sniffTask.o
                                0x4dd (size before relaxing)

.debug_loc      0x00000000     0x4269
 *(.debug_loc)
 .debug_loc     0x00000000      0x3af Drivers/uart.o
 .debug_loc     0x000003af      0x145 Source/list.o
 .debug_loc     0x000004f4      0x377 Source/portable/GCC/ATMega328p/port.o
 .debug_loc     0x0000086b       0xcf Source/portable/MemMang/heap_1.o
 .debug_loc     0x0000093a     0x26f2 Source/tasks.o
 .debug_loc     0x0000302c      0x885 Tracer/sniffFIFO.o
 .debug_loc     0x000038b1       0x49 Tracer/sniffImport.o
 .debug_loc     0x000038fa      0x72d Tracer/sniffPayload.o
 .debug_loc     0x00004027      0x242 Tracer/sniffTask.o

.debug_macinfo
 *(.debug_macinfo)

.debug_weaknames
 *(.debug_weaknames)

.debug_funcnames
 *(.debug_funcnames)

.debug_typenames
 *(.debug_typenames)

.debug_varnames
 *(.debug_varnames)

.debug_pubtypes
 *(.debug_pubtypes)

.debug_ranges   0x00000000      0x468
 *(.debug_ranges)
 .debug_ranges  0x00000000       0x58 Drivers/uart.o
 .debug_ranges  0x00000058       0x20 main.o
 .debug_ranges  0x00000078       0x30 Source/list.o
 .debug_ranges  0x000000a8       0x38 Source/portable/GCC/ATMega328p/port.o
 .debug_ranges  0x000000e0       0x28 Source/portable/MemMang/heap_1.o
 .debug_ranges  0x00000108      0x1e8 Source/tasks.o
 .debug_ranges  0x000002f0       0x98 Tracer/sniffFIFO.o
 .debug_ranges  0x00000388       0x18 Tracer/sniffImport.o
 .debug_ranges  0x000003a0       0x70 Tracer/sniffPayload.o
 .debug_ranges  0x00000410       0x58 Tracer/sniffTask.o

.debug_macro
 *(.debug_macro)
OUTPUT(FreeRTOS-TraceSniffer.elf elf32-avr)
LOAD linker stubs
